2016-02-03 11:24:33,049 DEBUG   main [org.springframework.core.env.StandardEnvironment] Adding [systemProperties] PropertySource with lowest search precedence
2016-02-03 11:24:33,054 DEBUG   main [org.springframework.core.env.StandardEnvironment] Adding [systemEnvironment] PropertySource with lowest search precedence
2016-02-03 11:24:33,054 DEBUG   main [org.springframework.core.env.StandardEnvironment] Initialized StandardEnvironment with PropertySources [systemProperties,systemEnvironment]
2016-02-03 11:24:33,058 INFO   main [org.springframework.context.support.ClassPathXmlApplicationContext] Refreshing org.springframework.context.support.ClassPathXmlApplicationContext@450faed3: startup date [Wed Feb 03 11:24:33 EST 2016]; root of context hierarchy
2016-02-03 11:24:33,093 DEBUG   main [org.springframework.core.env.StandardEnvironment] Adding [systemProperties] PropertySource with lowest search precedence
2016-02-03 11:24:33,093 DEBUG   main [org.springframework.core.env.StandardEnvironment] Adding [systemEnvironment] PropertySource with lowest search precedence
2016-02-03 11:24:33,093 DEBUG   main [org.springframework.core.env.StandardEnvironment] Initialized StandardEnvironment with PropertySources [systemProperties,systemEnvironment]
2016-02-03 11:24:33,102 INFO   main [org.springframework.beans.factory.xml.XmlBeanDefinitionReader] Loading XML bean definitions from class path resource [spring-ldap-example.xml]
2016-02-03 11:24:33,104 DEBUG   main [org.springframework.beans.factory.xml.DefaultDocumentLoader] Using JAXP provider [com.sun.org.apache.xerces.internal.jaxp.DocumentBuilderFactoryImpl]
2016-02-03 11:24:33,122 TRACE   main [org.springframework.beans.factory.xml.PluggableSchemaResolver] Trying to resolve XML entity with public id [null] and system id [http://www.springframework.org/schema/beans/spring-beans.xsd]
2016-02-03 11:24:33,123 DEBUG   main [org.springframework.beans.factory.xml.PluggableSchemaResolver] Loading schema mappings from [META-INF/spring.schemas]
2016-02-03 11:24:33,143 DEBUG   main [org.springframework.beans.factory.xml.PluggableSchemaResolver] Loaded schema mappings: {http://www.springframework.org/schema/cache/spring-cache-4.2.xsd=org/springframework/cache/config/spring-cache-4.2.xsd, http://www.springframework.org/schema/aop/spring-aop-4.1.xsd=org/springframework/aop/config/spring-aop-4.1.xsd, http://www.springframework.org/schema/context/spring-context-3.1.xsd=org/springframework/context/config/spring-context-3.1.xsd, http://www.springframework.org/schema/data/repository/spring-repository-1.4.xsd=org/springframework/data/repository/config/spring-repository-1.4.xsd, http://www.springframework.org/schema/util/spring-util-3.0.xsd=org/springframework/beans/factory/xml/spring-util-3.0.xsd, http://www.springframework.org/schema/tool/spring-tool.xsd=org/springframework/beans/factory/xml/spring-tool-4.2.xsd, http://www.springframework.org/schema/aop/spring-aop-3.2.xsd=org/springframework/aop/config/spring-aop-3.2.xsd, http://www.springframework.org/schema/lang/spring-lang-4.1.xsd=org/springframework/scripting/config/spring-lang-4.1.xsd, http://www.springframework.org/schema/context/spring-context-4.0.xsd=org/springframework/context/config/spring-context-4.0.xsd, http://www.springframework.org/schema/beans/spring-beans-4.2.xsd=org/springframework/beans/factory/xml/spring-beans-4.2.xsd, http://www.springframework.org/schema/tool/spring-tool-4.1.xsd=org/springframework/beans/factory/xml/spring-tool-4.1.xsd, http://www.springframework.org/schema/lang/spring-lang-3.2.xsd=org/springframework/scripting/config/spring-lang-3.2.xsd, http://www.springframework.org/schema/cache/spring-cache-3.2.xsd=org/springframework/cache/config/spring-cache-3.2.xsd, http://www.springframework.org/schema/jee/spring-jee-4.1.xsd=org/springframework/ejb/config/spring-jee-4.1.xsd, http://www.springframework.org/schema/task/spring-task-4.2.xsd=org/springframework/scheduling/config/spring-task-4.2.xsd, http://www.springframework.org/schema/util/spring-util-2.0.xsd=org/springframework/beans/factory/xml/spring-util-2.0.xsd, http://www.springframework.org/schema/tool/spring-tool-3.2.xsd=org/springframework/beans/factory/xml/spring-tool-3.2.xsd, http://www.springframework.org/schema/context/spring-context.xsd=org/springframework/context/config/spring-context-4.2.xsd, http://www.springframework.org/schema/cache/spring-cache-4.1.xsd=org/springframework/cache/config/spring-cache-4.1.xsd, http://www.springframework.org/schema/aop/spring-aop-4.0.xsd=org/springframework/aop/config/spring-aop-4.0.xsd, http://www.springframework.org/schema/jee/spring-jee-3.2.xsd=org/springframework/ejb/config/spring-jee-3.2.xsd, http://www.springframework.org/schema/context/spring-context-3.0.xsd=org/springframework/context/config/spring-context-3.0.xsd, http://www.springframework.org/schema/util/spring-util-2.5.xsd=org/springframework/beans/factory/xml/spring-util-2.5.xsd, http://www.springframework.org/schema/beans/spring-beans-3.2.xsd=org/springframework/beans/factory/xml/spring-beans-3.2.xsd, http://www.springframework.org/schema/aop/spring-aop-3.1.xsd=org/springframework/aop/config/spring-aop-3.1.xsd, http://www.springframework.org/schema/ldap/spring-ldap-2.0.xsd=org/springframework/ldap/config/spring-ldap-2.0.xsd, http://www.springframework.org/schema/lang/spring-lang-4.0.xsd=org/springframework/scripting/config/spring-lang-4.0.xsd, http://www.springframework.org/schema/beans/spring-beans-4.1.xsd=org/springframework/beans/factory/xml/spring-beans-4.1.xsd, http://www.springframework.org/schema/tool/spring-tool-4.0.xsd=org/springframework/beans/factory/xml/spring-tool-4.0.xsd, http://www.springframework.org/schema/lang/spring-lang-3.1.xsd=org/springframework/scripting/config/spring-lang-3.1.xsd, http://www.springframework.org/schema/cache/spring-cache-3.1.xsd=org/springframework/cache/config/spring-cache-3.1.xsd, http://www.springframework.org/schema/jee/spring-jee-4.0.xsd=org/springframework/ejb/config/spring-jee-4.0.xsd, http://www.springframework.org/schema/task/spring-task-4.1.xsd=org/springframework/scheduling/config/spring-task-4.1.xsd, http://www.springframework.org/schema/tool/spring-tool-3.1.xsd=org/springframework/beans/factory/xml/spring-tool-3.1.xsd, http://www.springframework.org/schema/cache/spring-cache-4.0.xsd=org/springframework/cache/config/spring-cache-4.0.xsd, http://www.springframework.org/schema/jee/spring-jee-3.1.xsd=org/springframework/ejb/config/spring-jee-3.1.xsd, http://www.springframework.org/schema/task/spring-task-3.2.xsd=org/springframework/scheduling/config/spring-task-3.2.xsd, http://www.springframework.org/schema/util/spring-util-4.2.xsd=org/springframework/beans/factory/xml/spring-util-4.2.xsd, http://www.springframework.org/schema/beans/spring-beans-3.1.xsd=org/springframework/beans/factory/xml/spring-beans-3.1.xsd, http://www.springframework.org/schema/util/spring-util.xsd=org/springframework/beans/factory/xml/spring-util-4.2.xsd, http://www.springframework.org/schema/aop/spring-aop-3.0.xsd=org/springframework/aop/config/spring-aop-3.0.xsd, http://www.springframework.org/schema/data/repository/spring-repository.xsd=org/springframework/data/repository/config/spring-repository-1.7.xsd, http://www.springframework.org/schema/data/repository/spring-repository-1.7.xsd=org/springframework/data/repository/config/spring-repository-1.7.xsd, http://www.springframework.org/schema/ldap/spring-ldap.xsd=org/springframework/ldap/config/spring-ldap-2.0.xsd, http://www.springframework.org/schema/beans/spring-beans-4.0.xsd=org/springframework/beans/factory/xml/spring-beans-4.0.xsd, http://www.springframework.org/schema/beans/spring-beans.xsd=org/springframework/beans/factory/xml/spring-beans-4.2.xsd, http://www.springframework.org/schema/lang/spring-lang-3.0.xsd=org/springframework/scripting/config/spring-lang-3.0.xsd, http://www.springframework.org/schema/context/spring-context-2.5.xsd=org/springframework/context/config/spring-context-2.5.xsd, http://www.springframework.org/schema/task/spring-task-4.0.xsd=org/springframework/scheduling/config/spring-task-4.0.xsd, http://www.springframework.org/schema/tool/spring-tool-3.0.xsd=org/springframework/beans/factory/xml/spring-tool-3.0.xsd, http://www.springframework.org/schema/aop/spring-aop-2.0.xsd=org/springframework/aop/config/spring-aop-2.0.xsd, http://www.springframework.org/schema/jee/spring-jee-3.0.xsd=org/springframework/ejb/config/spring-jee-3.0.xsd, http://www.springframework.org/schema/util/spring-util-4.1.xsd=org/springframework/beans/factory/xml/spring-util-4.1.xsd, http://www.springframework.org/schema/task/spring-task-3.1.xsd=org/springframework/scheduling/config/spring-task-3.1.xsd, http://www.springframework.org/schema/beans/spring-beans-3.0.xsd=org/springframework/beans/factory/xml/spring-beans-3.0.xsd, http://www.springframework.org/schema/jee/spring-jee.xsd=org/springframework/ejb/config/spring-jee-4.2.xsd, http://www.springframework.org/schema/aop/spring-aop-2.5.xsd=org/springframework/aop/config/spring-aop-2.5.xsd, http://www.springframework.org/schema/lang/spring-lang-2.0.xsd=org/springframework/scripting/config/spring-lang-2.0.xsd, http://www.springframework.org/schema/data/repository/spring-repository-1.6.xsd=org/springframework/data/repository/config/spring-repository-1.6.xsd, http://www.springframework.org/schema/util/spring-util-3.2.xsd=org/springframework/beans/factory/xml/spring-util-3.2.xsd, http://www.springframework.org/schema/task/spring-task.xsd=org/springframework/scheduling/config/spring-task-4.2.xsd, http://www.springframework.org/schema/tool/spring-tool-2.0.xsd=org/springframework/beans/factory/xml/spring-tool-2.0.xsd, http://www.springframework.org/schema/lang/spring-lang-2.5.xsd=org/springframework/scripting/config/spring-lang-2.5.xsd, http://www.springframework.org/schema/context/spring-context-4.2.xsd=org/springframework/context/config/spring-context-4.2.xsd, http://www.springframework.org/schema/jee/spring-jee-2.0.xsd=org/springframework/ejb/config/spring-jee-2.0.xsd, http://www.springframework.org/schema/tool/spring-tool-2.5.xsd=org/springframework/beans/factory/xml/spring-tool-2.5.xsd, http://www.springframework.org/schema/jee/spring-jee-2.5.xsd=org/springframework/ejb/config/spring-jee-2.5.xsd, http://www.springframework.org/schema/data/repository/spring-repository-1.0.xsd=org/springframework/data/repository/config/spring-repository-1.0.xsd, http://www.springframework.org/schema/util/spring-util-4.0.xsd=org/springframework/beans/factory/xml/spring-util-4.0.xsd, http://www.springframework.org/schema/task/spring-task-3.0.xsd=org/springframework/scheduling/config/spring-task-3.0.xsd, http://www.springframework.org/schema/aop/spring-aop-4.2.xsd=org/springframework/aop/config/spring-aop-4.2.xsd, http://www.springframework.org/schema/lang/spring-lang.xsd=org/springframework/scripting/config/spring-lang-4.2.xsd, http://www.springframework.org/schema/context/spring-context-3.2.xsd=org/springframework/context/config/spring-context-3.2.xsd, http://www.springframework.org/schema/data/repository/spring-repository-1.5.xsd=org/springframework/data/repository/config/spring-repository-1.5.xsd, http://www.springframework.org/schema/util/spring-util-3.1.xsd=org/springframework/beans/factory/xml/spring-util-3.1.xsd, http://www.springframework.org/schema/beans/spring-beans-2.0.xsd=org/springframework/beans/factory/xml/spring-beans-2.0.xsd, http://www.springframework.org/schema/cache/spring-cache.xsd=org/springframework/cache/config/spring-cache-4.2.xsd, http://www.springframework.org/schema/lang/spring-lang-4.2.xsd=org/springframework/scripting/config/spring-lang-4.2.xsd, http://www.springframework.org/schema/context/spring-context-4.1.xsd=org/springframework/context/config/spring-context-4.1.xsd, http://www.springframework.org/schema/beans/spring-beans-2.5.xsd=org/springframework/beans/factory/xml/spring-beans-2.5.xsd, http://www.springframework.org/schema/tool/spring-tool-4.2.xsd=org/springframework/beans/factory/xml/spring-tool-4.2.xsd, http://www.springframework.org/schema/jee/spring-jee-4.2.xsd=org/springframework/ejb/config/spring-jee-4.2.xsd, http://www.springframework.org/schema/aop/spring-aop.xsd=org/springframework/aop/config/spring-aop-4.2.xsd}
2016-02-03 11:24:33,147 DEBUG   main [org.springframework.beans.factory.xml.PluggableSchemaResolver] Found XML schema [http://www.springframework.org/schema/beans/spring-beans.xsd] in classpath: org/springframework/beans/factory/xml/spring-beans-4.2.xsd
2016-02-03 11:24:33,200 TRACE   main [org.springframework.beans.factory.xml.PluggableSchemaResolver] Trying to resolve XML entity with public id [null] and system id [http://www.springframework.org/schema/context/spring-context.xsd]
2016-02-03 11:24:33,201 DEBUG   main [org.springframework.beans.factory.xml.PluggableSchemaResolver] Found XML schema [http://www.springframework.org/schema/context/spring-context.xsd] in classpath: org/springframework/context/config/spring-context-4.2.xsd
2016-02-03 11:24:33,208 TRACE   main [org.springframework.beans.factory.xml.PluggableSchemaResolver] Trying to resolve XML entity with public id [null] and system id [http://www.springframework.org/schema/tool/spring-tool-4.2.xsd]
2016-02-03 11:24:33,209 DEBUG   main [org.springframework.beans.factory.xml.PluggableSchemaResolver] Found XML schema [http://www.springframework.org/schema/tool/spring-tool-4.2.xsd] in classpath: org/springframework/beans/factory/xml/spring-tool-4.2.xsd
2016-02-03 11:24:33,219 TRACE   main [org.springframework.beans.factory.xml.PluggableSchemaResolver] Trying to resolve XML entity with public id [null] and system id [http://www.springframework.org/schema/ldap/spring-ldap.xsd]
2016-02-03 11:24:33,220 DEBUG   main [org.springframework.beans.factory.xml.PluggableSchemaResolver] Found XML schema [http://www.springframework.org/schema/ldap/spring-ldap.xsd] in classpath: org/springframework/ldap/config/spring-ldap-2.0.xsd
2016-02-03 11:24:33,230 TRACE   main [org.springframework.beans.factory.xml.PluggableSchemaResolver] Trying to resolve XML entity with public id [null] and system id [http://www.springframework.org/schema/data/repository/spring-repository.xsd]
2016-02-03 11:24:33,231 DEBUG   main [org.springframework.beans.factory.xml.PluggableSchemaResolver] Found XML schema [http://www.springframework.org/schema/data/repository/spring-repository.xsd] in classpath: org/springframework/data/repository/config/spring-repository-1.7.xsd
2016-02-03 11:24:33,259 DEBUG   main [org.springframework.beans.factory.xml.DefaultBeanDefinitionDocumentReader] Loading bean definitions
2016-02-03 11:24:33,268 DEBUG   main [org.springframework.beans.factory.xml.DefaultNamespaceHandlerResolver] Loaded NamespaceHandler mappings: {http://www.springframework.org/schema/p=org.springframework.beans.factory.xml.SimplePropertyNamespaceHandler, http://www.springframework.org/schema/util=org.springframework.beans.factory.xml.UtilNamespaceHandler, http://www.springframework.org/schema/jee=org.springframework.ejb.config.JeeNamespaceHandler, http://www.springframework.org/schema/aop=org.springframework.aop.config.AopNamespaceHandler, http://www.springframework.org/schema/data/repository=org.springframework.data.repository.config.RepositoryNameSpaceHandler, http://www.springframework.org/schema/cache=org.springframework.cache.config.CacheNamespaceHandler, http://www.springframework.org/schema/c=org.springframework.beans.factory.xml.SimpleConstructorNamespaceHandler, http://www.springframework.org/schema/ldap=org.springframework.ldap.config.LdapNamespaceHandler, http://www.springframework.org/schema/task=org.springframework.scheduling.config.TaskNamespaceHandler, http://www.springframework.org/schema/lang=org.springframework.scripting.config.LangNamespaceHandler, http://www.springframework.org/schema/context=org.springframework.context.config.ContextNamespaceHandler}
2016-02-03 11:24:33,347 DEBUG   main [org.springframework.core.env.StandardEnvironment] Adding [systemProperties] PropertySource with lowest search precedence
2016-02-03 11:24:33,347 DEBUG   main [org.springframework.core.env.StandardEnvironment] Adding [systemEnvironment] PropertySource with lowest search precedence
2016-02-03 11:24:33,347 DEBUG   main [org.springframework.core.env.StandardEnvironment] Initialized StandardEnvironment with PropertySources [systemProperties,systemEnvironment]
2016-02-03 11:24:33,412 DEBUG   main [org.springframework.core.io.support.PathMatchingResourcePatternResolver] Looking for matching resources in directory tree [C:\Eclipse\workspace\spring-ldap-example\bin\ldap\advance\example]
2016-02-03 11:24:33,413 DEBUG   main [org.springframework.core.io.support.PathMatchingResourcePatternResolver] Searching directory [C:\Eclipse\workspace\spring-ldap-example\bin\ldap\advance\example] for files matching pattern [C:/Eclipse/workspace/spring-ldap-example/bin/ldap/advance/example/**/*.class]
2016-02-03 11:24:33,422 DEBUG   main [org.springframework.core.io.support.PathMatchingResourcePatternResolver] Searching directory [C:\Eclipse\workspace\spring-ldap-example\bin\ldap\advance\example\test] for files matching pattern [C:/Eclipse/workspace/spring-ldap-example/bin/ldap/advance/example/**/*.class]
2016-02-03 11:24:33,424 DEBUG   main [org.springframework.core.io.support.PathMatchingResourcePatternResolver] Resolved location pattern [classpath*:ldap/advance/example/**/*.class] to resources [file [C:\Eclipse\workspace\spring-ldap-example\bin\ldap\advance\example\test\LdapApp.class], file [C:\Eclipse\workspace\spring-ldap-example\bin\ldap\advance\example\User.class], file [C:\Eclipse\workspace\spring-ldap-example\bin\ldap\advance\example\UserRepositoryImpl$MultipleAttributesMapper.class], file [C:\Eclipse\workspace\spring-ldap-example\bin\ldap\advance\example\UserRepositoryImpl$SingleAttributesMapper.class], file [C:\Eclipse\workspace\spring-ldap-example\bin\ldap\advance\example\UserRepositoryImpl$UserAttributesMapper.class], file [C:\Eclipse\workspace\spring-ldap-example\bin\ldap\advance\example\UserRepositoryImpl.class], file [C:\Eclipse\workspace\spring-ldap-example\bin\ldap\advance\example\UserRepositoryIntf.class]]
2016-02-03 11:24:33,424 TRACE   main [org.springframework.context.annotation.ClassPathBeanDefinitionScanner] Scanning file [C:\Eclipse\workspace\spring-ldap-example\bin\ldap\advance\example\test\LdapApp.class]
2016-02-03 11:24:33,439 TRACE   main [org.springframework.context.annotation.ClassPathBeanDefinitionScanner] Ignored because not matching any filter: file [C:\Eclipse\workspace\spring-ldap-example\bin\ldap\advance\example\test\LdapApp.class]
2016-02-03 11:24:33,439 TRACE   main [org.springframework.context.annotation.ClassPathBeanDefinitionScanner] Scanning file [C:\Eclipse\workspace\spring-ldap-example\bin\ldap\advance\example\User.class]
2016-02-03 11:24:33,440 TRACE   main [org.springframework.context.annotation.ClassPathBeanDefinitionScanner] Ignored because not matching any filter: file [C:\Eclipse\workspace\spring-ldap-example\bin\ldap\advance\example\User.class]
2016-02-03 11:24:33,440 TRACE   main [org.springframework.context.annotation.ClassPathBeanDefinitionScanner] Scanning file [C:\Eclipse\workspace\spring-ldap-example\bin\ldap\advance\example\UserRepositoryImpl$MultipleAttributesMapper.class]
2016-02-03 11:24:33,441 TRACE   main [org.springframework.context.annotation.ClassPathBeanDefinitionScanner] Ignored because not matching any filter: file [C:\Eclipse\workspace\spring-ldap-example\bin\ldap\advance\example\UserRepositoryImpl$MultipleAttributesMapper.class]
2016-02-03 11:24:33,441 TRACE   main [org.springframework.context.annotation.ClassPathBeanDefinitionScanner] Scanning file [C:\Eclipse\workspace\spring-ldap-example\bin\ldap\advance\example\UserRepositoryImpl$SingleAttributesMapper.class]
2016-02-03 11:24:33,441 TRACE   main [org.springframework.context.annotation.ClassPathBeanDefinitionScanner] Ignored because not matching any filter: file [C:\Eclipse\workspace\spring-ldap-example\bin\ldap\advance\example\UserRepositoryImpl$SingleAttributesMapper.class]
2016-02-03 11:24:33,441 TRACE   main [org.springframework.context.annotation.ClassPathBeanDefinitionScanner] Scanning file [C:\Eclipse\workspace\spring-ldap-example\bin\ldap\advance\example\UserRepositoryImpl$UserAttributesMapper.class]
2016-02-03 11:24:33,442 TRACE   main [org.springframework.context.annotation.ClassPathBeanDefinitionScanner] Ignored because not matching any filter: file [C:\Eclipse\workspace\spring-ldap-example\bin\ldap\advance\example\UserRepositoryImpl$UserAttributesMapper.class]
2016-02-03 11:24:33,442 TRACE   main [org.springframework.context.annotation.ClassPathBeanDefinitionScanner] Scanning file [C:\Eclipse\workspace\spring-ldap-example\bin\ldap\advance\example\UserRepositoryImpl.class]
2016-02-03 11:24:33,456 DEBUG   main [org.springframework.context.annotation.ClassPathBeanDefinitionScanner] Identified candidate component class: file [C:\Eclipse\workspace\spring-ldap-example\bin\ldap\advance\example\UserRepositoryImpl.class]
2016-02-03 11:24:33,457 TRACE   main [org.springframework.context.annotation.ClassPathBeanDefinitionScanner] Scanning file [C:\Eclipse\workspace\spring-ldap-example\bin\ldap\advance\example\UserRepositoryIntf.class]
2016-02-03 11:24:33,457 TRACE   main [org.springframework.context.annotation.ClassPathBeanDefinitionScanner] Ignored because not matching any filter: file [C:\Eclipse\workspace\spring-ldap-example\bin\ldap\advance\example\UserRepositoryIntf.class]
2016-02-03 11:24:33,497 DEBUG   main [org.springframework.beans.factory.xml.XmlBeanDefinitionReader] Loaded 9 bean definitions from location pattern [spring-ldap-example.xml]
2016-02-03 11:24:33,498 DEBUG   main [org.springframework.context.support.ClassPathXmlApplicationContext] Bean factory for org.springframework.context.support.ClassPathXmlApplicationContext@450faed3: org.springframework.beans.factory.support.DefaultListableBeanFactory@1a778aab: defining beans [userRepositoryImpl,org.springframework.context.annotation.internalConfigurationAnnotationProcessor,org.springframework.context.annotation.internalAutowiredAnnotationProcessor,org.springframework.context.annotation.internalRequiredAnnotationProcessor,org.springframework.context.annotation.internalCommonAnnotationProcessor,simpleDirContextAuthenticationStrategy,userReposImpl,contextSource,ldapTemplate]; root of factory hierarchy
2016-02-03 11:24:33,528 DEBUG   main [org.springframework.beans.factory.support.DefaultListableBeanFactory] Creating shared instance of singleton bean 'org.springframework.context.annotation.internalConfigurationAnnotationProcessor'
2016-02-03 11:24:33,528 DEBUG   main [org.springframework.beans.factory.support.DefaultListableBeanFactory] Creating instance of bean 'org.springframework.context.annotation.internalConfigurationAnnotationProcessor'
2016-02-03 11:24:33,543 DEBUG   main [org.springframework.beans.factory.support.DefaultListableBeanFactory] Eagerly caching bean 'org.springframework.context.annotation.internalConfigurationAnnotationProcessor' to allow for resolving potential circular references
2016-02-03 11:24:33,545 DEBUG   main [org.springframework.beans.factory.support.DefaultListableBeanFactory] Finished creating instance of bean 'org.springframework.context.annotation.internalConfigurationAnnotationProcessor'
2016-02-03 19:44:44,882 DEBUG   main [org.springframework.core.env.StandardEnvironment] Adding [systemProperties] PropertySource with lowest search precedence
2016-02-03 19:44:44,904 DEBUG   main [org.springframework.core.env.StandardEnvironment] Adding [systemEnvironment] PropertySource with lowest search precedence
2016-02-03 19:44:44,905 DEBUG   main [org.springframework.core.env.StandardEnvironment] Initialized StandardEnvironment with PropertySources [systemProperties,systemEnvironment]
2016-02-03 19:44:44,910 INFO   main [org.springframework.context.support.ClassPathXmlApplicationContext] Refreshing org.springframework.context.support.ClassPathXmlApplicationContext@3eed2cab: startup date [Wed Feb 03 19:44:44 EST 2016]; root of context hierarchy
2016-02-03 19:44:45,024 DEBUG   main [org.springframework.core.env.StandardEnvironment] Adding [systemProperties] PropertySource with lowest search precedence
2016-02-03 19:44:45,024 DEBUG   main [org.springframework.core.env.StandardEnvironment] Adding [systemEnvironment] PropertySource with lowest search precedence
2016-02-03 19:44:45,025 DEBUG   main [org.springframework.core.env.StandardEnvironment] Initialized StandardEnvironment with PropertySources [systemProperties,systemEnvironment]
2016-02-03 19:44:45,088 INFO   main [org.springframework.beans.factory.xml.XmlBeanDefinitionReader] Loading XML bean definitions from class path resource [spring-ldap-example.xml]
2016-02-03 19:44:45,099 DEBUG   main [org.springframework.beans.factory.xml.DefaultDocumentLoader] Using JAXP provider [com.sun.org.apache.xerces.internal.jaxp.DocumentBuilderFactoryImpl]
2016-02-03 19:44:45,150 TRACE   main [org.springframework.beans.factory.xml.PluggableSchemaResolver] Trying to resolve XML entity with public id [null] and system id [http://www.springframework.org/schema/beans/spring-beans.xsd]
2016-02-03 19:44:45,151 DEBUG   main [org.springframework.beans.factory.xml.PluggableSchemaResolver] Loading schema mappings from [META-INF/spring.schemas]
2016-02-03 19:44:45,211 DEBUG   main [org.springframework.beans.factory.xml.PluggableSchemaResolver] Loaded schema mappings: {http://www.springframework.org/schema/cache/spring-cache-4.2.xsd=org/springframework/cache/config/spring-cache-4.2.xsd, http://www.springframework.org/schema/aop/spring-aop-4.1.xsd=org/springframework/aop/config/spring-aop-4.1.xsd, http://www.springframework.org/schema/context/spring-context-3.1.xsd=org/springframework/context/config/spring-context-3.1.xsd, http://www.springframework.org/schema/data/repository/spring-repository-1.4.xsd=org/springframework/data/repository/config/spring-repository-1.4.xsd, http://www.springframework.org/schema/util/spring-util-3.0.xsd=org/springframework/beans/factory/xml/spring-util-3.0.xsd, http://www.springframework.org/schema/tool/spring-tool.xsd=org/springframework/beans/factory/xml/spring-tool-4.2.xsd, http://www.springframework.org/schema/aop/spring-aop-3.2.xsd=org/springframework/aop/config/spring-aop-3.2.xsd, http://www.springframework.org/schema/lang/spring-lang-4.1.xsd=org/springframework/scripting/config/spring-lang-4.1.xsd, http://www.springframework.org/schema/context/spring-context-4.0.xsd=org/springframework/context/config/spring-context-4.0.xsd, http://www.springframework.org/schema/beans/spring-beans-4.2.xsd=org/springframework/beans/factory/xml/spring-beans-4.2.xsd, http://www.springframework.org/schema/tool/spring-tool-4.1.xsd=org/springframework/beans/factory/xml/spring-tool-4.1.xsd, http://www.springframework.org/schema/lang/spring-lang-3.2.xsd=org/springframework/scripting/config/spring-lang-3.2.xsd, http://www.springframework.org/schema/cache/spring-cache-3.2.xsd=org/springframework/cache/config/spring-cache-3.2.xsd, http://www.springframework.org/schema/jee/spring-jee-4.1.xsd=org/springframework/ejb/config/spring-jee-4.1.xsd, http://www.springframework.org/schema/task/spring-task-4.2.xsd=org/springframework/scheduling/config/spring-task-4.2.xsd, http://www.springframework.org/schema/util/spring-util-2.0.xsd=org/springframework/beans/factory/xml/spring-util-2.0.xsd, http://www.springframework.org/schema/tool/spring-tool-3.2.xsd=org/springframework/beans/factory/xml/spring-tool-3.2.xsd, http://www.springframework.org/schema/context/spring-context.xsd=org/springframework/context/config/spring-context-4.2.xsd, http://www.springframework.org/schema/cache/spring-cache-4.1.xsd=org/springframework/cache/config/spring-cache-4.1.xsd, http://www.springframework.org/schema/aop/spring-aop-4.0.xsd=org/springframework/aop/config/spring-aop-4.0.xsd, http://www.springframework.org/schema/jee/spring-jee-3.2.xsd=org/springframework/ejb/config/spring-jee-3.2.xsd, http://www.springframework.org/schema/context/spring-context-3.0.xsd=org/springframework/context/config/spring-context-3.0.xsd, http://www.springframework.org/schema/util/spring-util-2.5.xsd=org/springframework/beans/factory/xml/spring-util-2.5.xsd, http://www.springframework.org/schema/beans/spring-beans-3.2.xsd=org/springframework/beans/factory/xml/spring-beans-3.2.xsd, http://www.springframework.org/schema/aop/spring-aop-3.1.xsd=org/springframework/aop/config/spring-aop-3.1.xsd, http://www.springframework.org/schema/ldap/spring-ldap-2.0.xsd=org/springframework/ldap/config/spring-ldap-2.0.xsd, http://www.springframework.org/schema/lang/spring-lang-4.0.xsd=org/springframework/scripting/config/spring-lang-4.0.xsd, http://www.springframework.org/schema/beans/spring-beans-4.1.xsd=org/springframework/beans/factory/xml/spring-beans-4.1.xsd, http://www.springframework.org/schema/tool/spring-tool-4.0.xsd=org/springframework/beans/factory/xml/spring-tool-4.0.xsd, http://www.springframework.org/schema/lang/spring-lang-3.1.xsd=org/springframework/scripting/config/spring-lang-3.1.xsd, http://www.springframework.org/schema/cache/spring-cache-3.1.xsd=org/springframework/cache/config/spring-cache-3.1.xsd, http://www.springframework.org/schema/jee/spring-jee-4.0.xsd=org/springframework/ejb/config/spring-jee-4.0.xsd, http://www.springframework.org/schema/task/spring-task-4.1.xsd=org/springframework/scheduling/config/spring-task-4.1.xsd, http://www.springframework.org/schema/tool/spring-tool-3.1.xsd=org/springframework/beans/factory/xml/spring-tool-3.1.xsd, http://www.springframework.org/schema/cache/spring-cache-4.0.xsd=org/springframework/cache/config/spring-cache-4.0.xsd, http://www.springframework.org/schema/jee/spring-jee-3.1.xsd=org/springframework/ejb/config/spring-jee-3.1.xsd, http://www.springframework.org/schema/task/spring-task-3.2.xsd=org/springframework/scheduling/config/spring-task-3.2.xsd, http://www.springframework.org/schema/util/spring-util-4.2.xsd=org/springframework/beans/factory/xml/spring-util-4.2.xsd, http://www.springframework.org/schema/beans/spring-beans-3.1.xsd=org/springframework/beans/factory/xml/spring-beans-3.1.xsd, http://www.springframework.org/schema/util/spring-util.xsd=org/springframework/beans/factory/xml/spring-util-4.2.xsd, http://www.springframework.org/schema/aop/spring-aop-3.0.xsd=org/springframework/aop/config/spring-aop-3.0.xsd, http://www.springframework.org/schema/data/repository/spring-repository.xsd=org/springframework/data/repository/config/spring-repository-1.7.xsd, http://www.springframework.org/schema/data/repository/spring-repository-1.7.xsd=org/springframework/data/repository/config/spring-repository-1.7.xsd, http://www.springframework.org/schema/ldap/spring-ldap.xsd=org/springframework/ldap/config/spring-ldap-2.0.xsd, http://www.springframework.org/schema/beans/spring-beans-4.0.xsd=org/springframework/beans/factory/xml/spring-beans-4.0.xsd, http://www.springframework.org/schema/beans/spring-beans.xsd=org/springframework/beans/factory/xml/spring-beans-4.2.xsd, http://www.springframework.org/schema/lang/spring-lang-3.0.xsd=org/springframework/scripting/config/spring-lang-3.0.xsd, http://www.springframework.org/schema/context/spring-context-2.5.xsd=org/springframework/context/config/spring-context-2.5.xsd, http://www.springframework.org/schema/task/spring-task-4.0.xsd=org/springframework/scheduling/config/spring-task-4.0.xsd, http://www.springframework.org/schema/tool/spring-tool-3.0.xsd=org/springframework/beans/factory/xml/spring-tool-3.0.xsd, http://www.springframework.org/schema/aop/spring-aop-2.0.xsd=org/springframework/aop/config/spring-aop-2.0.xsd, http://www.springframework.org/schema/jee/spring-jee-3.0.xsd=org/springframework/ejb/config/spring-jee-3.0.xsd, http://www.springframework.org/schema/util/spring-util-4.1.xsd=org/springframework/beans/factory/xml/spring-util-4.1.xsd, http://www.springframework.org/schema/task/spring-task-3.1.xsd=org/springframework/scheduling/config/spring-task-3.1.xsd, http://www.springframework.org/schema/beans/spring-beans-3.0.xsd=org/springframework/beans/factory/xml/spring-beans-3.0.xsd, http://www.springframework.org/schema/jee/spring-jee.xsd=org/springframework/ejb/config/spring-jee-4.2.xsd, http://www.springframework.org/schema/aop/spring-aop-2.5.xsd=org/springframework/aop/config/spring-aop-2.5.xsd, http://www.springframework.org/schema/lang/spring-lang-2.0.xsd=org/springframework/scripting/config/spring-lang-2.0.xsd, http://www.springframework.org/schema/data/repository/spring-repository-1.6.xsd=org/springframework/data/repository/config/spring-repository-1.6.xsd, http://www.springframework.org/schema/util/spring-util-3.2.xsd=org/springframework/beans/factory/xml/spring-util-3.2.xsd, http://www.springframework.org/schema/task/spring-task.xsd=org/springframework/scheduling/config/spring-task-4.2.xsd, http://www.springframework.org/schema/tool/spring-tool-2.0.xsd=org/springframework/beans/factory/xml/spring-tool-2.0.xsd, http://www.springframework.org/schema/lang/spring-lang-2.5.xsd=org/springframework/scripting/config/spring-lang-2.5.xsd, http://www.springframework.org/schema/context/spring-context-4.2.xsd=org/springframework/context/config/spring-context-4.2.xsd, http://www.springframework.org/schema/jee/spring-jee-2.0.xsd=org/springframework/ejb/config/spring-jee-2.0.xsd, http://www.springframework.org/schema/tool/spring-tool-2.5.xsd=org/springframework/beans/factory/xml/spring-tool-2.5.xsd, http://www.springframework.org/schema/jee/spring-jee-2.5.xsd=org/springframework/ejb/config/spring-jee-2.5.xsd, http://www.springframework.org/schema/data/repository/spring-repository-1.0.xsd=org/springframework/data/repository/config/spring-repository-1.0.xsd, http://www.springframework.org/schema/util/spring-util-4.0.xsd=org/springframework/beans/factory/xml/spring-util-4.0.xsd, http://www.springframework.org/schema/task/spring-task-3.0.xsd=org/springframework/scheduling/config/spring-task-3.0.xsd, http://www.springframework.org/schema/aop/spring-aop-4.2.xsd=org/springframework/aop/config/spring-aop-4.2.xsd, http://www.springframework.org/schema/lang/spring-lang.xsd=org/springframework/scripting/config/spring-lang-4.2.xsd, http://www.springframework.org/schema/context/spring-context-3.2.xsd=org/springframework/context/config/spring-context-3.2.xsd, http://www.springframework.org/schema/data/repository/spring-repository-1.5.xsd=org/springframework/data/repository/config/spring-repository-1.5.xsd, http://www.springframework.org/schema/util/spring-util-3.1.xsd=org/springframework/beans/factory/xml/spring-util-3.1.xsd, http://www.springframework.org/schema/beans/spring-beans-2.0.xsd=org/springframework/beans/factory/xml/spring-beans-2.0.xsd, http://www.springframework.org/schema/cache/spring-cache.xsd=org/springframework/cache/config/spring-cache-4.2.xsd, http://www.springframework.org/schema/lang/spring-lang-4.2.xsd=org/springframework/scripting/config/spring-lang-4.2.xsd, http://www.springframework.org/schema/context/spring-context-4.1.xsd=org/springframework/context/config/spring-context-4.1.xsd, http://www.springframework.org/schema/beans/spring-beans-2.5.xsd=org/springframework/beans/factory/xml/spring-beans-2.5.xsd, http://www.springframework.org/schema/tool/spring-tool-4.2.xsd=org/springframework/beans/factory/xml/spring-tool-4.2.xsd, http://www.springframework.org/schema/jee/spring-jee-4.2.xsd=org/springframework/ejb/config/spring-jee-4.2.xsd, http://www.springframework.org/schema/aop/spring-aop.xsd=org/springframework/aop/config/spring-aop-4.2.xsd}
2016-02-03 19:44:45,216 DEBUG   main [org.springframework.beans.factory.xml.PluggableSchemaResolver] Found XML schema [http://www.springframework.org/schema/beans/spring-beans.xsd] in classpath: org/springframework/beans/factory/xml/spring-beans-4.2.xsd
2016-02-03 19:44:45,328 TRACE   main [org.springframework.beans.factory.xml.PluggableSchemaResolver] Trying to resolve XML entity with public id [null] and system id [http://www.springframework.org/schema/context/spring-context.xsd]
2016-02-03 19:44:45,330 DEBUG   main [org.springframework.beans.factory.xml.PluggableSchemaResolver] Found XML schema [http://www.springframework.org/schema/context/spring-context.xsd] in classpath: org/springframework/context/config/spring-context-4.2.xsd
2016-02-03 19:44:45,355 TRACE   main [org.springframework.beans.factory.xml.PluggableSchemaResolver] Trying to resolve XML entity with public id [null] and system id [http://www.springframework.org/schema/tool/spring-tool-4.2.xsd]
2016-02-03 19:44:45,356 DEBUG   main [org.springframework.beans.factory.xml.PluggableSchemaResolver] Found XML schema [http://www.springframework.org/schema/tool/spring-tool-4.2.xsd] in classpath: org/springframework/beans/factory/xml/spring-tool-4.2.xsd
2016-02-03 19:44:45,367 TRACE   main [org.springframework.beans.factory.xml.PluggableSchemaResolver] Trying to resolve XML entity with public id [null] and system id [http://www.springframework.org/schema/ldap/spring-ldap.xsd]
2016-02-03 19:44:45,368 DEBUG   main [org.springframework.beans.factory.xml.PluggableSchemaResolver] Found XML schema [http://www.springframework.org/schema/ldap/spring-ldap.xsd] in classpath: org/springframework/ldap/config/spring-ldap-2.0.xsd
2016-02-03 19:44:45,384 TRACE   main [org.springframework.beans.factory.xml.PluggableSchemaResolver] Trying to resolve XML entity with public id [null] and system id [http://www.springframework.org/schema/data/repository/spring-repository.xsd]
2016-02-03 19:44:45,387 DEBUG   main [org.springframework.beans.factory.xml.PluggableSchemaResolver] Found XML schema [http://www.springframework.org/schema/data/repository/spring-repository.xsd] in classpath: org/springframework/data/repository/config/spring-repository-1.7.xsd
2016-02-03 19:44:45,450 DEBUG   main [org.springframework.beans.factory.xml.DefaultBeanDefinitionDocumentReader] Loading bean definitions
2016-02-03 19:44:45,490 DEBUG   main [org.springframework.beans.factory.xml.DefaultNamespaceHandlerResolver] Loaded NamespaceHandler mappings: {http://www.springframework.org/schema/p=org.springframework.beans.factory.xml.SimplePropertyNamespaceHandler, http://www.springframework.org/schema/util=org.springframework.beans.factory.xml.UtilNamespaceHandler, http://www.springframework.org/schema/jee=org.springframework.ejb.config.JeeNamespaceHandler, http://www.springframework.org/schema/aop=org.springframework.aop.config.AopNamespaceHandler, http://www.springframework.org/schema/data/repository=org.springframework.data.repository.config.RepositoryNameSpaceHandler, http://www.springframework.org/schema/cache=org.springframework.cache.config.CacheNamespaceHandler, http://www.springframework.org/schema/c=org.springframework.beans.factory.xml.SimpleConstructorNamespaceHandler, http://www.springframework.org/schema/ldap=org.springframework.ldap.config.LdapNamespaceHandler, http://www.springframework.org/schema/task=org.springframework.scheduling.config.TaskNamespaceHandler, http://www.springframework.org/schema/lang=org.springframework.scripting.config.LangNamespaceHandler, http://www.springframework.org/schema/context=org.springframework.context.config.ContextNamespaceHandler}
2016-02-03 19:44:45,550 DEBUG   main [org.springframework.core.env.StandardEnvironment] Adding [systemProperties] PropertySource with lowest search precedence
2016-02-03 19:44:45,550 DEBUG   main [org.springframework.core.env.StandardEnvironment] Adding [systemEnvironment] PropertySource with lowest search precedence
2016-02-03 19:44:45,550 DEBUG   main [org.springframework.core.env.StandardEnvironment] Initialized StandardEnvironment with PropertySources [systemProperties,systemEnvironment]
2016-02-03 19:44:45,582 DEBUG   main [org.springframework.core.io.support.PathMatchingResourcePatternResolver] Looking for matching resources in directory tree [C:\Eclipse\workspace\spring-ldap-example\bin\ldap\advance\example]
2016-02-03 19:44:45,583 DEBUG   main [org.springframework.core.io.support.PathMatchingResourcePatternResolver] Searching directory [C:\Eclipse\workspace\spring-ldap-example\bin\ldap\advance\example] for files matching pattern [C:/Eclipse/workspace/spring-ldap-example/bin/ldap/advance/example/**/*.class]
2016-02-03 19:44:45,584 DEBUG   main [org.springframework.core.io.support.PathMatchingResourcePatternResolver] Searching directory [C:\Eclipse\workspace\spring-ldap-example\bin\ldap\advance\example\test] for files matching pattern [C:/Eclipse/workspace/spring-ldap-example/bin/ldap/advance/example/**/*.class]
2016-02-03 19:44:45,587 DEBUG   main [org.springframework.core.io.support.PathMatchingResourcePatternResolver] Resolved location pattern [classpath*:ldap/advance/example/**/*.class] to resources [file [C:\Eclipse\workspace\spring-ldap-example\bin\ldap\advance\example\test\LdapApp.class], file [C:\Eclipse\workspace\spring-ldap-example\bin\ldap\advance\example\User.class], file [C:\Eclipse\workspace\spring-ldap-example\bin\ldap\advance\example\UserRepositoryImpl$MultipleAttributesMapper.class], file [C:\Eclipse\workspace\spring-ldap-example\bin\ldap\advance\example\UserRepositoryImpl$SingleAttributesMapper.class], file [C:\Eclipse\workspace\spring-ldap-example\bin\ldap\advance\example\UserRepositoryImpl$UserAttributesMapper.class], file [C:\Eclipse\workspace\spring-ldap-example\bin\ldap\advance\example\UserRepositoryImpl.class], file [C:\Eclipse\workspace\spring-ldap-example\bin\ldap\advance\example\UserRepositoryIntf.class]]
2016-02-03 19:44:45,587 TRACE   main [org.springframework.context.annotation.ClassPathBeanDefinitionScanner] Scanning file [C:\Eclipse\workspace\spring-ldap-example\bin\ldap\advance\example\test\LdapApp.class]
2016-02-03 19:44:45,657 TRACE   main [org.springframework.context.annotation.ClassPathBeanDefinitionScanner] Ignored because not matching any filter: file [C:\Eclipse\workspace\spring-ldap-example\bin\ldap\advance\example\test\LdapApp.class]
2016-02-03 19:44:45,657 TRACE   main [org.springframework.context.annotation.ClassPathBeanDefinitionScanner] Scanning file [C:\Eclipse\workspace\spring-ldap-example\bin\ldap\advance\example\User.class]
2016-02-03 19:44:45,658 TRACE   main [org.springframework.context.annotation.ClassPathBeanDefinitionScanner] Ignored because not matching any filter: file [C:\Eclipse\workspace\spring-ldap-example\bin\ldap\advance\example\User.class]
2016-02-03 19:44:45,658 TRACE   main [org.springframework.context.annotation.ClassPathBeanDefinitionScanner] Scanning file [C:\Eclipse\workspace\spring-ldap-example\bin\ldap\advance\example\UserRepositoryImpl$MultipleAttributesMapper.class]
2016-02-03 19:44:45,659 TRACE   main [org.springframework.context.annotation.ClassPathBeanDefinitionScanner] Ignored because not matching any filter: file [C:\Eclipse\workspace\spring-ldap-example\bin\ldap\advance\example\UserRepositoryImpl$MultipleAttributesMapper.class]
2016-02-03 19:44:45,659 TRACE   main [org.springframework.context.annotation.ClassPathBeanDefinitionScanner] Scanning file [C:\Eclipse\workspace\spring-ldap-example\bin\ldap\advance\example\UserRepositoryImpl$SingleAttributesMapper.class]
2016-02-03 19:44:45,660 TRACE   main [org.springframework.context.annotation.ClassPathBeanDefinitionScanner] Ignored because not matching any filter: file [C:\Eclipse\workspace\spring-ldap-example\bin\ldap\advance\example\UserRepositoryImpl$SingleAttributesMapper.class]
2016-02-03 19:44:45,660 TRACE   main [org.springframework.context.annotation.ClassPathBeanDefinitionScanner] Scanning file [C:\Eclipse\workspace\spring-ldap-example\bin\ldap\advance\example\UserRepositoryImpl$UserAttributesMapper.class]
2016-02-03 19:44:45,660 TRACE   main [org.springframework.context.annotation.ClassPathBeanDefinitionScanner] Ignored because not matching any filter: file [C:\Eclipse\workspace\spring-ldap-example\bin\ldap\advance\example\UserRepositoryImpl$UserAttributesMapper.class]
2016-02-03 19:44:45,660 TRACE   main [org.springframework.context.annotation.ClassPathBeanDefinitionScanner] Scanning file [C:\Eclipse\workspace\spring-ldap-example\bin\ldap\advance\example\UserRepositoryImpl.class]
2016-02-03 19:44:45,706 DEBUG   main [org.springframework.context.annotation.ClassPathBeanDefinitionScanner] Identified candidate component class: file [C:\Eclipse\workspace\spring-ldap-example\bin\ldap\advance\example\UserRepositoryImpl.class]
2016-02-03 19:44:45,706 TRACE   main [org.springframework.context.annotation.ClassPathBeanDefinitionScanner] Scanning file [C:\Eclipse\workspace\spring-ldap-example\bin\ldap\advance\example\UserRepositoryIntf.class]
2016-02-03 19:44:45,707 TRACE   main [org.springframework.context.annotation.ClassPathBeanDefinitionScanner] Ignored because not matching any filter: file [C:\Eclipse\workspace\spring-ldap-example\bin\ldap\advance\example\UserRepositoryIntf.class]
2016-02-03 19:44:45,896 DEBUG   main [org.springframework.beans.factory.xml.XmlBeanDefinitionReader] Loaded 9 bean definitions from location pattern [spring-ldap-example.xml]
2016-02-03 19:44:45,896 DEBUG   main [org.springframework.context.support.ClassPathXmlApplicationContext] Bean factory for org.springframework.context.support.ClassPathXmlApplicationContext@3eed2cab: org.springframework.beans.factory.support.DefaultListableBeanFactory@50058560: defining beans [userRepositoryImpl,org.springframework.context.annotation.internalConfigurationAnnotationProcessor,org.springframework.context.annotation.internalAutowiredAnnotationProcessor,org.springframework.context.annotation.internalRequiredAnnotationProcessor,org.springframework.context.annotation.internalCommonAnnotationProcessor,simpleDirContextAuthenticationStrategy,userReposImpl,contextSource,ldapTemplate]; root of factory hierarchy
2016-02-03 19:44:45,946 DEBUG   main [org.springframework.beans.factory.support.DefaultListableBeanFactory] Creating shared instance of singleton bean 'org.springframework.context.annotation.internalConfigurationAnnotationProcessor'
2016-02-03 19:44:45,946 DEBUG   main [org.springframework.beans.factory.support.DefaultListableBeanFactory] Creating instance of bean 'org.springframework.context.annotation.internalConfigurationAnnotationProcessor'
2016-02-03 19:44:45,978 DEBUG   main [org.springframework.beans.factory.support.DefaultListableBeanFactory] Eagerly caching bean 'org.springframework.context.annotation.internalConfigurationAnnotationProcessor' to allow for resolving potential circular references
2016-02-03 19:44:45,980 DEBUG   main [org.springframework.beans.factory.support.DefaultListableBeanFactory] Finished creating instance of bean 'org.springframework.context.annotation.internalConfigurationAnnotationProcessor'
2016-02-03 19:52:26,565 DEBUG   main [org.springframework.core.env.StandardEnvironment] Adding [systemProperties] PropertySource with lowest search precedence
2016-02-03 19:52:26,571 DEBUG   main [org.springframework.core.env.StandardEnvironment] Adding [systemEnvironment] PropertySource with lowest search precedence
2016-02-03 19:52:26,572 DEBUG   main [org.springframework.core.env.StandardEnvironment] Initialized StandardEnvironment with PropertySources [systemProperties,systemEnvironment]
2016-02-03 19:52:26,585 INFO   main [org.springframework.context.support.ClassPathXmlApplicationContext] Refreshing org.springframework.context.support.ClassPathXmlApplicationContext@89ec211: startup date [Wed Feb 03 19:52:26 EST 2016]; root of context hierarchy
2016-02-03 19:52:26,652 DEBUG   main [org.springframework.core.env.StandardEnvironment] Adding [systemProperties] PropertySource with lowest search precedence
2016-02-03 19:52:26,653 DEBUG   main [org.springframework.core.env.StandardEnvironment] Adding [systemEnvironment] PropertySource with lowest search precedence
2016-02-03 19:52:26,653 DEBUG   main [org.springframework.core.env.StandardEnvironment] Initialized StandardEnvironment with PropertySources [systemProperties,systemEnvironment]
2016-02-03 19:52:26,688 INFO   main [org.springframework.beans.factory.xml.XmlBeanDefinitionReader] Loading XML bean definitions from class path resource [spring-ldap-example.xml]
2016-02-03 19:52:26,692 DEBUG   main [org.springframework.beans.factory.xml.DefaultDocumentLoader] Using JAXP provider [com.sun.org.apache.xerces.internal.jaxp.DocumentBuilderFactoryImpl]
2016-02-03 19:52:26,729 TRACE   main [org.springframework.beans.factory.xml.PluggableSchemaResolver] Trying to resolve XML entity with public id [null] and system id [http://www.springframework.org/schema/beans/spring-beans.xsd]
2016-02-03 19:52:26,730 DEBUG   main [org.springframework.beans.factory.xml.PluggableSchemaResolver] Loading schema mappings from [META-INF/spring.schemas]
2016-02-03 19:52:26,749 DEBUG   main [org.springframework.beans.factory.xml.PluggableSchemaResolver] Loaded schema mappings: {http://www.springframework.org/schema/tx/spring-tx-2.5.xsd=org/springframework/transaction/config/spring-tx-2.5.xsd, http://www.springframework.org/schema/cache/spring-cache-4.2.xsd=org/springframework/cache/config/spring-cache-4.2.xsd, http://www.springframework.org/schema/aop/spring-aop-4.1.xsd=org/springframework/aop/config/spring-aop-4.1.xsd, http://www.springframework.org/schema/context/spring-context-3.1.xsd=org/springframework/context/config/spring-context-3.1.xsd, http://www.springframework.org/schema/data/repository/spring-repository-1.4.xsd=org/springframework/data/repository/config/spring-repository-1.4.xsd, http://www.springframework.org/schema/util/spring-util-3.0.xsd=org/springframework/beans/factory/xml/spring-util-3.0.xsd, http://www.springframework.org/schema/tool/spring-tool.xsd=org/springframework/beans/factory/xml/spring-tool-4.2.xsd, http://www.springframework.org/schema/aop/spring-aop-3.2.xsd=org/springframework/aop/config/spring-aop-3.2.xsd, http://www.springframework.org/schema/lang/spring-lang-4.1.xsd=org/springframework/scripting/config/spring-lang-4.1.xsd, http://www.springframework.org/schema/context/spring-context-4.0.xsd=org/springframework/context/config/spring-context-4.0.xsd, http://www.springframework.org/schema/beans/spring-beans-4.2.xsd=org/springframework/beans/factory/xml/spring-beans-4.2.xsd, http://www.springframework.org/schema/tool/spring-tool-4.1.xsd=org/springframework/beans/factory/xml/spring-tool-4.1.xsd, http://www.springframework.org/schema/lang/spring-lang-3.2.xsd=org/springframework/scripting/config/spring-lang-3.2.xsd, http://www.springframework.org/schema/cache/spring-cache-3.2.xsd=org/springframework/cache/config/spring-cache-3.2.xsd, http://www.springframework.org/schema/jee/spring-jee-4.1.xsd=org/springframework/ejb/config/spring-jee-4.1.xsd, http://www.springframework.org/schema/task/spring-task-4.2.xsd=org/springframework/scheduling/config/spring-task-4.2.xsd, http://www.springframework.org/schema/util/spring-util-2.0.xsd=org/springframework/beans/factory/xml/spring-util-2.0.xsd, http://www.springframework.org/schema/tool/spring-tool-3.2.xsd=org/springframework/beans/factory/xml/spring-tool-3.2.xsd, http://www.springframework.org/schema/context/spring-context.xsd=org/springframework/context/config/spring-context-4.2.xsd, http://www.springframework.org/schema/tx/spring-tx-4.2.xsd=org/springframework/transaction/config/spring-tx-4.2.xsd, http://www.springframework.org/schema/cache/spring-cache-4.1.xsd=org/springframework/cache/config/spring-cache-4.1.xsd, http://www.springframework.org/schema/aop/spring-aop-4.0.xsd=org/springframework/aop/config/spring-aop-4.0.xsd, http://www.springframework.org/schema/jee/spring-jee-3.2.xsd=org/springframework/ejb/config/spring-jee-3.2.xsd, http://www.springframework.org/schema/context/spring-context-3.0.xsd=org/springframework/context/config/spring-context-3.0.xsd, http://www.springframework.org/schema/util/spring-util-2.5.xsd=org/springframework/beans/factory/xml/spring-util-2.5.xsd, http://www.springframework.org/schema/beans/spring-beans-3.2.xsd=org/springframework/beans/factory/xml/spring-beans-3.2.xsd, http://www.springframework.org/schema/aop/spring-aop-3.1.xsd=org/springframework/aop/config/spring-aop-3.1.xsd, http://www.springframework.org/schema/ldap/spring-ldap-2.0.xsd=org/springframework/ldap/config/spring-ldap-2.0.xsd, http://www.springframework.org/schema/lang/spring-lang-4.0.xsd=org/springframework/scripting/config/spring-lang-4.0.xsd, http://www.springframework.org/schema/beans/spring-beans-4.1.xsd=org/springframework/beans/factory/xml/spring-beans-4.1.xsd, http://www.springframework.org/schema/tool/spring-tool-4.0.xsd=org/springframework/beans/factory/xml/spring-tool-4.0.xsd, http://www.springframework.org/schema/tx/spring-tx-3.2.xsd=org/springframework/transaction/config/spring-tx-3.2.xsd, http://www.springframework.org/schema/lang/spring-lang-3.1.xsd=org/springframework/scripting/config/spring-lang-3.1.xsd, http://www.springframework.org/schema/cache/spring-cache-3.1.xsd=org/springframework/cache/config/spring-cache-3.1.xsd, http://www.springframework.org/schema/jee/spring-jee-4.0.xsd=org/springframework/ejb/config/spring-jee-4.0.xsd, http://www.springframework.org/schema/task/spring-task-4.1.xsd=org/springframework/scheduling/config/spring-task-4.1.xsd, http://www.springframework.org/schema/tool/spring-tool-3.1.xsd=org/springframework/beans/factory/xml/spring-tool-3.1.xsd, http://www.springframework.org/schema/tx/spring-tx-4.1.xsd=org/springframework/transaction/config/spring-tx-4.1.xsd, http://www.springframework.org/schema/cache/spring-cache-4.0.xsd=org/springframework/cache/config/spring-cache-4.0.xsd, http://www.springframework.org/schema/jee/spring-jee-3.1.xsd=org/springframework/ejb/config/spring-jee-3.1.xsd, http://www.springframework.org/schema/task/spring-task-3.2.xsd=org/springframework/scheduling/config/spring-task-3.2.xsd, http://www.springframework.org/schema/util/spring-util-4.2.xsd=org/springframework/beans/factory/xml/spring-util-4.2.xsd, http://www.springframework.org/schema/beans/spring-beans-3.1.xsd=org/springframework/beans/factory/xml/spring-beans-3.1.xsd, http://www.springframework.org/schema/util/spring-util.xsd=org/springframework/beans/factory/xml/spring-util-4.2.xsd, http://www.springframework.org/schema/aop/spring-aop-3.0.xsd=org/springframework/aop/config/spring-aop-3.0.xsd, http://www.springframework.org/schema/data/repository/spring-repository.xsd=org/springframework/data/repository/config/spring-repository-1.7.xsd, http://www.springframework.org/schema/data/repository/spring-repository-1.7.xsd=org/springframework/data/repository/config/spring-repository-1.7.xsd, http://www.springframework.org/schema/ldap/spring-ldap.xsd=org/springframework/ldap/config/spring-ldap-2.0.xsd, http://www.springframework.org/schema/beans/spring-beans-4.0.xsd=org/springframework/beans/factory/xml/spring-beans-4.0.xsd, http://www.springframework.org/schema/beans/spring-beans.xsd=org/springframework/beans/factory/xml/spring-beans-4.2.xsd, http://www.springframework.org/schema/tx/spring-tx-3.1.xsd=org/springframework/transaction/config/spring-tx-3.1.xsd, http://www.springframework.org/schema/lang/spring-lang-3.0.xsd=org/springframework/scripting/config/spring-lang-3.0.xsd, http://www.springframework.org/schema/context/spring-context-2.5.xsd=org/springframework/context/config/spring-context-2.5.xsd, http://www.springframework.org/schema/task/spring-task-4.0.xsd=org/springframework/scheduling/config/spring-task-4.0.xsd, http://www.springframework.org/schema/tool/spring-tool-3.0.xsd=org/springframework/beans/factory/xml/spring-tool-3.0.xsd, http://www.springframework.org/schema/tx/spring-tx-4.0.xsd=org/springframework/transaction/config/spring-tx-4.0.xsd, http://www.springframework.org/schema/aop/spring-aop-2.0.xsd=org/springframework/aop/config/spring-aop-2.0.xsd, http://www.springframework.org/schema/jee/spring-jee-3.0.xsd=org/springframework/ejb/config/spring-jee-3.0.xsd, http://www.springframework.org/schema/util/spring-util-4.1.xsd=org/springframework/beans/factory/xml/spring-util-4.1.xsd, http://www.springframework.org/schema/task/spring-task-3.1.xsd=org/springframework/scheduling/config/spring-task-3.1.xsd, http://www.springframework.org/schema/beans/spring-beans-3.0.xsd=org/springframework/beans/factory/xml/spring-beans-3.0.xsd, http://www.springframework.org/schema/jee/spring-jee.xsd=org/springframework/ejb/config/spring-jee-4.2.xsd, http://www.springframework.org/schema/aop/spring-aop-2.5.xsd=org/springframework/aop/config/spring-aop-2.5.xsd, http://www.springframework.org/schema/lang/spring-lang-2.0.xsd=org/springframework/scripting/config/spring-lang-2.0.xsd, http://www.springframework.org/schema/data/repository/spring-repository-1.6.xsd=org/springframework/data/repository/config/spring-repository-1.6.xsd, http://www.springframework.org/schema/util/spring-util-3.2.xsd=org/springframework/beans/factory/xml/spring-util-3.2.xsd, http://www.springframework.org/schema/task/spring-task.xsd=org/springframework/scheduling/config/spring-task-4.2.xsd, http://www.springframework.org/schema/tool/spring-tool-2.0.xsd=org/springframework/beans/factory/xml/spring-tool-2.0.xsd, http://www.springframework.org/schema/tx/spring-tx-3.0.xsd=org/springframework/transaction/config/spring-tx-3.0.xsd, http://www.springframework.org/schema/lang/spring-lang-2.5.xsd=org/springframework/scripting/config/spring-lang-2.5.xsd, http://www.springframework.org/schema/context/spring-context-4.2.xsd=org/springframework/context/config/spring-context-4.2.xsd, http://www.springframework.org/schema/jee/spring-jee-2.0.xsd=org/springframework/ejb/config/spring-jee-2.0.xsd, http://www.springframework.org/schema/tool/spring-tool-2.5.xsd=org/springframework/beans/factory/xml/spring-tool-2.5.xsd, http://www.springframework.org/schema/jee/spring-jee-2.5.xsd=org/springframework/ejb/config/spring-jee-2.5.xsd, http://www.springframework.org/schema/data/repository/spring-repository-1.0.xsd=org/springframework/data/repository/config/spring-repository-1.0.xsd, http://www.springframework.org/schema/util/spring-util-4.0.xsd=org/springframework/beans/factory/xml/spring-util-4.0.xsd, http://www.springframework.org/schema/task/spring-task-3.0.xsd=org/springframework/scheduling/config/spring-task-3.0.xsd, http://www.springframework.org/schema/aop/spring-aop-4.2.xsd=org/springframework/aop/config/spring-aop-4.2.xsd, http://www.springframework.org/schema/lang/spring-lang.xsd=org/springframework/scripting/config/spring-lang-4.2.xsd, http://www.springframework.org/schema/context/spring-context-3.2.xsd=org/springframework/context/config/spring-context-3.2.xsd, http://www.springframework.org/schema/data/repository/spring-repository-1.5.xsd=org/springframework/data/repository/config/spring-repository-1.5.xsd, http://www.springframework.org/schema/util/spring-util-3.1.xsd=org/springframework/beans/factory/xml/spring-util-3.1.xsd, http://www.springframework.org/schema/beans/spring-beans-2.0.xsd=org/springframework/beans/factory/xml/spring-beans-2.0.xsd, http://www.springframework.org/schema/cache/spring-cache.xsd=org/springframework/cache/config/spring-cache-4.2.xsd, http://www.springframework.org/schema/tx/spring-tx.xsd=org/springframework/transaction/config/spring-tx-4.2.xsd, http://www.springframework.org/schema/lang/spring-lang-4.2.xsd=org/springframework/scripting/config/spring-lang-4.2.xsd, http://www.springframework.org/schema/context/spring-context-4.1.xsd=org/springframework/context/config/spring-context-4.1.xsd, http://www.springframework.org/schema/beans/spring-beans-2.5.xsd=org/springframework/beans/factory/xml/spring-beans-2.5.xsd, http://www.springframework.org/schema/tool/spring-tool-4.2.xsd=org/springframework/beans/factory/xml/spring-tool-4.2.xsd, http://www.springframework.org/schema/tx/spring-tx-2.0.xsd=org/springframework/transaction/config/spring-tx-2.0.xsd, http://www.springframework.org/schema/jee/spring-jee-4.2.xsd=org/springframework/ejb/config/spring-jee-4.2.xsd, http://www.springframework.org/schema/aop/spring-aop.xsd=org/springframework/aop/config/spring-aop-4.2.xsd}
2016-02-03 19:52:26,756 DEBUG   main [org.springframework.beans.factory.xml.PluggableSchemaResolver] Found XML schema [http://www.springframework.org/schema/beans/spring-beans.xsd] in classpath: org/springframework/beans/factory/xml/spring-beans-4.2.xsd
2016-02-03 19:52:26,871 TRACE   main [org.springframework.beans.factory.xml.PluggableSchemaResolver] Trying to resolve XML entity with public id [null] and system id [http://www.springframework.org/schema/context/spring-context.xsd]
2016-02-03 19:52:26,872 DEBUG   main [org.springframework.beans.factory.xml.PluggableSchemaResolver] Found XML schema [http://www.springframework.org/schema/context/spring-context.xsd] in classpath: org/springframework/context/config/spring-context-4.2.xsd
2016-02-03 19:52:26,885 TRACE   main [org.springframework.beans.factory.xml.PluggableSchemaResolver] Trying to resolve XML entity with public id [null] and system id [http://www.springframework.org/schema/tool/spring-tool-4.2.xsd]
2016-02-03 19:52:26,886 DEBUG   main [org.springframework.beans.factory.xml.PluggableSchemaResolver] Found XML schema [http://www.springframework.org/schema/tool/spring-tool-4.2.xsd] in classpath: org/springframework/beans/factory/xml/spring-tool-4.2.xsd
2016-02-03 19:52:26,903 TRACE   main [org.springframework.beans.factory.xml.PluggableSchemaResolver] Trying to resolve XML entity with public id [null] and system id [http://www.springframework.org/schema/ldap/spring-ldap.xsd]
2016-02-03 19:52:26,904 DEBUG   main [org.springframework.beans.factory.xml.PluggableSchemaResolver] Found XML schema [http://www.springframework.org/schema/ldap/spring-ldap.xsd] in classpath: org/springframework/ldap/config/spring-ldap-2.0.xsd
2016-02-03 19:52:26,920 TRACE   main [org.springframework.beans.factory.xml.PluggableSchemaResolver] Trying to resolve XML entity with public id [null] and system id [http://www.springframework.org/schema/data/repository/spring-repository.xsd]
2016-02-03 19:52:26,921 DEBUG   main [org.springframework.beans.factory.xml.PluggableSchemaResolver] Found XML schema [http://www.springframework.org/schema/data/repository/spring-repository.xsd] in classpath: org/springframework/data/repository/config/spring-repository-1.7.xsd
2016-02-03 19:52:26,952 DEBUG   main [org.springframework.beans.factory.xml.DefaultBeanDefinitionDocumentReader] Loading bean definitions
2016-02-03 19:52:26,972 DEBUG   main [org.springframework.beans.factory.xml.DefaultNamespaceHandlerResolver] Loaded NamespaceHandler mappings: {http://www.springframework.org/schema/p=org.springframework.beans.factory.xml.SimplePropertyNamespaceHandler, http://www.springframework.org/schema/util=org.springframework.beans.factory.xml.UtilNamespaceHandler, http://www.springframework.org/schema/jee=org.springframework.ejb.config.JeeNamespaceHandler, http://www.springframework.org/schema/aop=org.springframework.aop.config.AopNamespaceHandler, http://www.springframework.org/schema/data/repository=org.springframework.data.repository.config.RepositoryNameSpaceHandler, http://www.springframework.org/schema/cache=org.springframework.cache.config.CacheNamespaceHandler, http://www.springframework.org/schema/c=org.springframework.beans.factory.xml.SimpleConstructorNamespaceHandler, http://www.springframework.org/schema/ldap=org.springframework.ldap.config.LdapNamespaceHandler, http://www.springframework.org/schema/tx=org.springframework.transaction.config.TxNamespaceHandler, http://www.springframework.org/schema/task=org.springframework.scheduling.config.TaskNamespaceHandler, http://www.springframework.org/schema/lang=org.springframework.scripting.config.LangNamespaceHandler, http://www.springframework.org/schema/context=org.springframework.context.config.ContextNamespaceHandler}
2016-02-03 19:52:27,003 DEBUG   main [org.springframework.core.env.StandardEnvironment] Adding [systemProperties] PropertySource with lowest search precedence
2016-02-03 19:52:27,003 DEBUG   main [org.springframework.core.env.StandardEnvironment] Adding [systemEnvironment] PropertySource with lowest search precedence
2016-02-03 19:52:27,004 DEBUG   main [org.springframework.core.env.StandardEnvironment] Initialized StandardEnvironment with PropertySources [systemProperties,systemEnvironment]
2016-02-03 19:52:27,023 DEBUG   main [org.springframework.core.io.support.PathMatchingResourcePatternResolver] Looking for matching resources in directory tree [C:\Eclipse\workspace\spring-ldap-example\bin\ldap\advance\example]
2016-02-03 19:52:27,024 DEBUG   main [org.springframework.core.io.support.PathMatchingResourcePatternResolver] Searching directory [C:\Eclipse\workspace\spring-ldap-example\bin\ldap\advance\example] for files matching pattern [C:/Eclipse/workspace/spring-ldap-example/bin/ldap/advance/example/**/*.class]
2016-02-03 19:52:27,026 DEBUG   main [org.springframework.core.io.support.PathMatchingResourcePatternResolver] Searching directory [C:\Eclipse\workspace\spring-ldap-example\bin\ldap\advance\example\test] for files matching pattern [C:/Eclipse/workspace/spring-ldap-example/bin/ldap/advance/example/**/*.class]
2016-02-03 19:52:27,035 DEBUG   main [org.springframework.core.io.support.PathMatchingResourcePatternResolver] Resolved location pattern [classpath*:ldap/advance/example/**/*.class] to resources [file [C:\Eclipse\workspace\spring-ldap-example\bin\ldap\advance\example\test\LdapApp.class], file [C:\Eclipse\workspace\spring-ldap-example\bin\ldap\advance\example\User.class], file [C:\Eclipse\workspace\spring-ldap-example\bin\ldap\advance\example\UserRepositoryImpl$MultipleAttributesMapper.class], file [C:\Eclipse\workspace\spring-ldap-example\bin\ldap\advance\example\UserRepositoryImpl$SingleAttributesMapper.class], file [C:\Eclipse\workspace\spring-ldap-example\bin\ldap\advance\example\UserRepositoryImpl$UserAttributesMapper.class], file [C:\Eclipse\workspace\spring-ldap-example\bin\ldap\advance\example\UserRepositoryImpl.class], file [C:\Eclipse\workspace\spring-ldap-example\bin\ldap\advance\example\UserRepositoryIntf.class]]
2016-02-03 19:52:27,035 TRACE   main [org.springframework.context.annotation.ClassPathBeanDefinitionScanner] Scanning file [C:\Eclipse\workspace\spring-ldap-example\bin\ldap\advance\example\test\LdapApp.class]
2016-02-03 19:52:27,065 TRACE   main [org.springframework.context.annotation.ClassPathBeanDefinitionScanner] Ignored because not matching any filter: file [C:\Eclipse\workspace\spring-ldap-example\bin\ldap\advance\example\test\LdapApp.class]
2016-02-03 19:52:27,066 TRACE   main [org.springframework.context.annotation.ClassPathBeanDefinitionScanner] Scanning file [C:\Eclipse\workspace\spring-ldap-example\bin\ldap\advance\example\User.class]
2016-02-03 19:52:27,067 TRACE   main [org.springframework.context.annotation.ClassPathBeanDefinitionScanner] Ignored because not matching any filter: file [C:\Eclipse\workspace\spring-ldap-example\bin\ldap\advance\example\User.class]
2016-02-03 19:52:27,067 TRACE   main [org.springframework.context.annotation.ClassPathBeanDefinitionScanner] Scanning file [C:\Eclipse\workspace\spring-ldap-example\bin\ldap\advance\example\UserRepositoryImpl$MultipleAttributesMapper.class]
2016-02-03 19:52:27,068 TRACE   main [org.springframework.context.annotation.ClassPathBeanDefinitionScanner] Ignored because not matching any filter: file [C:\Eclipse\workspace\spring-ldap-example\bin\ldap\advance\example\UserRepositoryImpl$MultipleAttributesMapper.class]
2016-02-03 19:52:27,068 TRACE   main [org.springframework.context.annotation.ClassPathBeanDefinitionScanner] Scanning file [C:\Eclipse\workspace\spring-ldap-example\bin\ldap\advance\example\UserRepositoryImpl$SingleAttributesMapper.class]
2016-02-03 19:52:27,069 TRACE   main [org.springframework.context.annotation.ClassPathBeanDefinitionScanner] Ignored because not matching any filter: file [C:\Eclipse\workspace\spring-ldap-example\bin\ldap\advance\example\UserRepositoryImpl$SingleAttributesMapper.class]
2016-02-03 19:52:27,069 TRACE   main [org.springframework.context.annotation.ClassPathBeanDefinitionScanner] Scanning file [C:\Eclipse\workspace\spring-ldap-example\bin\ldap\advance\example\UserRepositoryImpl$UserAttributesMapper.class]
2016-02-03 19:52:27,070 TRACE   main [org.springframework.context.annotation.ClassPathBeanDefinitionScanner] Ignored because not matching any filter: file [C:\Eclipse\workspace\spring-ldap-example\bin\ldap\advance\example\UserRepositoryImpl$UserAttributesMapper.class]
2016-02-03 19:52:27,070 TRACE   main [org.springframework.context.annotation.ClassPathBeanDefinitionScanner] Scanning file [C:\Eclipse\workspace\spring-ldap-example\bin\ldap\advance\example\UserRepositoryImpl.class]
2016-02-03 19:52:27,092 DEBUG   main [org.springframework.context.annotation.ClassPathBeanDefinitionScanner] Identified candidate component class: file [C:\Eclipse\workspace\spring-ldap-example\bin\ldap\advance\example\UserRepositoryImpl.class]
2016-02-03 19:52:27,093 TRACE   main [org.springframework.context.annotation.ClassPathBeanDefinitionScanner] Scanning file [C:\Eclipse\workspace\spring-ldap-example\bin\ldap\advance\example\UserRepositoryIntf.class]
2016-02-03 19:52:27,093 TRACE   main [org.springframework.context.annotation.ClassPathBeanDefinitionScanner] Ignored because not matching any filter: file [C:\Eclipse\workspace\spring-ldap-example\bin\ldap\advance\example\UserRepositoryIntf.class]
2016-02-03 19:52:27,175 DEBUG   main [org.springframework.beans.factory.xml.XmlBeanDefinitionReader] Loaded 9 bean definitions from location pattern [spring-ldap-example.xml]
2016-02-03 19:52:27,175 DEBUG   main [org.springframework.context.support.ClassPathXmlApplicationContext] Bean factory for org.springframework.context.support.ClassPathXmlApplicationContext@89ec211: org.springframework.beans.factory.support.DefaultListableBeanFactory@56a45c4: defining beans [userRepositoryImpl,org.springframework.context.annotation.internalConfigurationAnnotationProcessor,org.springframework.context.annotation.internalAutowiredAnnotationProcessor,org.springframework.context.annotation.internalRequiredAnnotationProcessor,org.springframework.context.annotation.internalCommonAnnotationProcessor,simpleDirContextAuthenticationStrategy,userReposImpl,contextSource,ldapTemplate]; root of factory hierarchy
2016-02-03 19:52:27,243 DEBUG   main [org.springframework.beans.factory.support.DefaultListableBeanFactory] Creating shared instance of singleton bean 'org.springframework.context.annotation.internalConfigurationAnnotationProcessor'
2016-02-03 19:52:27,244 DEBUG   main [org.springframework.beans.factory.support.DefaultListableBeanFactory] Creating instance of bean 'org.springframework.context.annotation.internalConfigurationAnnotationProcessor'
2016-02-03 19:52:27,274 DEBUG   main [org.springframework.beans.factory.support.DefaultListableBeanFactory] Eagerly caching bean 'org.springframework.context.annotation.internalConfigurationAnnotationProcessor' to allow for resolving potential circular references
2016-02-03 19:52:27,277 DEBUG   main [org.springframework.beans.factory.support.DefaultListableBeanFactory] Finished creating instance of bean 'org.springframework.context.annotation.internalConfigurationAnnotationProcessor'
2016-02-03 19:52:27,442 DEBUG   main [org.springframework.beans.factory.support.DefaultListableBeanFactory] Creating shared instance of singleton bean 'org.springframework.context.annotation.internalAutowiredAnnotationProcessor'
2016-02-03 19:52:27,442 DEBUG   main [org.springframework.beans.factory.support.DefaultListableBeanFactory] Creating instance of bean 'org.springframework.context.annotation.internalAutowiredAnnotationProcessor'
2016-02-03 19:52:27,444 DEBUG   main [org.springframework.beans.factory.support.DefaultListableBeanFactory] Eagerly caching bean 'org.springframework.context.annotation.internalAutowiredAnnotationProcessor' to allow for resolving potential circular references
2016-02-03 19:52:27,445 DEBUG   main [org.springframework.beans.factory.support.DefaultListableBeanFactory] Finished creating instance of bean 'org.springframework.context.annotation.internalAutowiredAnnotationProcessor'
2016-02-03 19:52:27,449 DEBUG   main [org.springframework.beans.factory.support.DefaultListableBeanFactory] Creating shared instance of singleton bean 'org.springframework.context.annotation.internalRequiredAnnotationProcessor'
2016-02-03 19:52:27,449 DEBUG   main [org.springframework.beans.factory.support.DefaultListableBeanFactory] Creating instance of bean 'org.springframework.context.annotation.internalRequiredAnnotationProcessor'
2016-02-03 19:52:27,452 DEBUG   main [org.springframework.beans.factory.support.DefaultListableBeanFactory] Eagerly caching bean 'org.springframework.context.annotation.internalRequiredAnnotationProcessor' to allow for resolving potential circular references
2016-02-03 19:52:27,453 DEBUG   main [org.springframework.beans.factory.support.DefaultListableBeanFactory] Finished creating instance of bean 'org.springframework.context.annotation.internalRequiredAnnotationProcessor'
2016-02-03 19:52:27,453 DEBUG   main [org.springframework.beans.factory.support.DefaultListableBeanFactory] Creating shared instance of singleton bean 'org.springframework.context.annotation.internalCommonAnnotationProcessor'
2016-02-03 19:52:27,453 DEBUG   main [org.springframework.beans.factory.support.DefaultListableBeanFactory] Creating instance of bean 'org.springframework.context.annotation.internalCommonAnnotationProcessor'
2016-02-03 19:52:27,488 DEBUG   main [org.springframework.beans.factory.support.DefaultListableBeanFactory] Eagerly caching bean 'org.springframework.context.annotation.internalCommonAnnotationProcessor' to allow for resolving potential circular references
2016-02-03 19:52:27,488 DEBUG   main [org.springframework.beans.factory.support.DefaultListableBeanFactory] Finished creating instance of bean 'org.springframework.context.annotation.internalCommonAnnotationProcessor'
2016-02-03 19:52:27,488 DEBUG   main [org.springframework.beans.factory.support.DefaultListableBeanFactory] Creating shared instance of singleton bean 'org.springframework.context.annotation.ConfigurationClassPostProcessor.importAwareProcessor'
2016-02-03 19:52:27,488 DEBUG   main [org.springframework.beans.factory.support.DefaultListableBeanFactory] Creating instance of bean 'org.springframework.context.annotation.ConfigurationClassPostProcessor.importAwareProcessor'
2016-02-03 19:52:27,488 DEBUG   main [org.springframework.beans.factory.support.DefaultListableBeanFactory] Eagerly caching bean 'org.springframework.context.annotation.ConfigurationClassPostProcessor.importAwareProcessor' to allow for resolving potential circular references
2016-02-03 19:52:27,488 DEBUG   main [org.springframework.beans.factory.support.DefaultListableBeanFactory] Finished creating instance of bean 'org.springframework.context.annotation.ConfigurationClassPostProcessor.importAwareProcessor'
2016-02-03 19:52:27,488 DEBUG   main [org.springframework.beans.factory.support.DefaultListableBeanFactory] Creating shared instance of singleton bean 'org.springframework.context.annotation.ConfigurationClassPostProcessor.enhancedConfigurationProcessor'
2016-02-03 19:52:27,488 DEBUG   main [org.springframework.beans.factory.support.DefaultListableBeanFactory] Creating instance of bean 'org.springframework.context.annotation.ConfigurationClassPostProcessor.enhancedConfigurationProcessor'
2016-02-03 19:52:27,489 DEBUG   main [org.springframework.beans.factory.support.DefaultListableBeanFactory] Eagerly caching bean 'org.springframework.context.annotation.ConfigurationClassPostProcessor.enhancedConfigurationProcessor' to allow for resolving potential circular references
2016-02-03 19:52:27,489 DEBUG   main [org.springframework.beans.factory.support.DefaultListableBeanFactory] Finished creating instance of bean 'org.springframework.context.annotation.ConfigurationClassPostProcessor.enhancedConfigurationProcessor'
2016-02-03 19:52:27,495 DEBUG   main [org.springframework.context.support.ClassPathXmlApplicationContext] Unable to locate MessageSource with name 'messageSource': using default [org.springframework.context.support.DelegatingMessageSource@190bf402]
2016-02-03 19:52:27,500 DEBUG   main [org.springframework.context.support.ClassPathXmlApplicationContext] Unable to locate ApplicationEventMulticaster with name 'applicationEventMulticaster': using default [org.springframework.context.event.SimpleApplicationEventMulticaster@1b2090ab]
2016-02-03 19:52:27,502 DEBUG   main [org.springframework.beans.factory.support.DefaultListableBeanFactory] Pre-instantiating singletons in org.springframework.beans.factory.support.DefaultListableBeanFactory@56a45c4: defining beans [userRepositoryImpl,org.springframework.context.annotation.internalConfigurationAnnotationProcessor,org.springframework.context.annotation.internalAutowiredAnnotationProcessor,org.springframework.context.annotation.internalRequiredAnnotationProcessor,org.springframework.context.annotation.internalCommonAnnotationProcessor,simpleDirContextAuthenticationStrategy,userReposImpl,contextSource,ldapTemplate,org.springframework.context.annotation.ConfigurationClassPostProcessor.importAwareProcessor,org.springframework.context.annotation.ConfigurationClassPostProcessor.enhancedConfigurationProcessor]; root of factory hierarchy
2016-02-03 19:52:27,502 DEBUG   main [org.springframework.beans.factory.support.DefaultListableBeanFactory] Creating shared instance of singleton bean 'userRepositoryImpl'
2016-02-03 19:52:27,502 DEBUG   main [org.springframework.beans.factory.support.DefaultListableBeanFactory] Creating instance of bean 'userRepositoryImpl'
2016-02-03 19:52:27,538 DEBUG   main [org.springframework.beans.factory.annotation.InjectionMetadata] Registered injected element on class [ldap.advance.example.UserRepositoryImpl]: AutowiredFieldElement for private org.springframework.ldap.core.LdapTemplate ldap.advance.example.UserRepositoryImpl.ldapTemplate
2016-02-03 19:52:27,538 DEBUG   main [org.springframework.beans.factory.support.DefaultListableBeanFactory] Eagerly caching bean 'userRepositoryImpl' to allow for resolving potential circular references
2016-02-03 19:52:27,543 TRACE   main [org.springframework.core.io.support.SpringFactoriesLoader] Loaded [org.springframework.beans.BeanInfoFactory] names: [org.springframework.beans.ExtendedBeanInfoFactory]
2016-02-03 19:52:27,543 TRACE   main [org.springframework.beans.CachedIntrospectionResults] Getting BeanInfo for class [ldap.advance.example.UserRepositoryImpl]
2016-02-03 19:52:27,549 TRACE   main [org.springframework.beans.CachedIntrospectionResults] Caching PropertyDescriptors for class [ldap.advance.example.UserRepositoryImpl]
2016-02-03 19:52:27,549 TRACE   main [org.springframework.beans.CachedIntrospectionResults] Found bean property 'allUserNames' of type [java.util.List]
2016-02-03 19:52:27,555 TRACE   main [org.springframework.beans.CachedIntrospectionResults] Found bean property 'allUsers' of type [java.util.List]
2016-02-03 19:52:27,556 TRACE   main [org.springframework.beans.CachedIntrospectionResults] Found bean property 'class' of type [java.lang.Class]
2016-02-03 19:52:27,563 DEBUG   main [org.springframework.beans.factory.annotation.InjectionMetadata] Processing injected element of bean 'userRepositoryImpl': AutowiredFieldElement for private org.springframework.ldap.core.LdapTemplate ldap.advance.example.UserRepositoryImpl.ldapTemplate
2016-02-03 19:52:27,575 DEBUG   main [org.springframework.beans.factory.support.DefaultListableBeanFactory] Creating shared instance of singleton bean 'ldapTemplate'
2016-02-03 19:52:27,575 DEBUG   main [org.springframework.beans.factory.support.DefaultListableBeanFactory] Creating instance of bean 'ldapTemplate'
2016-02-03 19:52:27,603 DEBUG   main [org.springframework.beans.factory.support.DefaultListableBeanFactory] Eagerly caching bean 'ldapTemplate' to allow for resolving potential circular references
2016-02-03 19:52:27,604 TRACE   main [org.springframework.beans.CachedIntrospectionResults] Getting BeanInfo for class [org.springframework.ldap.core.LdapTemplate]
2016-02-03 19:52:27,634 TRACE   main [org.springframework.beans.CachedIntrospectionResults] Caching PropertyDescriptors for class [org.springframework.ldap.core.LdapTemplate]
2016-02-03 19:52:27,635 TRACE   main [org.springframework.beans.CachedIntrospectionResults] Found bean property 'class' of type [java.lang.Class]
2016-02-03 19:52:27,635 TRACE   main [org.springframework.beans.CachedIntrospectionResults] Found bean property 'contextSource' of type [org.springframework.ldap.core.ContextSource]
2016-02-03 19:52:27,635 TRACE   main [org.springframework.beans.CachedIntrospectionResults] Found bean property 'defaultCountLimit' of type [int]
2016-02-03 19:52:27,635 TRACE   main [org.springframework.beans.CachedIntrospectionResults] Found bean property 'defaultSearchScope' of type [int]
2016-02-03 19:52:27,636 TRACE   main [org.springframework.beans.CachedIntrospectionResults] Found bean property 'defaultTimeLimit' of type [int]
2016-02-03 19:52:27,636 TRACE   main [org.springframework.beans.CachedIntrospectionResults] Found bean property 'ignoreNameNotFoundException' of type [boolean]
2016-02-03 19:52:27,636 TRACE   main [org.springframework.beans.CachedIntrospectionResults] Found bean property 'ignorePartialResultException' of type [boolean]
2016-02-03 19:52:27,636 TRACE   main [org.springframework.beans.CachedIntrospectionResults] Found bean property 'ignoreSizeLimitExceededException' of type [boolean]
2016-02-03 19:52:27,637 TRACE   main [org.springframework.beans.CachedIntrospectionResults] Found bean property 'objectDirectoryMapper' of type [org.springframework.ldap.odm.core.ObjectDirectoryMapper]
2016-02-03 19:52:27,639 DEBUG   main [org.springframework.beans.factory.support.DefaultListableBeanFactory] Creating shared instance of singleton bean 'contextSource'
2016-02-03 19:52:27,639 DEBUG   main [org.springframework.beans.factory.support.DefaultListableBeanFactory] Creating instance of bean 'contextSource'
2016-02-03 19:52:27,664 DEBUG   main [org.springframework.beans.factory.support.DefaultListableBeanFactory] Creating instance of bean '(inner bean)#1f5ffded'
2016-02-03 19:52:27,739 TRACE   main [org.springframework.beans.CachedIntrospectionResults] Getting BeanInfo for class [org.springframework.ldap.core.support.LdapContextSource]
2016-02-03 19:52:27,745 TRACE   main [org.springframework.beans.CachedIntrospectionResults] Caching PropertyDescriptors for class [org.springframework.ldap.core.support.LdapContextSource]
2016-02-03 19:52:27,745 TRACE   main [org.springframework.beans.CachedIntrospectionResults] Found bean property 'anonymousReadOnly' of type [boolean]
2016-02-03 19:52:27,746 TRACE   main [org.springframework.beans.CachedIntrospectionResults] Found bean property 'authenticationSource' of type [org.springframework.ldap.core.AuthenticationSource]
2016-02-03 19:52:27,746 TRACE   main [org.springframework.beans.CachedIntrospectionResults] Found bean property 'authenticationStrategy' of type [org.springframework.ldap.core.support.DirContextAuthenticationStrategy]
2016-02-03 19:52:27,746 TRACE   main [org.springframework.beans.CachedIntrospectionResults] Found bean property 'base' of type [java.lang.String]
2016-02-03 19:52:27,747 TRACE   main [org.springframework.beans.CachedIntrospectionResults] Found bean property 'baseEnvironmentProperties' of type [java.util.Map]
2016-02-03 19:52:27,748 TRACE   main [org.springframework.beans.CachedIntrospectionResults] Found bean property 'baseLdapName' of type [javax.naming.ldap.LdapName]
2016-02-03 19:52:27,749 TRACE   main [org.springframework.beans.CachedIntrospectionResults] Found bean property 'baseLdapPath' of type [org.springframework.ldap.core.DistinguishedName]
2016-02-03 19:52:27,749 TRACE   main [org.springframework.beans.CachedIntrospectionResults] Found bean property 'baseLdapPathAsString' of type [java.lang.String]
2016-02-03 19:52:27,749 TRACE   main [org.springframework.beans.CachedIntrospectionResults] Found bean property 'cacheEnvironmentProperties' of type [boolean]
2016-02-03 19:52:27,749 TRACE   main [org.springframework.beans.CachedIntrospectionResults] Found bean property 'class' of type [java.lang.Class]
2016-02-03 19:52:27,750 TRACE   main [org.springframework.beans.CachedIntrospectionResults] Found bean property 'contextFactory' of type [java.lang.Class]
2016-02-03 19:52:27,750 TRACE   main [org.springframework.beans.CachedIntrospectionResults] Found bean property 'dirObjectFactory' of type [java.lang.Class]
2016-02-03 19:52:27,750 TRACE   main [org.springframework.beans.CachedIntrospectionResults] Found bean property 'password' of type [java.lang.String]
2016-02-03 19:52:27,750 TRACE   main [org.springframework.beans.CachedIntrospectionResults] Found bean property 'pooled' of type [boolean]
2016-02-03 19:52:27,750 TRACE   main [org.springframework.beans.CachedIntrospectionResults] Found bean property 'readOnlyContext' of type [javax.naming.directory.DirContext]
2016-02-03 19:52:27,751 TRACE   main [org.springframework.beans.CachedIntrospectionResults] Found bean property 'readWriteContext' of type [javax.naming.directory.DirContext]
2016-02-03 19:52:27,751 TRACE   main [org.springframework.beans.CachedIntrospectionResults] Found bean property 'referral' of type [java.lang.String]
2016-02-03 19:52:27,752 TRACE   main [org.springframework.beans.CachedIntrospectionResults] Found bean property 'url' of type [java.lang.String]
2016-02-03 19:52:27,752 TRACE   main [org.springframework.beans.CachedIntrospectionResults] Found bean property 'urls' of type [[Ljava.lang.String;]
2016-02-03 19:52:27,752 TRACE   main [org.springframework.beans.CachedIntrospectionResults] Found bean property 'userDn' of type [java.lang.String]
2016-02-03 19:52:27,758 DEBUG   main [org.springframework.beans.factory.support.DefaultListableBeanFactory] Creating instance of bean '(inner bean)#6c7733eb'
2016-02-03 19:52:27,764 TRACE   main [org.springframework.beans.CachedIntrospectionResults] Getting BeanInfo for class [[Ljava.lang.String;]
2016-02-03 19:52:27,765 TRACE   main [org.springframework.beans.CachedIntrospectionResults] Caching PropertyDescriptors for class [[Ljava.lang.String;]
2016-02-03 19:52:27,765 TRACE   main [org.springframework.beans.CachedIntrospectionResults] Found bean property 'class' of type [java.lang.Class]
2016-02-03 19:52:27,766 DEBUG   main [org.springframework.beans.factory.support.DefaultListableBeanFactory] Finished creating instance of bean '(inner bean)#6c7733eb'
2016-02-03 19:52:27,767 DEBUG   main [org.springframework.beans.factory.support.DefaultListableBeanFactory] Creating shared instance of singleton bean 'simpleDirContextAuthenticationStrategy'
2016-02-03 19:52:27,767 DEBUG   main [org.springframework.beans.factory.support.DefaultListableBeanFactory] Creating instance of bean 'simpleDirContextAuthenticationStrategy'
2016-02-03 19:52:27,767 DEBUG   main [org.springframework.beans.factory.support.DefaultListableBeanFactory] Eagerly caching bean 'simpleDirContextAuthenticationStrategy' to allow for resolving potential circular references
2016-02-03 19:52:27,767 TRACE   main [org.springframework.beans.CachedIntrospectionResults] Getting BeanInfo for class [org.springframework.ldap.core.support.SimpleDirContextAuthenticationStrategy]
2016-02-03 19:52:27,769 TRACE   main [org.springframework.beans.CachedIntrospectionResults] Caching PropertyDescriptors for class [org.springframework.ldap.core.support.SimpleDirContextAuthenticationStrategy]
2016-02-03 19:52:27,769 TRACE   main [org.springframework.beans.CachedIntrospectionResults] Found bean property 'class' of type [java.lang.Class]
2016-02-03 19:52:27,769 DEBUG   main [org.springframework.beans.factory.support.DefaultListableBeanFactory] Finished creating instance of bean 'simpleDirContextAuthenticationStrategy'
2016-02-03 19:52:27,773 DEBUG   main [org.springframework.beans.factory.support.DefaultListableBeanFactory] Invoking afterPropertiesSet() on bean with name '(inner bean)#1f5ffded'
2016-02-03 19:52:27,777 DEBUG   main [org.springframework.beans.factory.support.DefaultListableBeanFactory] Finished creating instance of bean '(inner bean)#1f5ffded'
2016-02-03 19:52:27,788 DEBUG   main [org.springframework.beans.factory.support.DefaultListableBeanFactory] Eagerly caching bean 'contextSource' to allow for resolving potential circular references
2016-02-03 19:52:27,789 TRACE   main [org.springframework.beans.CachedIntrospectionResults] Getting BeanInfo for class [org.springframework.ldap.transaction.compensating.manager.TransactionAwareContextSourceProxy]
2016-02-03 19:52:27,791 TRACE   main [org.springframework.beans.CachedIntrospectionResults] Caching PropertyDescriptors for class [org.springframework.ldap.transaction.compensating.manager.TransactionAwareContextSourceProxy]
2016-02-03 19:52:27,792 TRACE   main [org.springframework.beans.CachedIntrospectionResults] Found bean property 'baseLdapName' of type [javax.naming.ldap.LdapName]
2016-02-03 19:52:27,792 TRACE   main [org.springframework.beans.CachedIntrospectionResults] Found bean property 'baseLdapPath' of type [org.springframework.ldap.core.DistinguishedName]
2016-02-03 19:52:27,792 TRACE   main [org.springframework.beans.CachedIntrospectionResults] Found bean property 'baseLdapPathAsString' of type [java.lang.String]
2016-02-03 19:52:27,792 TRACE   main [org.springframework.beans.CachedIntrospectionResults] Found bean property 'class' of type [java.lang.Class]
2016-02-03 19:52:27,792 TRACE   main [org.springframework.beans.CachedIntrospectionResults] Found bean property 'readOnlyContext' of type [javax.naming.directory.DirContext]
2016-02-03 19:52:27,793 TRACE   main [org.springframework.beans.CachedIntrospectionResults] Found bean property 'readWriteContext' of type [javax.naming.directory.DirContext]
2016-02-03 19:52:27,793 TRACE   main [org.springframework.beans.CachedIntrospectionResults] Found bean property 'target' of type [org.springframework.ldap.core.ContextSource]
2016-02-03 19:52:27,793 DEBUG   main [org.springframework.beans.factory.support.DefaultListableBeanFactory] Finished creating instance of bean 'contextSource'
2016-02-03 19:52:27,795 DEBUG   main [org.springframework.beans.factory.support.DefaultListableBeanFactory] Invoking afterPropertiesSet() on bean with name 'ldapTemplate'
2016-02-03 19:52:27,795 DEBUG   main [org.springframework.beans.factory.support.DefaultListableBeanFactory] Finished creating instance of bean 'ldapTemplate'
2016-02-03 19:52:27,795 DEBUG   main [org.springframework.beans.factory.annotation.AutowiredAnnotationBeanPostProcessor] Autowiring by type from bean name 'userRepositoryImpl' to bean named 'ldapTemplate'
2016-02-03 19:52:27,799 DEBUG   main [org.springframework.beans.factory.support.DefaultListableBeanFactory] Finished creating instance of bean 'userRepositoryImpl'
2016-02-03 19:52:27,799 DEBUG   main [org.springframework.beans.factory.support.DefaultListableBeanFactory] Returning cached instance of singleton bean 'org.springframework.context.annotation.internalConfigurationAnnotationProcessor'
2016-02-03 19:52:27,799 DEBUG   main [org.springframework.beans.factory.support.DefaultListableBeanFactory] Returning cached instance of singleton bean 'org.springframework.context.annotation.internalAutowiredAnnotationProcessor'
2016-02-03 19:52:27,799 DEBUG   main [org.springframework.beans.factory.support.DefaultListableBeanFactory] Returning cached instance of singleton bean 'org.springframework.context.annotation.internalRequiredAnnotationProcessor'
2016-02-03 19:52:27,800 DEBUG   main [org.springframework.beans.factory.support.DefaultListableBeanFactory] Returning cached instance of singleton bean 'org.springframework.context.annotation.internalCommonAnnotationProcessor'
2016-02-03 19:52:27,800 DEBUG   main [org.springframework.beans.factory.support.DefaultListableBeanFactory] Returning cached instance of singleton bean 'simpleDirContextAuthenticationStrategy'
2016-02-03 19:52:27,800 DEBUG   main [org.springframework.beans.factory.support.DefaultListableBeanFactory] Creating shared instance of singleton bean 'userReposImpl'
2016-02-03 19:52:27,800 DEBUG   main [org.springframework.beans.factory.support.DefaultListableBeanFactory] Creating instance of bean 'userReposImpl'
2016-02-03 19:52:27,801 DEBUG   main [org.springframework.beans.factory.annotation.InjectionMetadata] Registered injected element on class [ldap.advance.example.UserRepositoryImpl]: AutowiredFieldElement for private org.springframework.ldap.core.LdapTemplate ldap.advance.example.UserRepositoryImpl.ldapTemplate
2016-02-03 19:52:27,801 DEBUG   main [org.springframework.beans.factory.support.DefaultListableBeanFactory] Eagerly caching bean 'userReposImpl' to allow for resolving potential circular references
2016-02-03 19:52:27,801 DEBUG   main [org.springframework.beans.factory.annotation.InjectionMetadata] Processing injected element of bean 'userReposImpl': AutowiredFieldElement for private org.springframework.ldap.core.LdapTemplate ldap.advance.example.UserRepositoryImpl.ldapTemplate
2016-02-03 19:52:27,801 DEBUG   main [org.springframework.beans.factory.support.DefaultListableBeanFactory] Returning cached instance of singleton bean 'ldapTemplate'
2016-02-03 19:52:27,801 DEBUG   main [org.springframework.beans.factory.annotation.AutowiredAnnotationBeanPostProcessor] Autowiring by type from bean name 'userReposImpl' to bean named 'ldapTemplate'
2016-02-03 19:52:27,801 DEBUG   main [org.springframework.beans.factory.support.DefaultListableBeanFactory] Finished creating instance of bean 'userReposImpl'
2016-02-03 19:52:27,801 DEBUG   main [org.springframework.beans.factory.support.DefaultListableBeanFactory] Returning cached instance of singleton bean 'contextSource'
2016-02-03 19:52:27,801 DEBUG   main [org.springframework.beans.factory.support.DefaultListableBeanFactory] Returning cached instance of singleton bean 'ldapTemplate'
2016-02-03 19:52:27,802 DEBUG   main [org.springframework.beans.factory.support.DefaultListableBeanFactory] Returning cached instance of singleton bean 'org.springframework.context.annotation.ConfigurationClassPostProcessor.importAwareProcessor'
2016-02-03 19:52:27,802 DEBUG   main [org.springframework.beans.factory.support.DefaultListableBeanFactory] Returning cached instance of singleton bean 'org.springframework.context.annotation.ConfigurationClassPostProcessor.enhancedConfigurationProcessor'
2016-02-03 19:52:27,803 DEBUG   main [org.springframework.context.support.ClassPathXmlApplicationContext] Unable to locate LifecycleProcessor with name 'lifecycleProcessor': using default [org.springframework.context.support.DefaultLifecycleProcessor@7c182454]
2016-02-03 19:52:27,803 DEBUG   main [org.springframework.beans.factory.support.DefaultListableBeanFactory] Returning cached instance of singleton bean 'lifecycleProcessor'
2016-02-03 19:52:27,804 TRACE   main [org.springframework.context.support.ClassPathXmlApplicationContext] Publishing event in org.springframework.context.support.ClassPathXmlApplicationContext@89ec211: org.springframework.context.event.ContextRefreshedEvent[source=org.springframework.context.support.ClassPathXmlApplicationContext@89ec211: startup date [Wed Feb 03 19:52:26 EST 2016]; root of context hierarchy]
2016-02-03 19:52:27,805 TRACE   main [org.springframework.core.env.PropertySourcesPropertyResolver] getProperty("spring.liveBeansView.mbeanDomain", String)
2016-02-03 19:52:27,805 DEBUG   main [org.springframework.core.env.PropertySourcesPropertyResolver] Searching for key 'spring.liveBeansView.mbeanDomain' in [systemProperties]
2016-02-03 19:52:27,805 DEBUG   main [org.springframework.core.env.PropertySourcesPropertyResolver] Searching for key 'spring.liveBeansView.mbeanDomain' in [systemEnvironment]
2016-02-03 19:52:27,805 DEBUG   main [org.springframework.core.env.PropertySourcesPropertyResolver] Could not find key 'spring.liveBeansView.mbeanDomain' in any property source. Returning [null]
2016-02-03 19:52:27,806 INFO   main [ldap.advance.example.test.LdapApp] Test started at Wed Feb 03 19:52:26 EST 2016
2016-02-03 19:52:27,806 DEBUG   main [org.springframework.beans.factory.support.DefaultListableBeanFactory] Returning cached instance of singleton bean 'userReposImpl'
2016-02-03 19:52:27,806 INFO   main [ldap.advance.example.UserRepositoryImpl] executing {createUser}
2016-02-03 20:00:58,833 DEBUG   main [org.springframework.core.env.StandardEnvironment] Adding [systemProperties] PropertySource with lowest search precedence
2016-02-03 20:00:58,837 DEBUG   main [org.springframework.core.env.StandardEnvironment] Adding [systemEnvironment] PropertySource with lowest search precedence
2016-02-03 20:00:58,838 DEBUG   main [org.springframework.core.env.StandardEnvironment] Initialized StandardEnvironment with PropertySources [systemProperties,systemEnvironment]
2016-02-03 20:00:58,845 INFO   main [org.springframework.context.support.ClassPathXmlApplicationContext] Refreshing org.springframework.context.support.ClassPathXmlApplicationContext@6ed6ee82: startup date [Wed Feb 03 20:00:58 EST 2016]; root of context hierarchy
2016-02-03 20:00:58,905 DEBUG   main [org.springframework.core.env.StandardEnvironment] Adding [systemProperties] PropertySource with lowest search precedence
2016-02-03 20:00:58,906 DEBUG   main [org.springframework.core.env.StandardEnvironment] Adding [systemEnvironment] PropertySource with lowest search precedence
2016-02-03 20:00:58,906 DEBUG   main [org.springframework.core.env.StandardEnvironment] Initialized StandardEnvironment with PropertySources [systemProperties,systemEnvironment]
2016-02-03 20:00:58,928 INFO   main [org.springframework.beans.factory.xml.XmlBeanDefinitionReader] Loading XML bean definitions from class path resource [spring-ldap-example.xml]
2016-02-03 20:00:58,931 DEBUG   main [org.springframework.beans.factory.xml.DefaultDocumentLoader] Using JAXP provider [com.sun.org.apache.xerces.internal.jaxp.DocumentBuilderFactoryImpl]
2016-02-03 20:00:58,985 TRACE   main [org.springframework.beans.factory.xml.PluggableSchemaResolver] Trying to resolve XML entity with public id [null] and system id [http://www.springframework.org/schema/beans/spring-beans.xsd]
2016-02-03 20:00:58,986 DEBUG   main [org.springframework.beans.factory.xml.PluggableSchemaResolver] Loading schema mappings from [META-INF/spring.schemas]
2016-02-03 20:00:59,012 DEBUG   main [org.springframework.beans.factory.xml.PluggableSchemaResolver] Loaded schema mappings: {http://www.springframework.org/schema/tx/spring-tx-2.5.xsd=org/springframework/transaction/config/spring-tx-2.5.xsd, http://www.springframework.org/schema/cache/spring-cache-4.2.xsd=org/springframework/cache/config/spring-cache-4.2.xsd, http://www.springframework.org/schema/aop/spring-aop-4.1.xsd=org/springframework/aop/config/spring-aop-4.1.xsd, http://www.springframework.org/schema/context/spring-context-3.1.xsd=org/springframework/context/config/spring-context-3.1.xsd, http://www.springframework.org/schema/data/repository/spring-repository-1.4.xsd=org/springframework/data/repository/config/spring-repository-1.4.xsd, http://www.springframework.org/schema/util/spring-util-3.0.xsd=org/springframework/beans/factory/xml/spring-util-3.0.xsd, http://www.springframework.org/schema/tool/spring-tool.xsd=org/springframework/beans/factory/xml/spring-tool-4.2.xsd, http://www.springframework.org/schema/aop/spring-aop-3.2.xsd=org/springframework/aop/config/spring-aop-3.2.xsd, http://www.springframework.org/schema/lang/spring-lang-4.1.xsd=org/springframework/scripting/config/spring-lang-4.1.xsd, http://www.springframework.org/schema/context/spring-context-4.0.xsd=org/springframework/context/config/spring-context-4.0.xsd, http://www.springframework.org/schema/beans/spring-beans-4.2.xsd=org/springframework/beans/factory/xml/spring-beans-4.2.xsd, http://www.springframework.org/schema/tool/spring-tool-4.1.xsd=org/springframework/beans/factory/xml/spring-tool-4.1.xsd, http://www.springframework.org/schema/lang/spring-lang-3.2.xsd=org/springframework/scripting/config/spring-lang-3.2.xsd, http://www.springframework.org/schema/cache/spring-cache-3.2.xsd=org/springframework/cache/config/spring-cache-3.2.xsd, http://www.springframework.org/schema/jee/spring-jee-4.1.xsd=org/springframework/ejb/config/spring-jee-4.1.xsd, http://www.springframework.org/schema/task/spring-task-4.2.xsd=org/springframework/scheduling/config/spring-task-4.2.xsd, http://www.springframework.org/schema/util/spring-util-2.0.xsd=org/springframework/beans/factory/xml/spring-util-2.0.xsd, http://www.springframework.org/schema/tool/spring-tool-3.2.xsd=org/springframework/beans/factory/xml/spring-tool-3.2.xsd, http://www.springframework.org/schema/context/spring-context.xsd=org/springframework/context/config/spring-context-4.2.xsd, http://www.springframework.org/schema/tx/spring-tx-4.2.xsd=org/springframework/transaction/config/spring-tx-4.2.xsd, http://www.springframework.org/schema/cache/spring-cache-4.1.xsd=org/springframework/cache/config/spring-cache-4.1.xsd, http://www.springframework.org/schema/aop/spring-aop-4.0.xsd=org/springframework/aop/config/spring-aop-4.0.xsd, http://www.springframework.org/schema/jee/spring-jee-3.2.xsd=org/springframework/ejb/config/spring-jee-3.2.xsd, http://www.springframework.org/schema/context/spring-context-3.0.xsd=org/springframework/context/config/spring-context-3.0.xsd, http://www.springframework.org/schema/util/spring-util-2.5.xsd=org/springframework/beans/factory/xml/spring-util-2.5.xsd, http://www.springframework.org/schema/beans/spring-beans-3.2.xsd=org/springframework/beans/factory/xml/spring-beans-3.2.xsd, http://www.springframework.org/schema/aop/spring-aop-3.1.xsd=org/springframework/aop/config/spring-aop-3.1.xsd, http://www.springframework.org/schema/ldap/spring-ldap-2.0.xsd=org/springframework/ldap/config/spring-ldap-2.0.xsd, http://www.springframework.org/schema/lang/spring-lang-4.0.xsd=org/springframework/scripting/config/spring-lang-4.0.xsd, http://www.springframework.org/schema/beans/spring-beans-4.1.xsd=org/springframework/beans/factory/xml/spring-beans-4.1.xsd, http://www.springframework.org/schema/tool/spring-tool-4.0.xsd=org/springframework/beans/factory/xml/spring-tool-4.0.xsd, http://www.springframework.org/schema/tx/spring-tx-3.2.xsd=org/springframework/transaction/config/spring-tx-3.2.xsd, http://www.springframework.org/schema/lang/spring-lang-3.1.xsd=org/springframework/scripting/config/spring-lang-3.1.xsd, http://www.springframework.org/schema/cache/spring-cache-3.1.xsd=org/springframework/cache/config/spring-cache-3.1.xsd, http://www.springframework.org/schema/jee/spring-jee-4.0.xsd=org/springframework/ejb/config/spring-jee-4.0.xsd, http://www.springframework.org/schema/task/spring-task-4.1.xsd=org/springframework/scheduling/config/spring-task-4.1.xsd, http://www.springframework.org/schema/tool/spring-tool-3.1.xsd=org/springframework/beans/factory/xml/spring-tool-3.1.xsd, http://www.springframework.org/schema/tx/spring-tx-4.1.xsd=org/springframework/transaction/config/spring-tx-4.1.xsd, http://www.springframework.org/schema/cache/spring-cache-4.0.xsd=org/springframework/cache/config/spring-cache-4.0.xsd, http://www.springframework.org/schema/jee/spring-jee-3.1.xsd=org/springframework/ejb/config/spring-jee-3.1.xsd, http://www.springframework.org/schema/task/spring-task-3.2.xsd=org/springframework/scheduling/config/spring-task-3.2.xsd, http://www.springframework.org/schema/util/spring-util-4.2.xsd=org/springframework/beans/factory/xml/spring-util-4.2.xsd, http://www.springframework.org/schema/beans/spring-beans-3.1.xsd=org/springframework/beans/factory/xml/spring-beans-3.1.xsd, http://www.springframework.org/schema/util/spring-util.xsd=org/springframework/beans/factory/xml/spring-util-4.2.xsd, http://www.springframework.org/schema/aop/spring-aop-3.0.xsd=org/springframework/aop/config/spring-aop-3.0.xsd, http://www.springframework.org/schema/data/repository/spring-repository.xsd=org/springframework/data/repository/config/spring-repository-1.7.xsd, http://www.springframework.org/schema/data/repository/spring-repository-1.7.xsd=org/springframework/data/repository/config/spring-repository-1.7.xsd, http://www.springframework.org/schema/ldap/spring-ldap.xsd=org/springframework/ldap/config/spring-ldap-2.0.xsd, http://www.springframework.org/schema/beans/spring-beans-4.0.xsd=org/springframework/beans/factory/xml/spring-beans-4.0.xsd, http://www.springframework.org/schema/beans/spring-beans.xsd=org/springframework/beans/factory/xml/spring-beans-4.2.xsd, http://www.springframework.org/schema/tx/spring-tx-3.1.xsd=org/springframework/transaction/config/spring-tx-3.1.xsd, http://www.springframework.org/schema/lang/spring-lang-3.0.xsd=org/springframework/scripting/config/spring-lang-3.0.xsd, http://www.springframework.org/schema/context/spring-context-2.5.xsd=org/springframework/context/config/spring-context-2.5.xsd, http://www.springframework.org/schema/task/spring-task-4.0.xsd=org/springframework/scheduling/config/spring-task-4.0.xsd, http://www.springframework.org/schema/tool/spring-tool-3.0.xsd=org/springframework/beans/factory/xml/spring-tool-3.0.xsd, http://www.springframework.org/schema/tx/spring-tx-4.0.xsd=org/springframework/transaction/config/spring-tx-4.0.xsd, http://www.springframework.org/schema/aop/spring-aop-2.0.xsd=org/springframework/aop/config/spring-aop-2.0.xsd, http://www.springframework.org/schema/jee/spring-jee-3.0.xsd=org/springframework/ejb/config/spring-jee-3.0.xsd, http://www.springframework.org/schema/util/spring-util-4.1.xsd=org/springframework/beans/factory/xml/spring-util-4.1.xsd, http://www.springframework.org/schema/task/spring-task-3.1.xsd=org/springframework/scheduling/config/spring-task-3.1.xsd, http://www.springframework.org/schema/beans/spring-beans-3.0.xsd=org/springframework/beans/factory/xml/spring-beans-3.0.xsd, http://www.springframework.org/schema/jee/spring-jee.xsd=org/springframework/ejb/config/spring-jee-4.2.xsd, http://www.springframework.org/schema/aop/spring-aop-2.5.xsd=org/springframework/aop/config/spring-aop-2.5.xsd, http://www.springframework.org/schema/lang/spring-lang-2.0.xsd=org/springframework/scripting/config/spring-lang-2.0.xsd, http://www.springframework.org/schema/data/repository/spring-repository-1.6.xsd=org/springframework/data/repository/config/spring-repository-1.6.xsd, http://www.springframework.org/schema/util/spring-util-3.2.xsd=org/springframework/beans/factory/xml/spring-util-3.2.xsd, http://www.springframework.org/schema/task/spring-task.xsd=org/springframework/scheduling/config/spring-task-4.2.xsd, http://www.springframework.org/schema/tool/spring-tool-2.0.xsd=org/springframework/beans/factory/xml/spring-tool-2.0.xsd, http://www.springframework.org/schema/tx/spring-tx-3.0.xsd=org/springframework/transaction/config/spring-tx-3.0.xsd, http://www.springframework.org/schema/lang/spring-lang-2.5.xsd=org/springframework/scripting/config/spring-lang-2.5.xsd, http://www.springframework.org/schema/context/spring-context-4.2.xsd=org/springframework/context/config/spring-context-4.2.xsd, http://www.springframework.org/schema/jee/spring-jee-2.0.xsd=org/springframework/ejb/config/spring-jee-2.0.xsd, http://www.springframework.org/schema/tool/spring-tool-2.5.xsd=org/springframework/beans/factory/xml/spring-tool-2.5.xsd, http://www.springframework.org/schema/jee/spring-jee-2.5.xsd=org/springframework/ejb/config/spring-jee-2.5.xsd, http://www.springframework.org/schema/data/repository/spring-repository-1.0.xsd=org/springframework/data/repository/config/spring-repository-1.0.xsd, http://www.springframework.org/schema/util/spring-util-4.0.xsd=org/springframework/beans/factory/xml/spring-util-4.0.xsd, http://www.springframework.org/schema/task/spring-task-3.0.xsd=org/springframework/scheduling/config/spring-task-3.0.xsd, http://www.springframework.org/schema/aop/spring-aop-4.2.xsd=org/springframework/aop/config/spring-aop-4.2.xsd, http://www.springframework.org/schema/lang/spring-lang.xsd=org/springframework/scripting/config/spring-lang-4.2.xsd, http://www.springframework.org/schema/context/spring-context-3.2.xsd=org/springframework/context/config/spring-context-3.2.xsd, http://www.springframework.org/schema/data/repository/spring-repository-1.5.xsd=org/springframework/data/repository/config/spring-repository-1.5.xsd, http://www.springframework.org/schema/util/spring-util-3.1.xsd=org/springframework/beans/factory/xml/spring-util-3.1.xsd, http://www.springframework.org/schema/beans/spring-beans-2.0.xsd=org/springframework/beans/factory/xml/spring-beans-2.0.xsd, http://www.springframework.org/schema/cache/spring-cache.xsd=org/springframework/cache/config/spring-cache-4.2.xsd, http://www.springframework.org/schema/tx/spring-tx.xsd=org/springframework/transaction/config/spring-tx-4.2.xsd, http://www.springframework.org/schema/lang/spring-lang-4.2.xsd=org/springframework/scripting/config/spring-lang-4.2.xsd, http://www.springframework.org/schema/context/spring-context-4.1.xsd=org/springframework/context/config/spring-context-4.1.xsd, http://www.springframework.org/schema/beans/spring-beans-2.5.xsd=org/springframework/beans/factory/xml/spring-beans-2.5.xsd, http://www.springframework.org/schema/tool/spring-tool-4.2.xsd=org/springframework/beans/factory/xml/spring-tool-4.2.xsd, http://www.springframework.org/schema/tx/spring-tx-2.0.xsd=org/springframework/transaction/config/spring-tx-2.0.xsd, http://www.springframework.org/schema/jee/spring-jee-4.2.xsd=org/springframework/ejb/config/spring-jee-4.2.xsd, http://www.springframework.org/schema/aop/spring-aop.xsd=org/springframework/aop/config/spring-aop-4.2.xsd}
2016-02-03 20:00:59,020 DEBUG   main [org.springframework.beans.factory.xml.PluggableSchemaResolver] Found XML schema [http://www.springframework.org/schema/beans/spring-beans.xsd] in classpath: org/springframework/beans/factory/xml/spring-beans-4.2.xsd
2016-02-03 20:00:59,138 TRACE   main [org.springframework.beans.factory.xml.PluggableSchemaResolver] Trying to resolve XML entity with public id [null] and system id [http://www.springframework.org/schema/context/spring-context.xsd]
2016-02-03 20:00:59,149 DEBUG   main [org.springframework.beans.factory.xml.PluggableSchemaResolver] Found XML schema [http://www.springframework.org/schema/context/spring-context.xsd] in classpath: org/springframework/context/config/spring-context-4.2.xsd
2016-02-03 20:00:59,162 TRACE   main [org.springframework.beans.factory.xml.PluggableSchemaResolver] Trying to resolve XML entity with public id [null] and system id [http://www.springframework.org/schema/tool/spring-tool-4.2.xsd]
2016-02-03 20:00:59,163 DEBUG   main [org.springframework.beans.factory.xml.PluggableSchemaResolver] Found XML schema [http://www.springframework.org/schema/tool/spring-tool-4.2.xsd] in classpath: org/springframework/beans/factory/xml/spring-tool-4.2.xsd
2016-02-03 20:00:59,181 TRACE   main [org.springframework.beans.factory.xml.PluggableSchemaResolver] Trying to resolve XML entity with public id [null] and system id [http://www.springframework.org/schema/ldap/spring-ldap.xsd]
2016-02-03 20:00:59,182 DEBUG   main [org.springframework.beans.factory.xml.PluggableSchemaResolver] Found XML schema [http://www.springframework.org/schema/ldap/spring-ldap.xsd] in classpath: org/springframework/ldap/config/spring-ldap-2.0.xsd
2016-02-03 20:00:59,200 TRACE   main [org.springframework.beans.factory.xml.PluggableSchemaResolver] Trying to resolve XML entity with public id [null] and system id [http://www.springframework.org/schema/data/repository/spring-repository.xsd]
2016-02-03 20:00:59,202 DEBUG   main [org.springframework.beans.factory.xml.PluggableSchemaResolver] Found XML schema [http://www.springframework.org/schema/data/repository/spring-repository.xsd] in classpath: org/springframework/data/repository/config/spring-repository-1.7.xsd
2016-02-03 20:00:59,234 DEBUG   main [org.springframework.beans.factory.xml.DefaultBeanDefinitionDocumentReader] Loading bean definitions
2016-02-03 20:00:59,250 DEBUG   main [org.springframework.beans.factory.xml.DefaultNamespaceHandlerResolver] Loaded NamespaceHandler mappings: {http://www.springframework.org/schema/p=org.springframework.beans.factory.xml.SimplePropertyNamespaceHandler, http://www.springframework.org/schema/util=org.springframework.beans.factory.xml.UtilNamespaceHandler, http://www.springframework.org/schema/jee=org.springframework.ejb.config.JeeNamespaceHandler, http://www.springframework.org/schema/aop=org.springframework.aop.config.AopNamespaceHandler, http://www.springframework.org/schema/data/repository=org.springframework.data.repository.config.RepositoryNameSpaceHandler, http://www.springframework.org/schema/cache=org.springframework.cache.config.CacheNamespaceHandler, http://www.springframework.org/schema/c=org.springframework.beans.factory.xml.SimpleConstructorNamespaceHandler, http://www.springframework.org/schema/ldap=org.springframework.ldap.config.LdapNamespaceHandler, http://www.springframework.org/schema/tx=org.springframework.transaction.config.TxNamespaceHandler, http://www.springframework.org/schema/task=org.springframework.scheduling.config.TaskNamespaceHandler, http://www.springframework.org/schema/lang=org.springframework.scripting.config.LangNamespaceHandler, http://www.springframework.org/schema/context=org.springframework.context.config.ContextNamespaceHandler}
2016-02-03 20:00:59,279 DEBUG   main [org.springframework.core.env.StandardEnvironment] Adding [systemProperties] PropertySource with lowest search precedence
2016-02-03 20:00:59,280 DEBUG   main [org.springframework.core.env.StandardEnvironment] Adding [systemEnvironment] PropertySource with lowest search precedence
2016-02-03 20:00:59,280 DEBUG   main [org.springframework.core.env.StandardEnvironment] Initialized StandardEnvironment with PropertySources [systemProperties,systemEnvironment]
2016-02-03 20:00:59,301 DEBUG   main [org.springframework.core.io.support.PathMatchingResourcePatternResolver] Looking for matching resources in directory tree [C:\Eclipse\workspace\spring-ldap-example\bin\ldap\advance\example]
2016-02-03 20:00:59,302 DEBUG   main [org.springframework.core.io.support.PathMatchingResourcePatternResolver] Searching directory [C:\Eclipse\workspace\spring-ldap-example\bin\ldap\advance\example] for files matching pattern [C:/Eclipse/workspace/spring-ldap-example/bin/ldap/advance/example/**/*.class]
2016-02-03 20:00:59,303 DEBUG   main [org.springframework.core.io.support.PathMatchingResourcePatternResolver] Searching directory [C:\Eclipse\workspace\spring-ldap-example\bin\ldap\advance\example\test] for files matching pattern [C:/Eclipse/workspace/spring-ldap-example/bin/ldap/advance/example/**/*.class]
2016-02-03 20:00:59,307 DEBUG   main [org.springframework.core.io.support.PathMatchingResourcePatternResolver] Resolved location pattern [classpath*:ldap/advance/example/**/*.class] to resources [file [C:\Eclipse\workspace\spring-ldap-example\bin\ldap\advance\example\test\LdapApp.class], file [C:\Eclipse\workspace\spring-ldap-example\bin\ldap\advance\example\User.class], file [C:\Eclipse\workspace\spring-ldap-example\bin\ldap\advance\example\UserRepositoryImpl$MultipleAttributesMapper.class], file [C:\Eclipse\workspace\spring-ldap-example\bin\ldap\advance\example\UserRepositoryImpl$SingleAttributesMapper.class], file [C:\Eclipse\workspace\spring-ldap-example\bin\ldap\advance\example\UserRepositoryImpl$UserAttributesMapper.class], file [C:\Eclipse\workspace\spring-ldap-example\bin\ldap\advance\example\UserRepositoryImpl.class], file [C:\Eclipse\workspace\spring-ldap-example\bin\ldap\advance\example\UserRepositoryIntf.class]]
2016-02-03 20:00:59,308 TRACE   main [org.springframework.context.annotation.ClassPathBeanDefinitionScanner] Scanning file [C:\Eclipse\workspace\spring-ldap-example\bin\ldap\advance\example\test\LdapApp.class]
2016-02-03 20:00:59,354 TRACE   main [org.springframework.context.annotation.ClassPathBeanDefinitionScanner] Ignored because not matching any filter: file [C:\Eclipse\workspace\spring-ldap-example\bin\ldap\advance\example\test\LdapApp.class]
2016-02-03 20:00:59,354 TRACE   main [org.springframework.context.annotation.ClassPathBeanDefinitionScanner] Scanning file [C:\Eclipse\workspace\spring-ldap-example\bin\ldap\advance\example\User.class]
2016-02-03 20:00:59,355 TRACE   main [org.springframework.context.annotation.ClassPathBeanDefinitionScanner] Ignored because not matching any filter: file [C:\Eclipse\workspace\spring-ldap-example\bin\ldap\advance\example\User.class]
2016-02-03 20:00:59,355 TRACE   main [org.springframework.context.annotation.ClassPathBeanDefinitionScanner] Scanning file [C:\Eclipse\workspace\spring-ldap-example\bin\ldap\advance\example\UserRepositoryImpl$MultipleAttributesMapper.class]
2016-02-03 20:00:59,357 TRACE   main [org.springframework.context.annotation.ClassPathBeanDefinitionScanner] Ignored because not matching any filter: file [C:\Eclipse\workspace\spring-ldap-example\bin\ldap\advance\example\UserRepositoryImpl$MultipleAttributesMapper.class]
2016-02-03 20:00:59,357 TRACE   main [org.springframework.context.annotation.ClassPathBeanDefinitionScanner] Scanning file [C:\Eclipse\workspace\spring-ldap-example\bin\ldap\advance\example\UserRepositoryImpl$SingleAttributesMapper.class]
2016-02-03 20:00:59,358 TRACE   main [org.springframework.context.annotation.ClassPathBeanDefinitionScanner] Ignored because not matching any filter: file [C:\Eclipse\workspace\spring-ldap-example\bin\ldap\advance\example\UserRepositoryImpl$SingleAttributesMapper.class]
2016-02-03 20:00:59,358 TRACE   main [org.springframework.context.annotation.ClassPathBeanDefinitionScanner] Scanning file [C:\Eclipse\workspace\spring-ldap-example\bin\ldap\advance\example\UserRepositoryImpl$UserAttributesMapper.class]
2016-02-03 20:00:59,372 TRACE   main [org.springframework.context.annotation.ClassPathBeanDefinitionScanner] Ignored because not matching any filter: file [C:\Eclipse\workspace\spring-ldap-example\bin\ldap\advance\example\UserRepositoryImpl$UserAttributesMapper.class]
2016-02-03 20:00:59,372 TRACE   main [org.springframework.context.annotation.ClassPathBeanDefinitionScanner] Scanning file [C:\Eclipse\workspace\spring-ldap-example\bin\ldap\advance\example\UserRepositoryImpl.class]
2016-02-03 20:00:59,404 DEBUG   main [org.springframework.context.annotation.ClassPathBeanDefinitionScanner] Identified candidate component class: file [C:\Eclipse\workspace\spring-ldap-example\bin\ldap\advance\example\UserRepositoryImpl.class]
2016-02-03 20:00:59,404 TRACE   main [org.springframework.context.annotation.ClassPathBeanDefinitionScanner] Scanning file [C:\Eclipse\workspace\spring-ldap-example\bin\ldap\advance\example\UserRepositoryIntf.class]
2016-02-03 20:00:59,406 TRACE   main [org.springframework.context.annotation.ClassPathBeanDefinitionScanner] Ignored because not matching any filter: file [C:\Eclipse\workspace\spring-ldap-example\bin\ldap\advance\example\UserRepositoryIntf.class]
2016-02-03 20:00:59,521 DEBUG   main [org.springframework.beans.factory.xml.XmlBeanDefinitionReader] Loaded 9 bean definitions from location pattern [spring-ldap-example.xml]
2016-02-03 20:00:59,521 DEBUG   main [org.springframework.context.support.ClassPathXmlApplicationContext] Bean factory for org.springframework.context.support.ClassPathXmlApplicationContext@6ed6ee82: org.springframework.beans.factory.support.DefaultListableBeanFactory@56a45c4: defining beans [userRepositoryImpl,org.springframework.context.annotation.internalConfigurationAnnotationProcessor,org.springframework.context.annotation.internalAutowiredAnnotationProcessor,org.springframework.context.annotation.internalRequiredAnnotationProcessor,org.springframework.context.annotation.internalCommonAnnotationProcessor,simpleDirContextAuthenticationStrategy,userReposImpl,contextSource,ldapTemplate]; root of factory hierarchy
2016-02-03 20:00:59,621 DEBUG   main [org.springframework.beans.factory.support.DefaultListableBeanFactory] Creating shared instance of singleton bean 'org.springframework.context.annotation.internalConfigurationAnnotationProcessor'
2016-02-03 20:00:59,621 DEBUG   main [org.springframework.beans.factory.support.DefaultListableBeanFactory] Creating instance of bean 'org.springframework.context.annotation.internalConfigurationAnnotationProcessor'
2016-02-03 20:00:59,714 DEBUG   main [org.springframework.beans.factory.support.DefaultListableBeanFactory] Eagerly caching bean 'org.springframework.context.annotation.internalConfigurationAnnotationProcessor' to allow for resolving potential circular references
2016-02-03 20:00:59,718 DEBUG   main [org.springframework.beans.factory.support.DefaultListableBeanFactory] Finished creating instance of bean 'org.springframework.context.annotation.internalConfigurationAnnotationProcessor'
2016-02-03 20:00:59,886 DEBUG   main [org.springframework.beans.factory.support.DefaultListableBeanFactory] Creating shared instance of singleton bean 'org.springframework.context.annotation.internalAutowiredAnnotationProcessor'
2016-02-03 20:00:59,886 DEBUG   main [org.springframework.beans.factory.support.DefaultListableBeanFactory] Creating instance of bean 'org.springframework.context.annotation.internalAutowiredAnnotationProcessor'
2016-02-03 20:00:59,889 DEBUG   main [org.springframework.beans.factory.support.DefaultListableBeanFactory] Eagerly caching bean 'org.springframework.context.annotation.internalAutowiredAnnotationProcessor' to allow for resolving potential circular references
2016-02-03 20:00:59,901 DEBUG   main [org.springframework.beans.factory.support.DefaultListableBeanFactory] Finished creating instance of bean 'org.springframework.context.annotation.internalAutowiredAnnotationProcessor'
2016-02-03 20:00:59,902 DEBUG   main [org.springframework.beans.factory.support.DefaultListableBeanFactory] Creating shared instance of singleton bean 'org.springframework.context.annotation.internalRequiredAnnotationProcessor'
2016-02-03 20:00:59,902 DEBUG   main [org.springframework.beans.factory.support.DefaultListableBeanFactory] Creating instance of bean 'org.springframework.context.annotation.internalRequiredAnnotationProcessor'
2016-02-03 20:00:59,904 DEBUG   main [org.springframework.beans.factory.support.DefaultListableBeanFactory] Eagerly caching bean 'org.springframework.context.annotation.internalRequiredAnnotationProcessor' to allow for resolving potential circular references
2016-02-03 20:00:59,904 DEBUG   main [org.springframework.beans.factory.support.DefaultListableBeanFactory] Finished creating instance of bean 'org.springframework.context.annotation.internalRequiredAnnotationProcessor'
2016-02-03 20:00:59,905 DEBUG   main [org.springframework.beans.factory.support.DefaultListableBeanFactory] Creating shared instance of singleton bean 'org.springframework.context.annotation.internalCommonAnnotationProcessor'
2016-02-03 20:00:59,905 DEBUG   main [org.springframework.beans.factory.support.DefaultListableBeanFactory] Creating instance of bean 'org.springframework.context.annotation.internalCommonAnnotationProcessor'
2016-02-03 20:00:59,916 DEBUG   main [org.springframework.beans.factory.support.DefaultListableBeanFactory] Eagerly caching bean 'org.springframework.context.annotation.internalCommonAnnotationProcessor' to allow for resolving potential circular references
2016-02-03 20:00:59,916 DEBUG   main [org.springframework.beans.factory.support.DefaultListableBeanFactory] Finished creating instance of bean 'org.springframework.context.annotation.internalCommonAnnotationProcessor'
2016-02-03 20:00:59,916 DEBUG   main [org.springframework.beans.factory.support.DefaultListableBeanFactory] Creating shared instance of singleton bean 'org.springframework.context.annotation.ConfigurationClassPostProcessor.importAwareProcessor'
2016-02-03 20:00:59,917 DEBUG   main [org.springframework.beans.factory.support.DefaultListableBeanFactory] Creating instance of bean 'org.springframework.context.annotation.ConfigurationClassPostProcessor.importAwareProcessor'
2016-02-03 20:00:59,917 DEBUG   main [org.springframework.beans.factory.support.DefaultListableBeanFactory] Eagerly caching bean 'org.springframework.context.annotation.ConfigurationClassPostProcessor.importAwareProcessor' to allow for resolving potential circular references
2016-02-03 20:00:59,917 DEBUG   main [org.springframework.beans.factory.support.DefaultListableBeanFactory] Finished creating instance of bean 'org.springframework.context.annotation.ConfigurationClassPostProcessor.importAwareProcessor'
2016-02-03 20:00:59,949 DEBUG   main [org.springframework.beans.factory.support.DefaultListableBeanFactory] Creating shared instance of singleton bean 'org.springframework.context.annotation.ConfigurationClassPostProcessor.enhancedConfigurationProcessor'
2016-02-03 20:00:59,951 DEBUG   main [org.springframework.beans.factory.support.DefaultListableBeanFactory] Creating instance of bean 'org.springframework.context.annotation.ConfigurationClassPostProcessor.enhancedConfigurationProcessor'
2016-02-03 20:00:59,952 DEBUG   main [org.springframework.beans.factory.support.DefaultListableBeanFactory] Eagerly caching bean 'org.springframework.context.annotation.ConfigurationClassPostProcessor.enhancedConfigurationProcessor' to allow for resolving potential circular references
2016-02-03 20:00:59,952 DEBUG   main [org.springframework.beans.factory.support.DefaultListableBeanFactory] Finished creating instance of bean 'org.springframework.context.annotation.ConfigurationClassPostProcessor.enhancedConfigurationProcessor'
2016-02-03 20:00:59,986 DEBUG   main [org.springframework.context.support.ClassPathXmlApplicationContext] Unable to locate MessageSource with name 'messageSource': using default [org.springframework.context.support.DelegatingMessageSource@5fc0bc26]
2016-02-03 20:00:59,994 DEBUG   main [org.springframework.context.support.ClassPathXmlApplicationContext] Unable to locate ApplicationEventMulticaster with name 'applicationEventMulticaster': using default [org.springframework.context.event.SimpleApplicationEventMulticaster@76f9d876]
2016-02-03 20:00:59,996 DEBUG   main [org.springframework.beans.factory.support.DefaultListableBeanFactory] Pre-instantiating singletons in org.springframework.beans.factory.support.DefaultListableBeanFactory@56a45c4: defining beans [userRepositoryImpl,org.springframework.context.annotation.internalConfigurationAnnotationProcessor,org.springframework.context.annotation.internalAutowiredAnnotationProcessor,org.springframework.context.annotation.internalRequiredAnnotationProcessor,org.springframework.context.annotation.internalCommonAnnotationProcessor,simpleDirContextAuthenticationStrategy,userReposImpl,contextSource,ldapTemplate,org.springframework.context.annotation.ConfigurationClassPostProcessor.importAwareProcessor,org.springframework.context.annotation.ConfigurationClassPostProcessor.enhancedConfigurationProcessor]; root of factory hierarchy
2016-02-03 20:00:59,996 DEBUG   main [org.springframework.beans.factory.support.DefaultListableBeanFactory] Creating shared instance of singleton bean 'userRepositoryImpl'
2016-02-03 20:00:59,996 DEBUG   main [org.springframework.beans.factory.support.DefaultListableBeanFactory] Creating instance of bean 'userRepositoryImpl'
2016-02-03 20:01:00,030 DEBUG   main [org.springframework.beans.factory.annotation.InjectionMetadata] Registered injected element on class [ldap.advance.example.UserRepositoryImpl]: AutowiredFieldElement for private org.springframework.ldap.core.LdapTemplate ldap.advance.example.UserRepositoryImpl.ldapTemplate
2016-02-03 20:01:00,030 DEBUG   main [org.springframework.beans.factory.support.DefaultListableBeanFactory] Eagerly caching bean 'userRepositoryImpl' to allow for resolving potential circular references
2016-02-03 20:01:00,053 TRACE   main [org.springframework.core.io.support.SpringFactoriesLoader] Loaded [org.springframework.beans.BeanInfoFactory] names: [org.springframework.beans.ExtendedBeanInfoFactory]
2016-02-03 20:01:00,055 TRACE   main [org.springframework.beans.CachedIntrospectionResults] Getting BeanInfo for class [ldap.advance.example.UserRepositoryImpl]
2016-02-03 20:01:00,065 TRACE   main [org.springframework.beans.CachedIntrospectionResults] Caching PropertyDescriptors for class [ldap.advance.example.UserRepositoryImpl]
2016-02-03 20:01:00,066 TRACE   main [org.springframework.beans.CachedIntrospectionResults] Found bean property 'allUserNames' of type [java.util.List]
2016-02-03 20:01:00,083 TRACE   main [org.springframework.beans.CachedIntrospectionResults] Found bean property 'allUsers' of type [java.util.List]
2016-02-03 20:01:00,086 TRACE   main [org.springframework.beans.CachedIntrospectionResults] Found bean property 'class' of type [java.lang.Class]
2016-02-03 20:01:00,098 DEBUG   main [org.springframework.beans.factory.annotation.InjectionMetadata] Processing injected element of bean 'userRepositoryImpl': AutowiredFieldElement for private org.springframework.ldap.core.LdapTemplate ldap.advance.example.UserRepositoryImpl.ldapTemplate
2016-02-03 20:01:00,107 DEBUG   main [org.springframework.beans.factory.support.DefaultListableBeanFactory] Creating shared instance of singleton bean 'ldapTemplate'
2016-02-03 20:01:00,112 DEBUG   main [org.springframework.beans.factory.support.DefaultListableBeanFactory] Creating instance of bean 'ldapTemplate'
2016-02-03 20:01:00,169 DEBUG   main [org.springframework.beans.factory.support.DefaultListableBeanFactory] Eagerly caching bean 'ldapTemplate' to allow for resolving potential circular references
2016-02-03 20:01:00,170 TRACE   main [org.springframework.beans.CachedIntrospectionResults] Getting BeanInfo for class [org.springframework.ldap.core.LdapTemplate]
2016-02-03 20:01:00,209 TRACE   main [org.springframework.beans.CachedIntrospectionResults] Caching PropertyDescriptors for class [org.springframework.ldap.core.LdapTemplate]
2016-02-03 20:01:00,211 TRACE   main [org.springframework.beans.CachedIntrospectionResults] Found bean property 'class' of type [java.lang.Class]
2016-02-03 20:01:00,212 TRACE   main [org.springframework.beans.CachedIntrospectionResults] Found bean property 'contextSource' of type [org.springframework.ldap.core.ContextSource]
2016-02-03 20:01:00,212 TRACE   main [org.springframework.beans.CachedIntrospectionResults] Found bean property 'defaultCountLimit' of type [int]
2016-02-03 20:01:00,214 TRACE   main [org.springframework.beans.CachedIntrospectionResults] Found bean property 'defaultSearchScope' of type [int]
2016-02-03 20:01:00,214 TRACE   main [org.springframework.beans.CachedIntrospectionResults] Found bean property 'defaultTimeLimit' of type [int]
2016-02-03 20:01:00,215 TRACE   main [org.springframework.beans.CachedIntrospectionResults] Found bean property 'ignoreNameNotFoundException' of type [boolean]
2016-02-03 20:01:00,217 TRACE   main [org.springframework.beans.CachedIntrospectionResults] Found bean property 'ignorePartialResultException' of type [boolean]
2016-02-03 20:01:00,218 TRACE   main [org.springframework.beans.CachedIntrospectionResults] Found bean property 'ignoreSizeLimitExceededException' of type [boolean]
2016-02-03 20:01:00,219 TRACE   main [org.springframework.beans.CachedIntrospectionResults] Found bean property 'objectDirectoryMapper' of type [org.springframework.ldap.odm.core.ObjectDirectoryMapper]
2016-02-03 20:01:00,222 DEBUG   main [org.springframework.beans.factory.support.DefaultListableBeanFactory] Creating shared instance of singleton bean 'contextSource'
2016-02-03 20:01:00,222 DEBUG   main [org.springframework.beans.factory.support.DefaultListableBeanFactory] Creating instance of bean 'contextSource'
2016-02-03 20:01:00,237 DEBUG   main [org.springframework.beans.factory.support.DefaultListableBeanFactory] Creating instance of bean '(inner bean)#5717e2b2'
2016-02-03 20:01:00,297 TRACE   main [org.springframework.beans.CachedIntrospectionResults] Getting BeanInfo for class [org.springframework.ldap.core.support.LdapContextSource]
2016-02-03 20:01:00,305 TRACE   main [org.springframework.beans.CachedIntrospectionResults] Caching PropertyDescriptors for class [org.springframework.ldap.core.support.LdapContextSource]
2016-02-03 20:01:00,305 TRACE   main [org.springframework.beans.CachedIntrospectionResults] Found bean property 'anonymousReadOnly' of type [boolean]
2016-02-03 20:01:00,305 TRACE   main [org.springframework.beans.CachedIntrospectionResults] Found bean property 'authenticationSource' of type [org.springframework.ldap.core.AuthenticationSource]
2016-02-03 20:01:00,306 TRACE   main [org.springframework.beans.CachedIntrospectionResults] Found bean property 'authenticationStrategy' of type [org.springframework.ldap.core.support.DirContextAuthenticationStrategy]
2016-02-03 20:01:00,306 TRACE   main [org.springframework.beans.CachedIntrospectionResults] Found bean property 'base' of type [java.lang.String]
2016-02-03 20:01:00,306 TRACE   main [org.springframework.beans.CachedIntrospectionResults] Found bean property 'baseEnvironmentProperties' of type [java.util.Map]
2016-02-03 20:01:00,306 TRACE   main [org.springframework.beans.CachedIntrospectionResults] Found bean property 'baseLdapName' of type [javax.naming.ldap.LdapName]
2016-02-03 20:01:00,306 TRACE   main [org.springframework.beans.CachedIntrospectionResults] Found bean property 'baseLdapPath' of type [org.springframework.ldap.core.DistinguishedName]
2016-02-03 20:01:00,306 TRACE   main [org.springframework.beans.CachedIntrospectionResults] Found bean property 'baseLdapPathAsString' of type [java.lang.String]
2016-02-03 20:01:00,306 TRACE   main [org.springframework.beans.CachedIntrospectionResults] Found bean property 'cacheEnvironmentProperties' of type [boolean]
2016-02-03 20:01:00,307 TRACE   main [org.springframework.beans.CachedIntrospectionResults] Found bean property 'class' of type [java.lang.Class]
2016-02-03 20:01:00,307 TRACE   main [org.springframework.beans.CachedIntrospectionResults] Found bean property 'contextFactory' of type [java.lang.Class]
2016-02-03 20:01:00,308 TRACE   main [org.springframework.beans.CachedIntrospectionResults] Found bean property 'dirObjectFactory' of type [java.lang.Class]
2016-02-03 20:01:00,308 TRACE   main [org.springframework.beans.CachedIntrospectionResults] Found bean property 'password' of type [java.lang.String]
2016-02-03 20:01:00,308 TRACE   main [org.springframework.beans.CachedIntrospectionResults] Found bean property 'pooled' of type [boolean]
2016-02-03 20:01:00,308 TRACE   main [org.springframework.beans.CachedIntrospectionResults] Found bean property 'readOnlyContext' of type [javax.naming.directory.DirContext]
2016-02-03 20:01:00,308 TRACE   main [org.springframework.beans.CachedIntrospectionResults] Found bean property 'readWriteContext' of type [javax.naming.directory.DirContext]
2016-02-03 20:01:00,310 TRACE   main [org.springframework.beans.CachedIntrospectionResults] Found bean property 'referral' of type [java.lang.String]
2016-02-03 20:01:00,311 TRACE   main [org.springframework.beans.CachedIntrospectionResults] Found bean property 'url' of type [java.lang.String]
2016-02-03 20:01:00,312 TRACE   main [org.springframework.beans.CachedIntrospectionResults] Found bean property 'urls' of type [[Ljava.lang.String;]
2016-02-03 20:01:00,313 TRACE   main [org.springframework.beans.CachedIntrospectionResults] Found bean property 'userDn' of type [java.lang.String]
2016-02-03 20:01:00,322 DEBUG   main [org.springframework.beans.factory.support.DefaultListableBeanFactory] Creating instance of bean '(inner bean)#5f1c0ef'
2016-02-03 20:01:00,332 TRACE   main [org.springframework.beans.CachedIntrospectionResults] Getting BeanInfo for class [[Ljava.lang.String;]
2016-02-03 20:01:00,333 TRACE   main [org.springframework.beans.CachedIntrospectionResults] Caching PropertyDescriptors for class [[Ljava.lang.String;]
2016-02-03 20:01:00,334 TRACE   main [org.springframework.beans.CachedIntrospectionResults] Found bean property 'class' of type [java.lang.Class]
2016-02-03 20:01:00,335 DEBUG   main [org.springframework.beans.factory.support.DefaultListableBeanFactory] Finished creating instance of bean '(inner bean)#5f1c0ef'
2016-02-03 20:01:00,336 DEBUG   main [org.springframework.beans.factory.support.DefaultListableBeanFactory] Creating shared instance of singleton bean 'simpleDirContextAuthenticationStrategy'
2016-02-03 20:01:00,336 DEBUG   main [org.springframework.beans.factory.support.DefaultListableBeanFactory] Creating instance of bean 'simpleDirContextAuthenticationStrategy'
2016-02-03 20:01:00,337 DEBUG   main [org.springframework.beans.factory.support.DefaultListableBeanFactory] Eagerly caching bean 'simpleDirContextAuthenticationStrategy' to allow for resolving potential circular references
2016-02-03 20:01:00,337 TRACE   main [org.springframework.beans.CachedIntrospectionResults] Getting BeanInfo for class [org.springframework.ldap.core.support.SimpleDirContextAuthenticationStrategy]
2016-02-03 20:01:00,339 TRACE   main [org.springframework.beans.CachedIntrospectionResults] Caching PropertyDescriptors for class [org.springframework.ldap.core.support.SimpleDirContextAuthenticationStrategy]
2016-02-03 20:01:00,340 TRACE   main [org.springframework.beans.CachedIntrospectionResults] Found bean property 'class' of type [java.lang.Class]
2016-02-03 20:01:00,340 DEBUG   main [org.springframework.beans.factory.support.DefaultListableBeanFactory] Finished creating instance of bean 'simpleDirContextAuthenticationStrategy'
2016-02-03 20:01:00,343 DEBUG   main [org.springframework.beans.factory.support.DefaultListableBeanFactory] Invoking afterPropertiesSet() on bean with name '(inner bean)#5717e2b2'
2016-02-03 20:01:00,356 DEBUG   main [org.springframework.beans.factory.support.DefaultListableBeanFactory] Finished creating instance of bean '(inner bean)#5717e2b2'
2016-02-03 20:01:00,362 DEBUG   main [org.springframework.beans.factory.support.DefaultListableBeanFactory] Eagerly caching bean 'contextSource' to allow for resolving potential circular references
2016-02-03 20:01:00,362 TRACE   main [org.springframework.beans.CachedIntrospectionResults] Getting BeanInfo for class [org.springframework.ldap.transaction.compensating.manager.TransactionAwareContextSourceProxy]
2016-02-03 20:01:00,370 TRACE   main [org.springframework.beans.CachedIntrospectionResults] Caching PropertyDescriptors for class [org.springframework.ldap.transaction.compensating.manager.TransactionAwareContextSourceProxy]
2016-02-03 20:01:00,370 TRACE   main [org.springframework.beans.CachedIntrospectionResults] Found bean property 'baseLdapName' of type [javax.naming.ldap.LdapName]
2016-02-03 20:01:00,371 TRACE   main [org.springframework.beans.CachedIntrospectionResults] Found bean property 'baseLdapPath' of type [org.springframework.ldap.core.DistinguishedName]
2016-02-03 20:01:00,371 TRACE   main [org.springframework.beans.CachedIntrospectionResults] Found bean property 'baseLdapPathAsString' of type [java.lang.String]
2016-02-03 20:01:00,371 TRACE   main [org.springframework.beans.CachedIntrospectionResults] Found bean property 'class' of type [java.lang.Class]
2016-02-03 20:01:00,371 TRACE   main [org.springframework.beans.CachedIntrospectionResults] Found bean property 'readOnlyContext' of type [javax.naming.directory.DirContext]
2016-02-03 20:01:00,371 TRACE   main [org.springframework.beans.CachedIntrospectionResults] Found bean property 'readWriteContext' of type [javax.naming.directory.DirContext]
2016-02-03 20:01:00,372 TRACE   main [org.springframework.beans.CachedIntrospectionResults] Found bean property 'target' of type [org.springframework.ldap.core.ContextSource]
2016-02-03 20:01:00,372 DEBUG   main [org.springframework.beans.factory.support.DefaultListableBeanFactory] Finished creating instance of bean 'contextSource'
2016-02-03 20:01:00,374 DEBUG   main [org.springframework.beans.factory.support.DefaultListableBeanFactory] Invoking afterPropertiesSet() on bean with name 'ldapTemplate'
2016-02-03 20:01:00,380 DEBUG   main [org.springframework.beans.factory.support.DefaultListableBeanFactory] Finished creating instance of bean 'ldapTemplate'
2016-02-03 20:01:00,381 DEBUG   main [org.springframework.beans.factory.annotation.AutowiredAnnotationBeanPostProcessor] Autowiring by type from bean name 'userRepositoryImpl' to bean named 'ldapTemplate'
2016-02-03 20:01:00,384 DEBUG   main [org.springframework.beans.factory.support.DefaultListableBeanFactory] Finished creating instance of bean 'userRepositoryImpl'
2016-02-03 20:01:00,386 DEBUG   main [org.springframework.beans.factory.support.DefaultListableBeanFactory] Returning cached instance of singleton bean 'org.springframework.context.annotation.internalConfigurationAnnotationProcessor'
2016-02-03 20:01:00,387 DEBUG   main [org.springframework.beans.factory.support.DefaultListableBeanFactory] Returning cached instance of singleton bean 'org.springframework.context.annotation.internalAutowiredAnnotationProcessor'
2016-02-03 20:01:00,388 DEBUG   main [org.springframework.beans.factory.support.DefaultListableBeanFactory] Returning cached instance of singleton bean 'org.springframework.context.annotation.internalRequiredAnnotationProcessor'
2016-02-03 20:01:00,388 DEBUG   main [org.springframework.beans.factory.support.DefaultListableBeanFactory] Returning cached instance of singleton bean 'org.springframework.context.annotation.internalCommonAnnotationProcessor'
2016-02-03 20:01:00,389 DEBUG   main [org.springframework.beans.factory.support.DefaultListableBeanFactory] Returning cached instance of singleton bean 'simpleDirContextAuthenticationStrategy'
2016-02-03 20:01:00,389 DEBUG   main [org.springframework.beans.factory.support.DefaultListableBeanFactory] Creating shared instance of singleton bean 'userReposImpl'
2016-02-03 20:01:00,389 DEBUG   main [org.springframework.beans.factory.support.DefaultListableBeanFactory] Creating instance of bean 'userReposImpl'
2016-02-03 20:01:00,395 DEBUG   main [org.springframework.beans.factory.annotation.InjectionMetadata] Registered injected element on class [ldap.advance.example.UserRepositoryImpl]: AutowiredFieldElement for private org.springframework.ldap.core.LdapTemplate ldap.advance.example.UserRepositoryImpl.ldapTemplate
2016-02-03 20:01:00,395 DEBUG   main [org.springframework.beans.factory.support.DefaultListableBeanFactory] Eagerly caching bean 'userReposImpl' to allow for resolving potential circular references
2016-02-03 20:01:00,396 DEBUG   main [org.springframework.beans.factory.annotation.InjectionMetadata] Processing injected element of bean 'userReposImpl': AutowiredFieldElement for private org.springframework.ldap.core.LdapTemplate ldap.advance.example.UserRepositoryImpl.ldapTemplate
2016-02-03 20:01:00,397 DEBUG   main [org.springframework.beans.factory.support.DefaultListableBeanFactory] Returning cached instance of singleton bean 'ldapTemplate'
2016-02-03 20:01:00,397 DEBUG   main [org.springframework.beans.factory.annotation.AutowiredAnnotationBeanPostProcessor] Autowiring by type from bean name 'userReposImpl' to bean named 'ldapTemplate'
2016-02-03 20:01:00,397 DEBUG   main [org.springframework.beans.factory.support.DefaultListableBeanFactory] Finished creating instance of bean 'userReposImpl'
2016-02-03 20:01:00,397 DEBUG   main [org.springframework.beans.factory.support.DefaultListableBeanFactory] Returning cached instance of singleton bean 'contextSource'
2016-02-03 20:01:00,397 DEBUG   main [org.springframework.beans.factory.support.DefaultListableBeanFactory] Returning cached instance of singleton bean 'ldapTemplate'
2016-02-03 20:01:00,398 DEBUG   main [org.springframework.beans.factory.support.DefaultListableBeanFactory] Returning cached instance of singleton bean 'org.springframework.context.annotation.ConfigurationClassPostProcessor.importAwareProcessor'
2016-02-03 20:01:00,398 DEBUG   main [org.springframework.beans.factory.support.DefaultListableBeanFactory] Returning cached instance of singleton bean 'org.springframework.context.annotation.ConfigurationClassPostProcessor.enhancedConfigurationProcessor'
2016-02-03 20:01:00,400 DEBUG   main [org.springframework.context.support.ClassPathXmlApplicationContext] Unable to locate LifecycleProcessor with name 'lifecycleProcessor': using default [org.springframework.context.support.DefaultLifecycleProcessor@14f94672]
2016-02-03 20:01:00,401 DEBUG   main [org.springframework.beans.factory.support.DefaultListableBeanFactory] Returning cached instance of singleton bean 'lifecycleProcessor'
2016-02-03 20:01:00,401 TRACE   main [org.springframework.context.support.ClassPathXmlApplicationContext] Publishing event in org.springframework.context.support.ClassPathXmlApplicationContext@6ed6ee82: org.springframework.context.event.ContextRefreshedEvent[source=org.springframework.context.support.ClassPathXmlApplicationContext@6ed6ee82: startup date [Wed Feb 03 20:00:58 EST 2016]; root of context hierarchy]
2016-02-03 20:01:00,404 TRACE   main [org.springframework.core.env.PropertySourcesPropertyResolver] getProperty("spring.liveBeansView.mbeanDomain", String)
2016-02-03 20:01:00,405 DEBUG   main [org.springframework.core.env.PropertySourcesPropertyResolver] Searching for key 'spring.liveBeansView.mbeanDomain' in [systemProperties]
2016-02-03 20:01:00,406 DEBUG   main [org.springframework.core.env.PropertySourcesPropertyResolver] Searching for key 'spring.liveBeansView.mbeanDomain' in [systemEnvironment]
2016-02-03 20:01:00,406 DEBUG   main [org.springframework.core.env.PropertySourcesPropertyResolver] Could not find key 'spring.liveBeansView.mbeanDomain' in any property source. Returning [null]
2016-02-03 20:01:00,408 INFO   main [ldap.advance.example.test.LdapApp] Test started at Wed Feb 03 20:00:58 EST 2016
2016-02-03 20:01:00,408 DEBUG   main [org.springframework.beans.factory.support.DefaultListableBeanFactory] Returning cached instance of singleton bean 'userReposImpl'
2016-02-03 20:01:00,408 INFO   main [ldap.advance.example.UserRepositoryImpl] executing {createUser}
2016-02-03 20:07:58,783 DEBUG   main [org.springframework.core.env.StandardEnvironment] Adding [systemProperties] PropertySource with lowest search precedence
2016-02-03 20:07:58,792 DEBUG   main [org.springframework.core.env.StandardEnvironment] Adding [systemEnvironment] PropertySource with lowest search precedence
2016-02-03 20:07:58,792 DEBUG   main [org.springframework.core.env.StandardEnvironment] Initialized StandardEnvironment with PropertySources [systemProperties,systemEnvironment]
2016-02-03 20:07:58,797 INFO   main [org.springframework.context.support.ClassPathXmlApplicationContext] Refreshing org.springframework.context.support.ClassPathXmlApplicationContext@450faed3: startup date [Wed Feb 03 20:07:58 EST 2016]; root of context hierarchy
2016-02-03 20:07:58,860 DEBUG   main [org.springframework.core.env.StandardEnvironment] Adding [systemProperties] PropertySource with lowest search precedence
2016-02-03 20:07:58,860 DEBUG   main [org.springframework.core.env.StandardEnvironment] Adding [systemEnvironment] PropertySource with lowest search precedence
2016-02-03 20:07:58,861 DEBUG   main [org.springframework.core.env.StandardEnvironment] Initialized StandardEnvironment with PropertySources [systemProperties,systemEnvironment]
2016-02-03 20:07:58,875 INFO   main [org.springframework.beans.factory.xml.XmlBeanDefinitionReader] Loading XML bean definitions from class path resource [spring-ldap-example.xml]
2016-02-03 20:07:58,879 DEBUG   main [org.springframework.beans.factory.xml.DefaultDocumentLoader] Using JAXP provider [com.sun.org.apache.xerces.internal.jaxp.DocumentBuilderFactoryImpl]
2016-02-03 20:07:58,928 TRACE   main [org.springframework.beans.factory.xml.PluggableSchemaResolver] Trying to resolve XML entity with public id [null] and system id [http://www.springframework.org/schema/beans/spring-beans.xsd]
2016-02-03 20:07:58,928 DEBUG   main [org.springframework.beans.factory.xml.PluggableSchemaResolver] Loading schema mappings from [META-INF/spring.schemas]
2016-02-03 20:07:58,960 DEBUG   main [org.springframework.beans.factory.xml.PluggableSchemaResolver] Loaded schema mappings: {http://www.springframework.org/schema/tx/spring-tx-2.5.xsd=org/springframework/transaction/config/spring-tx-2.5.xsd, http://www.springframework.org/schema/cache/spring-cache-4.2.xsd=org/springframework/cache/config/spring-cache-4.2.xsd, http://www.springframework.org/schema/aop/spring-aop-4.1.xsd=org/springframework/aop/config/spring-aop-4.1.xsd, http://www.springframework.org/schema/context/spring-context-3.1.xsd=org/springframework/context/config/spring-context-3.1.xsd, http://www.springframework.org/schema/data/repository/spring-repository-1.4.xsd=org/springframework/data/repository/config/spring-repository-1.4.xsd, http://www.springframework.org/schema/util/spring-util-3.0.xsd=org/springframework/beans/factory/xml/spring-util-3.0.xsd, http://www.springframework.org/schema/tool/spring-tool.xsd=org/springframework/beans/factory/xml/spring-tool-4.2.xsd, http://www.springframework.org/schema/aop/spring-aop-3.2.xsd=org/springframework/aop/config/spring-aop-3.2.xsd, http://www.springframework.org/schema/lang/spring-lang-4.1.xsd=org/springframework/scripting/config/spring-lang-4.1.xsd, http://www.springframework.org/schema/context/spring-context-4.0.xsd=org/springframework/context/config/spring-context-4.0.xsd, http://www.springframework.org/schema/beans/spring-beans-4.2.xsd=org/springframework/beans/factory/xml/spring-beans-4.2.xsd, http://www.springframework.org/schema/tool/spring-tool-4.1.xsd=org/springframework/beans/factory/xml/spring-tool-4.1.xsd, http://www.springframework.org/schema/lang/spring-lang-3.2.xsd=org/springframework/scripting/config/spring-lang-3.2.xsd, http://www.springframework.org/schema/cache/spring-cache-3.2.xsd=org/springframework/cache/config/spring-cache-3.2.xsd, http://www.springframework.org/schema/jee/spring-jee-4.1.xsd=org/springframework/ejb/config/spring-jee-4.1.xsd, http://www.springframework.org/schema/task/spring-task-4.2.xsd=org/springframework/scheduling/config/spring-task-4.2.xsd, http://www.springframework.org/schema/util/spring-util-2.0.xsd=org/springframework/beans/factory/xml/spring-util-2.0.xsd, http://www.springframework.org/schema/tool/spring-tool-3.2.xsd=org/springframework/beans/factory/xml/spring-tool-3.2.xsd, http://www.springframework.org/schema/context/spring-context.xsd=org/springframework/context/config/spring-context-4.2.xsd, http://www.springframework.org/schema/tx/spring-tx-4.2.xsd=org/springframework/transaction/config/spring-tx-4.2.xsd, http://www.springframework.org/schema/cache/spring-cache-4.1.xsd=org/springframework/cache/config/spring-cache-4.1.xsd, http://www.springframework.org/schema/aop/spring-aop-4.0.xsd=org/springframework/aop/config/spring-aop-4.0.xsd, http://www.springframework.org/schema/jee/spring-jee-3.2.xsd=org/springframework/ejb/config/spring-jee-3.2.xsd, http://www.springframework.org/schema/context/spring-context-3.0.xsd=org/springframework/context/config/spring-context-3.0.xsd, http://www.springframework.org/schema/util/spring-util-2.5.xsd=org/springframework/beans/factory/xml/spring-util-2.5.xsd, http://www.springframework.org/schema/beans/spring-beans-3.2.xsd=org/springframework/beans/factory/xml/spring-beans-3.2.xsd, http://www.springframework.org/schema/aop/spring-aop-3.1.xsd=org/springframework/aop/config/spring-aop-3.1.xsd, http://www.springframework.org/schema/ldap/spring-ldap-2.0.xsd=org/springframework/ldap/config/spring-ldap-2.0.xsd, http://www.springframework.org/schema/lang/spring-lang-4.0.xsd=org/springframework/scripting/config/spring-lang-4.0.xsd, http://www.springframework.org/schema/beans/spring-beans-4.1.xsd=org/springframework/beans/factory/xml/spring-beans-4.1.xsd, http://www.springframework.org/schema/tool/spring-tool-4.0.xsd=org/springframework/beans/factory/xml/spring-tool-4.0.xsd, http://www.springframework.org/schema/tx/spring-tx-3.2.xsd=org/springframework/transaction/config/spring-tx-3.2.xsd, http://www.springframework.org/schema/lang/spring-lang-3.1.xsd=org/springframework/scripting/config/spring-lang-3.1.xsd, http://www.springframework.org/schema/cache/spring-cache-3.1.xsd=org/springframework/cache/config/spring-cache-3.1.xsd, http://www.springframework.org/schema/jee/spring-jee-4.0.xsd=org/springframework/ejb/config/spring-jee-4.0.xsd, http://www.springframework.org/schema/task/spring-task-4.1.xsd=org/springframework/scheduling/config/spring-task-4.1.xsd, http://www.springframework.org/schema/tool/spring-tool-3.1.xsd=org/springframework/beans/factory/xml/spring-tool-3.1.xsd, http://www.springframework.org/schema/tx/spring-tx-4.1.xsd=org/springframework/transaction/config/spring-tx-4.1.xsd, http://www.springframework.org/schema/cache/spring-cache-4.0.xsd=org/springframework/cache/config/spring-cache-4.0.xsd, http://www.springframework.org/schema/jee/spring-jee-3.1.xsd=org/springframework/ejb/config/spring-jee-3.1.xsd, http://www.springframework.org/schema/task/spring-task-3.2.xsd=org/springframework/scheduling/config/spring-task-3.2.xsd, http://www.springframework.org/schema/util/spring-util-4.2.xsd=org/springframework/beans/factory/xml/spring-util-4.2.xsd, http://www.springframework.org/schema/beans/spring-beans-3.1.xsd=org/springframework/beans/factory/xml/spring-beans-3.1.xsd, http://www.springframework.org/schema/util/spring-util.xsd=org/springframework/beans/factory/xml/spring-util-4.2.xsd, http://www.springframework.org/schema/aop/spring-aop-3.0.xsd=org/springframework/aop/config/spring-aop-3.0.xsd, http://www.springframework.org/schema/data/repository/spring-repository.xsd=org/springframework/data/repository/config/spring-repository-1.7.xsd, http://www.springframework.org/schema/data/repository/spring-repository-1.7.xsd=org/springframework/data/repository/config/spring-repository-1.7.xsd, http://www.springframework.org/schema/ldap/spring-ldap.xsd=org/springframework/ldap/config/spring-ldap-2.0.xsd, http://www.springframework.org/schema/beans/spring-beans-4.0.xsd=org/springframework/beans/factory/xml/spring-beans-4.0.xsd, http://www.springframework.org/schema/beans/spring-beans.xsd=org/springframework/beans/factory/xml/spring-beans-4.2.xsd, http://www.springframework.org/schema/tx/spring-tx-3.1.xsd=org/springframework/transaction/config/spring-tx-3.1.xsd, http://www.springframework.org/schema/lang/spring-lang-3.0.xsd=org/springframework/scripting/config/spring-lang-3.0.xsd, http://www.springframework.org/schema/context/spring-context-2.5.xsd=org/springframework/context/config/spring-context-2.5.xsd, http://www.springframework.org/schema/task/spring-task-4.0.xsd=org/springframework/scheduling/config/spring-task-4.0.xsd, http://www.springframework.org/schema/tool/spring-tool-3.0.xsd=org/springframework/beans/factory/xml/spring-tool-3.0.xsd, http://www.springframework.org/schema/tx/spring-tx-4.0.xsd=org/springframework/transaction/config/spring-tx-4.0.xsd, http://www.springframework.org/schema/aop/spring-aop-2.0.xsd=org/springframework/aop/config/spring-aop-2.0.xsd, http://www.springframework.org/schema/jee/spring-jee-3.0.xsd=org/springframework/ejb/config/spring-jee-3.0.xsd, http://www.springframework.org/schema/util/spring-util-4.1.xsd=org/springframework/beans/factory/xml/spring-util-4.1.xsd, http://www.springframework.org/schema/task/spring-task-3.1.xsd=org/springframework/scheduling/config/spring-task-3.1.xsd, http://www.springframework.org/schema/beans/spring-beans-3.0.xsd=org/springframework/beans/factory/xml/spring-beans-3.0.xsd, http://www.springframework.org/schema/jee/spring-jee.xsd=org/springframework/ejb/config/spring-jee-4.2.xsd, http://www.springframework.org/schema/aop/spring-aop-2.5.xsd=org/springframework/aop/config/spring-aop-2.5.xsd, http://www.springframework.org/schema/lang/spring-lang-2.0.xsd=org/springframework/scripting/config/spring-lang-2.0.xsd, http://www.springframework.org/schema/data/repository/spring-repository-1.6.xsd=org/springframework/data/repository/config/spring-repository-1.6.xsd, http://www.springframework.org/schema/util/spring-util-3.2.xsd=org/springframework/beans/factory/xml/spring-util-3.2.xsd, http://www.springframework.org/schema/task/spring-task.xsd=org/springframework/scheduling/config/spring-task-4.2.xsd, http://www.springframework.org/schema/tool/spring-tool-2.0.xsd=org/springframework/beans/factory/xml/spring-tool-2.0.xsd, http://www.springframework.org/schema/tx/spring-tx-3.0.xsd=org/springframework/transaction/config/spring-tx-3.0.xsd, http://www.springframework.org/schema/lang/spring-lang-2.5.xsd=org/springframework/scripting/config/spring-lang-2.5.xsd, http://www.springframework.org/schema/context/spring-context-4.2.xsd=org/springframework/context/config/spring-context-4.2.xsd, http://www.springframework.org/schema/jee/spring-jee-2.0.xsd=org/springframework/ejb/config/spring-jee-2.0.xsd, http://www.springframework.org/schema/tool/spring-tool-2.5.xsd=org/springframework/beans/factory/xml/spring-tool-2.5.xsd, http://www.springframework.org/schema/jee/spring-jee-2.5.xsd=org/springframework/ejb/config/spring-jee-2.5.xsd, http://www.springframework.org/schema/data/repository/spring-repository-1.0.xsd=org/springframework/data/repository/config/spring-repository-1.0.xsd, http://www.springframework.org/schema/util/spring-util-4.0.xsd=org/springframework/beans/factory/xml/spring-util-4.0.xsd, http://www.springframework.org/schema/task/spring-task-3.0.xsd=org/springframework/scheduling/config/spring-task-3.0.xsd, http://www.springframework.org/schema/aop/spring-aop-4.2.xsd=org/springframework/aop/config/spring-aop-4.2.xsd, http://www.springframework.org/schema/lang/spring-lang.xsd=org/springframework/scripting/config/spring-lang-4.2.xsd, http://www.springframework.org/schema/context/spring-context-3.2.xsd=org/springframework/context/config/spring-context-3.2.xsd, http://www.springframework.org/schema/data/repository/spring-repository-1.5.xsd=org/springframework/data/repository/config/spring-repository-1.5.xsd, http://www.springframework.org/schema/util/spring-util-3.1.xsd=org/springframework/beans/factory/xml/spring-util-3.1.xsd, http://www.springframework.org/schema/beans/spring-beans-2.0.xsd=org/springframework/beans/factory/xml/spring-beans-2.0.xsd, http://www.springframework.org/schema/cache/spring-cache.xsd=org/springframework/cache/config/spring-cache-4.2.xsd, http://www.springframework.org/schema/tx/spring-tx.xsd=org/springframework/transaction/config/spring-tx-4.2.xsd, http://www.springframework.org/schema/lang/spring-lang-4.2.xsd=org/springframework/scripting/config/spring-lang-4.2.xsd, http://www.springframework.org/schema/context/spring-context-4.1.xsd=org/springframework/context/config/spring-context-4.1.xsd, http://www.springframework.org/schema/beans/spring-beans-2.5.xsd=org/springframework/beans/factory/xml/spring-beans-2.5.xsd, http://www.springframework.org/schema/tool/spring-tool-4.2.xsd=org/springframework/beans/factory/xml/spring-tool-4.2.xsd, http://www.springframework.org/schema/tx/spring-tx-2.0.xsd=org/springframework/transaction/config/spring-tx-2.0.xsd, http://www.springframework.org/schema/jee/spring-jee-4.2.xsd=org/springframework/ejb/config/spring-jee-4.2.xsd, http://www.springframework.org/schema/aop/spring-aop.xsd=org/springframework/aop/config/spring-aop-4.2.xsd}
2016-02-03 20:07:58,964 DEBUG   main [org.springframework.beans.factory.xml.PluggableSchemaResolver] Found XML schema [http://www.springframework.org/schema/beans/spring-beans.xsd] in classpath: org/springframework/beans/factory/xml/spring-beans-4.2.xsd
2016-02-03 20:07:59,107 TRACE   main [org.springframework.beans.factory.xml.PluggableSchemaResolver] Trying to resolve XML entity with public id [null] and system id [http://www.springframework.org/schema/context/spring-context.xsd]
2016-02-03 20:07:59,109 DEBUG   main [org.springframework.beans.factory.xml.PluggableSchemaResolver] Found XML schema [http://www.springframework.org/schema/context/spring-context.xsd] in classpath: org/springframework/context/config/spring-context-4.2.xsd
2016-02-03 20:07:59,134 TRACE   main [org.springframework.beans.factory.xml.PluggableSchemaResolver] Trying to resolve XML entity with public id [null] and system id [http://www.springframework.org/schema/tool/spring-tool-4.2.xsd]
2016-02-03 20:07:59,135 DEBUG   main [org.springframework.beans.factory.xml.PluggableSchemaResolver] Found XML schema [http://www.springframework.org/schema/tool/spring-tool-4.2.xsd] in classpath: org/springframework/beans/factory/xml/spring-tool-4.2.xsd
2016-02-03 20:07:59,152 TRACE   main [org.springframework.beans.factory.xml.PluggableSchemaResolver] Trying to resolve XML entity with public id [null] and system id [http://www.springframework.org/schema/ldap/spring-ldap.xsd]
2016-02-03 20:07:59,153 DEBUG   main [org.springframework.beans.factory.xml.PluggableSchemaResolver] Found XML schema [http://www.springframework.org/schema/ldap/spring-ldap.xsd] in classpath: org/springframework/ldap/config/spring-ldap-2.0.xsd
2016-02-03 20:07:59,180 TRACE   main [org.springframework.beans.factory.xml.PluggableSchemaResolver] Trying to resolve XML entity with public id [null] and system id [http://www.springframework.org/schema/data/repository/spring-repository.xsd]
2016-02-03 20:07:59,181 DEBUG   main [org.springframework.beans.factory.xml.PluggableSchemaResolver] Found XML schema [http://www.springframework.org/schema/data/repository/spring-repository.xsd] in classpath: org/springframework/data/repository/config/spring-repository-1.7.xsd
2016-02-03 20:07:59,222 DEBUG   main [org.springframework.beans.factory.xml.DefaultBeanDefinitionDocumentReader] Loading bean definitions
2016-02-03 20:07:59,258 DEBUG   main [org.springframework.beans.factory.xml.DefaultNamespaceHandlerResolver] Loaded NamespaceHandler mappings: {http://www.springframework.org/schema/p=org.springframework.beans.factory.xml.SimplePropertyNamespaceHandler, http://www.springframework.org/schema/util=org.springframework.beans.factory.xml.UtilNamespaceHandler, http://www.springframework.org/schema/jee=org.springframework.ejb.config.JeeNamespaceHandler, http://www.springframework.org/schema/aop=org.springframework.aop.config.AopNamespaceHandler, http://www.springframework.org/schema/data/repository=org.springframework.data.repository.config.RepositoryNameSpaceHandler, http://www.springframework.org/schema/cache=org.springframework.cache.config.CacheNamespaceHandler, http://www.springframework.org/schema/c=org.springframework.beans.factory.xml.SimpleConstructorNamespaceHandler, http://www.springframework.org/schema/ldap=org.springframework.ldap.config.LdapNamespaceHandler, http://www.springframework.org/schema/tx=org.springframework.transaction.config.TxNamespaceHandler, http://www.springframework.org/schema/task=org.springframework.scheduling.config.TaskNamespaceHandler, http://www.springframework.org/schema/lang=org.springframework.scripting.config.LangNamespaceHandler, http://www.springframework.org/schema/context=org.springframework.context.config.ContextNamespaceHandler}
2016-02-03 20:07:59,457 DEBUG   main [org.springframework.core.env.StandardEnvironment] Adding [systemProperties] PropertySource with lowest search precedence
2016-02-03 20:07:59,458 DEBUG   main [org.springframework.core.env.StandardEnvironment] Adding [systemEnvironment] PropertySource with lowest search precedence
2016-02-03 20:07:59,458 DEBUG   main [org.springframework.core.env.StandardEnvironment] Initialized StandardEnvironment with PropertySources [systemProperties,systemEnvironment]
2016-02-03 20:07:59,548 DEBUG   main [org.springframework.core.io.support.PathMatchingResourcePatternResolver] Looking for matching resources in directory tree [C:\Eclipse\workspace\spring-ldap-example\bin\ldap\advance\example]
2016-02-03 20:07:59,549 DEBUG   main [org.springframework.core.io.support.PathMatchingResourcePatternResolver] Searching directory [C:\Eclipse\workspace\spring-ldap-example\bin\ldap\advance\example] for files matching pattern [C:/Eclipse/workspace/spring-ldap-example/bin/ldap/advance/example/**/*.class]
2016-02-03 20:07:59,554 DEBUG   main [org.springframework.core.io.support.PathMatchingResourcePatternResolver] Searching directory [C:\Eclipse\workspace\spring-ldap-example\bin\ldap\advance\example\test] for files matching pattern [C:/Eclipse/workspace/spring-ldap-example/bin/ldap/advance/example/**/*.class]
2016-02-03 20:07:59,560 DEBUG   main [org.springframework.core.io.support.PathMatchingResourcePatternResolver] Resolved location pattern [classpath*:ldap/advance/example/**/*.class] to resources [file [C:\Eclipse\workspace\spring-ldap-example\bin\ldap\advance\example\test\LdapApp.class], file [C:\Eclipse\workspace\spring-ldap-example\bin\ldap\advance\example\User.class], file [C:\Eclipse\workspace\spring-ldap-example\bin\ldap\advance\example\UserRepositoryImpl$MultipleAttributesMapper.class], file [C:\Eclipse\workspace\spring-ldap-example\bin\ldap\advance\example\UserRepositoryImpl$SingleAttributesMapper.class], file [C:\Eclipse\workspace\spring-ldap-example\bin\ldap\advance\example\UserRepositoryImpl$UserAttributesMapper.class], file [C:\Eclipse\workspace\spring-ldap-example\bin\ldap\advance\example\UserRepositoryImpl.class], file [C:\Eclipse\workspace\spring-ldap-example\bin\ldap\advance\example\UserRepositoryIntf.class]]
2016-02-03 20:07:59,560 TRACE   main [org.springframework.context.annotation.ClassPathBeanDefinitionScanner] Scanning file [C:\Eclipse\workspace\spring-ldap-example\bin\ldap\advance\example\test\LdapApp.class]
2016-02-03 20:07:59,666 TRACE   main [org.springframework.context.annotation.ClassPathBeanDefinitionScanner] Ignored because not matching any filter: file [C:\Eclipse\workspace\spring-ldap-example\bin\ldap\advance\example\test\LdapApp.class]
2016-02-03 20:07:59,668 TRACE   main [org.springframework.context.annotation.ClassPathBeanDefinitionScanner] Scanning file [C:\Eclipse\workspace\spring-ldap-example\bin\ldap\advance\example\User.class]
2016-02-03 20:07:59,670 TRACE   main [org.springframework.context.annotation.ClassPathBeanDefinitionScanner] Ignored because not matching any filter: file [C:\Eclipse\workspace\spring-ldap-example\bin\ldap\advance\example\User.class]
2016-02-03 20:07:59,670 TRACE   main [org.springframework.context.annotation.ClassPathBeanDefinitionScanner] Scanning file [C:\Eclipse\workspace\spring-ldap-example\bin\ldap\advance\example\UserRepositoryImpl$MultipleAttributesMapper.class]
2016-02-03 20:07:59,672 TRACE   main [org.springframework.context.annotation.ClassPathBeanDefinitionScanner] Ignored because not matching any filter: file [C:\Eclipse\workspace\spring-ldap-example\bin\ldap\advance\example\UserRepositoryImpl$MultipleAttributesMapper.class]
2016-02-03 20:07:59,672 TRACE   main [org.springframework.context.annotation.ClassPathBeanDefinitionScanner] Scanning file [C:\Eclipse\workspace\spring-ldap-example\bin\ldap\advance\example\UserRepositoryImpl$SingleAttributesMapper.class]
2016-02-03 20:07:59,673 TRACE   main [org.springframework.context.annotation.ClassPathBeanDefinitionScanner] Ignored because not matching any filter: file [C:\Eclipse\workspace\spring-ldap-example\bin\ldap\advance\example\UserRepositoryImpl$SingleAttributesMapper.class]
2016-02-03 20:07:59,674 TRACE   main [org.springframework.context.annotation.ClassPathBeanDefinitionScanner] Scanning file [C:\Eclipse\workspace\spring-ldap-example\bin\ldap\advance\example\UserRepositoryImpl$UserAttributesMapper.class]
2016-02-03 20:07:59,677 TRACE   main [org.springframework.context.annotation.ClassPathBeanDefinitionScanner] Ignored because not matching any filter: file [C:\Eclipse\workspace\spring-ldap-example\bin\ldap\advance\example\UserRepositoryImpl$UserAttributesMapper.class]
2016-02-03 20:07:59,678 TRACE   main [org.springframework.context.annotation.ClassPathBeanDefinitionScanner] Scanning file [C:\Eclipse\workspace\spring-ldap-example\bin\ldap\advance\example\UserRepositoryImpl.class]
2016-02-03 20:07:59,763 DEBUG   main [org.springframework.context.annotation.ClassPathBeanDefinitionScanner] Identified candidate component class: file [C:\Eclipse\workspace\spring-ldap-example\bin\ldap\advance\example\UserRepositoryImpl.class]
2016-02-03 20:07:59,763 TRACE   main [org.springframework.context.annotation.ClassPathBeanDefinitionScanner] Scanning file [C:\Eclipse\workspace\spring-ldap-example\bin\ldap\advance\example\UserRepositoryIntf.class]
2016-02-03 20:07:59,765 TRACE   main [org.springframework.context.annotation.ClassPathBeanDefinitionScanner] Ignored because not matching any filter: file [C:\Eclipse\workspace\spring-ldap-example\bin\ldap\advance\example\UserRepositoryIntf.class]
2016-02-03 20:08:00,107 DEBUG   main [org.springframework.beans.factory.xml.XmlBeanDefinitionReader] Loaded 9 bean definitions from location pattern [spring-ldap-example.xml]
2016-02-03 20:08:00,111 DEBUG   main [org.springframework.context.support.ClassPathXmlApplicationContext] Bean factory for org.springframework.context.support.ClassPathXmlApplicationContext@450faed3: org.springframework.beans.factory.support.DefaultListableBeanFactory@56a45c4: defining beans [userRepositoryImpl,org.springframework.context.annotation.internalConfigurationAnnotationProcessor,org.springframework.context.annotation.internalAutowiredAnnotationProcessor,org.springframework.context.annotation.internalRequiredAnnotationProcessor,org.springframework.context.annotation.internalCommonAnnotationProcessor,simpleDirContextAuthenticationStrategy,userReposImpl,contextSource,ldapTemplate]; root of factory hierarchy
2016-02-03 20:08:00,174 DEBUG   main [org.springframework.beans.factory.support.DefaultListableBeanFactory] Creating shared instance of singleton bean 'org.springframework.context.annotation.internalConfigurationAnnotationProcessor'
2016-02-03 20:08:00,174 DEBUG   main [org.springframework.beans.factory.support.DefaultListableBeanFactory] Creating instance of bean 'org.springframework.context.annotation.internalConfigurationAnnotationProcessor'
2016-02-03 20:08:00,214 DEBUG   main [org.springframework.beans.factory.support.DefaultListableBeanFactory] Eagerly caching bean 'org.springframework.context.annotation.internalConfigurationAnnotationProcessor' to allow for resolving potential circular references
2016-02-03 20:08:00,226 DEBUG   main [org.springframework.beans.factory.support.DefaultListableBeanFactory] Finished creating instance of bean 'org.springframework.context.annotation.internalConfigurationAnnotationProcessor'
2016-02-03 20:08:00,327 DEBUG   main [org.springframework.beans.factory.support.DefaultListableBeanFactory] Creating shared instance of singleton bean 'org.springframework.context.annotation.internalAutowiredAnnotationProcessor'
2016-02-03 20:08:00,327 DEBUG   main [org.springframework.beans.factory.support.DefaultListableBeanFactory] Creating instance of bean 'org.springframework.context.annotation.internalAutowiredAnnotationProcessor'
2016-02-03 20:08:00,328 DEBUG   main [org.springframework.beans.factory.support.DefaultListableBeanFactory] Eagerly caching bean 'org.springframework.context.annotation.internalAutowiredAnnotationProcessor' to allow for resolving potential circular references
2016-02-03 20:08:00,329 DEBUG   main [org.springframework.beans.factory.support.DefaultListableBeanFactory] Finished creating instance of bean 'org.springframework.context.annotation.internalAutowiredAnnotationProcessor'
2016-02-03 20:08:00,329 DEBUG   main [org.springframework.beans.factory.support.DefaultListableBeanFactory] Creating shared instance of singleton bean 'org.springframework.context.annotation.internalRequiredAnnotationProcessor'
2016-02-03 20:08:00,329 DEBUG   main [org.springframework.beans.factory.support.DefaultListableBeanFactory] Creating instance of bean 'org.springframework.context.annotation.internalRequiredAnnotationProcessor'
2016-02-03 20:08:00,330 DEBUG   main [org.springframework.beans.factory.support.DefaultListableBeanFactory] Eagerly caching bean 'org.springframework.context.annotation.internalRequiredAnnotationProcessor' to allow for resolving potential circular references
2016-02-03 20:08:00,330 DEBUG   main [org.springframework.beans.factory.support.DefaultListableBeanFactory] Finished creating instance of bean 'org.springframework.context.annotation.internalRequiredAnnotationProcessor'
2016-02-03 20:08:00,331 DEBUG   main [org.springframework.beans.factory.support.DefaultListableBeanFactory] Creating shared instance of singleton bean 'org.springframework.context.annotation.internalCommonAnnotationProcessor'
2016-02-03 20:08:00,331 DEBUG   main [org.springframework.beans.factory.support.DefaultListableBeanFactory] Creating instance of bean 'org.springframework.context.annotation.internalCommonAnnotationProcessor'
2016-02-03 20:08:00,347 DEBUG   main [org.springframework.beans.factory.support.DefaultListableBeanFactory] Eagerly caching bean 'org.springframework.context.annotation.internalCommonAnnotationProcessor' to allow for resolving potential circular references
2016-02-03 20:08:00,347 DEBUG   main [org.springframework.beans.factory.support.DefaultListableBeanFactory] Finished creating instance of bean 'org.springframework.context.annotation.internalCommonAnnotationProcessor'
2016-02-03 20:08:00,347 DEBUG   main [org.springframework.beans.factory.support.DefaultListableBeanFactory] Creating shared instance of singleton bean 'org.springframework.context.annotation.ConfigurationClassPostProcessor.importAwareProcessor'
2016-02-03 20:08:00,348 DEBUG   main [org.springframework.beans.factory.support.DefaultListableBeanFactory] Creating instance of bean 'org.springframework.context.annotation.ConfigurationClassPostProcessor.importAwareProcessor'
2016-02-03 20:08:00,348 DEBUG   main [org.springframework.beans.factory.support.DefaultListableBeanFactory] Eagerly caching bean 'org.springframework.context.annotation.ConfigurationClassPostProcessor.importAwareProcessor' to allow for resolving potential circular references
2016-02-03 20:08:00,348 DEBUG   main [org.springframework.beans.factory.support.DefaultListableBeanFactory] Finished creating instance of bean 'org.springframework.context.annotation.ConfigurationClassPostProcessor.importAwareProcessor'
2016-02-03 20:08:00,348 DEBUG   main [org.springframework.beans.factory.support.DefaultListableBeanFactory] Creating shared instance of singleton bean 'org.springframework.context.annotation.ConfigurationClassPostProcessor.enhancedConfigurationProcessor'
2016-02-03 20:08:00,348 DEBUG   main [org.springframework.beans.factory.support.DefaultListableBeanFactory] Creating instance of bean 'org.springframework.context.annotation.ConfigurationClassPostProcessor.enhancedConfigurationProcessor'
2016-02-03 20:08:00,348 DEBUG   main [org.springframework.beans.factory.support.DefaultListableBeanFactory] Eagerly caching bean 'org.springframework.context.annotation.ConfigurationClassPostProcessor.enhancedConfigurationProcessor' to allow for resolving potential circular references
2016-02-03 20:08:00,349 DEBUG   main [org.springframework.beans.factory.support.DefaultListableBeanFactory] Finished creating instance of bean 'org.springframework.context.annotation.ConfigurationClassPostProcessor.enhancedConfigurationProcessor'
2016-02-03 20:08:00,356 DEBUG   main [org.springframework.context.support.ClassPathXmlApplicationContext] Unable to locate MessageSource with name 'messageSource': using default [org.springframework.context.support.DelegatingMessageSource@190bf402]
2016-02-03 20:08:00,360 DEBUG   main [org.springframework.context.support.ClassPathXmlApplicationContext] Unable to locate ApplicationEventMulticaster with name 'applicationEventMulticaster': using default [org.springframework.context.event.SimpleApplicationEventMulticaster@1b2090ab]
2016-02-03 20:08:00,362 DEBUG   main [org.springframework.beans.factory.support.DefaultListableBeanFactory] Pre-instantiating singletons in org.springframework.beans.factory.support.DefaultListableBeanFactory@56a45c4: defining beans [userRepositoryImpl,org.springframework.context.annotation.internalConfigurationAnnotationProcessor,org.springframework.context.annotation.internalAutowiredAnnotationProcessor,org.springframework.context.annotation.internalRequiredAnnotationProcessor,org.springframework.context.annotation.internalCommonAnnotationProcessor,simpleDirContextAuthenticationStrategy,userReposImpl,contextSource,ldapTemplate,org.springframework.context.annotation.ConfigurationClassPostProcessor.importAwareProcessor,org.springframework.context.annotation.ConfigurationClassPostProcessor.enhancedConfigurationProcessor]; root of factory hierarchy
2016-02-03 20:08:00,362 DEBUG   main [org.springframework.beans.factory.support.DefaultListableBeanFactory] Creating shared instance of singleton bean 'userRepositoryImpl'
2016-02-03 20:08:00,362 DEBUG   main [org.springframework.beans.factory.support.DefaultListableBeanFactory] Creating instance of bean 'userRepositoryImpl'
2016-02-03 20:08:00,424 DEBUG   main [org.springframework.beans.factory.annotation.InjectionMetadata] Registered injected element on class [ldap.advance.example.UserRepositoryImpl]: AutowiredFieldElement for private org.springframework.ldap.core.LdapTemplate ldap.advance.example.UserRepositoryImpl.ldapTemplate
2016-02-03 20:08:00,424 DEBUG   main [org.springframework.beans.factory.support.DefaultListableBeanFactory] Eagerly caching bean 'userRepositoryImpl' to allow for resolving potential circular references
2016-02-03 20:08:00,431 TRACE   main [org.springframework.core.io.support.SpringFactoriesLoader] Loaded [org.springframework.beans.BeanInfoFactory] names: [org.springframework.beans.ExtendedBeanInfoFactory]
2016-02-03 20:08:00,433 TRACE   main [org.springframework.beans.CachedIntrospectionResults] Getting BeanInfo for class [ldap.advance.example.UserRepositoryImpl]
2016-02-03 20:08:00,460 TRACE   main [org.springframework.beans.CachedIntrospectionResults] Caching PropertyDescriptors for class [ldap.advance.example.UserRepositoryImpl]
2016-02-03 20:08:00,460 TRACE   main [org.springframework.beans.CachedIntrospectionResults] Found bean property 'allUserNames' of type [java.util.List]
2016-02-03 20:08:00,471 TRACE   main [org.springframework.beans.CachedIntrospectionResults] Found bean property 'allUsers' of type [java.util.List]
2016-02-03 20:08:00,472 TRACE   main [org.springframework.beans.CachedIntrospectionResults] Found bean property 'class' of type [java.lang.Class]
2016-02-03 20:08:00,480 DEBUG   main [org.springframework.beans.factory.annotation.InjectionMetadata] Processing injected element of bean 'userRepositoryImpl': AutowiredFieldElement for private org.springframework.ldap.core.LdapTemplate ldap.advance.example.UserRepositoryImpl.ldapTemplate
2016-02-03 20:08:00,520 DEBUG   main [org.springframework.beans.factory.support.DefaultListableBeanFactory] Creating shared instance of singleton bean 'ldapTemplate'
2016-02-03 20:08:00,520 DEBUG   main [org.springframework.beans.factory.support.DefaultListableBeanFactory] Creating instance of bean 'ldapTemplate'
2016-02-03 20:08:00,557 DEBUG   main [org.springframework.beans.factory.support.DefaultListableBeanFactory] Eagerly caching bean 'ldapTemplate' to allow for resolving potential circular references
2016-02-03 20:08:00,557 TRACE   main [org.springframework.beans.CachedIntrospectionResults] Getting BeanInfo for class [org.springframework.ldap.core.LdapTemplate]
2016-02-03 20:08:00,599 TRACE   main [org.springframework.beans.CachedIntrospectionResults] Caching PropertyDescriptors for class [org.springframework.ldap.core.LdapTemplate]
2016-02-03 20:08:00,599 TRACE   main [org.springframework.beans.CachedIntrospectionResults] Found bean property 'class' of type [java.lang.Class]
2016-02-03 20:08:00,612 TRACE   main [org.springframework.beans.CachedIntrospectionResults] Found bean property 'contextSource' of type [org.springframework.ldap.core.ContextSource]
2016-02-03 20:08:00,612 TRACE   main [org.springframework.beans.CachedIntrospectionResults] Found bean property 'defaultCountLimit' of type [int]
2016-02-03 20:08:00,612 TRACE   main [org.springframework.beans.CachedIntrospectionResults] Found bean property 'defaultSearchScope' of type [int]
2016-02-03 20:08:00,613 TRACE   main [org.springframework.beans.CachedIntrospectionResults] Found bean property 'defaultTimeLimit' of type [int]
2016-02-03 20:08:00,613 TRACE   main [org.springframework.beans.CachedIntrospectionResults] Found bean property 'ignoreNameNotFoundException' of type [boolean]
2016-02-03 20:08:00,613 TRACE   main [org.springframework.beans.CachedIntrospectionResults] Found bean property 'ignorePartialResultException' of type [boolean]
2016-02-03 20:08:00,614 TRACE   main [org.springframework.beans.CachedIntrospectionResults] Found bean property 'ignoreSizeLimitExceededException' of type [boolean]
2016-02-03 20:08:00,614 TRACE   main [org.springframework.beans.CachedIntrospectionResults] Found bean property 'objectDirectoryMapper' of type [org.springframework.ldap.odm.core.ObjectDirectoryMapper]
2016-02-03 20:08:00,618 DEBUG   main [org.springframework.beans.factory.support.DefaultListableBeanFactory] Creating shared instance of singleton bean 'contextSource'
2016-02-03 20:08:00,619 DEBUG   main [org.springframework.beans.factory.support.DefaultListableBeanFactory] Creating instance of bean 'contextSource'
2016-02-03 20:08:00,626 DEBUG   main [org.springframework.beans.factory.support.DefaultListableBeanFactory] Creating instance of bean '(inner bean)#1f5ffded'
2016-02-03 20:08:00,658 TRACE   main [org.springframework.beans.CachedIntrospectionResults] Getting BeanInfo for class [org.springframework.ldap.core.support.LdapContextSource]
2016-02-03 20:08:00,663 TRACE   main [org.springframework.beans.CachedIntrospectionResults] Caching PropertyDescriptors for class [org.springframework.ldap.core.support.LdapContextSource]
2016-02-03 20:08:00,664 TRACE   main [org.springframework.beans.CachedIntrospectionResults] Found bean property 'anonymousReadOnly' of type [boolean]
2016-02-03 20:08:00,664 TRACE   main [org.springframework.beans.CachedIntrospectionResults] Found bean property 'authenticationSource' of type [org.springframework.ldap.core.AuthenticationSource]
2016-02-03 20:08:00,664 TRACE   main [org.springframework.beans.CachedIntrospectionResults] Found bean property 'authenticationStrategy' of type [org.springframework.ldap.core.support.DirContextAuthenticationStrategy]
2016-02-03 20:08:00,664 TRACE   main [org.springframework.beans.CachedIntrospectionResults] Found bean property 'base' of type [java.lang.String]
2016-02-03 20:08:00,664 TRACE   main [org.springframework.beans.CachedIntrospectionResults] Found bean property 'baseEnvironmentProperties' of type [java.util.Map]
2016-02-03 20:08:00,664 TRACE   main [org.springframework.beans.CachedIntrospectionResults] Found bean property 'baseLdapName' of type [javax.naming.ldap.LdapName]
2016-02-03 20:08:00,664 TRACE   main [org.springframework.beans.CachedIntrospectionResults] Found bean property 'baseLdapPath' of type [org.springframework.ldap.core.DistinguishedName]
2016-02-03 20:08:00,664 TRACE   main [org.springframework.beans.CachedIntrospectionResults] Found bean property 'baseLdapPathAsString' of type [java.lang.String]
2016-02-03 20:08:00,665 TRACE   main [org.springframework.beans.CachedIntrospectionResults] Found bean property 'cacheEnvironmentProperties' of type [boolean]
2016-02-03 20:08:00,665 TRACE   main [org.springframework.beans.CachedIntrospectionResults] Found bean property 'class' of type [java.lang.Class]
2016-02-03 20:08:00,665 TRACE   main [org.springframework.beans.CachedIntrospectionResults] Found bean property 'contextFactory' of type [java.lang.Class]
2016-02-03 20:08:00,665 TRACE   main [org.springframework.beans.CachedIntrospectionResults] Found bean property 'dirObjectFactory' of type [java.lang.Class]
2016-02-03 20:08:00,665 TRACE   main [org.springframework.beans.CachedIntrospectionResults] Found bean property 'password' of type [java.lang.String]
2016-02-03 20:08:00,665 TRACE   main [org.springframework.beans.CachedIntrospectionResults] Found bean property 'pooled' of type [boolean]
2016-02-03 20:08:00,665 TRACE   main [org.springframework.beans.CachedIntrospectionResults] Found bean property 'readOnlyContext' of type [javax.naming.directory.DirContext]
2016-02-03 20:08:00,665 TRACE   main [org.springframework.beans.CachedIntrospectionResults] Found bean property 'readWriteContext' of type [javax.naming.directory.DirContext]
2016-02-03 20:08:00,666 TRACE   main [org.springframework.beans.CachedIntrospectionResults] Found bean property 'referral' of type [java.lang.String]
2016-02-03 20:08:00,666 TRACE   main [org.springframework.beans.CachedIntrospectionResults] Found bean property 'url' of type [java.lang.String]
2016-02-03 20:08:00,668 TRACE   main [org.springframework.beans.CachedIntrospectionResults] Found bean property 'urls' of type [[Ljava.lang.String;]
2016-02-03 20:08:00,668 TRACE   main [org.springframework.beans.CachedIntrospectionResults] Found bean property 'userDn' of type [java.lang.String]
2016-02-03 20:08:00,675 DEBUG   main [org.springframework.beans.factory.support.DefaultListableBeanFactory] Creating instance of bean '(inner bean)#6c7733eb'
2016-02-03 20:08:00,686 TRACE   main [org.springframework.beans.CachedIntrospectionResults] Getting BeanInfo for class [[Ljava.lang.String;]
2016-02-03 20:08:00,687 TRACE   main [org.springframework.beans.CachedIntrospectionResults] Caching PropertyDescriptors for class [[Ljava.lang.String;]
2016-02-03 20:08:00,687 TRACE   main [org.springframework.beans.CachedIntrospectionResults] Found bean property 'class' of type [java.lang.Class]
2016-02-03 20:08:00,688 DEBUG   main [org.springframework.beans.factory.support.DefaultListableBeanFactory] Finished creating instance of bean '(inner bean)#6c7733eb'
2016-02-03 20:08:00,689 DEBUG   main [org.springframework.beans.factory.support.DefaultListableBeanFactory] Creating shared instance of singleton bean 'simpleDirContextAuthenticationStrategy'
2016-02-03 20:08:00,689 DEBUG   main [org.springframework.beans.factory.support.DefaultListableBeanFactory] Creating instance of bean 'simpleDirContextAuthenticationStrategy'
2016-02-03 20:08:00,689 DEBUG   main [org.springframework.beans.factory.support.DefaultListableBeanFactory] Eagerly caching bean 'simpleDirContextAuthenticationStrategy' to allow for resolving potential circular references
2016-02-03 20:08:00,689 TRACE   main [org.springframework.beans.CachedIntrospectionResults] Getting BeanInfo for class [org.springframework.ldap.core.support.SimpleDirContextAuthenticationStrategy]
2016-02-03 20:08:00,691 TRACE   main [org.springframework.beans.CachedIntrospectionResults] Caching PropertyDescriptors for class [org.springframework.ldap.core.support.SimpleDirContextAuthenticationStrategy]
2016-02-03 20:08:00,691 TRACE   main [org.springframework.beans.CachedIntrospectionResults] Found bean property 'class' of type [java.lang.Class]
2016-02-03 20:08:00,692 DEBUG   main [org.springframework.beans.factory.support.DefaultListableBeanFactory] Finished creating instance of bean 'simpleDirContextAuthenticationStrategy'
2016-02-03 20:08:00,694 DEBUG   main [org.springframework.beans.factory.support.DefaultListableBeanFactory] Invoking afterPropertiesSet() on bean with name '(inner bean)#1f5ffded'
2016-02-03 20:08:00,698 DEBUG   main [org.springframework.beans.factory.support.DefaultListableBeanFactory] Finished creating instance of bean '(inner bean)#1f5ffded'
2016-02-03 20:08:00,707 DEBUG   main [org.springframework.beans.factory.support.DefaultListableBeanFactory] Eagerly caching bean 'contextSource' to allow for resolving potential circular references
2016-02-03 20:08:00,707 TRACE   main [org.springframework.beans.CachedIntrospectionResults] Getting BeanInfo for class [org.springframework.ldap.transaction.compensating.manager.TransactionAwareContextSourceProxy]
2016-02-03 20:08:00,711 TRACE   main [org.springframework.beans.CachedIntrospectionResults] Caching PropertyDescriptors for class [org.springframework.ldap.transaction.compensating.manager.TransactionAwareContextSourceProxy]
2016-02-03 20:08:00,712 TRACE   main [org.springframework.beans.CachedIntrospectionResults] Found bean property 'baseLdapName' of type [javax.naming.ldap.LdapName]
2016-02-03 20:08:00,712 TRACE   main [org.springframework.beans.CachedIntrospectionResults] Found bean property 'baseLdapPath' of type [org.springframework.ldap.core.DistinguishedName]
2016-02-03 20:08:00,712 TRACE   main [org.springframework.beans.CachedIntrospectionResults] Found bean property 'baseLdapPathAsString' of type [java.lang.String]
2016-02-03 20:08:00,712 TRACE   main [org.springframework.beans.CachedIntrospectionResults] Found bean property 'class' of type [java.lang.Class]
2016-02-03 20:08:00,712 TRACE   main [org.springframework.beans.CachedIntrospectionResults] Found bean property 'readOnlyContext' of type [javax.naming.directory.DirContext]
2016-02-03 20:08:00,712 TRACE   main [org.springframework.beans.CachedIntrospectionResults] Found bean property 'readWriteContext' of type [javax.naming.directory.DirContext]
2016-02-03 20:08:00,712 TRACE   main [org.springframework.beans.CachedIntrospectionResults] Found bean property 'target' of type [org.springframework.ldap.core.ContextSource]
2016-02-03 20:08:00,712 DEBUG   main [org.springframework.beans.factory.support.DefaultListableBeanFactory] Finished creating instance of bean 'contextSource'
2016-02-03 20:08:00,713 DEBUG   main [org.springframework.beans.factory.support.DefaultListableBeanFactory] Invoking afterPropertiesSet() on bean with name 'ldapTemplate'
2016-02-03 20:08:00,713 DEBUG   main [org.springframework.beans.factory.support.DefaultListableBeanFactory] Finished creating instance of bean 'ldapTemplate'
2016-02-03 20:08:00,713 DEBUG   main [org.springframework.beans.factory.annotation.AutowiredAnnotationBeanPostProcessor] Autowiring by type from bean name 'userRepositoryImpl' to bean named 'ldapTemplate'
2016-02-03 20:08:00,714 DEBUG   main [org.springframework.beans.factory.support.DefaultListableBeanFactory] Finished creating instance of bean 'userRepositoryImpl'
2016-02-03 20:08:00,714 DEBUG   main [org.springframework.beans.factory.support.DefaultListableBeanFactory] Returning cached instance of singleton bean 'org.springframework.context.annotation.internalConfigurationAnnotationProcessor'
2016-02-03 20:08:00,714 DEBUG   main [org.springframework.beans.factory.support.DefaultListableBeanFactory] Returning cached instance of singleton bean 'org.springframework.context.annotation.internalAutowiredAnnotationProcessor'
2016-02-03 20:08:00,714 DEBUG   main [org.springframework.beans.factory.support.DefaultListableBeanFactory] Returning cached instance of singleton bean 'org.springframework.context.annotation.internalRequiredAnnotationProcessor'
2016-02-03 20:08:00,714 DEBUG   main [org.springframework.beans.factory.support.DefaultListableBeanFactory] Returning cached instance of singleton bean 'org.springframework.context.annotation.internalCommonAnnotationProcessor'
2016-02-03 20:08:00,714 DEBUG   main [org.springframework.beans.factory.support.DefaultListableBeanFactory] Returning cached instance of singleton bean 'simpleDirContextAuthenticationStrategy'
2016-02-03 20:08:00,714 DEBUG   main [org.springframework.beans.factory.support.DefaultListableBeanFactory] Creating shared instance of singleton bean 'userReposImpl'
2016-02-03 20:08:00,714 DEBUG   main [org.springframework.beans.factory.support.DefaultListableBeanFactory] Creating instance of bean 'userReposImpl'
2016-02-03 20:08:00,715 DEBUG   main [org.springframework.beans.factory.annotation.InjectionMetadata] Registered injected element on class [ldap.advance.example.UserRepositoryImpl]: AutowiredFieldElement for private org.springframework.ldap.core.LdapTemplate ldap.advance.example.UserRepositoryImpl.ldapTemplate
2016-02-03 20:08:00,715 DEBUG   main [org.springframework.beans.factory.support.DefaultListableBeanFactory] Eagerly caching bean 'userReposImpl' to allow for resolving potential circular references
2016-02-03 20:08:00,715 DEBUG   main [org.springframework.beans.factory.annotation.InjectionMetadata] Processing injected element of bean 'userReposImpl': AutowiredFieldElement for private org.springframework.ldap.core.LdapTemplate ldap.advance.example.UserRepositoryImpl.ldapTemplate
2016-02-03 20:08:00,715 DEBUG   main [org.springframework.beans.factory.support.DefaultListableBeanFactory] Returning cached instance of singleton bean 'ldapTemplate'
2016-02-03 20:08:00,715 DEBUG   main [org.springframework.beans.factory.annotation.AutowiredAnnotationBeanPostProcessor] Autowiring by type from bean name 'userReposImpl' to bean named 'ldapTemplate'
2016-02-03 20:08:00,716 DEBUG   main [org.springframework.beans.factory.support.DefaultListableBeanFactory] Finished creating instance of bean 'userReposImpl'
2016-02-03 20:08:00,716 DEBUG   main [org.springframework.beans.factory.support.DefaultListableBeanFactory] Returning cached instance of singleton bean 'contextSource'
2016-02-03 20:08:00,716 DEBUG   main [org.springframework.beans.factory.support.DefaultListableBeanFactory] Returning cached instance of singleton bean 'ldapTemplate'
2016-02-03 20:08:00,716 DEBUG   main [org.springframework.beans.factory.support.DefaultListableBeanFactory] Returning cached instance of singleton bean 'org.springframework.context.annotation.ConfigurationClassPostProcessor.importAwareProcessor'
2016-02-03 20:08:00,716 DEBUG   main [org.springframework.beans.factory.support.DefaultListableBeanFactory] Returning cached instance of singleton bean 'org.springframework.context.annotation.ConfigurationClassPostProcessor.enhancedConfigurationProcessor'
2016-02-03 20:08:00,726 DEBUG   main [org.springframework.context.support.ClassPathXmlApplicationContext] Unable to locate LifecycleProcessor with name 'lifecycleProcessor': using default [org.springframework.context.support.DefaultLifecycleProcessor@7c182454]
2016-02-03 20:08:00,727 DEBUG   main [org.springframework.beans.factory.support.DefaultListableBeanFactory] Returning cached instance of singleton bean 'lifecycleProcessor'
2016-02-03 20:08:00,727 TRACE   main [org.springframework.context.support.ClassPathXmlApplicationContext] Publishing event in org.springframework.context.support.ClassPathXmlApplicationContext@450faed3: org.springframework.context.event.ContextRefreshedEvent[source=org.springframework.context.support.ClassPathXmlApplicationContext@450faed3: startup date [Wed Feb 03 20:07:58 EST 2016]; root of context hierarchy]
2016-02-03 20:08:00,730 TRACE   main [org.springframework.core.env.PropertySourcesPropertyResolver] getProperty("spring.liveBeansView.mbeanDomain", String)
2016-02-03 20:08:00,730 DEBUG   main [org.springframework.core.env.PropertySourcesPropertyResolver] Searching for key 'spring.liveBeansView.mbeanDomain' in [systemProperties]
2016-02-03 20:08:00,730 DEBUG   main [org.springframework.core.env.PropertySourcesPropertyResolver] Searching for key 'spring.liveBeansView.mbeanDomain' in [systemEnvironment]
2016-02-03 20:08:00,731 DEBUG   main [org.springframework.core.env.PropertySourcesPropertyResolver] Could not find key 'spring.liveBeansView.mbeanDomain' in any property source. Returning [null]
2016-02-03 20:08:00,731 INFO   main [ldap.advance.example.test.LdapApp] Test started at Wed Feb 03 20:07:58 EST 2016
2016-02-03 20:08:00,731 DEBUG   main [org.springframework.beans.factory.support.DefaultListableBeanFactory] Returning cached instance of singleton bean 'userReposImpl'
2016-02-03 20:08:00,731 INFO   main [ldap.advance.example.UserRepositoryImpl] executing {createUser}
2016-02-03 20:08:59,367 DEBUG   main [org.springframework.core.env.StandardEnvironment] Adding [systemProperties] PropertySource with lowest search precedence
2016-02-03 20:08:59,379 DEBUG   main [org.springframework.core.env.StandardEnvironment] Adding [systemEnvironment] PropertySource with lowest search precedence
2016-02-03 20:08:59,380 DEBUG   main [org.springframework.core.env.StandardEnvironment] Initialized StandardEnvironment with PropertySources [systemProperties,systemEnvironment]
2016-02-03 20:08:59,398 INFO   main [org.springframework.context.support.ClassPathXmlApplicationContext] Refreshing org.springframework.context.support.ClassPathXmlApplicationContext@89ec211: startup date [Wed Feb 03 20:08:59 EST 2016]; root of context hierarchy
2016-02-03 20:08:59,455 DEBUG   main [org.springframework.core.env.StandardEnvironment] Adding [systemProperties] PropertySource with lowest search precedence
2016-02-03 20:08:59,456 DEBUG   main [org.springframework.core.env.StandardEnvironment] Adding [systemEnvironment] PropertySource with lowest search precedence
2016-02-03 20:08:59,456 DEBUG   main [org.springframework.core.env.StandardEnvironment] Initialized StandardEnvironment with PropertySources [systemProperties,systemEnvironment]
2016-02-03 20:08:59,480 INFO   main [org.springframework.beans.factory.xml.XmlBeanDefinitionReader] Loading XML bean definitions from class path resource [spring-ldap-example.xml]
2016-02-03 20:08:59,483 DEBUG   main [org.springframework.beans.factory.xml.DefaultDocumentLoader] Using JAXP provider [com.sun.org.apache.xerces.internal.jaxp.DocumentBuilderFactoryImpl]
2016-02-03 20:08:59,534 TRACE   main [org.springframework.beans.factory.xml.PluggableSchemaResolver] Trying to resolve XML entity with public id [null] and system id [http://www.springframework.org/schema/beans/spring-beans.xsd]
2016-02-03 20:08:59,534 DEBUG   main [org.springframework.beans.factory.xml.PluggableSchemaResolver] Loading schema mappings from [META-INF/spring.schemas]
2016-02-03 20:08:59,575 DEBUG   main [org.springframework.beans.factory.xml.PluggableSchemaResolver] Loaded schema mappings: {http://www.springframework.org/schema/tx/spring-tx-2.5.xsd=org/springframework/transaction/config/spring-tx-2.5.xsd, http://www.springframework.org/schema/cache/spring-cache-4.2.xsd=org/springframework/cache/config/spring-cache-4.2.xsd, http://www.springframework.org/schema/aop/spring-aop-4.1.xsd=org/springframework/aop/config/spring-aop-4.1.xsd, http://www.springframework.org/schema/context/spring-context-3.1.xsd=org/springframework/context/config/spring-context-3.1.xsd, http://www.springframework.org/schema/data/repository/spring-repository-1.4.xsd=org/springframework/data/repository/config/spring-repository-1.4.xsd, http://www.springframework.org/schema/util/spring-util-3.0.xsd=org/springframework/beans/factory/xml/spring-util-3.0.xsd, http://www.springframework.org/schema/tool/spring-tool.xsd=org/springframework/beans/factory/xml/spring-tool-4.2.xsd, http://www.springframework.org/schema/aop/spring-aop-3.2.xsd=org/springframework/aop/config/spring-aop-3.2.xsd, http://www.springframework.org/schema/lang/spring-lang-4.1.xsd=org/springframework/scripting/config/spring-lang-4.1.xsd, http://www.springframework.org/schema/context/spring-context-4.0.xsd=org/springframework/context/config/spring-context-4.0.xsd, http://www.springframework.org/schema/beans/spring-beans-4.2.xsd=org/springframework/beans/factory/xml/spring-beans-4.2.xsd, http://www.springframework.org/schema/tool/spring-tool-4.1.xsd=org/springframework/beans/factory/xml/spring-tool-4.1.xsd, http://www.springframework.org/schema/lang/spring-lang-3.2.xsd=org/springframework/scripting/config/spring-lang-3.2.xsd, http://www.springframework.org/schema/cache/spring-cache-3.2.xsd=org/springframework/cache/config/spring-cache-3.2.xsd, http://www.springframework.org/schema/jee/spring-jee-4.1.xsd=org/springframework/ejb/config/spring-jee-4.1.xsd, http://www.springframework.org/schema/task/spring-task-4.2.xsd=org/springframework/scheduling/config/spring-task-4.2.xsd, http://www.springframework.org/schema/util/spring-util-2.0.xsd=org/springframework/beans/factory/xml/spring-util-2.0.xsd, http://www.springframework.org/schema/tool/spring-tool-3.2.xsd=org/springframework/beans/factory/xml/spring-tool-3.2.xsd, http://www.springframework.org/schema/context/spring-context.xsd=org/springframework/context/config/spring-context-4.2.xsd, http://www.springframework.org/schema/tx/spring-tx-4.2.xsd=org/springframework/transaction/config/spring-tx-4.2.xsd, http://www.springframework.org/schema/cache/spring-cache-4.1.xsd=org/springframework/cache/config/spring-cache-4.1.xsd, http://www.springframework.org/schema/aop/spring-aop-4.0.xsd=org/springframework/aop/config/spring-aop-4.0.xsd, http://www.springframework.org/schema/jee/spring-jee-3.2.xsd=org/springframework/ejb/config/spring-jee-3.2.xsd, http://www.springframework.org/schema/context/spring-context-3.0.xsd=org/springframework/context/config/spring-context-3.0.xsd, http://www.springframework.org/schema/util/spring-util-2.5.xsd=org/springframework/beans/factory/xml/spring-util-2.5.xsd, http://www.springframework.org/schema/beans/spring-beans-3.2.xsd=org/springframework/beans/factory/xml/spring-beans-3.2.xsd, http://www.springframework.org/schema/aop/spring-aop-3.1.xsd=org/springframework/aop/config/spring-aop-3.1.xsd, http://www.springframework.org/schema/ldap/spring-ldap-2.0.xsd=org/springframework/ldap/config/spring-ldap-2.0.xsd, http://www.springframework.org/schema/lang/spring-lang-4.0.xsd=org/springframework/scripting/config/spring-lang-4.0.xsd, http://www.springframework.org/schema/beans/spring-beans-4.1.xsd=org/springframework/beans/factory/xml/spring-beans-4.1.xsd, http://www.springframework.org/schema/tool/spring-tool-4.0.xsd=org/springframework/beans/factory/xml/spring-tool-4.0.xsd, http://www.springframework.org/schema/tx/spring-tx-3.2.xsd=org/springframework/transaction/config/spring-tx-3.2.xsd, http://www.springframework.org/schema/lang/spring-lang-3.1.xsd=org/springframework/scripting/config/spring-lang-3.1.xsd, http://www.springframework.org/schema/cache/spring-cache-3.1.xsd=org/springframework/cache/config/spring-cache-3.1.xsd, http://www.springframework.org/schema/jee/spring-jee-4.0.xsd=org/springframework/ejb/config/spring-jee-4.0.xsd, http://www.springframework.org/schema/task/spring-task-4.1.xsd=org/springframework/scheduling/config/spring-task-4.1.xsd, http://www.springframework.org/schema/tool/spring-tool-3.1.xsd=org/springframework/beans/factory/xml/spring-tool-3.1.xsd, http://www.springframework.org/schema/tx/spring-tx-4.1.xsd=org/springframework/transaction/config/spring-tx-4.1.xsd, http://www.springframework.org/schema/cache/spring-cache-4.0.xsd=org/springframework/cache/config/spring-cache-4.0.xsd, http://www.springframework.org/schema/jee/spring-jee-3.1.xsd=org/springframework/ejb/config/spring-jee-3.1.xsd, http://www.springframework.org/schema/task/spring-task-3.2.xsd=org/springframework/scheduling/config/spring-task-3.2.xsd, http://www.springframework.org/schema/util/spring-util-4.2.xsd=org/springframework/beans/factory/xml/spring-util-4.2.xsd, http://www.springframework.org/schema/beans/spring-beans-3.1.xsd=org/springframework/beans/factory/xml/spring-beans-3.1.xsd, http://www.springframework.org/schema/util/spring-util.xsd=org/springframework/beans/factory/xml/spring-util-4.2.xsd, http://www.springframework.org/schema/aop/spring-aop-3.0.xsd=org/springframework/aop/config/spring-aop-3.0.xsd, http://www.springframework.org/schema/data/repository/spring-repository.xsd=org/springframework/data/repository/config/spring-repository-1.7.xsd, http://www.springframework.org/schema/data/repository/spring-repository-1.7.xsd=org/springframework/data/repository/config/spring-repository-1.7.xsd, http://www.springframework.org/schema/ldap/spring-ldap.xsd=org/springframework/ldap/config/spring-ldap-2.0.xsd, http://www.springframework.org/schema/beans/spring-beans-4.0.xsd=org/springframework/beans/factory/xml/spring-beans-4.0.xsd, http://www.springframework.org/schema/beans/spring-beans.xsd=org/springframework/beans/factory/xml/spring-beans-4.2.xsd, http://www.springframework.org/schema/tx/spring-tx-3.1.xsd=org/springframework/transaction/config/spring-tx-3.1.xsd, http://www.springframework.org/schema/lang/spring-lang-3.0.xsd=org/springframework/scripting/config/spring-lang-3.0.xsd, http://www.springframework.org/schema/context/spring-context-2.5.xsd=org/springframework/context/config/spring-context-2.5.xsd, http://www.springframework.org/schema/task/spring-task-4.0.xsd=org/springframework/scheduling/config/spring-task-4.0.xsd, http://www.springframework.org/schema/tool/spring-tool-3.0.xsd=org/springframework/beans/factory/xml/spring-tool-3.0.xsd, http://www.springframework.org/schema/tx/spring-tx-4.0.xsd=org/springframework/transaction/config/spring-tx-4.0.xsd, http://www.springframework.org/schema/aop/spring-aop-2.0.xsd=org/springframework/aop/config/spring-aop-2.0.xsd, http://www.springframework.org/schema/jee/spring-jee-3.0.xsd=org/springframework/ejb/config/spring-jee-3.0.xsd, http://www.springframework.org/schema/util/spring-util-4.1.xsd=org/springframework/beans/factory/xml/spring-util-4.1.xsd, http://www.springframework.org/schema/task/spring-task-3.1.xsd=org/springframework/scheduling/config/spring-task-3.1.xsd, http://www.springframework.org/schema/beans/spring-beans-3.0.xsd=org/springframework/beans/factory/xml/spring-beans-3.0.xsd, http://www.springframework.org/schema/jee/spring-jee.xsd=org/springframework/ejb/config/spring-jee-4.2.xsd, http://www.springframework.org/schema/aop/spring-aop-2.5.xsd=org/springframework/aop/config/spring-aop-2.5.xsd, http://www.springframework.org/schema/lang/spring-lang-2.0.xsd=org/springframework/scripting/config/spring-lang-2.0.xsd, http://www.springframework.org/schema/data/repository/spring-repository-1.6.xsd=org/springframework/data/repository/config/spring-repository-1.6.xsd, http://www.springframework.org/schema/util/spring-util-3.2.xsd=org/springframework/beans/factory/xml/spring-util-3.2.xsd, http://www.springframework.org/schema/task/spring-task.xsd=org/springframework/scheduling/config/spring-task-4.2.xsd, http://www.springframework.org/schema/tool/spring-tool-2.0.xsd=org/springframework/beans/factory/xml/spring-tool-2.0.xsd, http://www.springframework.org/schema/tx/spring-tx-3.0.xsd=org/springframework/transaction/config/spring-tx-3.0.xsd, http://www.springframework.org/schema/lang/spring-lang-2.5.xsd=org/springframework/scripting/config/spring-lang-2.5.xsd, http://www.springframework.org/schema/context/spring-context-4.2.xsd=org/springframework/context/config/spring-context-4.2.xsd, http://www.springframework.org/schema/jee/spring-jee-2.0.xsd=org/springframework/ejb/config/spring-jee-2.0.xsd, http://www.springframework.org/schema/tool/spring-tool-2.5.xsd=org/springframework/beans/factory/xml/spring-tool-2.5.xsd, http://www.springframework.org/schema/jee/spring-jee-2.5.xsd=org/springframework/ejb/config/spring-jee-2.5.xsd, http://www.springframework.org/schema/data/repository/spring-repository-1.0.xsd=org/springframework/data/repository/config/spring-repository-1.0.xsd, http://www.springframework.org/schema/util/spring-util-4.0.xsd=org/springframework/beans/factory/xml/spring-util-4.0.xsd, http://www.springframework.org/schema/task/spring-task-3.0.xsd=org/springframework/scheduling/config/spring-task-3.0.xsd, http://www.springframework.org/schema/aop/spring-aop-4.2.xsd=org/springframework/aop/config/spring-aop-4.2.xsd, http://www.springframework.org/schema/lang/spring-lang.xsd=org/springframework/scripting/config/spring-lang-4.2.xsd, http://www.springframework.org/schema/context/spring-context-3.2.xsd=org/springframework/context/config/spring-context-3.2.xsd, http://www.springframework.org/schema/data/repository/spring-repository-1.5.xsd=org/springframework/data/repository/config/spring-repository-1.5.xsd, http://www.springframework.org/schema/util/spring-util-3.1.xsd=org/springframework/beans/factory/xml/spring-util-3.1.xsd, http://www.springframework.org/schema/beans/spring-beans-2.0.xsd=org/springframework/beans/factory/xml/spring-beans-2.0.xsd, http://www.springframework.org/schema/cache/spring-cache.xsd=org/springframework/cache/config/spring-cache-4.2.xsd, http://www.springframework.org/schema/tx/spring-tx.xsd=org/springframework/transaction/config/spring-tx-4.2.xsd, http://www.springframework.org/schema/lang/spring-lang-4.2.xsd=org/springframework/scripting/config/spring-lang-4.2.xsd, http://www.springframework.org/schema/context/spring-context-4.1.xsd=org/springframework/context/config/spring-context-4.1.xsd, http://www.springframework.org/schema/beans/spring-beans-2.5.xsd=org/springframework/beans/factory/xml/spring-beans-2.5.xsd, http://www.springframework.org/schema/tool/spring-tool-4.2.xsd=org/springframework/beans/factory/xml/spring-tool-4.2.xsd, http://www.springframework.org/schema/tx/spring-tx-2.0.xsd=org/springframework/transaction/config/spring-tx-2.0.xsd, http://www.springframework.org/schema/jee/spring-jee-4.2.xsd=org/springframework/ejb/config/spring-jee-4.2.xsd, http://www.springframework.org/schema/aop/spring-aop.xsd=org/springframework/aop/config/spring-aop-4.2.xsd}
2016-02-03 20:08:59,592 DEBUG   main [org.springframework.beans.factory.xml.PluggableSchemaResolver] Found XML schema [http://www.springframework.org/schema/beans/spring-beans.xsd] in classpath: org/springframework/beans/factory/xml/spring-beans-4.2.xsd
2016-02-03 20:08:59,733 TRACE   main [org.springframework.beans.factory.xml.PluggableSchemaResolver] Trying to resolve XML entity with public id [null] and system id [http://www.springframework.org/schema/context/spring-context.xsd]
2016-02-03 20:08:59,736 DEBUG   main [org.springframework.beans.factory.xml.PluggableSchemaResolver] Found XML schema [http://www.springframework.org/schema/context/spring-context.xsd] in classpath: org/springframework/context/config/spring-context-4.2.xsd
2016-02-03 20:08:59,750 TRACE   main [org.springframework.beans.factory.xml.PluggableSchemaResolver] Trying to resolve XML entity with public id [null] and system id [http://www.springframework.org/schema/tool/spring-tool-4.2.xsd]
2016-02-03 20:08:59,751 DEBUG   main [org.springframework.beans.factory.xml.PluggableSchemaResolver] Found XML schema [http://www.springframework.org/schema/tool/spring-tool-4.2.xsd] in classpath: org/springframework/beans/factory/xml/spring-tool-4.2.xsd
2016-02-03 20:08:59,765 TRACE   main [org.springframework.beans.factory.xml.PluggableSchemaResolver] Trying to resolve XML entity with public id [null] and system id [http://www.springframework.org/schema/ldap/spring-ldap.xsd]
2016-02-03 20:08:59,766 DEBUG   main [org.springframework.beans.factory.xml.PluggableSchemaResolver] Found XML schema [http://www.springframework.org/schema/ldap/spring-ldap.xsd] in classpath: org/springframework/ldap/config/spring-ldap-2.0.xsd
2016-02-03 20:08:59,796 TRACE   main [org.springframework.beans.factory.xml.PluggableSchemaResolver] Trying to resolve XML entity with public id [null] and system id [http://www.springframework.org/schema/data/repository/spring-repository.xsd]
2016-02-03 20:08:59,798 DEBUG   main [org.springframework.beans.factory.xml.PluggableSchemaResolver] Found XML schema [http://www.springframework.org/schema/data/repository/spring-repository.xsd] in classpath: org/springframework/data/repository/config/spring-repository-1.7.xsd
2016-02-03 20:08:59,830 DEBUG   main [org.springframework.beans.factory.xml.DefaultBeanDefinitionDocumentReader] Loading bean definitions
2016-02-03 20:08:59,852 DEBUG   main [org.springframework.beans.factory.xml.DefaultNamespaceHandlerResolver] Loaded NamespaceHandler mappings: {http://www.springframework.org/schema/p=org.springframework.beans.factory.xml.SimplePropertyNamespaceHandler, http://www.springframework.org/schema/util=org.springframework.beans.factory.xml.UtilNamespaceHandler, http://www.springframework.org/schema/jee=org.springframework.ejb.config.JeeNamespaceHandler, http://www.springframework.org/schema/aop=org.springframework.aop.config.AopNamespaceHandler, http://www.springframework.org/schema/data/repository=org.springframework.data.repository.config.RepositoryNameSpaceHandler, http://www.springframework.org/schema/cache=org.springframework.cache.config.CacheNamespaceHandler, http://www.springframework.org/schema/c=org.springframework.beans.factory.xml.SimpleConstructorNamespaceHandler, http://www.springframework.org/schema/ldap=org.springframework.ldap.config.LdapNamespaceHandler, http://www.springframework.org/schema/tx=org.springframework.transaction.config.TxNamespaceHandler, http://www.springframework.org/schema/task=org.springframework.scheduling.config.TaskNamespaceHandler, http://www.springframework.org/schema/lang=org.springframework.scripting.config.LangNamespaceHandler, http://www.springframework.org/schema/context=org.springframework.context.config.ContextNamespaceHandler}
2016-02-03 20:08:59,883 DEBUG   main [org.springframework.core.env.StandardEnvironment] Adding [systemProperties] PropertySource with lowest search precedence
2016-02-03 20:08:59,883 DEBUG   main [org.springframework.core.env.StandardEnvironment] Adding [systemEnvironment] PropertySource with lowest search precedence
2016-02-03 20:08:59,883 DEBUG   main [org.springframework.core.env.StandardEnvironment] Initialized StandardEnvironment with PropertySources [systemProperties,systemEnvironment]
2016-02-03 20:08:59,941 DEBUG   main [org.springframework.core.io.support.PathMatchingResourcePatternResolver] Looking for matching resources in directory tree [C:\Eclipse\workspace\spring-ldap-example\bin\ldap\advance\example]
2016-02-03 20:08:59,943 DEBUG   main [org.springframework.core.io.support.PathMatchingResourcePatternResolver] Searching directory [C:\Eclipse\workspace\spring-ldap-example\bin\ldap\advance\example] for files matching pattern [C:/Eclipse/workspace/spring-ldap-example/bin/ldap/advance/example/**/*.class]
2016-02-03 20:08:59,947 DEBUG   main [org.springframework.core.io.support.PathMatchingResourcePatternResolver] Searching directory [C:\Eclipse\workspace\spring-ldap-example\bin\ldap\advance\example\test] for files matching pattern [C:/Eclipse/workspace/spring-ldap-example/bin/ldap/advance/example/**/*.class]
2016-02-03 20:08:59,951 DEBUG   main [org.springframework.core.io.support.PathMatchingResourcePatternResolver] Resolved location pattern [classpath*:ldap/advance/example/**/*.class] to resources [file [C:\Eclipse\workspace\spring-ldap-example\bin\ldap\advance\example\test\LdapApp.class], file [C:\Eclipse\workspace\spring-ldap-example\bin\ldap\advance\example\User.class], file [C:\Eclipse\workspace\spring-ldap-example\bin\ldap\advance\example\UserRepositoryImpl$MultipleAttributesMapper.class], file [C:\Eclipse\workspace\spring-ldap-example\bin\ldap\advance\example\UserRepositoryImpl$SingleAttributesMapper.class], file [C:\Eclipse\workspace\spring-ldap-example\bin\ldap\advance\example\UserRepositoryImpl$UserAttributesMapper.class], file [C:\Eclipse\workspace\spring-ldap-example\bin\ldap\advance\example\UserRepositoryImpl.class], file [C:\Eclipse\workspace\spring-ldap-example\bin\ldap\advance\example\UserRepositoryIntf.class]]
2016-02-03 20:08:59,952 TRACE   main [org.springframework.context.annotation.ClassPathBeanDefinitionScanner] Scanning file [C:\Eclipse\workspace\spring-ldap-example\bin\ldap\advance\example\test\LdapApp.class]
2016-02-03 20:09:00,016 TRACE   main [org.springframework.context.annotation.ClassPathBeanDefinitionScanner] Ignored because not matching any filter: file [C:\Eclipse\workspace\spring-ldap-example\bin\ldap\advance\example\test\LdapApp.class]
2016-02-03 20:09:00,017 TRACE   main [org.springframework.context.annotation.ClassPathBeanDefinitionScanner] Scanning file [C:\Eclipse\workspace\spring-ldap-example\bin\ldap\advance\example\User.class]
2016-02-03 20:09:00,022 TRACE   main [org.springframework.context.annotation.ClassPathBeanDefinitionScanner] Ignored because not matching any filter: file [C:\Eclipse\workspace\spring-ldap-example\bin\ldap\advance\example\User.class]
2016-02-03 20:09:00,023 TRACE   main [org.springframework.context.annotation.ClassPathBeanDefinitionScanner] Scanning file [C:\Eclipse\workspace\spring-ldap-example\bin\ldap\advance\example\UserRepositoryImpl$MultipleAttributesMapper.class]
2016-02-03 20:09:00,024 TRACE   main [org.springframework.context.annotation.ClassPathBeanDefinitionScanner] Ignored because not matching any filter: file [C:\Eclipse\workspace\spring-ldap-example\bin\ldap\advance\example\UserRepositoryImpl$MultipleAttributesMapper.class]
2016-02-03 20:09:00,024 TRACE   main [org.springframework.context.annotation.ClassPathBeanDefinitionScanner] Scanning file [C:\Eclipse\workspace\spring-ldap-example\bin\ldap\advance\example\UserRepositoryImpl$SingleAttributesMapper.class]
2016-02-03 20:09:00,025 TRACE   main [org.springframework.context.annotation.ClassPathBeanDefinitionScanner] Ignored because not matching any filter: file [C:\Eclipse\workspace\spring-ldap-example\bin\ldap\advance\example\UserRepositoryImpl$SingleAttributesMapper.class]
2016-02-03 20:09:00,025 TRACE   main [org.springframework.context.annotation.ClassPathBeanDefinitionScanner] Scanning file [C:\Eclipse\workspace\spring-ldap-example\bin\ldap\advance\example\UserRepositoryImpl$UserAttributesMapper.class]
2016-02-03 20:09:00,026 TRACE   main [org.springframework.context.annotation.ClassPathBeanDefinitionScanner] Ignored because not matching any filter: file [C:\Eclipse\workspace\spring-ldap-example\bin\ldap\advance\example\UserRepositoryImpl$UserAttributesMapper.class]
2016-02-03 20:09:00,026 TRACE   main [org.springframework.context.annotation.ClassPathBeanDefinitionScanner] Scanning file [C:\Eclipse\workspace\spring-ldap-example\bin\ldap\advance\example\UserRepositoryImpl.class]
2016-02-03 20:09:00,067 DEBUG   main [org.springframework.context.annotation.ClassPathBeanDefinitionScanner] Identified candidate component class: file [C:\Eclipse\workspace\spring-ldap-example\bin\ldap\advance\example\UserRepositoryImpl.class]
2016-02-03 20:09:00,068 TRACE   main [org.springframework.context.annotation.ClassPathBeanDefinitionScanner] Scanning file [C:\Eclipse\workspace\spring-ldap-example\bin\ldap\advance\example\UserRepositoryIntf.class]
2016-02-03 20:09:00,068 TRACE   main [org.springframework.context.annotation.ClassPathBeanDefinitionScanner] Ignored because not matching any filter: file [C:\Eclipse\workspace\spring-ldap-example\bin\ldap\advance\example\UserRepositoryIntf.class]
2016-02-03 20:09:00,291 DEBUG   main [org.springframework.beans.factory.xml.XmlBeanDefinitionReader] Loaded 9 bean definitions from location pattern [spring-ldap-example.xml]
2016-02-03 20:09:00,293 DEBUG   main [org.springframework.context.support.ClassPathXmlApplicationContext] Bean factory for org.springframework.context.support.ClassPathXmlApplicationContext@89ec211: org.springframework.beans.factory.support.DefaultListableBeanFactory@5c5d9afc: defining beans [userRepositoryImpl,org.springframework.context.annotation.internalConfigurationAnnotationProcessor,org.springframework.context.annotation.internalAutowiredAnnotationProcessor,org.springframework.context.annotation.internalRequiredAnnotationProcessor,org.springframework.context.annotation.internalCommonAnnotationProcessor,simpleDirContextAuthenticationStrategy,userReposImpl,contextSource,ldapTemplate]; root of factory hierarchy
2016-02-03 20:09:00,390 DEBUG   main [org.springframework.beans.factory.support.DefaultListableBeanFactory] Creating shared instance of singleton bean 'org.springframework.context.annotation.internalConfigurationAnnotationProcessor'
2016-02-03 20:09:00,391 DEBUG   main [org.springframework.beans.factory.support.DefaultListableBeanFactory] Creating instance of bean 'org.springframework.context.annotation.internalConfigurationAnnotationProcessor'
2016-02-03 20:09:00,414 DEBUG   main [org.springframework.beans.factory.support.DefaultListableBeanFactory] Eagerly caching bean 'org.springframework.context.annotation.internalConfigurationAnnotationProcessor' to allow for resolving potential circular references
2016-02-03 20:09:00,417 DEBUG   main [org.springframework.beans.factory.support.DefaultListableBeanFactory] Finished creating instance of bean 'org.springframework.context.annotation.internalConfigurationAnnotationProcessor'
2016-02-03 20:09:00,485 DEBUG   main [org.springframework.beans.factory.support.DefaultListableBeanFactory] Creating shared instance of singleton bean 'org.springframework.context.annotation.internalAutowiredAnnotationProcessor'
2016-02-03 20:09:00,486 DEBUG   main [org.springframework.beans.factory.support.DefaultListableBeanFactory] Creating instance of bean 'org.springframework.context.annotation.internalAutowiredAnnotationProcessor'
2016-02-03 20:09:00,489 DEBUG   main [org.springframework.beans.factory.support.DefaultListableBeanFactory] Eagerly caching bean 'org.springframework.context.annotation.internalAutowiredAnnotationProcessor' to allow for resolving potential circular references
2016-02-03 20:09:00,489 DEBUG   main [org.springframework.beans.factory.support.DefaultListableBeanFactory] Finished creating instance of bean 'org.springframework.context.annotation.internalAutowiredAnnotationProcessor'
2016-02-03 20:09:00,490 DEBUG   main [org.springframework.beans.factory.support.DefaultListableBeanFactory] Creating shared instance of singleton bean 'org.springframework.context.annotation.internalRequiredAnnotationProcessor'
2016-02-03 20:09:00,491 DEBUG   main [org.springframework.beans.factory.support.DefaultListableBeanFactory] Creating instance of bean 'org.springframework.context.annotation.internalRequiredAnnotationProcessor'
2016-02-03 20:09:00,492 DEBUG   main [org.springframework.beans.factory.support.DefaultListableBeanFactory] Eagerly caching bean 'org.springframework.context.annotation.internalRequiredAnnotationProcessor' to allow for resolving potential circular references
2016-02-03 20:09:00,493 DEBUG   main [org.springframework.beans.factory.support.DefaultListableBeanFactory] Finished creating instance of bean 'org.springframework.context.annotation.internalRequiredAnnotationProcessor'
2016-02-03 20:09:00,493 DEBUG   main [org.springframework.beans.factory.support.DefaultListableBeanFactory] Creating shared instance of singleton bean 'org.springframework.context.annotation.internalCommonAnnotationProcessor'
2016-02-03 20:09:00,494 DEBUG   main [org.springframework.beans.factory.support.DefaultListableBeanFactory] Creating instance of bean 'org.springframework.context.annotation.internalCommonAnnotationProcessor'
2016-02-03 20:09:00,506 DEBUG   main [org.springframework.beans.factory.support.DefaultListableBeanFactory] Eagerly caching bean 'org.springframework.context.annotation.internalCommonAnnotationProcessor' to allow for resolving potential circular references
2016-02-03 20:09:00,507 DEBUG   main [org.springframework.beans.factory.support.DefaultListableBeanFactory] Finished creating instance of bean 'org.springframework.context.annotation.internalCommonAnnotationProcessor'
2016-02-03 20:09:00,508 DEBUG   main [org.springframework.beans.factory.support.DefaultListableBeanFactory] Creating shared instance of singleton bean 'org.springframework.context.annotation.ConfigurationClassPostProcessor.importAwareProcessor'
2016-02-03 20:09:00,508 DEBUG   main [org.springframework.beans.factory.support.DefaultListableBeanFactory] Creating instance of bean 'org.springframework.context.annotation.ConfigurationClassPostProcessor.importAwareProcessor'
2016-02-03 20:09:00,508 DEBUG   main [org.springframework.beans.factory.support.DefaultListableBeanFactory] Eagerly caching bean 'org.springframework.context.annotation.ConfigurationClassPostProcessor.importAwareProcessor' to allow for resolving potential circular references
2016-02-03 20:09:00,508 DEBUG   main [org.springframework.beans.factory.support.DefaultListableBeanFactory] Finished creating instance of bean 'org.springframework.context.annotation.ConfigurationClassPostProcessor.importAwareProcessor'
2016-02-03 20:09:00,508 DEBUG   main [org.springframework.beans.factory.support.DefaultListableBeanFactory] Creating shared instance of singleton bean 'org.springframework.context.annotation.ConfigurationClassPostProcessor.enhancedConfigurationProcessor'
2016-02-03 20:09:00,509 DEBUG   main [org.springframework.beans.factory.support.DefaultListableBeanFactory] Creating instance of bean 'org.springframework.context.annotation.ConfigurationClassPostProcessor.enhancedConfigurationProcessor'
2016-02-03 20:09:00,509 DEBUG   main [org.springframework.beans.factory.support.DefaultListableBeanFactory] Eagerly caching bean 'org.springframework.context.annotation.ConfigurationClassPostProcessor.enhancedConfigurationProcessor' to allow for resolving potential circular references
2016-02-03 20:09:00,509 DEBUG   main [org.springframework.beans.factory.support.DefaultListableBeanFactory] Finished creating instance of bean 'org.springframework.context.annotation.ConfigurationClassPostProcessor.enhancedConfigurationProcessor'
2016-02-03 20:09:00,512 DEBUG   main [org.springframework.context.support.ClassPathXmlApplicationContext] Unable to locate MessageSource with name 'messageSource': using default [org.springframework.context.support.DelegatingMessageSource@423e8eb8]
2016-02-03 20:09:00,515 DEBUG   main [org.springframework.context.support.ClassPathXmlApplicationContext] Unable to locate ApplicationEventMulticaster with name 'applicationEventMulticaster': using default [org.springframework.context.event.SimpleApplicationEventMulticaster@2eaa00e4]
2016-02-03 20:09:00,516 DEBUG   main [org.springframework.beans.factory.support.DefaultListableBeanFactory] Pre-instantiating singletons in org.springframework.beans.factory.support.DefaultListableBeanFactory@5c5d9afc: defining beans [userRepositoryImpl,org.springframework.context.annotation.internalConfigurationAnnotationProcessor,org.springframework.context.annotation.internalAutowiredAnnotationProcessor,org.springframework.context.annotation.internalRequiredAnnotationProcessor,org.springframework.context.annotation.internalCommonAnnotationProcessor,simpleDirContextAuthenticationStrategy,userReposImpl,contextSource,ldapTemplate,org.springframework.context.annotation.ConfigurationClassPostProcessor.importAwareProcessor,org.springframework.context.annotation.ConfigurationClassPostProcessor.enhancedConfigurationProcessor]; root of factory hierarchy
2016-02-03 20:09:00,516 DEBUG   main [org.springframework.beans.factory.support.DefaultListableBeanFactory] Creating shared instance of singleton bean 'userRepositoryImpl'
2016-02-03 20:09:00,516 DEBUG   main [org.springframework.beans.factory.support.DefaultListableBeanFactory] Creating instance of bean 'userRepositoryImpl'
2016-02-03 20:09:00,545 DEBUG   main [org.springframework.beans.factory.annotation.InjectionMetadata] Registered injected element on class [ldap.advance.example.UserRepositoryImpl]: AutowiredFieldElement for private org.springframework.ldap.core.LdapTemplate ldap.advance.example.UserRepositoryImpl.ldapTemplate
2016-02-03 20:09:00,545 DEBUG   main [org.springframework.beans.factory.support.DefaultListableBeanFactory] Eagerly caching bean 'userRepositoryImpl' to allow for resolving potential circular references
2016-02-03 20:09:00,551 TRACE   main [org.springframework.core.io.support.SpringFactoriesLoader] Loaded [org.springframework.beans.BeanInfoFactory] names: [org.springframework.beans.ExtendedBeanInfoFactory]
2016-02-03 20:09:00,552 TRACE   main [org.springframework.beans.CachedIntrospectionResults] Getting BeanInfo for class [ldap.advance.example.UserRepositoryImpl]
2016-02-03 20:09:00,558 TRACE   main [org.springframework.beans.CachedIntrospectionResults] Caching PropertyDescriptors for class [ldap.advance.example.UserRepositoryImpl]
2016-02-03 20:09:00,558 TRACE   main [org.springframework.beans.CachedIntrospectionResults] Found bean property 'allUserNames' of type [java.util.List]
2016-02-03 20:09:00,563 TRACE   main [org.springframework.beans.CachedIntrospectionResults] Found bean property 'allUsers' of type [java.util.List]
2016-02-03 20:09:00,568 TRACE   main [org.springframework.beans.CachedIntrospectionResults] Found bean property 'class' of type [java.lang.Class]
2016-02-03 20:09:00,595 DEBUG   main [org.springframework.beans.factory.annotation.InjectionMetadata] Processing injected element of bean 'userRepositoryImpl': AutowiredFieldElement for private org.springframework.ldap.core.LdapTemplate ldap.advance.example.UserRepositoryImpl.ldapTemplate
2016-02-03 20:09:00,600 DEBUG   main [org.springframework.beans.factory.support.DefaultListableBeanFactory] Creating shared instance of singleton bean 'ldapTemplate'
2016-02-03 20:09:00,600 DEBUG   main [org.springframework.beans.factory.support.DefaultListableBeanFactory] Creating instance of bean 'ldapTemplate'
2016-02-03 20:09:00,627 DEBUG   main [org.springframework.beans.factory.support.DefaultListableBeanFactory] Eagerly caching bean 'ldapTemplate' to allow for resolving potential circular references
2016-02-03 20:09:00,627 TRACE   main [org.springframework.beans.CachedIntrospectionResults] Getting BeanInfo for class [org.springframework.ldap.core.LdapTemplate]
2016-02-03 20:09:00,649 TRACE   main [org.springframework.beans.CachedIntrospectionResults] Caching PropertyDescriptors for class [org.springframework.ldap.core.LdapTemplate]
2016-02-03 20:09:00,650 TRACE   main [org.springframework.beans.CachedIntrospectionResults] Found bean property 'class' of type [java.lang.Class]
2016-02-03 20:09:00,650 TRACE   main [org.springframework.beans.CachedIntrospectionResults] Found bean property 'contextSource' of type [org.springframework.ldap.core.ContextSource]
2016-02-03 20:09:00,650 TRACE   main [org.springframework.beans.CachedIntrospectionResults] Found bean property 'defaultCountLimit' of type [int]
2016-02-03 20:09:00,650 TRACE   main [org.springframework.beans.CachedIntrospectionResults] Found bean property 'defaultSearchScope' of type [int]
2016-02-03 20:09:00,650 TRACE   main [org.springframework.beans.CachedIntrospectionResults] Found bean property 'defaultTimeLimit' of type [int]
2016-02-03 20:09:00,651 TRACE   main [org.springframework.beans.CachedIntrospectionResults] Found bean property 'ignoreNameNotFoundException' of type [boolean]
2016-02-03 20:09:00,651 TRACE   main [org.springframework.beans.CachedIntrospectionResults] Found bean property 'ignorePartialResultException' of type [boolean]
2016-02-03 20:09:00,651 TRACE   main [org.springframework.beans.CachedIntrospectionResults] Found bean property 'ignoreSizeLimitExceededException' of type [boolean]
2016-02-03 20:09:00,652 TRACE   main [org.springframework.beans.CachedIntrospectionResults] Found bean property 'objectDirectoryMapper' of type [org.springframework.ldap.odm.core.ObjectDirectoryMapper]
2016-02-03 20:09:00,657 DEBUG   main [org.springframework.beans.factory.support.DefaultListableBeanFactory] Creating shared instance of singleton bean 'contextSource'
2016-02-03 20:09:00,657 DEBUG   main [org.springframework.beans.factory.support.DefaultListableBeanFactory] Creating instance of bean 'contextSource'
2016-02-03 20:09:00,661 DEBUG   main [org.springframework.beans.factory.support.DefaultListableBeanFactory] Creating instance of bean '(inner bean)#1e7eee8f'
2016-02-03 20:09:00,702 TRACE   main [org.springframework.beans.CachedIntrospectionResults] Getting BeanInfo for class [org.springframework.ldap.core.support.LdapContextSource]
2016-02-03 20:09:00,711 TRACE   main [org.springframework.beans.CachedIntrospectionResults] Caching PropertyDescriptors for class [org.springframework.ldap.core.support.LdapContextSource]
2016-02-03 20:09:00,711 TRACE   main [org.springframework.beans.CachedIntrospectionResults] Found bean property 'anonymousReadOnly' of type [boolean]
2016-02-03 20:09:00,711 TRACE   main [org.springframework.beans.CachedIntrospectionResults] Found bean property 'authenticationSource' of type [org.springframework.ldap.core.AuthenticationSource]
2016-02-03 20:09:00,711 TRACE   main [org.springframework.beans.CachedIntrospectionResults] Found bean property 'authenticationStrategy' of type [org.springframework.ldap.core.support.DirContextAuthenticationStrategy]
2016-02-03 20:09:00,712 TRACE   main [org.springframework.beans.CachedIntrospectionResults] Found bean property 'base' of type [java.lang.String]
2016-02-03 20:09:00,713 TRACE   main [org.springframework.beans.CachedIntrospectionResults] Found bean property 'baseEnvironmentProperties' of type [java.util.Map]
2016-02-03 20:09:00,713 TRACE   main [org.springframework.beans.CachedIntrospectionResults] Found bean property 'baseLdapName' of type [javax.naming.ldap.LdapName]
2016-02-03 20:09:00,713 TRACE   main [org.springframework.beans.CachedIntrospectionResults] Found bean property 'baseLdapPath' of type [org.springframework.ldap.core.DistinguishedName]
2016-02-03 20:09:00,713 TRACE   main [org.springframework.beans.CachedIntrospectionResults] Found bean property 'baseLdapPathAsString' of type [java.lang.String]
2016-02-03 20:09:00,713 TRACE   main [org.springframework.beans.CachedIntrospectionResults] Found bean property 'cacheEnvironmentProperties' of type [boolean]
2016-02-03 20:09:00,714 TRACE   main [org.springframework.beans.CachedIntrospectionResults] Found bean property 'class' of type [java.lang.Class]
2016-02-03 20:09:00,714 TRACE   main [org.springframework.beans.CachedIntrospectionResults] Found bean property 'contextFactory' of type [java.lang.Class]
2016-02-03 20:09:00,714 TRACE   main [org.springframework.beans.CachedIntrospectionResults] Found bean property 'dirObjectFactory' of type [java.lang.Class]
2016-02-03 20:09:00,714 TRACE   main [org.springframework.beans.CachedIntrospectionResults] Found bean property 'password' of type [java.lang.String]
2016-02-03 20:09:00,714 TRACE   main [org.springframework.beans.CachedIntrospectionResults] Found bean property 'pooled' of type [boolean]
2016-02-03 20:09:00,714 TRACE   main [org.springframework.beans.CachedIntrospectionResults] Found bean property 'readOnlyContext' of type [javax.naming.directory.DirContext]
2016-02-03 20:09:00,714 TRACE   main [org.springframework.beans.CachedIntrospectionResults] Found bean property 'readWriteContext' of type [javax.naming.directory.DirContext]
2016-02-03 20:09:00,714 TRACE   main [org.springframework.beans.CachedIntrospectionResults] Found bean property 'referral' of type [java.lang.String]
2016-02-03 20:09:00,714 TRACE   main [org.springframework.beans.CachedIntrospectionResults] Found bean property 'url' of type [java.lang.String]
2016-02-03 20:09:00,715 TRACE   main [org.springframework.beans.CachedIntrospectionResults] Found bean property 'urls' of type [[Ljava.lang.String;]
2016-02-03 20:09:00,715 TRACE   main [org.springframework.beans.CachedIntrospectionResults] Found bean property 'userDn' of type [java.lang.String]
2016-02-03 20:09:00,719 DEBUG   main [org.springframework.beans.factory.support.DefaultListableBeanFactory] Creating instance of bean '(inner bean)#67cbabb9'
2016-02-03 20:09:00,732 TRACE   main [org.springframework.beans.CachedIntrospectionResults] Getting BeanInfo for class [[Ljava.lang.String;]
2016-02-03 20:09:00,732 TRACE   main [org.springframework.beans.CachedIntrospectionResults] Caching PropertyDescriptors for class [[Ljava.lang.String;]
2016-02-03 20:09:00,732 TRACE   main [org.springframework.beans.CachedIntrospectionResults] Found bean property 'class' of type [java.lang.Class]
2016-02-03 20:09:00,733 DEBUG   main [org.springframework.beans.factory.support.DefaultListableBeanFactory] Finished creating instance of bean '(inner bean)#67cbabb9'
2016-02-03 20:09:00,733 DEBUG   main [org.springframework.beans.factory.support.DefaultListableBeanFactory] Creating shared instance of singleton bean 'simpleDirContextAuthenticationStrategy'
2016-02-03 20:09:00,734 DEBUG   main [org.springframework.beans.factory.support.DefaultListableBeanFactory] Creating instance of bean 'simpleDirContextAuthenticationStrategy'
2016-02-03 20:09:00,734 DEBUG   main [org.springframework.beans.factory.support.DefaultListableBeanFactory] Eagerly caching bean 'simpleDirContextAuthenticationStrategy' to allow for resolving potential circular references
2016-02-03 20:09:00,734 TRACE   main [org.springframework.beans.CachedIntrospectionResults] Getting BeanInfo for class [org.springframework.ldap.core.support.SimpleDirContextAuthenticationStrategy]
2016-02-03 20:09:00,735 TRACE   main [org.springframework.beans.CachedIntrospectionResults] Caching PropertyDescriptors for class [org.springframework.ldap.core.support.SimpleDirContextAuthenticationStrategy]
2016-02-03 20:09:00,735 TRACE   main [org.springframework.beans.CachedIntrospectionResults] Found bean property 'class' of type [java.lang.Class]
2016-02-03 20:09:00,736 DEBUG   main [org.springframework.beans.factory.support.DefaultListableBeanFactory] Finished creating instance of bean 'simpleDirContextAuthenticationStrategy'
2016-02-03 20:09:00,738 DEBUG   main [org.springframework.beans.factory.support.DefaultListableBeanFactory] Invoking afterPropertiesSet() on bean with name '(inner bean)#1e7eee8f'
2016-02-03 20:09:00,744 DEBUG   main [org.springframework.beans.factory.support.DefaultListableBeanFactory] Finished creating instance of bean '(inner bean)#1e7eee8f'
2016-02-03 20:09:00,746 DEBUG   main [org.springframework.beans.factory.support.DefaultListableBeanFactory] Eagerly caching bean 'contextSource' to allow for resolving potential circular references
2016-02-03 20:09:00,747 TRACE   main [org.springframework.beans.CachedIntrospectionResults] Getting BeanInfo for class [org.springframework.ldap.transaction.compensating.manager.TransactionAwareContextSourceProxy]
2016-02-03 20:09:00,749 TRACE   main [org.springframework.beans.CachedIntrospectionResults] Caching PropertyDescriptors for class [org.springframework.ldap.transaction.compensating.manager.TransactionAwareContextSourceProxy]
2016-02-03 20:09:00,749 TRACE   main [org.springframework.beans.CachedIntrospectionResults] Found bean property 'baseLdapName' of type [javax.naming.ldap.LdapName]
2016-02-03 20:09:00,749 TRACE   main [org.springframework.beans.CachedIntrospectionResults] Found bean property 'baseLdapPath' of type [org.springframework.ldap.core.DistinguishedName]
2016-02-03 20:09:00,749 TRACE   main [org.springframework.beans.CachedIntrospectionResults] Found bean property 'baseLdapPathAsString' of type [java.lang.String]
2016-02-03 20:09:00,749 TRACE   main [org.springframework.beans.CachedIntrospectionResults] Found bean property 'class' of type [java.lang.Class]
2016-02-03 20:09:00,749 TRACE   main [org.springframework.beans.CachedIntrospectionResults] Found bean property 'readOnlyContext' of type [javax.naming.directory.DirContext]
2016-02-03 20:09:00,749 TRACE   main [org.springframework.beans.CachedIntrospectionResults] Found bean property 'readWriteContext' of type [javax.naming.directory.DirContext]
2016-02-03 20:09:00,749 TRACE   main [org.springframework.beans.CachedIntrospectionResults] Found bean property 'target' of type [org.springframework.ldap.core.ContextSource]
2016-02-03 20:09:00,749 DEBUG   main [org.springframework.beans.factory.support.DefaultListableBeanFactory] Finished creating instance of bean 'contextSource'
2016-02-03 20:09:00,750 DEBUG   main [org.springframework.beans.factory.support.DefaultListableBeanFactory] Invoking afterPropertiesSet() on bean with name 'ldapTemplate'
2016-02-03 20:09:00,750 DEBUG   main [org.springframework.beans.factory.support.DefaultListableBeanFactory] Finished creating instance of bean 'ldapTemplate'
2016-02-03 20:09:00,750 DEBUG   main [org.springframework.beans.factory.annotation.AutowiredAnnotationBeanPostProcessor] Autowiring by type from bean name 'userRepositoryImpl' to bean named 'ldapTemplate'
2016-02-03 20:09:00,751 DEBUG   main [org.springframework.beans.factory.support.DefaultListableBeanFactory] Finished creating instance of bean 'userRepositoryImpl'
2016-02-03 20:09:00,751 DEBUG   main [org.springframework.beans.factory.support.DefaultListableBeanFactory] Returning cached instance of singleton bean 'org.springframework.context.annotation.internalConfigurationAnnotationProcessor'
2016-02-03 20:09:00,751 DEBUG   main [org.springframework.beans.factory.support.DefaultListableBeanFactory] Returning cached instance of singleton bean 'org.springframework.context.annotation.internalAutowiredAnnotationProcessor'
2016-02-03 20:09:00,751 DEBUG   main [org.springframework.beans.factory.support.DefaultListableBeanFactory] Returning cached instance of singleton bean 'org.springframework.context.annotation.internalRequiredAnnotationProcessor'
2016-02-03 20:09:00,751 DEBUG   main [org.springframework.beans.factory.support.DefaultListableBeanFactory] Returning cached instance of singleton bean 'org.springframework.context.annotation.internalCommonAnnotationProcessor'
2016-02-03 20:09:00,752 DEBUG   main [org.springframework.beans.factory.support.DefaultListableBeanFactory] Returning cached instance of singleton bean 'simpleDirContextAuthenticationStrategy'
2016-02-03 20:09:00,752 DEBUG   main [org.springframework.beans.factory.support.DefaultListableBeanFactory] Creating shared instance of singleton bean 'userReposImpl'
2016-02-03 20:09:00,752 DEBUG   main [org.springframework.beans.factory.support.DefaultListableBeanFactory] Creating instance of bean 'userReposImpl'
2016-02-03 20:09:00,752 DEBUG   main [org.springframework.beans.factory.annotation.InjectionMetadata] Registered injected element on class [ldap.advance.example.UserRepositoryImpl]: AutowiredFieldElement for private org.springframework.ldap.core.LdapTemplate ldap.advance.example.UserRepositoryImpl.ldapTemplate
2016-02-03 20:09:00,752 DEBUG   main [org.springframework.beans.factory.support.DefaultListableBeanFactory] Eagerly caching bean 'userReposImpl' to allow for resolving potential circular references
2016-02-03 20:09:00,753 DEBUG   main [org.springframework.beans.factory.annotation.InjectionMetadata] Processing injected element of bean 'userReposImpl': AutowiredFieldElement for private org.springframework.ldap.core.LdapTemplate ldap.advance.example.UserRepositoryImpl.ldapTemplate
2016-02-03 20:09:00,753 DEBUG   main [org.springframework.beans.factory.support.DefaultListableBeanFactory] Returning cached instance of singleton bean 'ldapTemplate'
2016-02-03 20:09:00,755 DEBUG   main [org.springframework.beans.factory.annotation.AutowiredAnnotationBeanPostProcessor] Autowiring by type from bean name 'userReposImpl' to bean named 'ldapTemplate'
2016-02-03 20:09:00,755 DEBUG   main [org.springframework.beans.factory.support.DefaultListableBeanFactory] Finished creating instance of bean 'userReposImpl'
2016-02-03 20:09:00,755 DEBUG   main [org.springframework.beans.factory.support.DefaultListableBeanFactory] Returning cached instance of singleton bean 'contextSource'
2016-02-03 20:09:00,755 DEBUG   main [org.springframework.beans.factory.support.DefaultListableBeanFactory] Returning cached instance of singleton bean 'ldapTemplate'
2016-02-03 20:09:00,755 DEBUG   main [org.springframework.beans.factory.support.DefaultListableBeanFactory] Returning cached instance of singleton bean 'org.springframework.context.annotation.ConfigurationClassPostProcessor.importAwareProcessor'
2016-02-03 20:09:00,756 DEBUG   main [org.springframework.beans.factory.support.DefaultListableBeanFactory] Returning cached instance of singleton bean 'org.springframework.context.annotation.ConfigurationClassPostProcessor.enhancedConfigurationProcessor'
2016-02-03 20:09:00,762 DEBUG   main [org.springframework.context.support.ClassPathXmlApplicationContext] Unable to locate LifecycleProcessor with name 'lifecycleProcessor': using default [org.springframework.context.support.DefaultLifecycleProcessor@7c1ba98b]
2016-02-03 20:09:00,763 DEBUG   main [org.springframework.beans.factory.support.DefaultListableBeanFactory] Returning cached instance of singleton bean 'lifecycleProcessor'
2016-02-03 20:09:00,763 TRACE   main [org.springframework.context.support.ClassPathXmlApplicationContext] Publishing event in org.springframework.context.support.ClassPathXmlApplicationContext@89ec211: org.springframework.context.event.ContextRefreshedEvent[source=org.springframework.context.support.ClassPathXmlApplicationContext@89ec211: startup date [Wed Feb 03 20:08:59 EST 2016]; root of context hierarchy]
2016-02-03 20:09:00,765 TRACE   main [org.springframework.core.env.PropertySourcesPropertyResolver] getProperty("spring.liveBeansView.mbeanDomain", String)
2016-02-03 20:09:00,766 DEBUG   main [org.springframework.core.env.PropertySourcesPropertyResolver] Searching for key 'spring.liveBeansView.mbeanDomain' in [systemProperties]
2016-02-03 20:09:00,767 DEBUG   main [org.springframework.core.env.PropertySourcesPropertyResolver] Searching for key 'spring.liveBeansView.mbeanDomain' in [systemEnvironment]
2016-02-03 20:09:00,767 DEBUG   main [org.springframework.core.env.PropertySourcesPropertyResolver] Could not find key 'spring.liveBeansView.mbeanDomain' in any property source. Returning [null]
2016-02-03 20:09:00,767 INFO   main [ldap.advance.example.test.LdapApp] Test started at Wed Feb 03 20:08:59 EST 2016
2016-02-03 20:09:00,767 DEBUG   main [org.springframework.beans.factory.support.DefaultListableBeanFactory] Returning cached instance of singleton bean 'userReposImpl'
2016-02-03 20:09:00,767 INFO   main [ldap.advance.example.UserRepositoryImpl] executing {createUser}
2016-02-03 20:13:03,655 DEBUG   main [org.springframework.core.env.StandardEnvironment] Adding [systemProperties] PropertySource with lowest search precedence
2016-02-03 20:13:03,660 DEBUG   main [org.springframework.core.env.StandardEnvironment] Adding [systemEnvironment] PropertySource with lowest search precedence
2016-02-03 20:13:03,661 DEBUG   main [org.springframework.core.env.StandardEnvironment] Initialized StandardEnvironment with PropertySources [systemProperties,systemEnvironment]
2016-02-03 20:13:03,669 INFO   main [org.springframework.context.support.ClassPathXmlApplicationContext] Refreshing org.springframework.context.support.ClassPathXmlApplicationContext@450faed3: startup date [Wed Feb 03 20:13:03 EST 2016]; root of context hierarchy
2016-02-03 20:13:03,731 DEBUG   main [org.springframework.core.env.StandardEnvironment] Adding [systemProperties] PropertySource with lowest search precedence
2016-02-03 20:13:03,731 DEBUG   main [org.springframework.core.env.StandardEnvironment] Adding [systemEnvironment] PropertySource with lowest search precedence
2016-02-03 20:13:03,731 DEBUG   main [org.springframework.core.env.StandardEnvironment] Initialized StandardEnvironment with PropertySources [systemProperties,systemEnvironment]
2016-02-03 20:13:03,766 INFO   main [org.springframework.beans.factory.xml.XmlBeanDefinitionReader] Loading XML bean definitions from class path resource [spring-ldap-example.xml]
2016-02-03 20:13:03,781 DEBUG   main [org.springframework.beans.factory.xml.DefaultDocumentLoader] Using JAXP provider [com.sun.org.apache.xerces.internal.jaxp.DocumentBuilderFactoryImpl]
2016-02-03 20:13:03,836 TRACE   main [org.springframework.beans.factory.xml.PluggableSchemaResolver] Trying to resolve XML entity with public id [null] and system id [http://www.springframework.org/schema/beans/spring-beans.xsd]
2016-02-03 20:13:03,836 DEBUG   main [org.springframework.beans.factory.xml.PluggableSchemaResolver] Loading schema mappings from [META-INF/spring.schemas]
2016-02-03 20:13:03,867 DEBUG   main [org.springframework.beans.factory.xml.PluggableSchemaResolver] Loaded schema mappings: {http://www.springframework.org/schema/tx/spring-tx-2.5.xsd=org/springframework/transaction/config/spring-tx-2.5.xsd, http://www.springframework.org/schema/cache/spring-cache-4.2.xsd=org/springframework/cache/config/spring-cache-4.2.xsd, http://www.springframework.org/schema/aop/spring-aop-4.1.xsd=org/springframework/aop/config/spring-aop-4.1.xsd, http://www.springframework.org/schema/context/spring-context-3.1.xsd=org/springframework/context/config/spring-context-3.1.xsd, http://www.springframework.org/schema/data/repository/spring-repository-1.4.xsd=org/springframework/data/repository/config/spring-repository-1.4.xsd, http://www.springframework.org/schema/util/spring-util-3.0.xsd=org/springframework/beans/factory/xml/spring-util-3.0.xsd, http://www.springframework.org/schema/tool/spring-tool.xsd=org/springframework/beans/factory/xml/spring-tool-4.2.xsd, http://www.springframework.org/schema/aop/spring-aop-3.2.xsd=org/springframework/aop/config/spring-aop-3.2.xsd, http://www.springframework.org/schema/lang/spring-lang-4.1.xsd=org/springframework/scripting/config/spring-lang-4.1.xsd, http://www.springframework.org/schema/context/spring-context-4.0.xsd=org/springframework/context/config/spring-context-4.0.xsd, http://www.springframework.org/schema/beans/spring-beans-4.2.xsd=org/springframework/beans/factory/xml/spring-beans-4.2.xsd, http://www.springframework.org/schema/tool/spring-tool-4.1.xsd=org/springframework/beans/factory/xml/spring-tool-4.1.xsd, http://www.springframework.org/schema/lang/spring-lang-3.2.xsd=org/springframework/scripting/config/spring-lang-3.2.xsd, http://www.springframework.org/schema/cache/spring-cache-3.2.xsd=org/springframework/cache/config/spring-cache-3.2.xsd, http://www.springframework.org/schema/jee/spring-jee-4.1.xsd=org/springframework/ejb/config/spring-jee-4.1.xsd, http://www.springframework.org/schema/task/spring-task-4.2.xsd=org/springframework/scheduling/config/spring-task-4.2.xsd, http://www.springframework.org/schema/util/spring-util-2.0.xsd=org/springframework/beans/factory/xml/spring-util-2.0.xsd, http://www.springframework.org/schema/tool/spring-tool-3.2.xsd=org/springframework/beans/factory/xml/spring-tool-3.2.xsd, http://www.springframework.org/schema/context/spring-context.xsd=org/springframework/context/config/spring-context-4.2.xsd, http://www.springframework.org/schema/tx/spring-tx-4.2.xsd=org/springframework/transaction/config/spring-tx-4.2.xsd, http://www.springframework.org/schema/cache/spring-cache-4.1.xsd=org/springframework/cache/config/spring-cache-4.1.xsd, http://www.springframework.org/schema/aop/spring-aop-4.0.xsd=org/springframework/aop/config/spring-aop-4.0.xsd, http://www.springframework.org/schema/jee/spring-jee-3.2.xsd=org/springframework/ejb/config/spring-jee-3.2.xsd, http://www.springframework.org/schema/context/spring-context-3.0.xsd=org/springframework/context/config/spring-context-3.0.xsd, http://www.springframework.org/schema/util/spring-util-2.5.xsd=org/springframework/beans/factory/xml/spring-util-2.5.xsd, http://www.springframework.org/schema/beans/spring-beans-3.2.xsd=org/springframework/beans/factory/xml/spring-beans-3.2.xsd, http://www.springframework.org/schema/aop/spring-aop-3.1.xsd=org/springframework/aop/config/spring-aop-3.1.xsd, http://www.springframework.org/schema/ldap/spring-ldap-2.0.xsd=org/springframework/ldap/config/spring-ldap-2.0.xsd, http://www.springframework.org/schema/lang/spring-lang-4.0.xsd=org/springframework/scripting/config/spring-lang-4.0.xsd, http://www.springframework.org/schema/beans/spring-beans-4.1.xsd=org/springframework/beans/factory/xml/spring-beans-4.1.xsd, http://www.springframework.org/schema/tool/spring-tool-4.0.xsd=org/springframework/beans/factory/xml/spring-tool-4.0.xsd, http://www.springframework.org/schema/tx/spring-tx-3.2.xsd=org/springframework/transaction/config/spring-tx-3.2.xsd, http://www.springframework.org/schema/lang/spring-lang-3.1.xsd=org/springframework/scripting/config/spring-lang-3.1.xsd, http://www.springframework.org/schema/cache/spring-cache-3.1.xsd=org/springframework/cache/config/spring-cache-3.1.xsd, http://www.springframework.org/schema/jee/spring-jee-4.0.xsd=org/springframework/ejb/config/spring-jee-4.0.xsd, http://www.springframework.org/schema/task/spring-task-4.1.xsd=org/springframework/scheduling/config/spring-task-4.1.xsd, http://www.springframework.org/schema/tool/spring-tool-3.1.xsd=org/springframework/beans/factory/xml/spring-tool-3.1.xsd, http://www.springframework.org/schema/tx/spring-tx-4.1.xsd=org/springframework/transaction/config/spring-tx-4.1.xsd, http://www.springframework.org/schema/cache/spring-cache-4.0.xsd=org/springframework/cache/config/spring-cache-4.0.xsd, http://www.springframework.org/schema/jee/spring-jee-3.1.xsd=org/springframework/ejb/config/spring-jee-3.1.xsd, http://www.springframework.org/schema/task/spring-task-3.2.xsd=org/springframework/scheduling/config/spring-task-3.2.xsd, http://www.springframework.org/schema/util/spring-util-4.2.xsd=org/springframework/beans/factory/xml/spring-util-4.2.xsd, http://www.springframework.org/schema/beans/spring-beans-3.1.xsd=org/springframework/beans/factory/xml/spring-beans-3.1.xsd, http://www.springframework.org/schema/util/spring-util.xsd=org/springframework/beans/factory/xml/spring-util-4.2.xsd, http://www.springframework.org/schema/aop/spring-aop-3.0.xsd=org/springframework/aop/config/spring-aop-3.0.xsd, http://www.springframework.org/schema/data/repository/spring-repository.xsd=org/springframework/data/repository/config/spring-repository-1.7.xsd, http://www.springframework.org/schema/data/repository/spring-repository-1.7.xsd=org/springframework/data/repository/config/spring-repository-1.7.xsd, http://www.springframework.org/schema/ldap/spring-ldap.xsd=org/springframework/ldap/config/spring-ldap-2.0.xsd, http://www.springframework.org/schema/beans/spring-beans-4.0.xsd=org/springframework/beans/factory/xml/spring-beans-4.0.xsd, http://www.springframework.org/schema/beans/spring-beans.xsd=org/springframework/beans/factory/xml/spring-beans-4.2.xsd, http://www.springframework.org/schema/tx/spring-tx-3.1.xsd=org/springframework/transaction/config/spring-tx-3.1.xsd, http://www.springframework.org/schema/lang/spring-lang-3.0.xsd=org/springframework/scripting/config/spring-lang-3.0.xsd, http://www.springframework.org/schema/context/spring-context-2.5.xsd=org/springframework/context/config/spring-context-2.5.xsd, http://www.springframework.org/schema/task/spring-task-4.0.xsd=org/springframework/scheduling/config/spring-task-4.0.xsd, http://www.springframework.org/schema/tool/spring-tool-3.0.xsd=org/springframework/beans/factory/xml/spring-tool-3.0.xsd, http://www.springframework.org/schema/tx/spring-tx-4.0.xsd=org/springframework/transaction/config/spring-tx-4.0.xsd, http://www.springframework.org/schema/aop/spring-aop-2.0.xsd=org/springframework/aop/config/spring-aop-2.0.xsd, http://www.springframework.org/schema/jee/spring-jee-3.0.xsd=org/springframework/ejb/config/spring-jee-3.0.xsd, http://www.springframework.org/schema/util/spring-util-4.1.xsd=org/springframework/beans/factory/xml/spring-util-4.1.xsd, http://www.springframework.org/schema/task/spring-task-3.1.xsd=org/springframework/scheduling/config/spring-task-3.1.xsd, http://www.springframework.org/schema/beans/spring-beans-3.0.xsd=org/springframework/beans/factory/xml/spring-beans-3.0.xsd, http://www.springframework.org/schema/jee/spring-jee.xsd=org/springframework/ejb/config/spring-jee-4.2.xsd, http://www.springframework.org/schema/aop/spring-aop-2.5.xsd=org/springframework/aop/config/spring-aop-2.5.xsd, http://www.springframework.org/schema/lang/spring-lang-2.0.xsd=org/springframework/scripting/config/spring-lang-2.0.xsd, http://www.springframework.org/schema/data/repository/spring-repository-1.6.xsd=org/springframework/data/repository/config/spring-repository-1.6.xsd, http://www.springframework.org/schema/util/spring-util-3.2.xsd=org/springframework/beans/factory/xml/spring-util-3.2.xsd, http://www.springframework.org/schema/task/spring-task.xsd=org/springframework/scheduling/config/spring-task-4.2.xsd, http://www.springframework.org/schema/tool/spring-tool-2.0.xsd=org/springframework/beans/factory/xml/spring-tool-2.0.xsd, http://www.springframework.org/schema/tx/spring-tx-3.0.xsd=org/springframework/transaction/config/spring-tx-3.0.xsd, http://www.springframework.org/schema/lang/spring-lang-2.5.xsd=org/springframework/scripting/config/spring-lang-2.5.xsd, http://www.springframework.org/schema/context/spring-context-4.2.xsd=org/springframework/context/config/spring-context-4.2.xsd, http://www.springframework.org/schema/jee/spring-jee-2.0.xsd=org/springframework/ejb/config/spring-jee-2.0.xsd, http://www.springframework.org/schema/tool/spring-tool-2.5.xsd=org/springframework/beans/factory/xml/spring-tool-2.5.xsd, http://www.springframework.org/schema/jee/spring-jee-2.5.xsd=org/springframework/ejb/config/spring-jee-2.5.xsd, http://www.springframework.org/schema/data/repository/spring-repository-1.0.xsd=org/springframework/data/repository/config/spring-repository-1.0.xsd, http://www.springframework.org/schema/util/spring-util-4.0.xsd=org/springframework/beans/factory/xml/spring-util-4.0.xsd, http://www.springframework.org/schema/task/spring-task-3.0.xsd=org/springframework/scheduling/config/spring-task-3.0.xsd, http://www.springframework.org/schema/aop/spring-aop-4.2.xsd=org/springframework/aop/config/spring-aop-4.2.xsd, http://www.springframework.org/schema/lang/spring-lang.xsd=org/springframework/scripting/config/spring-lang-4.2.xsd, http://www.springframework.org/schema/context/spring-context-3.2.xsd=org/springframework/context/config/spring-context-3.2.xsd, http://www.springframework.org/schema/data/repository/spring-repository-1.5.xsd=org/springframework/data/repository/config/spring-repository-1.5.xsd, http://www.springframework.org/schema/util/spring-util-3.1.xsd=org/springframework/beans/factory/xml/spring-util-3.1.xsd, http://www.springframework.org/schema/beans/spring-beans-2.0.xsd=org/springframework/beans/factory/xml/spring-beans-2.0.xsd, http://www.springframework.org/schema/cache/spring-cache.xsd=org/springframework/cache/config/spring-cache-4.2.xsd, http://www.springframework.org/schema/tx/spring-tx.xsd=org/springframework/transaction/config/spring-tx-4.2.xsd, http://www.springframework.org/schema/lang/spring-lang-4.2.xsd=org/springframework/scripting/config/spring-lang-4.2.xsd, http://www.springframework.org/schema/context/spring-context-4.1.xsd=org/springframework/context/config/spring-context-4.1.xsd, http://www.springframework.org/schema/beans/spring-beans-2.5.xsd=org/springframework/beans/factory/xml/spring-beans-2.5.xsd, http://www.springframework.org/schema/tool/spring-tool-4.2.xsd=org/springframework/beans/factory/xml/spring-tool-4.2.xsd, http://www.springframework.org/schema/tx/spring-tx-2.0.xsd=org/springframework/transaction/config/spring-tx-2.0.xsd, http://www.springframework.org/schema/jee/spring-jee-4.2.xsd=org/springframework/ejb/config/spring-jee-4.2.xsd, http://www.springframework.org/schema/aop/spring-aop.xsd=org/springframework/aop/config/spring-aop-4.2.xsd}
2016-02-03 20:13:03,896 DEBUG   main [org.springframework.beans.factory.xml.PluggableSchemaResolver] Found XML schema [http://www.springframework.org/schema/beans/spring-beans.xsd] in classpath: org/springframework/beans/factory/xml/spring-beans-4.2.xsd
2016-02-03 20:13:04,110 TRACE   main [org.springframework.beans.factory.xml.PluggableSchemaResolver] Trying to resolve XML entity with public id [null] and system id [http://www.springframework.org/schema/context/spring-context.xsd]
2016-02-03 20:13:04,113 DEBUG   main [org.springframework.beans.factory.xml.PluggableSchemaResolver] Found XML schema [http://www.springframework.org/schema/context/spring-context.xsd] in classpath: org/springframework/context/config/spring-context-4.2.xsd
2016-02-03 20:13:04,150 TRACE   main [org.springframework.beans.factory.xml.PluggableSchemaResolver] Trying to resolve XML entity with public id [null] and system id [http://www.springframework.org/schema/tool/spring-tool-4.2.xsd]
2016-02-03 20:13:04,155 DEBUG   main [org.springframework.beans.factory.xml.PluggableSchemaResolver] Found XML schema [http://www.springframework.org/schema/tool/spring-tool-4.2.xsd] in classpath: org/springframework/beans/factory/xml/spring-tool-4.2.xsd
2016-02-03 20:13:04,166 TRACE   main [org.springframework.beans.factory.xml.PluggableSchemaResolver] Trying to resolve XML entity with public id [null] and system id [http://www.springframework.org/schema/ldap/spring-ldap.xsd]
2016-02-03 20:13:04,167 DEBUG   main [org.springframework.beans.factory.xml.PluggableSchemaResolver] Found XML schema [http://www.springframework.org/schema/ldap/spring-ldap.xsd] in classpath: org/springframework/ldap/config/spring-ldap-2.0.xsd
2016-02-03 20:13:04,197 TRACE   main [org.springframework.beans.factory.xml.PluggableSchemaResolver] Trying to resolve XML entity with public id [null] and system id [http://www.springframework.org/schema/data/repository/spring-repository.xsd]
2016-02-03 20:13:04,198 DEBUG   main [org.springframework.beans.factory.xml.PluggableSchemaResolver] Found XML schema [http://www.springframework.org/schema/data/repository/spring-repository.xsd] in classpath: org/springframework/data/repository/config/spring-repository-1.7.xsd
2016-02-03 20:13:04,239 DEBUG   main [org.springframework.beans.factory.xml.DefaultBeanDefinitionDocumentReader] Loading bean definitions
2016-02-03 20:13:04,281 DEBUG   main [org.springframework.beans.factory.xml.DefaultNamespaceHandlerResolver] Loaded NamespaceHandler mappings: {http://www.springframework.org/schema/p=org.springframework.beans.factory.xml.SimplePropertyNamespaceHandler, http://www.springframework.org/schema/util=org.springframework.beans.factory.xml.UtilNamespaceHandler, http://www.springframework.org/schema/jee=org.springframework.ejb.config.JeeNamespaceHandler, http://www.springframework.org/schema/aop=org.springframework.aop.config.AopNamespaceHandler, http://www.springframework.org/schema/data/repository=org.springframework.data.repository.config.RepositoryNameSpaceHandler, http://www.springframework.org/schema/cache=org.springframework.cache.config.CacheNamespaceHandler, http://www.springframework.org/schema/c=org.springframework.beans.factory.xml.SimpleConstructorNamespaceHandler, http://www.springframework.org/schema/ldap=org.springframework.ldap.config.LdapNamespaceHandler, http://www.springframework.org/schema/tx=org.springframework.transaction.config.TxNamespaceHandler, http://www.springframework.org/schema/task=org.springframework.scheduling.config.TaskNamespaceHandler, http://www.springframework.org/schema/lang=org.springframework.scripting.config.LangNamespaceHandler, http://www.springframework.org/schema/context=org.springframework.context.config.ContextNamespaceHandler}
2016-02-03 20:13:04,316 DEBUG   main [org.springframework.core.env.StandardEnvironment] Adding [systemProperties] PropertySource with lowest search precedence
2016-02-03 20:13:04,317 DEBUG   main [org.springframework.core.env.StandardEnvironment] Adding [systemEnvironment] PropertySource with lowest search precedence
2016-02-03 20:13:04,323 DEBUG   main [org.springframework.core.env.StandardEnvironment] Initialized StandardEnvironment with PropertySources [systemProperties,systemEnvironment]
2016-02-03 20:13:04,374 DEBUG   main [org.springframework.core.io.support.PathMatchingResourcePatternResolver] Looking for matching resources in directory tree [C:\Eclipse\workspace\spring-ldap-example\bin\ldap\advance\example]
2016-02-03 20:13:04,377 DEBUG   main [org.springframework.core.io.support.PathMatchingResourcePatternResolver] Searching directory [C:\Eclipse\workspace\spring-ldap-example\bin\ldap\advance\example] for files matching pattern [C:/Eclipse/workspace/spring-ldap-example/bin/ldap/advance/example/**/*.class]
2016-02-03 20:13:04,381 DEBUG   main [org.springframework.core.io.support.PathMatchingResourcePatternResolver] Searching directory [C:\Eclipse\workspace\spring-ldap-example\bin\ldap\advance\example\test] for files matching pattern [C:/Eclipse/workspace/spring-ldap-example/bin/ldap/advance/example/**/*.class]
2016-02-03 20:13:04,395 DEBUG   main [org.springframework.core.io.support.PathMatchingResourcePatternResolver] Resolved location pattern [classpath*:ldap/advance/example/**/*.class] to resources [file [C:\Eclipse\workspace\spring-ldap-example\bin\ldap\advance\example\test\LdapApp.class], file [C:\Eclipse\workspace\spring-ldap-example\bin\ldap\advance\example\User.class], file [C:\Eclipse\workspace\spring-ldap-example\bin\ldap\advance\example\UserRepositoryImpl$MultipleAttributesMapper.class], file [C:\Eclipse\workspace\spring-ldap-example\bin\ldap\advance\example\UserRepositoryImpl$SingleAttributesMapper.class], file [C:\Eclipse\workspace\spring-ldap-example\bin\ldap\advance\example\UserRepositoryImpl$UserAttributesMapper.class], file [C:\Eclipse\workspace\spring-ldap-example\bin\ldap\advance\example\UserRepositoryImpl.class], file [C:\Eclipse\workspace\spring-ldap-example\bin\ldap\advance\example\UserRepositoryIntf.class]]
2016-02-03 20:13:04,395 TRACE   main [org.springframework.context.annotation.ClassPathBeanDefinitionScanner] Scanning file [C:\Eclipse\workspace\spring-ldap-example\bin\ldap\advance\example\test\LdapApp.class]
2016-02-03 20:13:04,437 TRACE   main [org.springframework.context.annotation.ClassPathBeanDefinitionScanner] Ignored because not matching any filter: file [C:\Eclipse\workspace\spring-ldap-example\bin\ldap\advance\example\test\LdapApp.class]
2016-02-03 20:13:04,437 TRACE   main [org.springframework.context.annotation.ClassPathBeanDefinitionScanner] Scanning file [C:\Eclipse\workspace\spring-ldap-example\bin\ldap\advance\example\User.class]
2016-02-03 20:13:04,438 TRACE   main [org.springframework.context.annotation.ClassPathBeanDefinitionScanner] Ignored because not matching any filter: file [C:\Eclipse\workspace\spring-ldap-example\bin\ldap\advance\example\User.class]
2016-02-03 20:13:04,438 TRACE   main [org.springframework.context.annotation.ClassPathBeanDefinitionScanner] Scanning file [C:\Eclipse\workspace\spring-ldap-example\bin\ldap\advance\example\UserRepositoryImpl$MultipleAttributesMapper.class]
2016-02-03 20:13:04,439 TRACE   main [org.springframework.context.annotation.ClassPathBeanDefinitionScanner] Ignored because not matching any filter: file [C:\Eclipse\workspace\spring-ldap-example\bin\ldap\advance\example\UserRepositoryImpl$MultipleAttributesMapper.class]
2016-02-03 20:13:04,440 TRACE   main [org.springframework.context.annotation.ClassPathBeanDefinitionScanner] Scanning file [C:\Eclipse\workspace\spring-ldap-example\bin\ldap\advance\example\UserRepositoryImpl$SingleAttributesMapper.class]
2016-02-03 20:13:04,441 TRACE   main [org.springframework.context.annotation.ClassPathBeanDefinitionScanner] Ignored because not matching any filter: file [C:\Eclipse\workspace\spring-ldap-example\bin\ldap\advance\example\UserRepositoryImpl$SingleAttributesMapper.class]
2016-02-03 20:13:04,441 TRACE   main [org.springframework.context.annotation.ClassPathBeanDefinitionScanner] Scanning file [C:\Eclipse\workspace\spring-ldap-example\bin\ldap\advance\example\UserRepositoryImpl$UserAttributesMapper.class]
2016-02-03 20:13:04,444 TRACE   main [org.springframework.context.annotation.ClassPathBeanDefinitionScanner] Ignored because not matching any filter: file [C:\Eclipse\workspace\spring-ldap-example\bin\ldap\advance\example\UserRepositoryImpl$UserAttributesMapper.class]
2016-02-03 20:13:04,444 TRACE   main [org.springframework.context.annotation.ClassPathBeanDefinitionScanner] Scanning file [C:\Eclipse\workspace\spring-ldap-example\bin\ldap\advance\example\UserRepositoryImpl.class]
2016-02-03 20:13:04,479 DEBUG   main [org.springframework.context.annotation.ClassPathBeanDefinitionScanner] Identified candidate component class: file [C:\Eclipse\workspace\spring-ldap-example\bin\ldap\advance\example\UserRepositoryImpl.class]
2016-02-03 20:13:04,479 TRACE   main [org.springframework.context.annotation.ClassPathBeanDefinitionScanner] Scanning file [C:\Eclipse\workspace\spring-ldap-example\bin\ldap\advance\example\UserRepositoryIntf.class]
2016-02-03 20:13:04,480 TRACE   main [org.springframework.context.annotation.ClassPathBeanDefinitionScanner] Ignored because not matching any filter: file [C:\Eclipse\workspace\spring-ldap-example\bin\ldap\advance\example\UserRepositoryIntf.class]
2016-02-03 20:13:04,583 DEBUG   main [org.springframework.beans.factory.xml.XmlBeanDefinitionReader] Loaded 9 bean definitions from location pattern [spring-ldap-example.xml]
2016-02-03 20:13:04,584 DEBUG   main [org.springframework.context.support.ClassPathXmlApplicationContext] Bean factory for org.springframework.context.support.ClassPathXmlApplicationContext@450faed3: org.springframework.beans.factory.support.DefaultListableBeanFactory@5c5d9afc: defining beans [userRepositoryImpl,org.springframework.context.annotation.internalConfigurationAnnotationProcessor,org.springframework.context.annotation.internalAutowiredAnnotationProcessor,org.springframework.context.annotation.internalRequiredAnnotationProcessor,org.springframework.context.annotation.internalCommonAnnotationProcessor,simpleDirContextAuthenticationStrategy,userReposImpl,contextSource,ldapTemplate]; root of factory hierarchy
2016-02-03 20:13:04,656 DEBUG   main [org.springframework.beans.factory.support.DefaultListableBeanFactory] Creating shared instance of singleton bean 'org.springframework.context.annotation.internalConfigurationAnnotationProcessor'
2016-02-03 20:13:04,656 DEBUG   main [org.springframework.beans.factory.support.DefaultListableBeanFactory] Creating instance of bean 'org.springframework.context.annotation.internalConfigurationAnnotationProcessor'
2016-02-03 20:13:04,712 DEBUG   main [org.springframework.beans.factory.support.DefaultListableBeanFactory] Eagerly caching bean 'org.springframework.context.annotation.internalConfigurationAnnotationProcessor' to allow for resolving potential circular references
2016-02-03 20:13:04,715 DEBUG   main [org.springframework.beans.factory.support.DefaultListableBeanFactory] Finished creating instance of bean 'org.springframework.context.annotation.internalConfigurationAnnotationProcessor'
2016-02-03 20:13:04,848 DEBUG   main [org.springframework.beans.factory.support.DefaultListableBeanFactory] Creating shared instance of singleton bean 'org.springframework.context.annotation.internalAutowiredAnnotationProcessor'
2016-02-03 20:13:04,848 DEBUG   main [org.springframework.beans.factory.support.DefaultListableBeanFactory] Creating instance of bean 'org.springframework.context.annotation.internalAutowiredAnnotationProcessor'
2016-02-03 20:13:04,849 DEBUG   main [org.springframework.beans.factory.support.DefaultListableBeanFactory] Eagerly caching bean 'org.springframework.context.annotation.internalAutowiredAnnotationProcessor' to allow for resolving potential circular references
2016-02-03 20:13:04,850 DEBUG   main [org.springframework.beans.factory.support.DefaultListableBeanFactory] Finished creating instance of bean 'org.springframework.context.annotation.internalAutowiredAnnotationProcessor'
2016-02-03 20:13:04,850 DEBUG   main [org.springframework.beans.factory.support.DefaultListableBeanFactory] Creating shared instance of singleton bean 'org.springframework.context.annotation.internalRequiredAnnotationProcessor'
2016-02-03 20:13:04,850 DEBUG   main [org.springframework.beans.factory.support.DefaultListableBeanFactory] Creating instance of bean 'org.springframework.context.annotation.internalRequiredAnnotationProcessor'
2016-02-03 20:13:04,851 DEBUG   main [org.springframework.beans.factory.support.DefaultListableBeanFactory] Eagerly caching bean 'org.springframework.context.annotation.internalRequiredAnnotationProcessor' to allow for resolving potential circular references
2016-02-03 20:13:04,851 DEBUG   main [org.springframework.beans.factory.support.DefaultListableBeanFactory] Finished creating instance of bean 'org.springframework.context.annotation.internalRequiredAnnotationProcessor'
2016-02-03 20:13:04,852 DEBUG   main [org.springframework.beans.factory.support.DefaultListableBeanFactory] Creating shared instance of singleton bean 'org.springframework.context.annotation.internalCommonAnnotationProcessor'
2016-02-03 20:13:04,853 DEBUG   main [org.springframework.beans.factory.support.DefaultListableBeanFactory] Creating instance of bean 'org.springframework.context.annotation.internalCommonAnnotationProcessor'
2016-02-03 20:13:04,861 DEBUG   main [org.springframework.beans.factory.support.DefaultListableBeanFactory] Eagerly caching bean 'org.springframework.context.annotation.internalCommonAnnotationProcessor' to allow for resolving potential circular references
2016-02-03 20:13:04,861 DEBUG   main [org.springframework.beans.factory.support.DefaultListableBeanFactory] Finished creating instance of bean 'org.springframework.context.annotation.internalCommonAnnotationProcessor'
2016-02-03 20:13:04,861 DEBUG   main [org.springframework.beans.factory.support.DefaultListableBeanFactory] Creating shared instance of singleton bean 'org.springframework.context.annotation.ConfigurationClassPostProcessor.importAwareProcessor'
2016-02-03 20:13:04,861 DEBUG   main [org.springframework.beans.factory.support.DefaultListableBeanFactory] Creating instance of bean 'org.springframework.context.annotation.ConfigurationClassPostProcessor.importAwareProcessor'
2016-02-03 20:13:04,862 DEBUG   main [org.springframework.beans.factory.support.DefaultListableBeanFactory] Eagerly caching bean 'org.springframework.context.annotation.ConfigurationClassPostProcessor.importAwareProcessor' to allow for resolving potential circular references
2016-02-03 20:13:04,862 DEBUG   main [org.springframework.beans.factory.support.DefaultListableBeanFactory] Finished creating instance of bean 'org.springframework.context.annotation.ConfigurationClassPostProcessor.importAwareProcessor'
2016-02-03 20:13:04,862 DEBUG   main [org.springframework.beans.factory.support.DefaultListableBeanFactory] Creating shared instance of singleton bean 'org.springframework.context.annotation.ConfigurationClassPostProcessor.enhancedConfigurationProcessor'
2016-02-03 20:13:04,862 DEBUG   main [org.springframework.beans.factory.support.DefaultListableBeanFactory] Creating instance of bean 'org.springframework.context.annotation.ConfigurationClassPostProcessor.enhancedConfigurationProcessor'
2016-02-03 20:13:04,862 DEBUG   main [org.springframework.beans.factory.support.DefaultListableBeanFactory] Eagerly caching bean 'org.springframework.context.annotation.ConfigurationClassPostProcessor.enhancedConfigurationProcessor' to allow for resolving potential circular references
2016-02-03 20:13:04,862 DEBUG   main [org.springframework.beans.factory.support.DefaultListableBeanFactory] Finished creating instance of bean 'org.springframework.context.annotation.ConfigurationClassPostProcessor.enhancedConfigurationProcessor'
2016-02-03 20:13:04,865 DEBUG   main [org.springframework.context.support.ClassPathXmlApplicationContext] Unable to locate MessageSource with name 'messageSource': using default [org.springframework.context.support.DelegatingMessageSource@423e8eb8]
2016-02-03 20:13:04,870 DEBUG   main [org.springframework.context.support.ClassPathXmlApplicationContext] Unable to locate ApplicationEventMulticaster with name 'applicationEventMulticaster': using default [org.springframework.context.event.SimpleApplicationEventMulticaster@2eaa00e4]
2016-02-03 20:13:04,872 DEBUG   main [org.springframework.beans.factory.support.DefaultListableBeanFactory] Pre-instantiating singletons in org.springframework.beans.factory.support.DefaultListableBeanFactory@5c5d9afc: defining beans [userRepositoryImpl,org.springframework.context.annotation.internalConfigurationAnnotationProcessor,org.springframework.context.annotation.internalAutowiredAnnotationProcessor,org.springframework.context.annotation.internalRequiredAnnotationProcessor,org.springframework.context.annotation.internalCommonAnnotationProcessor,simpleDirContextAuthenticationStrategy,userReposImpl,contextSource,ldapTemplate,org.springframework.context.annotation.ConfigurationClassPostProcessor.importAwareProcessor,org.springframework.context.annotation.ConfigurationClassPostProcessor.enhancedConfigurationProcessor]; root of factory hierarchy
2016-02-03 20:13:04,873 DEBUG   main [org.springframework.beans.factory.support.DefaultListableBeanFactory] Creating shared instance of singleton bean 'userRepositoryImpl'
2016-02-03 20:13:04,874 DEBUG   main [org.springframework.beans.factory.support.DefaultListableBeanFactory] Creating instance of bean 'userRepositoryImpl'
2016-02-03 20:13:04,908 DEBUG   main [org.springframework.beans.factory.annotation.InjectionMetadata] Registered injected element on class [ldap.advance.example.UserRepositoryImpl]: AutowiredFieldElement for private org.springframework.ldap.core.LdapTemplate ldap.advance.example.UserRepositoryImpl.ldapTemplate
2016-02-03 20:13:04,909 DEBUG   main [org.springframework.beans.factory.support.DefaultListableBeanFactory] Eagerly caching bean 'userRepositoryImpl' to allow for resolving potential circular references
2016-02-03 20:13:04,914 TRACE   main [org.springframework.core.io.support.SpringFactoriesLoader] Loaded [org.springframework.beans.BeanInfoFactory] names: [org.springframework.beans.ExtendedBeanInfoFactory]
2016-02-03 20:13:04,915 TRACE   main [org.springframework.beans.CachedIntrospectionResults] Getting BeanInfo for class [ldap.advance.example.UserRepositoryImpl]
2016-02-03 20:13:04,930 TRACE   main [org.springframework.beans.CachedIntrospectionResults] Caching PropertyDescriptors for class [ldap.advance.example.UserRepositoryImpl]
2016-02-03 20:13:04,931 TRACE   main [org.springframework.beans.CachedIntrospectionResults] Found bean property 'allUserNames' of type [java.util.List]
2016-02-03 20:13:04,937 TRACE   main [org.springframework.beans.CachedIntrospectionResults] Found bean property 'allUsers' of type [java.util.List]
2016-02-03 20:13:04,938 TRACE   main [org.springframework.beans.CachedIntrospectionResults] Found bean property 'class' of type [java.lang.Class]
2016-02-03 20:13:04,940 DEBUG   main [org.springframework.beans.factory.annotation.InjectionMetadata] Processing injected element of bean 'userRepositoryImpl': AutowiredFieldElement for private org.springframework.ldap.core.LdapTemplate ldap.advance.example.UserRepositoryImpl.ldapTemplate
2016-02-03 20:13:04,947 DEBUG   main [org.springframework.beans.factory.support.DefaultListableBeanFactory] Creating shared instance of singleton bean 'ldapTemplate'
2016-02-03 20:13:04,947 DEBUG   main [org.springframework.beans.factory.support.DefaultListableBeanFactory] Creating instance of bean 'ldapTemplate'
2016-02-03 20:13:04,981 DEBUG   main [org.springframework.beans.factory.support.DefaultListableBeanFactory] Eagerly caching bean 'ldapTemplate' to allow for resolving potential circular references
2016-02-03 20:13:04,981 TRACE   main [org.springframework.beans.CachedIntrospectionResults] Getting BeanInfo for class [org.springframework.ldap.core.LdapTemplate]
2016-02-03 20:13:05,009 TRACE   main [org.springframework.beans.CachedIntrospectionResults] Caching PropertyDescriptors for class [org.springframework.ldap.core.LdapTemplate]
2016-02-03 20:13:05,009 TRACE   main [org.springframework.beans.CachedIntrospectionResults] Found bean property 'class' of type [java.lang.Class]
2016-02-03 20:13:05,010 TRACE   main [org.springframework.beans.CachedIntrospectionResults] Found bean property 'contextSource' of type [org.springframework.ldap.core.ContextSource]
2016-02-03 20:13:05,010 TRACE   main [org.springframework.beans.CachedIntrospectionResults] Found bean property 'defaultCountLimit' of type [int]
2016-02-03 20:13:05,010 TRACE   main [org.springframework.beans.CachedIntrospectionResults] Found bean property 'defaultSearchScope' of type [int]
2016-02-03 20:13:05,010 TRACE   main [org.springframework.beans.CachedIntrospectionResults] Found bean property 'defaultTimeLimit' of type [int]
2016-02-03 20:13:05,011 TRACE   main [org.springframework.beans.CachedIntrospectionResults] Found bean property 'ignoreNameNotFoundException' of type [boolean]
2016-02-03 20:13:05,011 TRACE   main [org.springframework.beans.CachedIntrospectionResults] Found bean property 'ignorePartialResultException' of type [boolean]
2016-02-03 20:13:05,011 TRACE   main [org.springframework.beans.CachedIntrospectionResults] Found bean property 'ignoreSizeLimitExceededException' of type [boolean]
2016-02-03 20:13:05,011 TRACE   main [org.springframework.beans.CachedIntrospectionResults] Found bean property 'objectDirectoryMapper' of type [org.springframework.ldap.odm.core.ObjectDirectoryMapper]
2016-02-03 20:13:05,013 DEBUG   main [org.springframework.beans.factory.support.DefaultListableBeanFactory] Creating shared instance of singleton bean 'contextSource'
2016-02-03 20:13:05,013 DEBUG   main [org.springframework.beans.factory.support.DefaultListableBeanFactory] Creating instance of bean 'contextSource'
2016-02-03 20:13:05,022 DEBUG   main [org.springframework.beans.factory.support.DefaultListableBeanFactory] Creating instance of bean '(inner bean)#1e7eee8f'
2016-02-03 20:13:05,047 TRACE   main [org.springframework.beans.CachedIntrospectionResults] Getting BeanInfo for class [org.springframework.ldap.core.support.LdapContextSource]
2016-02-03 20:13:05,056 TRACE   main [org.springframework.beans.CachedIntrospectionResults] Caching PropertyDescriptors for class [org.springframework.ldap.core.support.LdapContextSource]
2016-02-03 20:13:05,056 TRACE   main [org.springframework.beans.CachedIntrospectionResults] Found bean property 'anonymousReadOnly' of type [boolean]
2016-02-03 20:13:05,056 TRACE   main [org.springframework.beans.CachedIntrospectionResults] Found bean property 'authenticationSource' of type [org.springframework.ldap.core.AuthenticationSource]
2016-02-03 20:13:05,056 TRACE   main [org.springframework.beans.CachedIntrospectionResults] Found bean property 'authenticationStrategy' of type [org.springframework.ldap.core.support.DirContextAuthenticationStrategy]
2016-02-03 20:13:05,057 TRACE   main [org.springframework.beans.CachedIntrospectionResults] Found bean property 'base' of type [java.lang.String]
2016-02-03 20:13:05,057 TRACE   main [org.springframework.beans.CachedIntrospectionResults] Found bean property 'baseEnvironmentProperties' of type [java.util.Map]
2016-02-03 20:13:05,057 TRACE   main [org.springframework.beans.CachedIntrospectionResults] Found bean property 'baseLdapName' of type [javax.naming.ldap.LdapName]
2016-02-03 20:13:05,058 TRACE   main [org.springframework.beans.CachedIntrospectionResults] Found bean property 'baseLdapPath' of type [org.springframework.ldap.core.DistinguishedName]
2016-02-03 20:13:05,058 TRACE   main [org.springframework.beans.CachedIntrospectionResults] Found bean property 'baseLdapPathAsString' of type [java.lang.String]
2016-02-03 20:13:05,058 TRACE   main [org.springframework.beans.CachedIntrospectionResults] Found bean property 'cacheEnvironmentProperties' of type [boolean]
2016-02-03 20:13:05,058 TRACE   main [org.springframework.beans.CachedIntrospectionResults] Found bean property 'class' of type [java.lang.Class]
2016-02-03 20:13:05,058 TRACE   main [org.springframework.beans.CachedIntrospectionResults] Found bean property 'contextFactory' of type [java.lang.Class]
2016-02-03 20:13:05,059 TRACE   main [org.springframework.beans.CachedIntrospectionResults] Found bean property 'dirObjectFactory' of type [java.lang.Class]
2016-02-03 20:13:05,059 TRACE   main [org.springframework.beans.CachedIntrospectionResults] Found bean property 'password' of type [java.lang.String]
2016-02-03 20:13:05,059 TRACE   main [org.springframework.beans.CachedIntrospectionResults] Found bean property 'pooled' of type [boolean]
2016-02-03 20:13:05,059 TRACE   main [org.springframework.beans.CachedIntrospectionResults] Found bean property 'readOnlyContext' of type [javax.naming.directory.DirContext]
2016-02-03 20:13:05,059 TRACE   main [org.springframework.beans.CachedIntrospectionResults] Found bean property 'readWriteContext' of type [javax.naming.directory.DirContext]
2016-02-03 20:13:05,059 TRACE   main [org.springframework.beans.CachedIntrospectionResults] Found bean property 'referral' of type [java.lang.String]
2016-02-03 20:13:05,060 TRACE   main [org.springframework.beans.CachedIntrospectionResults] Found bean property 'url' of type [java.lang.String]
2016-02-03 20:13:05,060 TRACE   main [org.springframework.beans.CachedIntrospectionResults] Found bean property 'urls' of type [[Ljava.lang.String;]
2016-02-03 20:13:05,060 TRACE   main [org.springframework.beans.CachedIntrospectionResults] Found bean property 'userDn' of type [java.lang.String]
2016-02-03 20:13:05,075 DEBUG   main [org.springframework.beans.factory.support.DefaultListableBeanFactory] Creating instance of bean '(inner bean)#67cbabb9'
2016-02-03 20:13:05,083 TRACE   main [org.springframework.beans.CachedIntrospectionResults] Getting BeanInfo for class [[Ljava.lang.String;]
2016-02-03 20:13:05,083 TRACE   main [org.springframework.beans.CachedIntrospectionResults] Caching PropertyDescriptors for class [[Ljava.lang.String;]
2016-02-03 20:13:05,083 TRACE   main [org.springframework.beans.CachedIntrospectionResults] Found bean property 'class' of type [java.lang.Class]
2016-02-03 20:13:05,086 DEBUG   main [org.springframework.beans.factory.support.DefaultListableBeanFactory] Finished creating instance of bean '(inner bean)#67cbabb9'
2016-02-03 20:13:05,087 DEBUG   main [org.springframework.beans.factory.support.DefaultListableBeanFactory] Creating shared instance of singleton bean 'simpleDirContextAuthenticationStrategy'
2016-02-03 20:13:05,087 DEBUG   main [org.springframework.beans.factory.support.DefaultListableBeanFactory] Creating instance of bean 'simpleDirContextAuthenticationStrategy'
2016-02-03 20:13:05,088 DEBUG   main [org.springframework.beans.factory.support.DefaultListableBeanFactory] Eagerly caching bean 'simpleDirContextAuthenticationStrategy' to allow for resolving potential circular references
2016-02-03 20:13:05,088 TRACE   main [org.springframework.beans.CachedIntrospectionResults] Getting BeanInfo for class [org.springframework.ldap.core.support.SimpleDirContextAuthenticationStrategy]
2016-02-03 20:13:05,090 TRACE   main [org.springframework.beans.CachedIntrospectionResults] Caching PropertyDescriptors for class [org.springframework.ldap.core.support.SimpleDirContextAuthenticationStrategy]
2016-02-03 20:13:05,090 TRACE   main [org.springframework.beans.CachedIntrospectionResults] Found bean property 'class' of type [java.lang.Class]
2016-02-03 20:13:05,090 DEBUG   main [org.springframework.beans.factory.support.DefaultListableBeanFactory] Finished creating instance of bean 'simpleDirContextAuthenticationStrategy'
2016-02-03 20:13:05,092 DEBUG   main [org.springframework.beans.factory.support.DefaultListableBeanFactory] Invoking afterPropertiesSet() on bean with name '(inner bean)#1e7eee8f'
2016-02-03 20:13:05,097 DEBUG   main [org.springframework.beans.factory.support.DefaultListableBeanFactory] Finished creating instance of bean '(inner bean)#1e7eee8f'
2016-02-03 20:13:05,099 DEBUG   main [org.springframework.beans.factory.support.DefaultListableBeanFactory] Eagerly caching bean 'contextSource' to allow for resolving potential circular references
2016-02-03 20:13:05,099 TRACE   main [org.springframework.beans.CachedIntrospectionResults] Getting BeanInfo for class [org.springframework.ldap.transaction.compensating.manager.TransactionAwareContextSourceProxy]
2016-02-03 20:13:05,102 TRACE   main [org.springframework.beans.CachedIntrospectionResults] Caching PropertyDescriptors for class [org.springframework.ldap.transaction.compensating.manager.TransactionAwareContextSourceProxy]
2016-02-03 20:13:05,102 TRACE   main [org.springframework.beans.CachedIntrospectionResults] Found bean property 'baseLdapName' of type [javax.naming.ldap.LdapName]
2016-02-03 20:13:05,102 TRACE   main [org.springframework.beans.CachedIntrospectionResults] Found bean property 'baseLdapPath' of type [org.springframework.ldap.core.DistinguishedName]
2016-02-03 20:13:05,104 TRACE   main [org.springframework.beans.CachedIntrospectionResults] Found bean property 'baseLdapPathAsString' of type [java.lang.String]
2016-02-03 20:13:05,104 TRACE   main [org.springframework.beans.CachedIntrospectionResults] Found bean property 'class' of type [java.lang.Class]
2016-02-03 20:13:05,104 TRACE   main [org.springframework.beans.CachedIntrospectionResults] Found bean property 'readOnlyContext' of type [javax.naming.directory.DirContext]
2016-02-03 20:13:05,104 TRACE   main [org.springframework.beans.CachedIntrospectionResults] Found bean property 'readWriteContext' of type [javax.naming.directory.DirContext]
2016-02-03 20:13:05,105 TRACE   main [org.springframework.beans.CachedIntrospectionResults] Found bean property 'target' of type [org.springframework.ldap.core.ContextSource]
2016-02-03 20:13:05,107 DEBUG   main [org.springframework.beans.factory.support.DefaultListableBeanFactory] Finished creating instance of bean 'contextSource'
2016-02-03 20:13:05,109 DEBUG   main [org.springframework.beans.factory.support.DefaultListableBeanFactory] Invoking afterPropertiesSet() on bean with name 'ldapTemplate'
2016-02-03 20:13:05,109 DEBUG   main [org.springframework.beans.factory.support.DefaultListableBeanFactory] Finished creating instance of bean 'ldapTemplate'
2016-02-03 20:13:05,109 DEBUG   main [org.springframework.beans.factory.annotation.AutowiredAnnotationBeanPostProcessor] Autowiring by type from bean name 'userRepositoryImpl' to bean named 'ldapTemplate'
2016-02-03 20:13:05,110 DEBUG   main [org.springframework.beans.factory.support.DefaultListableBeanFactory] Finished creating instance of bean 'userRepositoryImpl'
2016-02-03 20:13:05,110 DEBUG   main [org.springframework.beans.factory.support.DefaultListableBeanFactory] Returning cached instance of singleton bean 'org.springframework.context.annotation.internalConfigurationAnnotationProcessor'
2016-02-03 20:13:05,111 DEBUG   main [org.springframework.beans.factory.support.DefaultListableBeanFactory] Returning cached instance of singleton bean 'org.springframework.context.annotation.internalAutowiredAnnotationProcessor'
2016-02-03 20:13:05,112 DEBUG   main [org.springframework.beans.factory.support.DefaultListableBeanFactory] Returning cached instance of singleton bean 'org.springframework.context.annotation.internalRequiredAnnotationProcessor'
2016-02-03 20:13:05,112 DEBUG   main [org.springframework.beans.factory.support.DefaultListableBeanFactory] Returning cached instance of singleton bean 'org.springframework.context.annotation.internalCommonAnnotationProcessor'
2016-02-03 20:13:05,112 DEBUG   main [org.springframework.beans.factory.support.DefaultListableBeanFactory] Returning cached instance of singleton bean 'simpleDirContextAuthenticationStrategy'
2016-02-03 20:13:05,112 DEBUG   main [org.springframework.beans.factory.support.DefaultListableBeanFactory] Creating shared instance of singleton bean 'userReposImpl'
2016-02-03 20:13:05,112 DEBUG   main [org.springframework.beans.factory.support.DefaultListableBeanFactory] Creating instance of bean 'userReposImpl'
2016-02-03 20:13:05,113 DEBUG   main [org.springframework.beans.factory.annotation.InjectionMetadata] Registered injected element on class [ldap.advance.example.UserRepositoryImpl]: AutowiredFieldElement for private org.springframework.ldap.core.LdapTemplate ldap.advance.example.UserRepositoryImpl.ldapTemplate
2016-02-03 20:13:05,113 DEBUG   main [org.springframework.beans.factory.support.DefaultListableBeanFactory] Eagerly caching bean 'userReposImpl' to allow for resolving potential circular references
2016-02-03 20:13:05,113 DEBUG   main [org.springframework.beans.factory.annotation.InjectionMetadata] Processing injected element of bean 'userReposImpl': AutowiredFieldElement for private org.springframework.ldap.core.LdapTemplate ldap.advance.example.UserRepositoryImpl.ldapTemplate
2016-02-03 20:13:05,113 DEBUG   main [org.springframework.beans.factory.support.DefaultListableBeanFactory] Returning cached instance of singleton bean 'ldapTemplate'
2016-02-03 20:13:05,113 DEBUG   main [org.springframework.beans.factory.annotation.AutowiredAnnotationBeanPostProcessor] Autowiring by type from bean name 'userReposImpl' to bean named 'ldapTemplate'
2016-02-03 20:13:05,113 DEBUG   main [org.springframework.beans.factory.support.DefaultListableBeanFactory] Finished creating instance of bean 'userReposImpl'
2016-02-03 20:13:05,113 DEBUG   main [org.springframework.beans.factory.support.DefaultListableBeanFactory] Returning cached instance of singleton bean 'contextSource'
2016-02-03 20:13:05,113 DEBUG   main [org.springframework.beans.factory.support.DefaultListableBeanFactory] Returning cached instance of singleton bean 'ldapTemplate'
2016-02-03 20:13:05,114 DEBUG   main [org.springframework.beans.factory.support.DefaultListableBeanFactory] Returning cached instance of singleton bean 'org.springframework.context.annotation.ConfigurationClassPostProcessor.importAwareProcessor'
2016-02-03 20:13:05,114 DEBUG   main [org.springframework.beans.factory.support.DefaultListableBeanFactory] Returning cached instance of singleton bean 'org.springframework.context.annotation.ConfigurationClassPostProcessor.enhancedConfigurationProcessor'
2016-02-03 20:13:05,115 DEBUG   main [org.springframework.context.support.ClassPathXmlApplicationContext] Unable to locate LifecycleProcessor with name 'lifecycleProcessor': using default [org.springframework.context.support.DefaultLifecycleProcessor@7c1ba98b]
2016-02-03 20:13:05,115 DEBUG   main [org.springframework.beans.factory.support.DefaultListableBeanFactory] Returning cached instance of singleton bean 'lifecycleProcessor'
2016-02-03 20:13:05,115 TRACE   main [org.springframework.context.support.ClassPathXmlApplicationContext] Publishing event in org.springframework.context.support.ClassPathXmlApplicationContext@450faed3: org.springframework.context.event.ContextRefreshedEvent[source=org.springframework.context.support.ClassPathXmlApplicationContext@450faed3: startup date [Wed Feb 03 20:13:03 EST 2016]; root of context hierarchy]
2016-02-03 20:13:05,117 TRACE   main [org.springframework.core.env.PropertySourcesPropertyResolver] getProperty("spring.liveBeansView.mbeanDomain", String)
2016-02-03 20:13:05,117 DEBUG   main [org.springframework.core.env.PropertySourcesPropertyResolver] Searching for key 'spring.liveBeansView.mbeanDomain' in [systemProperties]
2016-02-03 20:13:05,117 DEBUG   main [org.springframework.core.env.PropertySourcesPropertyResolver] Searching for key 'spring.liveBeansView.mbeanDomain' in [systemEnvironment]
2016-02-03 20:13:05,118 DEBUG   main [org.springframework.core.env.PropertySourcesPropertyResolver] Could not find key 'spring.liveBeansView.mbeanDomain' in any property source. Returning [null]
2016-02-03 20:13:05,118 INFO   main [ldap.advance.example.test.LdapApp] Test started at Wed Feb 03 20:13:03 EST 2016
2016-02-03 20:13:05,118 DEBUG   main [org.springframework.beans.factory.support.DefaultListableBeanFactory] Returning cached instance of singleton bean 'userReposImpl'
2016-02-03 20:13:05,118 INFO   main [ldap.advance.example.UserRepositoryImpl] executing {createUser}
2016-02-03 20:14:44,400 DEBUG   main [org.springframework.core.env.StandardEnvironment] Adding [systemProperties] PropertySource with lowest search precedence
2016-02-03 20:14:44,408 DEBUG   main [org.springframework.core.env.StandardEnvironment] Adding [systemEnvironment] PropertySource with lowest search precedence
2016-02-03 20:14:44,408 DEBUG   main [org.springframework.core.env.StandardEnvironment] Initialized StandardEnvironment with PropertySources [systemProperties,systemEnvironment]
2016-02-03 20:14:44,414 INFO   main [org.springframework.context.support.ClassPathXmlApplicationContext] Refreshing org.springframework.context.support.ClassPathXmlApplicationContext@89ec211: startup date [Wed Feb 03 20:14:44 EST 2016]; root of context hierarchy
2016-02-03 20:14:44,472 DEBUG   main [org.springframework.core.env.StandardEnvironment] Adding [systemProperties] PropertySource with lowest search precedence
2016-02-03 20:14:44,472 DEBUG   main [org.springframework.core.env.StandardEnvironment] Adding [systemEnvironment] PropertySource with lowest search precedence
2016-02-03 20:14:44,472 DEBUG   main [org.springframework.core.env.StandardEnvironment] Initialized StandardEnvironment with PropertySources [systemProperties,systemEnvironment]
2016-02-03 20:14:44,510 INFO   main [org.springframework.beans.factory.xml.XmlBeanDefinitionReader] Loading XML bean definitions from class path resource [spring-ldap-example.xml]
2016-02-03 20:14:44,519 DEBUG   main [org.springframework.beans.factory.xml.DefaultDocumentLoader] Using JAXP provider [com.sun.org.apache.xerces.internal.jaxp.DocumentBuilderFactoryImpl]
2016-02-03 20:14:44,570 TRACE   main [org.springframework.beans.factory.xml.PluggableSchemaResolver] Trying to resolve XML entity with public id [null] and system id [http://www.springframework.org/schema/beans/spring-beans.xsd]
2016-02-03 20:14:44,570 DEBUG   main [org.springframework.beans.factory.xml.PluggableSchemaResolver] Loading schema mappings from [META-INF/spring.schemas]
2016-02-03 20:14:44,603 DEBUG   main [org.springframework.beans.factory.xml.PluggableSchemaResolver] Loaded schema mappings: {http://www.springframework.org/schema/tx/spring-tx-2.5.xsd=org/springframework/transaction/config/spring-tx-2.5.xsd, http://www.springframework.org/schema/cache/spring-cache-4.2.xsd=org/springframework/cache/config/spring-cache-4.2.xsd, http://www.springframework.org/schema/aop/spring-aop-4.1.xsd=org/springframework/aop/config/spring-aop-4.1.xsd, http://www.springframework.org/schema/context/spring-context-3.1.xsd=org/springframework/context/config/spring-context-3.1.xsd, http://www.springframework.org/schema/data/repository/spring-repository-1.4.xsd=org/springframework/data/repository/config/spring-repository-1.4.xsd, http://www.springframework.org/schema/util/spring-util-3.0.xsd=org/springframework/beans/factory/xml/spring-util-3.0.xsd, http://www.springframework.org/schema/tool/spring-tool.xsd=org/springframework/beans/factory/xml/spring-tool-4.2.xsd, http://www.springframework.org/schema/aop/spring-aop-3.2.xsd=org/springframework/aop/config/spring-aop-3.2.xsd, http://www.springframework.org/schema/lang/spring-lang-4.1.xsd=org/springframework/scripting/config/spring-lang-4.1.xsd, http://www.springframework.org/schema/context/spring-context-4.0.xsd=org/springframework/context/config/spring-context-4.0.xsd, http://www.springframework.org/schema/beans/spring-beans-4.2.xsd=org/springframework/beans/factory/xml/spring-beans-4.2.xsd, http://www.springframework.org/schema/tool/spring-tool-4.1.xsd=org/springframework/beans/factory/xml/spring-tool-4.1.xsd, http://www.springframework.org/schema/lang/spring-lang-3.2.xsd=org/springframework/scripting/config/spring-lang-3.2.xsd, http://www.springframework.org/schema/cache/spring-cache-3.2.xsd=org/springframework/cache/config/spring-cache-3.2.xsd, http://www.springframework.org/schema/jee/spring-jee-4.1.xsd=org/springframework/ejb/config/spring-jee-4.1.xsd, http://www.springframework.org/schema/task/spring-task-4.2.xsd=org/springframework/scheduling/config/spring-task-4.2.xsd, http://www.springframework.org/schema/util/spring-util-2.0.xsd=org/springframework/beans/factory/xml/spring-util-2.0.xsd, http://www.springframework.org/schema/tool/spring-tool-3.2.xsd=org/springframework/beans/factory/xml/spring-tool-3.2.xsd, http://www.springframework.org/schema/context/spring-context.xsd=org/springframework/context/config/spring-context-4.2.xsd, http://www.springframework.org/schema/tx/spring-tx-4.2.xsd=org/springframework/transaction/config/spring-tx-4.2.xsd, http://www.springframework.org/schema/cache/spring-cache-4.1.xsd=org/springframework/cache/config/spring-cache-4.1.xsd, http://www.springframework.org/schema/aop/spring-aop-4.0.xsd=org/springframework/aop/config/spring-aop-4.0.xsd, http://www.springframework.org/schema/jee/spring-jee-3.2.xsd=org/springframework/ejb/config/spring-jee-3.2.xsd, http://www.springframework.org/schema/context/spring-context-3.0.xsd=org/springframework/context/config/spring-context-3.0.xsd, http://www.springframework.org/schema/util/spring-util-2.5.xsd=org/springframework/beans/factory/xml/spring-util-2.5.xsd, http://www.springframework.org/schema/beans/spring-beans-3.2.xsd=org/springframework/beans/factory/xml/spring-beans-3.2.xsd, http://www.springframework.org/schema/aop/spring-aop-3.1.xsd=org/springframework/aop/config/spring-aop-3.1.xsd, http://www.springframework.org/schema/ldap/spring-ldap-2.0.xsd=org/springframework/ldap/config/spring-ldap-2.0.xsd, http://www.springframework.org/schema/lang/spring-lang-4.0.xsd=org/springframework/scripting/config/spring-lang-4.0.xsd, http://www.springframework.org/schema/beans/spring-beans-4.1.xsd=org/springframework/beans/factory/xml/spring-beans-4.1.xsd, http://www.springframework.org/schema/tool/spring-tool-4.0.xsd=org/springframework/beans/factory/xml/spring-tool-4.0.xsd, http://www.springframework.org/schema/tx/spring-tx-3.2.xsd=org/springframework/transaction/config/spring-tx-3.2.xsd, http://www.springframework.org/schema/lang/spring-lang-3.1.xsd=org/springframework/scripting/config/spring-lang-3.1.xsd, http://www.springframework.org/schema/cache/spring-cache-3.1.xsd=org/springframework/cache/config/spring-cache-3.1.xsd, http://www.springframework.org/schema/jee/spring-jee-4.0.xsd=org/springframework/ejb/config/spring-jee-4.0.xsd, http://www.springframework.org/schema/task/spring-task-4.1.xsd=org/springframework/scheduling/config/spring-task-4.1.xsd, http://www.springframework.org/schema/tool/spring-tool-3.1.xsd=org/springframework/beans/factory/xml/spring-tool-3.1.xsd, http://www.springframework.org/schema/tx/spring-tx-4.1.xsd=org/springframework/transaction/config/spring-tx-4.1.xsd, http://www.springframework.org/schema/cache/spring-cache-4.0.xsd=org/springframework/cache/config/spring-cache-4.0.xsd, http://www.springframework.org/schema/jee/spring-jee-3.1.xsd=org/springframework/ejb/config/spring-jee-3.1.xsd, http://www.springframework.org/schema/task/spring-task-3.2.xsd=org/springframework/scheduling/config/spring-task-3.2.xsd, http://www.springframework.org/schema/util/spring-util-4.2.xsd=org/springframework/beans/factory/xml/spring-util-4.2.xsd, http://www.springframework.org/schema/beans/spring-beans-3.1.xsd=org/springframework/beans/factory/xml/spring-beans-3.1.xsd, http://www.springframework.org/schema/util/spring-util.xsd=org/springframework/beans/factory/xml/spring-util-4.2.xsd, http://www.springframework.org/schema/aop/spring-aop-3.0.xsd=org/springframework/aop/config/spring-aop-3.0.xsd, http://www.springframework.org/schema/data/repository/spring-repository.xsd=org/springframework/data/repository/config/spring-repository-1.7.xsd, http://www.springframework.org/schema/data/repository/spring-repository-1.7.xsd=org/springframework/data/repository/config/spring-repository-1.7.xsd, http://www.springframework.org/schema/ldap/spring-ldap.xsd=org/springframework/ldap/config/spring-ldap-2.0.xsd, http://www.springframework.org/schema/beans/spring-beans-4.0.xsd=org/springframework/beans/factory/xml/spring-beans-4.0.xsd, http://www.springframework.org/schema/beans/spring-beans.xsd=org/springframework/beans/factory/xml/spring-beans-4.2.xsd, http://www.springframework.org/schema/tx/spring-tx-3.1.xsd=org/springframework/transaction/config/spring-tx-3.1.xsd, http://www.springframework.org/schema/lang/spring-lang-3.0.xsd=org/springframework/scripting/config/spring-lang-3.0.xsd, http://www.springframework.org/schema/context/spring-context-2.5.xsd=org/springframework/context/config/spring-context-2.5.xsd, http://www.springframework.org/schema/task/spring-task-4.0.xsd=org/springframework/scheduling/config/spring-task-4.0.xsd, http://www.springframework.org/schema/tool/spring-tool-3.0.xsd=org/springframework/beans/factory/xml/spring-tool-3.0.xsd, http://www.springframework.org/schema/tx/spring-tx-4.0.xsd=org/springframework/transaction/config/spring-tx-4.0.xsd, http://www.springframework.org/schema/aop/spring-aop-2.0.xsd=org/springframework/aop/config/spring-aop-2.0.xsd, http://www.springframework.org/schema/jee/spring-jee-3.0.xsd=org/springframework/ejb/config/spring-jee-3.0.xsd, http://www.springframework.org/schema/util/spring-util-4.1.xsd=org/springframework/beans/factory/xml/spring-util-4.1.xsd, http://www.springframework.org/schema/task/spring-task-3.1.xsd=org/springframework/scheduling/config/spring-task-3.1.xsd, http://www.springframework.org/schema/beans/spring-beans-3.0.xsd=org/springframework/beans/factory/xml/spring-beans-3.0.xsd, http://www.springframework.org/schema/jee/spring-jee.xsd=org/springframework/ejb/config/spring-jee-4.2.xsd, http://www.springframework.org/schema/aop/spring-aop-2.5.xsd=org/springframework/aop/config/spring-aop-2.5.xsd, http://www.springframework.org/schema/lang/spring-lang-2.0.xsd=org/springframework/scripting/config/spring-lang-2.0.xsd, http://www.springframework.org/schema/data/repository/spring-repository-1.6.xsd=org/springframework/data/repository/config/spring-repository-1.6.xsd, http://www.springframework.org/schema/util/spring-util-3.2.xsd=org/springframework/beans/factory/xml/spring-util-3.2.xsd, http://www.springframework.org/schema/task/spring-task.xsd=org/springframework/scheduling/config/spring-task-4.2.xsd, http://www.springframework.org/schema/tool/spring-tool-2.0.xsd=org/springframework/beans/factory/xml/spring-tool-2.0.xsd, http://www.springframework.org/schema/tx/spring-tx-3.0.xsd=org/springframework/transaction/config/spring-tx-3.0.xsd, http://www.springframework.org/schema/lang/spring-lang-2.5.xsd=org/springframework/scripting/config/spring-lang-2.5.xsd, http://www.springframework.org/schema/context/spring-context-4.2.xsd=org/springframework/context/config/spring-context-4.2.xsd, http://www.springframework.org/schema/jee/spring-jee-2.0.xsd=org/springframework/ejb/config/spring-jee-2.0.xsd, http://www.springframework.org/schema/tool/spring-tool-2.5.xsd=org/springframework/beans/factory/xml/spring-tool-2.5.xsd, http://www.springframework.org/schema/jee/spring-jee-2.5.xsd=org/springframework/ejb/config/spring-jee-2.5.xsd, http://www.springframework.org/schema/data/repository/spring-repository-1.0.xsd=org/springframework/data/repository/config/spring-repository-1.0.xsd, http://www.springframework.org/schema/util/spring-util-4.0.xsd=org/springframework/beans/factory/xml/spring-util-4.0.xsd, http://www.springframework.org/schema/task/spring-task-3.0.xsd=org/springframework/scheduling/config/spring-task-3.0.xsd, http://www.springframework.org/schema/aop/spring-aop-4.2.xsd=org/springframework/aop/config/spring-aop-4.2.xsd, http://www.springframework.org/schema/lang/spring-lang.xsd=org/springframework/scripting/config/spring-lang-4.2.xsd, http://www.springframework.org/schema/context/spring-context-3.2.xsd=org/springframework/context/config/spring-context-3.2.xsd, http://www.springframework.org/schema/data/repository/spring-repository-1.5.xsd=org/springframework/data/repository/config/spring-repository-1.5.xsd, http://www.springframework.org/schema/util/spring-util-3.1.xsd=org/springframework/beans/factory/xml/spring-util-3.1.xsd, http://www.springframework.org/schema/beans/spring-beans-2.0.xsd=org/springframework/beans/factory/xml/spring-beans-2.0.xsd, http://www.springframework.org/schema/cache/spring-cache.xsd=org/springframework/cache/config/spring-cache-4.2.xsd, http://www.springframework.org/schema/tx/spring-tx.xsd=org/springframework/transaction/config/spring-tx-4.2.xsd, http://www.springframework.org/schema/lang/spring-lang-4.2.xsd=org/springframework/scripting/config/spring-lang-4.2.xsd, http://www.springframework.org/schema/context/spring-context-4.1.xsd=org/springframework/context/config/spring-context-4.1.xsd, http://www.springframework.org/schema/beans/spring-beans-2.5.xsd=org/springframework/beans/factory/xml/spring-beans-2.5.xsd, http://www.springframework.org/schema/tool/spring-tool-4.2.xsd=org/springframework/beans/factory/xml/spring-tool-4.2.xsd, http://www.springframework.org/schema/tx/spring-tx-2.0.xsd=org/springframework/transaction/config/spring-tx-2.0.xsd, http://www.springframework.org/schema/jee/spring-jee-4.2.xsd=org/springframework/ejb/config/spring-jee-4.2.xsd, http://www.springframework.org/schema/aop/spring-aop.xsd=org/springframework/aop/config/spring-aop-4.2.xsd}
2016-02-03 20:14:44,614 DEBUG   main [org.springframework.beans.factory.xml.PluggableSchemaResolver] Found XML schema [http://www.springframework.org/schema/beans/spring-beans.xsd] in classpath: org/springframework/beans/factory/xml/spring-beans-4.2.xsd
2016-02-03 20:14:44,764 TRACE   main [org.springframework.beans.factory.xml.PluggableSchemaResolver] Trying to resolve XML entity with public id [null] and system id [http://www.springframework.org/schema/context/spring-context.xsd]
2016-02-03 20:14:44,765 DEBUG   main [org.springframework.beans.factory.xml.PluggableSchemaResolver] Found XML schema [http://www.springframework.org/schema/context/spring-context.xsd] in classpath: org/springframework/context/config/spring-context-4.2.xsd
2016-02-03 20:14:44,787 TRACE   main [org.springframework.beans.factory.xml.PluggableSchemaResolver] Trying to resolve XML entity with public id [null] and system id [http://www.springframework.org/schema/tool/spring-tool-4.2.xsd]
2016-02-03 20:14:44,789 DEBUG   main [org.springframework.beans.factory.xml.PluggableSchemaResolver] Found XML schema [http://www.springframework.org/schema/tool/spring-tool-4.2.xsd] in classpath: org/springframework/beans/factory/xml/spring-tool-4.2.xsd
2016-02-03 20:14:44,801 TRACE   main [org.springframework.beans.factory.xml.PluggableSchemaResolver] Trying to resolve XML entity with public id [null] and system id [http://www.springframework.org/schema/ldap/spring-ldap.xsd]
2016-02-03 20:14:44,801 DEBUG   main [org.springframework.beans.factory.xml.PluggableSchemaResolver] Found XML schema [http://www.springframework.org/schema/ldap/spring-ldap.xsd] in classpath: org/springframework/ldap/config/spring-ldap-2.0.xsd
2016-02-03 20:14:44,836 TRACE   main [org.springframework.beans.factory.xml.PluggableSchemaResolver] Trying to resolve XML entity with public id [null] and system id [http://www.springframework.org/schema/data/repository/spring-repository.xsd]
2016-02-03 20:14:44,838 DEBUG   main [org.springframework.beans.factory.xml.PluggableSchemaResolver] Found XML schema [http://www.springframework.org/schema/data/repository/spring-repository.xsd] in classpath: org/springframework/data/repository/config/spring-repository-1.7.xsd
2016-02-03 20:14:44,889 DEBUG   main [org.springframework.beans.factory.xml.DefaultBeanDefinitionDocumentReader] Loading bean definitions
2016-02-03 20:14:44,922 DEBUG   main [org.springframework.beans.factory.xml.DefaultNamespaceHandlerResolver] Loaded NamespaceHandler mappings: {http://www.springframework.org/schema/p=org.springframework.beans.factory.xml.SimplePropertyNamespaceHandler, http://www.springframework.org/schema/util=org.springframework.beans.factory.xml.UtilNamespaceHandler, http://www.springframework.org/schema/jee=org.springframework.ejb.config.JeeNamespaceHandler, http://www.springframework.org/schema/aop=org.springframework.aop.config.AopNamespaceHandler, http://www.springframework.org/schema/data/repository=org.springframework.data.repository.config.RepositoryNameSpaceHandler, http://www.springframework.org/schema/cache=org.springframework.cache.config.CacheNamespaceHandler, http://www.springframework.org/schema/c=org.springframework.beans.factory.xml.SimpleConstructorNamespaceHandler, http://www.springframework.org/schema/ldap=org.springframework.ldap.config.LdapNamespaceHandler, http://www.springframework.org/schema/tx=org.springframework.transaction.config.TxNamespaceHandler, http://www.springframework.org/schema/task=org.springframework.scheduling.config.TaskNamespaceHandler, http://www.springframework.org/schema/lang=org.springframework.scripting.config.LangNamespaceHandler, http://www.springframework.org/schema/context=org.springframework.context.config.ContextNamespaceHandler}
2016-02-03 20:14:45,034 DEBUG   main [org.springframework.core.env.StandardEnvironment] Adding [systemProperties] PropertySource with lowest search precedence
2016-02-03 20:14:45,034 DEBUG   main [org.springframework.core.env.StandardEnvironment] Adding [systemEnvironment] PropertySource with lowest search precedence
2016-02-03 20:14:45,038 DEBUG   main [org.springframework.core.env.StandardEnvironment] Initialized StandardEnvironment with PropertySources [systemProperties,systemEnvironment]
2016-02-03 20:14:45,081 DEBUG   main [org.springframework.core.io.support.PathMatchingResourcePatternResolver] Looking for matching resources in directory tree [C:\Eclipse\workspace\spring-ldap-example\bin\ldap\advance\example]
2016-02-03 20:14:45,081 DEBUG   main [org.springframework.core.io.support.PathMatchingResourcePatternResolver] Searching directory [C:\Eclipse\workspace\spring-ldap-example\bin\ldap\advance\example] for files matching pattern [C:/Eclipse/workspace/spring-ldap-example/bin/ldap/advance/example/**/*.class]
2016-02-03 20:14:45,096 DEBUG   main [org.springframework.core.io.support.PathMatchingResourcePatternResolver] Searching directory [C:\Eclipse\workspace\spring-ldap-example\bin\ldap\advance\example\test] for files matching pattern [C:/Eclipse/workspace/spring-ldap-example/bin/ldap/advance/example/**/*.class]
2016-02-03 20:14:45,102 DEBUG   main [org.springframework.core.io.support.PathMatchingResourcePatternResolver] Resolved location pattern [classpath*:ldap/advance/example/**/*.class] to resources [file [C:\Eclipse\workspace\spring-ldap-example\bin\ldap\advance\example\test\LdapApp.class], file [C:\Eclipse\workspace\spring-ldap-example\bin\ldap\advance\example\User.class], file [C:\Eclipse\workspace\spring-ldap-example\bin\ldap\advance\example\UserRepositoryImpl$MultipleAttributesMapper.class], file [C:\Eclipse\workspace\spring-ldap-example\bin\ldap\advance\example\UserRepositoryImpl$SingleAttributesMapper.class], file [C:\Eclipse\workspace\spring-ldap-example\bin\ldap\advance\example\UserRepositoryImpl$UserAttributesMapper.class], file [C:\Eclipse\workspace\spring-ldap-example\bin\ldap\advance\example\UserRepositoryImpl.class], file [C:\Eclipse\workspace\spring-ldap-example\bin\ldap\advance\example\UserRepositoryIntf.class]]
2016-02-03 20:14:45,103 TRACE   main [org.springframework.context.annotation.ClassPathBeanDefinitionScanner] Scanning file [C:\Eclipse\workspace\spring-ldap-example\bin\ldap\advance\example\test\LdapApp.class]
2016-02-03 20:14:45,170 TRACE   main [org.springframework.context.annotation.ClassPathBeanDefinitionScanner] Ignored because not matching any filter: file [C:\Eclipse\workspace\spring-ldap-example\bin\ldap\advance\example\test\LdapApp.class]
2016-02-03 20:14:45,171 TRACE   main [org.springframework.context.annotation.ClassPathBeanDefinitionScanner] Scanning file [C:\Eclipse\workspace\spring-ldap-example\bin\ldap\advance\example\User.class]
2016-02-03 20:14:45,172 TRACE   main [org.springframework.context.annotation.ClassPathBeanDefinitionScanner] Ignored because not matching any filter: file [C:\Eclipse\workspace\spring-ldap-example\bin\ldap\advance\example\User.class]
2016-02-03 20:14:45,172 TRACE   main [org.springframework.context.annotation.ClassPathBeanDefinitionScanner] Scanning file [C:\Eclipse\workspace\spring-ldap-example\bin\ldap\advance\example\UserRepositoryImpl$MultipleAttributesMapper.class]
2016-02-03 20:14:45,177 TRACE   main [org.springframework.context.annotation.ClassPathBeanDefinitionScanner] Ignored because not matching any filter: file [C:\Eclipse\workspace\spring-ldap-example\bin\ldap\advance\example\UserRepositoryImpl$MultipleAttributesMapper.class]
2016-02-03 20:14:45,177 TRACE   main [org.springframework.context.annotation.ClassPathBeanDefinitionScanner] Scanning file [C:\Eclipse\workspace\spring-ldap-example\bin\ldap\advance\example\UserRepositoryImpl$SingleAttributesMapper.class]
2016-02-03 20:14:45,178 TRACE   main [org.springframework.context.annotation.ClassPathBeanDefinitionScanner] Ignored because not matching any filter: file [C:\Eclipse\workspace\spring-ldap-example\bin\ldap\advance\example\UserRepositoryImpl$SingleAttributesMapper.class]
2016-02-03 20:14:45,178 TRACE   main [org.springframework.context.annotation.ClassPathBeanDefinitionScanner] Scanning file [C:\Eclipse\workspace\spring-ldap-example\bin\ldap\advance\example\UserRepositoryImpl$UserAttributesMapper.class]
2016-02-03 20:14:45,180 TRACE   main [org.springframework.context.annotation.ClassPathBeanDefinitionScanner] Ignored because not matching any filter: file [C:\Eclipse\workspace\spring-ldap-example\bin\ldap\advance\example\UserRepositoryImpl$UserAttributesMapper.class]
2016-02-03 20:14:45,180 TRACE   main [org.springframework.context.annotation.ClassPathBeanDefinitionScanner] Scanning file [C:\Eclipse\workspace\spring-ldap-example\bin\ldap\advance\example\UserRepositoryImpl.class]
2016-02-03 20:14:45,226 DEBUG   main [org.springframework.context.annotation.ClassPathBeanDefinitionScanner] Identified candidate component class: file [C:\Eclipse\workspace\spring-ldap-example\bin\ldap\advance\example\UserRepositoryImpl.class]
2016-02-03 20:14:45,226 TRACE   main [org.springframework.context.annotation.ClassPathBeanDefinitionScanner] Scanning file [C:\Eclipse\workspace\spring-ldap-example\bin\ldap\advance\example\UserRepositoryIntf.class]
2016-02-03 20:14:45,227 TRACE   main [org.springframework.context.annotation.ClassPathBeanDefinitionScanner] Ignored because not matching any filter: file [C:\Eclipse\workspace\spring-ldap-example\bin\ldap\advance\example\UserRepositoryIntf.class]
2016-02-03 20:14:45,349 DEBUG   main [org.springframework.beans.factory.xml.XmlBeanDefinitionReader] Loaded 9 bean definitions from location pattern [spring-ldap-example.xml]
2016-02-03 20:14:45,350 DEBUG   main [org.springframework.context.support.ClassPathXmlApplicationContext] Bean factory for org.springframework.context.support.ClassPathXmlApplicationContext@89ec211: org.springframework.beans.factory.support.DefaultListableBeanFactory@56a45c4: defining beans [userRepositoryImpl,org.springframework.context.annotation.internalConfigurationAnnotationProcessor,org.springframework.context.annotation.internalAutowiredAnnotationProcessor,org.springframework.context.annotation.internalRequiredAnnotationProcessor,org.springframework.context.annotation.internalCommonAnnotationProcessor,simpleDirContextAuthenticationStrategy,userReposImpl,contextSource,ldapTemplate]; root of factory hierarchy
2016-02-03 20:14:45,434 DEBUG   main [org.springframework.beans.factory.support.DefaultListableBeanFactory] Creating shared instance of singleton bean 'org.springframework.context.annotation.internalConfigurationAnnotationProcessor'
2016-02-03 20:14:45,435 DEBUG   main [org.springframework.beans.factory.support.DefaultListableBeanFactory] Creating instance of bean 'org.springframework.context.annotation.internalConfigurationAnnotationProcessor'
2016-02-03 20:14:45,461 DEBUG   main [org.springframework.beans.factory.support.DefaultListableBeanFactory] Eagerly caching bean 'org.springframework.context.annotation.internalConfigurationAnnotationProcessor' to allow for resolving potential circular references
2016-02-03 20:14:45,467 DEBUG   main [org.springframework.beans.factory.support.DefaultListableBeanFactory] Finished creating instance of bean 'org.springframework.context.annotation.internalConfigurationAnnotationProcessor'
2016-02-03 20:14:45,530 DEBUG   main [org.springframework.beans.factory.support.DefaultListableBeanFactory] Creating shared instance of singleton bean 'org.springframework.context.annotation.internalAutowiredAnnotationProcessor'
2016-02-03 20:14:45,530 DEBUG   main [org.springframework.beans.factory.support.DefaultListableBeanFactory] Creating instance of bean 'org.springframework.context.annotation.internalAutowiredAnnotationProcessor'
2016-02-03 20:14:45,532 DEBUG   main [org.springframework.beans.factory.support.DefaultListableBeanFactory] Eagerly caching bean 'org.springframework.context.annotation.internalAutowiredAnnotationProcessor' to allow for resolving potential circular references
2016-02-03 20:14:45,532 DEBUG   main [org.springframework.beans.factory.support.DefaultListableBeanFactory] Finished creating instance of bean 'org.springframework.context.annotation.internalAutowiredAnnotationProcessor'
2016-02-03 20:14:45,532 DEBUG   main [org.springframework.beans.factory.support.DefaultListableBeanFactory] Creating shared instance of singleton bean 'org.springframework.context.annotation.internalRequiredAnnotationProcessor'
2016-02-03 20:14:45,533 DEBUG   main [org.springframework.beans.factory.support.DefaultListableBeanFactory] Creating instance of bean 'org.springframework.context.annotation.internalRequiredAnnotationProcessor'
2016-02-03 20:14:45,534 DEBUG   main [org.springframework.beans.factory.support.DefaultListableBeanFactory] Eagerly caching bean 'org.springframework.context.annotation.internalRequiredAnnotationProcessor' to allow for resolving potential circular references
2016-02-03 20:14:45,534 DEBUG   main [org.springframework.beans.factory.support.DefaultListableBeanFactory] Finished creating instance of bean 'org.springframework.context.annotation.internalRequiredAnnotationProcessor'
2016-02-03 20:14:45,534 DEBUG   main [org.springframework.beans.factory.support.DefaultListableBeanFactory] Creating shared instance of singleton bean 'org.springframework.context.annotation.internalCommonAnnotationProcessor'
2016-02-03 20:14:45,534 DEBUG   main [org.springframework.beans.factory.support.DefaultListableBeanFactory] Creating instance of bean 'org.springframework.context.annotation.internalCommonAnnotationProcessor'
2016-02-03 20:14:45,550 DEBUG   main [org.springframework.beans.factory.support.DefaultListableBeanFactory] Eagerly caching bean 'org.springframework.context.annotation.internalCommonAnnotationProcessor' to allow for resolving potential circular references
2016-02-03 20:14:45,550 DEBUG   main [org.springframework.beans.factory.support.DefaultListableBeanFactory] Finished creating instance of bean 'org.springframework.context.annotation.internalCommonAnnotationProcessor'
2016-02-03 20:14:45,551 DEBUG   main [org.springframework.beans.factory.support.DefaultListableBeanFactory] Creating shared instance of singleton bean 'org.springframework.context.annotation.ConfigurationClassPostProcessor.importAwareProcessor'
2016-02-03 20:14:45,551 DEBUG   main [org.springframework.beans.factory.support.DefaultListableBeanFactory] Creating instance of bean 'org.springframework.context.annotation.ConfigurationClassPostProcessor.importAwareProcessor'
2016-02-03 20:14:45,551 DEBUG   main [org.springframework.beans.factory.support.DefaultListableBeanFactory] Eagerly caching bean 'org.springframework.context.annotation.ConfigurationClassPostProcessor.importAwareProcessor' to allow for resolving potential circular references
2016-02-03 20:14:45,551 DEBUG   main [org.springframework.beans.factory.support.DefaultListableBeanFactory] Finished creating instance of bean 'org.springframework.context.annotation.ConfigurationClassPostProcessor.importAwareProcessor'
2016-02-03 20:14:45,552 DEBUG   main [org.springframework.beans.factory.support.DefaultListableBeanFactory] Creating shared instance of singleton bean 'org.springframework.context.annotation.ConfigurationClassPostProcessor.enhancedConfigurationProcessor'
2016-02-03 20:14:45,552 DEBUG   main [org.springframework.beans.factory.support.DefaultListableBeanFactory] Creating instance of bean 'org.springframework.context.annotation.ConfigurationClassPostProcessor.enhancedConfigurationProcessor'
2016-02-03 20:14:45,552 DEBUG   main [org.springframework.beans.factory.support.DefaultListableBeanFactory] Eagerly caching bean 'org.springframework.context.annotation.ConfigurationClassPostProcessor.enhancedConfigurationProcessor' to allow for resolving potential circular references
2016-02-03 20:14:45,552 DEBUG   main [org.springframework.beans.factory.support.DefaultListableBeanFactory] Finished creating instance of bean 'org.springframework.context.annotation.ConfigurationClassPostProcessor.enhancedConfigurationProcessor'
2016-02-03 20:14:45,589 DEBUG   main [org.springframework.context.support.ClassPathXmlApplicationContext] Unable to locate MessageSource with name 'messageSource': using default [org.springframework.context.support.DelegatingMessageSource@190bf402]
2016-02-03 20:14:45,604 DEBUG   main [org.springframework.context.support.ClassPathXmlApplicationContext] Unable to locate ApplicationEventMulticaster with name 'applicationEventMulticaster': using default [org.springframework.context.event.SimpleApplicationEventMulticaster@1b2090ab]
2016-02-03 20:14:45,606 DEBUG   main [org.springframework.beans.factory.support.DefaultListableBeanFactory] Pre-instantiating singletons in org.springframework.beans.factory.support.DefaultListableBeanFactory@56a45c4: defining beans [userRepositoryImpl,org.springframework.context.annotation.internalConfigurationAnnotationProcessor,org.springframework.context.annotation.internalAutowiredAnnotationProcessor,org.springframework.context.annotation.internalRequiredAnnotationProcessor,org.springframework.context.annotation.internalCommonAnnotationProcessor,simpleDirContextAuthenticationStrategy,userReposImpl,contextSource,ldapTemplate,org.springframework.context.annotation.ConfigurationClassPostProcessor.importAwareProcessor,org.springframework.context.annotation.ConfigurationClassPostProcessor.enhancedConfigurationProcessor]; root of factory hierarchy
2016-02-03 20:14:45,606 DEBUG   main [org.springframework.beans.factory.support.DefaultListableBeanFactory] Creating shared instance of singleton bean 'userRepositoryImpl'
2016-02-03 20:14:45,606 DEBUG   main [org.springframework.beans.factory.support.DefaultListableBeanFactory] Creating instance of bean 'userRepositoryImpl'
2016-02-03 20:14:45,650 DEBUG   main [org.springframework.beans.factory.annotation.InjectionMetadata] Registered injected element on class [ldap.advance.example.UserRepositoryImpl]: AutowiredFieldElement for private org.springframework.ldap.core.LdapTemplate ldap.advance.example.UserRepositoryImpl.ldapTemplate
2016-02-03 20:14:45,650 DEBUG   main [org.springframework.beans.factory.support.DefaultListableBeanFactory] Eagerly caching bean 'userRepositoryImpl' to allow for resolving potential circular references
2016-02-03 20:14:45,654 TRACE   main [org.springframework.core.io.support.SpringFactoriesLoader] Loaded [org.springframework.beans.BeanInfoFactory] names: [org.springframework.beans.ExtendedBeanInfoFactory]
2016-02-03 20:14:45,656 TRACE   main [org.springframework.beans.CachedIntrospectionResults] Getting BeanInfo for class [ldap.advance.example.UserRepositoryImpl]
2016-02-03 20:14:45,687 TRACE   main [org.springframework.beans.CachedIntrospectionResults] Caching PropertyDescriptors for class [ldap.advance.example.UserRepositoryImpl]
2016-02-03 20:14:45,687 TRACE   main [org.springframework.beans.CachedIntrospectionResults] Found bean property 'allUserNames' of type [java.util.List]
2016-02-03 20:14:45,706 TRACE   main [org.springframework.beans.CachedIntrospectionResults] Found bean property 'allUsers' of type [java.util.List]
2016-02-03 20:14:45,707 TRACE   main [org.springframework.beans.CachedIntrospectionResults] Found bean property 'class' of type [java.lang.Class]
2016-02-03 20:14:45,713 DEBUG   main [org.springframework.beans.factory.annotation.InjectionMetadata] Processing injected element of bean 'userRepositoryImpl': AutowiredFieldElement for private org.springframework.ldap.core.LdapTemplate ldap.advance.example.UserRepositoryImpl.ldapTemplate
2016-02-03 20:14:45,721 DEBUG   main [org.springframework.beans.factory.support.DefaultListableBeanFactory] Creating shared instance of singleton bean 'ldapTemplate'
2016-02-03 20:14:45,721 DEBUG   main [org.springframework.beans.factory.support.DefaultListableBeanFactory] Creating instance of bean 'ldapTemplate'
2016-02-03 20:14:45,751 DEBUG   main [org.springframework.beans.factory.support.DefaultListableBeanFactory] Eagerly caching bean 'ldapTemplate' to allow for resolving potential circular references
2016-02-03 20:14:45,751 TRACE   main [org.springframework.beans.CachedIntrospectionResults] Getting BeanInfo for class [org.springframework.ldap.core.LdapTemplate]
2016-02-03 20:14:45,780 TRACE   main [org.springframework.beans.CachedIntrospectionResults] Caching PropertyDescriptors for class [org.springframework.ldap.core.LdapTemplate]
2016-02-03 20:14:45,781 TRACE   main [org.springframework.beans.CachedIntrospectionResults] Found bean property 'class' of type [java.lang.Class]
2016-02-03 20:14:45,781 TRACE   main [org.springframework.beans.CachedIntrospectionResults] Found bean property 'contextSource' of type [org.springframework.ldap.core.ContextSource]
2016-02-03 20:14:45,781 TRACE   main [org.springframework.beans.CachedIntrospectionResults] Found bean property 'defaultCountLimit' of type [int]
2016-02-03 20:14:45,781 TRACE   main [org.springframework.beans.CachedIntrospectionResults] Found bean property 'defaultSearchScope' of type [int]
2016-02-03 20:14:45,782 TRACE   main [org.springframework.beans.CachedIntrospectionResults] Found bean property 'defaultTimeLimit' of type [int]
2016-02-03 20:14:45,782 TRACE   main [org.springframework.beans.CachedIntrospectionResults] Found bean property 'ignoreNameNotFoundException' of type [boolean]
2016-02-03 20:14:45,783 TRACE   main [org.springframework.beans.CachedIntrospectionResults] Found bean property 'ignorePartialResultException' of type [boolean]
2016-02-03 20:14:45,784 TRACE   main [org.springframework.beans.CachedIntrospectionResults] Found bean property 'ignoreSizeLimitExceededException' of type [boolean]
2016-02-03 20:14:45,784 TRACE   main [org.springframework.beans.CachedIntrospectionResults] Found bean property 'objectDirectoryMapper' of type [org.springframework.ldap.odm.core.ObjectDirectoryMapper]
2016-02-03 20:14:45,786 DEBUG   main [org.springframework.beans.factory.support.DefaultListableBeanFactory] Creating shared instance of singleton bean 'contextSource'
2016-02-03 20:14:45,786 DEBUG   main [org.springframework.beans.factory.support.DefaultListableBeanFactory] Creating instance of bean 'contextSource'
2016-02-03 20:14:45,792 DEBUG   main [org.springframework.beans.factory.support.DefaultListableBeanFactory] Creating instance of bean '(inner bean)#5717e2b2'
2016-02-03 20:14:45,818 TRACE   main [org.springframework.beans.CachedIntrospectionResults] Getting BeanInfo for class [org.springframework.ldap.core.support.LdapContextSource]
2016-02-03 20:14:45,821 TRACE   main [org.springframework.beans.CachedIntrospectionResults] Caching PropertyDescriptors for class [org.springframework.ldap.core.support.LdapContextSource]
2016-02-03 20:14:45,822 TRACE   main [org.springframework.beans.CachedIntrospectionResults] Found bean property 'anonymousReadOnly' of type [boolean]
2016-02-03 20:14:45,822 TRACE   main [org.springframework.beans.CachedIntrospectionResults] Found bean property 'authenticationSource' of type [org.springframework.ldap.core.AuthenticationSource]
2016-02-03 20:14:45,822 TRACE   main [org.springframework.beans.CachedIntrospectionResults] Found bean property 'authenticationStrategy' of type [org.springframework.ldap.core.support.DirContextAuthenticationStrategy]
2016-02-03 20:14:45,822 TRACE   main [org.springframework.beans.CachedIntrospectionResults] Found bean property 'base' of type [java.lang.String]
2016-02-03 20:14:45,822 TRACE   main [org.springframework.beans.CachedIntrospectionResults] Found bean property 'baseEnvironmentProperties' of type [java.util.Map]
2016-02-03 20:14:45,822 TRACE   main [org.springframework.beans.CachedIntrospectionResults] Found bean property 'baseLdapName' of type [javax.naming.ldap.LdapName]
2016-02-03 20:14:45,822 TRACE   main [org.springframework.beans.CachedIntrospectionResults] Found bean property 'baseLdapPath' of type [org.springframework.ldap.core.DistinguishedName]
2016-02-03 20:14:45,822 TRACE   main [org.springframework.beans.CachedIntrospectionResults] Found bean property 'baseLdapPathAsString' of type [java.lang.String]
2016-02-03 20:14:45,823 TRACE   main [org.springframework.beans.CachedIntrospectionResults] Found bean property 'cacheEnvironmentProperties' of type [boolean]
2016-02-03 20:14:45,823 TRACE   main [org.springframework.beans.CachedIntrospectionResults] Found bean property 'class' of type [java.lang.Class]
2016-02-03 20:14:45,824 TRACE   main [org.springframework.beans.CachedIntrospectionResults] Found bean property 'contextFactory' of type [java.lang.Class]
2016-02-03 20:14:45,824 TRACE   main [org.springframework.beans.CachedIntrospectionResults] Found bean property 'dirObjectFactory' of type [java.lang.Class]
2016-02-03 20:14:45,825 TRACE   main [org.springframework.beans.CachedIntrospectionResults] Found bean property 'password' of type [java.lang.String]
2016-02-03 20:14:45,825 TRACE   main [org.springframework.beans.CachedIntrospectionResults] Found bean property 'pooled' of type [boolean]
2016-02-03 20:14:45,825 TRACE   main [org.springframework.beans.CachedIntrospectionResults] Found bean property 'readOnlyContext' of type [javax.naming.directory.DirContext]
2016-02-03 20:14:45,825 TRACE   main [org.springframework.beans.CachedIntrospectionResults] Found bean property 'readWriteContext' of type [javax.naming.directory.DirContext]
2016-02-03 20:14:45,826 TRACE   main [org.springframework.beans.CachedIntrospectionResults] Found bean property 'referral' of type [java.lang.String]
2016-02-03 20:14:45,826 TRACE   main [org.springframework.beans.CachedIntrospectionResults] Found bean property 'url' of type [java.lang.String]
2016-02-03 20:14:45,826 TRACE   main [org.springframework.beans.CachedIntrospectionResults] Found bean property 'urls' of type [[Ljava.lang.String;]
2016-02-03 20:14:45,826 TRACE   main [org.springframework.beans.CachedIntrospectionResults] Found bean property 'userDn' of type [java.lang.String]
2016-02-03 20:14:45,830 DEBUG   main [org.springframework.beans.factory.support.DefaultListableBeanFactory] Creating instance of bean '(inner bean)#5f1c0ef'
2016-02-03 20:14:45,835 TRACE   main [org.springframework.beans.CachedIntrospectionResults] Getting BeanInfo for class [[Ljava.lang.String;]
2016-02-03 20:14:45,835 TRACE   main [org.springframework.beans.CachedIntrospectionResults] Caching PropertyDescriptors for class [[Ljava.lang.String;]
2016-02-03 20:14:45,835 TRACE   main [org.springframework.beans.CachedIntrospectionResults] Found bean property 'class' of type [java.lang.Class]
2016-02-03 20:14:45,836 DEBUG   main [org.springframework.beans.factory.support.DefaultListableBeanFactory] Finished creating instance of bean '(inner bean)#5f1c0ef'
2016-02-03 20:14:45,837 DEBUG   main [org.springframework.beans.factory.support.DefaultListableBeanFactory] Creating shared instance of singleton bean 'simpleDirContextAuthenticationStrategy'
2016-02-03 20:14:45,837 DEBUG   main [org.springframework.beans.factory.support.DefaultListableBeanFactory] Creating instance of bean 'simpleDirContextAuthenticationStrategy'
2016-02-03 20:14:45,837 DEBUG   main [org.springframework.beans.factory.support.DefaultListableBeanFactory] Eagerly caching bean 'simpleDirContextAuthenticationStrategy' to allow for resolving potential circular references
2016-02-03 20:14:45,838 TRACE   main [org.springframework.beans.CachedIntrospectionResults] Getting BeanInfo for class [org.springframework.ldap.core.support.SimpleDirContextAuthenticationStrategy]
2016-02-03 20:14:45,850 TRACE   main [org.springframework.beans.CachedIntrospectionResults] Caching PropertyDescriptors for class [org.springframework.ldap.core.support.SimpleDirContextAuthenticationStrategy]
2016-02-03 20:14:45,850 TRACE   main [org.springframework.beans.CachedIntrospectionResults] Found bean property 'class' of type [java.lang.Class]
2016-02-03 20:14:45,851 DEBUG   main [org.springframework.beans.factory.support.DefaultListableBeanFactory] Finished creating instance of bean 'simpleDirContextAuthenticationStrategy'
2016-02-03 20:14:45,854 DEBUG   main [org.springframework.beans.factory.support.DefaultListableBeanFactory] Invoking afterPropertiesSet() on bean with name '(inner bean)#5717e2b2'
2016-02-03 20:14:45,878 DEBUG   main [org.springframework.beans.factory.support.DefaultListableBeanFactory] Finished creating instance of bean '(inner bean)#5717e2b2'
2016-02-03 20:14:45,886 DEBUG   main [org.springframework.beans.factory.support.DefaultListableBeanFactory] Eagerly caching bean 'contextSource' to allow for resolving potential circular references
2016-02-03 20:14:45,886 TRACE   main [org.springframework.beans.CachedIntrospectionResults] Getting BeanInfo for class [org.springframework.ldap.transaction.compensating.manager.TransactionAwareContextSourceProxy]
2016-02-03 20:14:45,900 TRACE   main [org.springframework.beans.CachedIntrospectionResults] Caching PropertyDescriptors for class [org.springframework.ldap.transaction.compensating.manager.TransactionAwareContextSourceProxy]
2016-02-03 20:14:45,900 TRACE   main [org.springframework.beans.CachedIntrospectionResults] Found bean property 'baseLdapName' of type [javax.naming.ldap.LdapName]
2016-02-03 20:14:45,900 TRACE   main [org.springframework.beans.CachedIntrospectionResults] Found bean property 'baseLdapPath' of type [org.springframework.ldap.core.DistinguishedName]
2016-02-03 20:14:45,900 TRACE   main [org.springframework.beans.CachedIntrospectionResults] Found bean property 'baseLdapPathAsString' of type [java.lang.String]
2016-02-03 20:14:45,900 TRACE   main [org.springframework.beans.CachedIntrospectionResults] Found bean property 'class' of type [java.lang.Class]
2016-02-03 20:14:45,902 TRACE   main [org.springframework.beans.CachedIntrospectionResults] Found bean property 'readOnlyContext' of type [javax.naming.directory.DirContext]
2016-02-03 20:14:45,903 TRACE   main [org.springframework.beans.CachedIntrospectionResults] Found bean property 'readWriteContext' of type [javax.naming.directory.DirContext]
2016-02-03 20:14:45,904 TRACE   main [org.springframework.beans.CachedIntrospectionResults] Found bean property 'target' of type [org.springframework.ldap.core.ContextSource]
2016-02-03 20:14:45,905 DEBUG   main [org.springframework.beans.factory.support.DefaultListableBeanFactory] Finished creating instance of bean 'contextSource'
2016-02-03 20:14:45,907 DEBUG   main [org.springframework.beans.factory.support.DefaultListableBeanFactory] Invoking afterPropertiesSet() on bean with name 'ldapTemplate'
2016-02-03 20:14:45,908 DEBUG   main [org.springframework.beans.factory.support.DefaultListableBeanFactory] Finished creating instance of bean 'ldapTemplate'
2016-02-03 20:14:45,909 DEBUG   main [org.springframework.beans.factory.annotation.AutowiredAnnotationBeanPostProcessor] Autowiring by type from bean name 'userRepositoryImpl' to bean named 'ldapTemplate'
2016-02-03 20:14:45,911 DEBUG   main [org.springframework.beans.factory.support.DefaultListableBeanFactory] Finished creating instance of bean 'userRepositoryImpl'
2016-02-03 20:14:45,912 DEBUG   main [org.springframework.beans.factory.support.DefaultListableBeanFactory] Returning cached instance of singleton bean 'org.springframework.context.annotation.internalConfigurationAnnotationProcessor'
2016-02-03 20:14:45,912 DEBUG   main [org.springframework.beans.factory.support.DefaultListableBeanFactory] Returning cached instance of singleton bean 'org.springframework.context.annotation.internalAutowiredAnnotationProcessor'
2016-02-03 20:14:45,912 DEBUG   main [org.springframework.beans.factory.support.DefaultListableBeanFactory] Returning cached instance of singleton bean 'org.springframework.context.annotation.internalRequiredAnnotationProcessor'
2016-02-03 20:14:45,912 DEBUG   main [org.springframework.beans.factory.support.DefaultListableBeanFactory] Returning cached instance of singleton bean 'org.springframework.context.annotation.internalCommonAnnotationProcessor'
2016-02-03 20:14:45,912 DEBUG   main [org.springframework.beans.factory.support.DefaultListableBeanFactory] Returning cached instance of singleton bean 'simpleDirContextAuthenticationStrategy'
2016-02-03 20:14:45,913 DEBUG   main [org.springframework.beans.factory.support.DefaultListableBeanFactory] Creating shared instance of singleton bean 'userReposImpl'
2016-02-03 20:14:45,913 DEBUG   main [org.springframework.beans.factory.support.DefaultListableBeanFactory] Creating instance of bean 'userReposImpl'
2016-02-03 20:14:45,915 DEBUG   main [org.springframework.beans.factory.annotation.InjectionMetadata] Registered injected element on class [ldap.advance.example.UserRepositoryImpl]: AutowiredFieldElement for private org.springframework.ldap.core.LdapTemplate ldap.advance.example.UserRepositoryImpl.ldapTemplate
2016-02-03 20:14:45,915 DEBUG   main [org.springframework.beans.factory.support.DefaultListableBeanFactory] Eagerly caching bean 'userReposImpl' to allow for resolving potential circular references
2016-02-03 20:14:45,915 DEBUG   main [org.springframework.beans.factory.annotation.InjectionMetadata] Processing injected element of bean 'userReposImpl': AutowiredFieldElement for private org.springframework.ldap.core.LdapTemplate ldap.advance.example.UserRepositoryImpl.ldapTemplate
2016-02-03 20:14:45,916 DEBUG   main [org.springframework.beans.factory.support.DefaultListableBeanFactory] Returning cached instance of singleton bean 'ldapTemplate'
2016-02-03 20:14:45,916 DEBUG   main [org.springframework.beans.factory.annotation.AutowiredAnnotationBeanPostProcessor] Autowiring by type from bean name 'userReposImpl' to bean named 'ldapTemplate'
2016-02-03 20:14:45,917 DEBUG   main [org.springframework.beans.factory.support.DefaultListableBeanFactory] Finished creating instance of bean 'userReposImpl'
2016-02-03 20:14:45,917 DEBUG   main [org.springframework.beans.factory.support.DefaultListableBeanFactory] Returning cached instance of singleton bean 'contextSource'
2016-02-03 20:14:45,917 DEBUG   main [org.springframework.beans.factory.support.DefaultListableBeanFactory] Returning cached instance of singleton bean 'ldapTemplate'
2016-02-03 20:14:45,917 DEBUG   main [org.springframework.beans.factory.support.DefaultListableBeanFactory] Returning cached instance of singleton bean 'org.springframework.context.annotation.ConfigurationClassPostProcessor.importAwareProcessor'
2016-02-03 20:14:45,917 DEBUG   main [org.springframework.beans.factory.support.DefaultListableBeanFactory] Returning cached instance of singleton bean 'org.springframework.context.annotation.ConfigurationClassPostProcessor.enhancedConfigurationProcessor'
2016-02-03 20:14:45,920 DEBUG   main [org.springframework.context.support.ClassPathXmlApplicationContext] Unable to locate LifecycleProcessor with name 'lifecycleProcessor': using default [org.springframework.context.support.DefaultLifecycleProcessor@14f94672]
2016-02-03 20:14:45,921 DEBUG   main [org.springframework.beans.factory.support.DefaultListableBeanFactory] Returning cached instance of singleton bean 'lifecycleProcessor'
2016-02-03 20:14:45,923 TRACE   main [org.springframework.context.support.ClassPathXmlApplicationContext] Publishing event in org.springframework.context.support.ClassPathXmlApplicationContext@89ec211: org.springframework.context.event.ContextRefreshedEvent[source=org.springframework.context.support.ClassPathXmlApplicationContext@89ec211: startup date [Wed Feb 03 20:14:44 EST 2016]; root of context hierarchy]
2016-02-03 20:14:45,931 TRACE   main [org.springframework.core.env.PropertySourcesPropertyResolver] getProperty("spring.liveBeansView.mbeanDomain", String)
2016-02-03 20:14:45,932 DEBUG   main [org.springframework.core.env.PropertySourcesPropertyResolver] Searching for key 'spring.liveBeansView.mbeanDomain' in [systemProperties]
2016-02-03 20:14:45,932 DEBUG   main [org.springframework.core.env.PropertySourcesPropertyResolver] Searching for key 'spring.liveBeansView.mbeanDomain' in [systemEnvironment]
2016-02-03 20:14:45,932 DEBUG   main [org.springframework.core.env.PropertySourcesPropertyResolver] Could not find key 'spring.liveBeansView.mbeanDomain' in any property source. Returning [null]
2016-02-03 20:14:45,933 INFO   main [ldap.advance.example.test.LdapApp] Test started at Wed Feb 03 20:14:44 EST 2016
2016-02-03 20:14:45,933 DEBUG   main [org.springframework.beans.factory.support.DefaultListableBeanFactory] Returning cached instance of singleton bean 'userReposImpl'
2016-02-03 20:14:45,933 INFO   main [ldap.advance.example.UserRepositoryImpl] executing {createUser}
2016-02-03 20:17:19,080 DEBUG   main [org.springframework.core.env.StandardEnvironment] Adding [systemProperties] PropertySource with lowest search precedence
2016-02-03 20:17:19,088 DEBUG   main [org.springframework.core.env.StandardEnvironment] Adding [systemEnvironment] PropertySource with lowest search precedence
2016-02-03 20:17:19,089 DEBUG   main [org.springframework.core.env.StandardEnvironment] Initialized StandardEnvironment with PropertySources [systemProperties,systemEnvironment]
2016-02-03 20:17:19,095 INFO   main [org.springframework.context.support.ClassPathXmlApplicationContext] Refreshing org.springframework.context.support.ClassPathXmlApplicationContext@6ed6ee82: startup date [Wed Feb 03 20:17:19 EST 2016]; root of context hierarchy
2016-02-03 20:17:19,186 DEBUG   main [org.springframework.core.env.StandardEnvironment] Adding [systemProperties] PropertySource with lowest search precedence
2016-02-03 20:17:19,186 DEBUG   main [org.springframework.core.env.StandardEnvironment] Adding [systemEnvironment] PropertySource with lowest search precedence
2016-02-03 20:17:19,187 DEBUG   main [org.springframework.core.env.StandardEnvironment] Initialized StandardEnvironment with PropertySources [systemProperties,systemEnvironment]
2016-02-03 20:17:19,233 INFO   main [org.springframework.beans.factory.xml.XmlBeanDefinitionReader] Loading XML bean definitions from class path resource [spring-ldap-example.xml]
2016-02-03 20:17:19,238 DEBUG   main [org.springframework.beans.factory.xml.DefaultDocumentLoader] Using JAXP provider [com.sun.org.apache.xerces.internal.jaxp.DocumentBuilderFactoryImpl]
2016-02-03 20:17:19,296 TRACE   main [org.springframework.beans.factory.xml.PluggableSchemaResolver] Trying to resolve XML entity with public id [null] and system id [http://www.springframework.org/schema/beans/spring-beans.xsd]
2016-02-03 20:17:19,297 DEBUG   main [org.springframework.beans.factory.xml.PluggableSchemaResolver] Loading schema mappings from [META-INF/spring.schemas]
2016-02-03 20:17:19,331 DEBUG   main [org.springframework.beans.factory.xml.PluggableSchemaResolver] Loaded schema mappings: {http://www.springframework.org/schema/tx/spring-tx-2.5.xsd=org/springframework/transaction/config/spring-tx-2.5.xsd, http://www.springframework.org/schema/cache/spring-cache-4.2.xsd=org/springframework/cache/config/spring-cache-4.2.xsd, http://www.springframework.org/schema/aop/spring-aop-4.1.xsd=org/springframework/aop/config/spring-aop-4.1.xsd, http://www.springframework.org/schema/context/spring-context-3.1.xsd=org/springframework/context/config/spring-context-3.1.xsd, http://www.springframework.org/schema/data/repository/spring-repository-1.4.xsd=org/springframework/data/repository/config/spring-repository-1.4.xsd, http://www.springframework.org/schema/util/spring-util-3.0.xsd=org/springframework/beans/factory/xml/spring-util-3.0.xsd, http://www.springframework.org/schema/tool/spring-tool.xsd=org/springframework/beans/factory/xml/spring-tool-4.2.xsd, http://www.springframework.org/schema/aop/spring-aop-3.2.xsd=org/springframework/aop/config/spring-aop-3.2.xsd, http://www.springframework.org/schema/lang/spring-lang-4.1.xsd=org/springframework/scripting/config/spring-lang-4.1.xsd, http://www.springframework.org/schema/context/spring-context-4.0.xsd=org/springframework/context/config/spring-context-4.0.xsd, http://www.springframework.org/schema/beans/spring-beans-4.2.xsd=org/springframework/beans/factory/xml/spring-beans-4.2.xsd, http://www.springframework.org/schema/tool/spring-tool-4.1.xsd=org/springframework/beans/factory/xml/spring-tool-4.1.xsd, http://www.springframework.org/schema/lang/spring-lang-3.2.xsd=org/springframework/scripting/config/spring-lang-3.2.xsd, http://www.springframework.org/schema/cache/spring-cache-3.2.xsd=org/springframework/cache/config/spring-cache-3.2.xsd, http://www.springframework.org/schema/jee/spring-jee-4.1.xsd=org/springframework/ejb/config/spring-jee-4.1.xsd, http://www.springframework.org/schema/task/spring-task-4.2.xsd=org/springframework/scheduling/config/spring-task-4.2.xsd, http://www.springframework.org/schema/util/spring-util-2.0.xsd=org/springframework/beans/factory/xml/spring-util-2.0.xsd, http://www.springframework.org/schema/tool/spring-tool-3.2.xsd=org/springframework/beans/factory/xml/spring-tool-3.2.xsd, http://www.springframework.org/schema/context/spring-context.xsd=org/springframework/context/config/spring-context-4.2.xsd, http://www.springframework.org/schema/tx/spring-tx-4.2.xsd=org/springframework/transaction/config/spring-tx-4.2.xsd, http://www.springframework.org/schema/cache/spring-cache-4.1.xsd=org/springframework/cache/config/spring-cache-4.1.xsd, http://www.springframework.org/schema/aop/spring-aop-4.0.xsd=org/springframework/aop/config/spring-aop-4.0.xsd, http://www.springframework.org/schema/jee/spring-jee-3.2.xsd=org/springframework/ejb/config/spring-jee-3.2.xsd, http://www.springframework.org/schema/context/spring-context-3.0.xsd=org/springframework/context/config/spring-context-3.0.xsd, http://www.springframework.org/schema/util/spring-util-2.5.xsd=org/springframework/beans/factory/xml/spring-util-2.5.xsd, http://www.springframework.org/schema/beans/spring-beans-3.2.xsd=org/springframework/beans/factory/xml/spring-beans-3.2.xsd, http://www.springframework.org/schema/aop/spring-aop-3.1.xsd=org/springframework/aop/config/spring-aop-3.1.xsd, http://www.springframework.org/schema/ldap/spring-ldap-2.0.xsd=org/springframework/ldap/config/spring-ldap-2.0.xsd, http://www.springframework.org/schema/lang/spring-lang-4.0.xsd=org/springframework/scripting/config/spring-lang-4.0.xsd, http://www.springframework.org/schema/beans/spring-beans-4.1.xsd=org/springframework/beans/factory/xml/spring-beans-4.1.xsd, http://www.springframework.org/schema/tool/spring-tool-4.0.xsd=org/springframework/beans/factory/xml/spring-tool-4.0.xsd, http://www.springframework.org/schema/tx/spring-tx-3.2.xsd=org/springframework/transaction/config/spring-tx-3.2.xsd, http://www.springframework.org/schema/lang/spring-lang-3.1.xsd=org/springframework/scripting/config/spring-lang-3.1.xsd, http://www.springframework.org/schema/cache/spring-cache-3.1.xsd=org/springframework/cache/config/spring-cache-3.1.xsd, http://www.springframework.org/schema/jee/spring-jee-4.0.xsd=org/springframework/ejb/config/spring-jee-4.0.xsd, http://www.springframework.org/schema/task/spring-task-4.1.xsd=org/springframework/scheduling/config/spring-task-4.1.xsd, http://www.springframework.org/schema/tool/spring-tool-3.1.xsd=org/springframework/beans/factory/xml/spring-tool-3.1.xsd, http://www.springframework.org/schema/tx/spring-tx-4.1.xsd=org/springframework/transaction/config/spring-tx-4.1.xsd, http://www.springframework.org/schema/cache/spring-cache-4.0.xsd=org/springframework/cache/config/spring-cache-4.0.xsd, http://www.springframework.org/schema/jee/spring-jee-3.1.xsd=org/springframework/ejb/config/spring-jee-3.1.xsd, http://www.springframework.org/schema/task/spring-task-3.2.xsd=org/springframework/scheduling/config/spring-task-3.2.xsd, http://www.springframework.org/schema/util/spring-util-4.2.xsd=org/springframework/beans/factory/xml/spring-util-4.2.xsd, http://www.springframework.org/schema/beans/spring-beans-3.1.xsd=org/springframework/beans/factory/xml/spring-beans-3.1.xsd, http://www.springframework.org/schema/util/spring-util.xsd=org/springframework/beans/factory/xml/spring-util-4.2.xsd, http://www.springframework.org/schema/aop/spring-aop-3.0.xsd=org/springframework/aop/config/spring-aop-3.0.xsd, http://www.springframework.org/schema/data/repository/spring-repository.xsd=org/springframework/data/repository/config/spring-repository-1.7.xsd, http://www.springframework.org/schema/data/repository/spring-repository-1.7.xsd=org/springframework/data/repository/config/spring-repository-1.7.xsd, http://www.springframework.org/schema/ldap/spring-ldap.xsd=org/springframework/ldap/config/spring-ldap-2.0.xsd, http://www.springframework.org/schema/beans/spring-beans-4.0.xsd=org/springframework/beans/factory/xml/spring-beans-4.0.xsd, http://www.springframework.org/schema/beans/spring-beans.xsd=org/springframework/beans/factory/xml/spring-beans-4.2.xsd, http://www.springframework.org/schema/tx/spring-tx-3.1.xsd=org/springframework/transaction/config/spring-tx-3.1.xsd, http://www.springframework.org/schema/lang/spring-lang-3.0.xsd=org/springframework/scripting/config/spring-lang-3.0.xsd, http://www.springframework.org/schema/context/spring-context-2.5.xsd=org/springframework/context/config/spring-context-2.5.xsd, http://www.springframework.org/schema/task/spring-task-4.0.xsd=org/springframework/scheduling/config/spring-task-4.0.xsd, http://www.springframework.org/schema/tool/spring-tool-3.0.xsd=org/springframework/beans/factory/xml/spring-tool-3.0.xsd, http://www.springframework.org/schema/tx/spring-tx-4.0.xsd=org/springframework/transaction/config/spring-tx-4.0.xsd, http://www.springframework.org/schema/aop/spring-aop-2.0.xsd=org/springframework/aop/config/spring-aop-2.0.xsd, http://www.springframework.org/schema/jee/spring-jee-3.0.xsd=org/springframework/ejb/config/spring-jee-3.0.xsd, http://www.springframework.org/schema/util/spring-util-4.1.xsd=org/springframework/beans/factory/xml/spring-util-4.1.xsd, http://www.springframework.org/schema/task/spring-task-3.1.xsd=org/springframework/scheduling/config/spring-task-3.1.xsd, http://www.springframework.org/schema/beans/spring-beans-3.0.xsd=org/springframework/beans/factory/xml/spring-beans-3.0.xsd, http://www.springframework.org/schema/jee/spring-jee.xsd=org/springframework/ejb/config/spring-jee-4.2.xsd, http://www.springframework.org/schema/aop/spring-aop-2.5.xsd=org/springframework/aop/config/spring-aop-2.5.xsd, http://www.springframework.org/schema/lang/spring-lang-2.0.xsd=org/springframework/scripting/config/spring-lang-2.0.xsd, http://www.springframework.org/schema/data/repository/spring-repository-1.6.xsd=org/springframework/data/repository/config/spring-repository-1.6.xsd, http://www.springframework.org/schema/util/spring-util-3.2.xsd=org/springframework/beans/factory/xml/spring-util-3.2.xsd, http://www.springframework.org/schema/task/spring-task.xsd=org/springframework/scheduling/config/spring-task-4.2.xsd, http://www.springframework.org/schema/tool/spring-tool-2.0.xsd=org/springframework/beans/factory/xml/spring-tool-2.0.xsd, http://www.springframework.org/schema/tx/spring-tx-3.0.xsd=org/springframework/transaction/config/spring-tx-3.0.xsd, http://www.springframework.org/schema/lang/spring-lang-2.5.xsd=org/springframework/scripting/config/spring-lang-2.5.xsd, http://www.springframework.org/schema/context/spring-context-4.2.xsd=org/springframework/context/config/spring-context-4.2.xsd, http://www.springframework.org/schema/jee/spring-jee-2.0.xsd=org/springframework/ejb/config/spring-jee-2.0.xsd, http://www.springframework.org/schema/tool/spring-tool-2.5.xsd=org/springframework/beans/factory/xml/spring-tool-2.5.xsd, http://www.springframework.org/schema/jee/spring-jee-2.5.xsd=org/springframework/ejb/config/spring-jee-2.5.xsd, http://www.springframework.org/schema/data/repository/spring-repository-1.0.xsd=org/springframework/data/repository/config/spring-repository-1.0.xsd, http://www.springframework.org/schema/util/spring-util-4.0.xsd=org/springframework/beans/factory/xml/spring-util-4.0.xsd, http://www.springframework.org/schema/task/spring-task-3.0.xsd=org/springframework/scheduling/config/spring-task-3.0.xsd, http://www.springframework.org/schema/aop/spring-aop-4.2.xsd=org/springframework/aop/config/spring-aop-4.2.xsd, http://www.springframework.org/schema/lang/spring-lang.xsd=org/springframework/scripting/config/spring-lang-4.2.xsd, http://www.springframework.org/schema/context/spring-context-3.2.xsd=org/springframework/context/config/spring-context-3.2.xsd, http://www.springframework.org/schema/data/repository/spring-repository-1.5.xsd=org/springframework/data/repository/config/spring-repository-1.5.xsd, http://www.springframework.org/schema/util/spring-util-3.1.xsd=org/springframework/beans/factory/xml/spring-util-3.1.xsd, http://www.springframework.org/schema/beans/spring-beans-2.0.xsd=org/springframework/beans/factory/xml/spring-beans-2.0.xsd, http://www.springframework.org/schema/cache/spring-cache.xsd=org/springframework/cache/config/spring-cache-4.2.xsd, http://www.springframework.org/schema/tx/spring-tx.xsd=org/springframework/transaction/config/spring-tx-4.2.xsd, http://www.springframework.org/schema/lang/spring-lang-4.2.xsd=org/springframework/scripting/config/spring-lang-4.2.xsd, http://www.springframework.org/schema/context/spring-context-4.1.xsd=org/springframework/context/config/spring-context-4.1.xsd, http://www.springframework.org/schema/beans/spring-beans-2.5.xsd=org/springframework/beans/factory/xml/spring-beans-2.5.xsd, http://www.springframework.org/schema/tool/spring-tool-4.2.xsd=org/springframework/beans/factory/xml/spring-tool-4.2.xsd, http://www.springframework.org/schema/tx/spring-tx-2.0.xsd=org/springframework/transaction/config/spring-tx-2.0.xsd, http://www.springframework.org/schema/jee/spring-jee-4.2.xsd=org/springframework/ejb/config/spring-jee-4.2.xsd, http://www.springframework.org/schema/aop/spring-aop.xsd=org/springframework/aop/config/spring-aop-4.2.xsd}
2016-02-03 20:17:19,347 DEBUG   main [org.springframework.beans.factory.xml.PluggableSchemaResolver] Found XML schema [http://www.springframework.org/schema/beans/spring-beans.xsd] in classpath: org/springframework/beans/factory/xml/spring-beans-4.2.xsd
2016-02-03 20:17:19,490 TRACE   main [org.springframework.beans.factory.xml.PluggableSchemaResolver] Trying to resolve XML entity with public id [null] and system id [http://www.springframework.org/schema/context/spring-context.xsd]
2016-02-03 20:17:19,495 DEBUG   main [org.springframework.beans.factory.xml.PluggableSchemaResolver] Found XML schema [http://www.springframework.org/schema/context/spring-context.xsd] in classpath: org/springframework/context/config/spring-context-4.2.xsd
2016-02-03 20:17:19,530 TRACE   main [org.springframework.beans.factory.xml.PluggableSchemaResolver] Trying to resolve XML entity with public id [null] and system id [http://www.springframework.org/schema/tool/spring-tool-4.2.xsd]
2016-02-03 20:17:19,536 DEBUG   main [org.springframework.beans.factory.xml.PluggableSchemaResolver] Found XML schema [http://www.springframework.org/schema/tool/spring-tool-4.2.xsd] in classpath: org/springframework/beans/factory/xml/spring-tool-4.2.xsd
2016-02-03 20:17:19,560 TRACE   main [org.springframework.beans.factory.xml.PluggableSchemaResolver] Trying to resolve XML entity with public id [null] and system id [http://www.springframework.org/schema/ldap/spring-ldap.xsd]
2016-02-03 20:17:19,570 DEBUG   main [org.springframework.beans.factory.xml.PluggableSchemaResolver] Found XML schema [http://www.springframework.org/schema/ldap/spring-ldap.xsd] in classpath: org/springframework/ldap/config/spring-ldap-2.0.xsd
2016-02-03 20:17:19,618 TRACE   main [org.springframework.beans.factory.xml.PluggableSchemaResolver] Trying to resolve XML entity with public id [null] and system id [http://www.springframework.org/schema/data/repository/spring-repository.xsd]
2016-02-03 20:17:19,620 DEBUG   main [org.springframework.beans.factory.xml.PluggableSchemaResolver] Found XML schema [http://www.springframework.org/schema/data/repository/spring-repository.xsd] in classpath: org/springframework/data/repository/config/spring-repository-1.7.xsd
2016-02-03 20:17:19,692 DEBUG   main [org.springframework.beans.factory.xml.DefaultBeanDefinitionDocumentReader] Loading bean definitions
2016-02-03 20:17:19,768 DEBUG   main [org.springframework.beans.factory.xml.DefaultNamespaceHandlerResolver] Loaded NamespaceHandler mappings: {http://www.springframework.org/schema/p=org.springframework.beans.factory.xml.SimplePropertyNamespaceHandler, http://www.springframework.org/schema/util=org.springframework.beans.factory.xml.UtilNamespaceHandler, http://www.springframework.org/schema/jee=org.springframework.ejb.config.JeeNamespaceHandler, http://www.springframework.org/schema/aop=org.springframework.aop.config.AopNamespaceHandler, http://www.springframework.org/schema/data/repository=org.springframework.data.repository.config.RepositoryNameSpaceHandler, http://www.springframework.org/schema/cache=org.springframework.cache.config.CacheNamespaceHandler, http://www.springframework.org/schema/c=org.springframework.beans.factory.xml.SimpleConstructorNamespaceHandler, http://www.springframework.org/schema/ldap=org.springframework.ldap.config.LdapNamespaceHandler, http://www.springframework.org/schema/tx=org.springframework.transaction.config.TxNamespaceHandler, http://www.springframework.org/schema/task=org.springframework.scheduling.config.TaskNamespaceHandler, http://www.springframework.org/schema/lang=org.springframework.scripting.config.LangNamespaceHandler, http://www.springframework.org/schema/context=org.springframework.context.config.ContextNamespaceHandler}
2016-02-03 20:17:19,826 DEBUG   main [org.springframework.core.env.StandardEnvironment] Adding [systemProperties] PropertySource with lowest search precedence
2016-02-03 20:17:19,827 DEBUG   main [org.springframework.core.env.StandardEnvironment] Adding [systemEnvironment] PropertySource with lowest search precedence
2016-02-03 20:17:19,827 DEBUG   main [org.springframework.core.env.StandardEnvironment] Initialized StandardEnvironment with PropertySources [systemProperties,systemEnvironment]
2016-02-03 20:17:19,870 DEBUG   main [org.springframework.core.io.support.PathMatchingResourcePatternResolver] Looking for matching resources in directory tree [C:\Eclipse\workspace\spring-ldap-example\bin\ldap\advance\example]
2016-02-03 20:17:19,874 DEBUG   main [org.springframework.core.io.support.PathMatchingResourcePatternResolver] Searching directory [C:\Eclipse\workspace\spring-ldap-example\bin\ldap\advance\example] for files matching pattern [C:/Eclipse/workspace/spring-ldap-example/bin/ldap/advance/example/**/*.class]
2016-02-03 20:17:19,882 DEBUG   main [org.springframework.core.io.support.PathMatchingResourcePatternResolver] Searching directory [C:\Eclipse\workspace\spring-ldap-example\bin\ldap\advance\example\test] for files matching pattern [C:/Eclipse/workspace/spring-ldap-example/bin/ldap/advance/example/**/*.class]
2016-02-03 20:17:19,889 DEBUG   main [org.springframework.core.io.support.PathMatchingResourcePatternResolver] Resolved location pattern [classpath*:ldap/advance/example/**/*.class] to resources [file [C:\Eclipse\workspace\spring-ldap-example\bin\ldap\advance\example\test\LdapApp.class], file [C:\Eclipse\workspace\spring-ldap-example\bin\ldap\advance\example\User.class], file [C:\Eclipse\workspace\spring-ldap-example\bin\ldap\advance\example\UserRepositoryImpl$MultipleAttributesMapper.class], file [C:\Eclipse\workspace\spring-ldap-example\bin\ldap\advance\example\UserRepositoryImpl$SingleAttributesMapper.class], file [C:\Eclipse\workspace\spring-ldap-example\bin\ldap\advance\example\UserRepositoryImpl$UserAttributesMapper.class], file [C:\Eclipse\workspace\spring-ldap-example\bin\ldap\advance\example\UserRepositoryImpl.class], file [C:\Eclipse\workspace\spring-ldap-example\bin\ldap\advance\example\UserRepositoryIntf.class]]
2016-02-03 20:17:19,889 TRACE   main [org.springframework.context.annotation.ClassPathBeanDefinitionScanner] Scanning file [C:\Eclipse\workspace\spring-ldap-example\bin\ldap\advance\example\test\LdapApp.class]
2016-02-03 20:17:19,944 TRACE   main [org.springframework.context.annotation.ClassPathBeanDefinitionScanner] Ignored because not matching any filter: file [C:\Eclipse\workspace\spring-ldap-example\bin\ldap\advance\example\test\LdapApp.class]
2016-02-03 20:17:19,944 TRACE   main [org.springframework.context.annotation.ClassPathBeanDefinitionScanner] Scanning file [C:\Eclipse\workspace\spring-ldap-example\bin\ldap\advance\example\User.class]
2016-02-03 20:17:19,945 TRACE   main [org.springframework.context.annotation.ClassPathBeanDefinitionScanner] Ignored because not matching any filter: file [C:\Eclipse\workspace\spring-ldap-example\bin\ldap\advance\example\User.class]
2016-02-03 20:17:19,945 TRACE   main [org.springframework.context.annotation.ClassPathBeanDefinitionScanner] Scanning file [C:\Eclipse\workspace\spring-ldap-example\bin\ldap\advance\example\UserRepositoryImpl$MultipleAttributesMapper.class]
2016-02-03 20:17:19,946 TRACE   main [org.springframework.context.annotation.ClassPathBeanDefinitionScanner] Ignored because not matching any filter: file [C:\Eclipse\workspace\spring-ldap-example\bin\ldap\advance\example\UserRepositoryImpl$MultipleAttributesMapper.class]
2016-02-03 20:17:19,946 TRACE   main [org.springframework.context.annotation.ClassPathBeanDefinitionScanner] Scanning file [C:\Eclipse\workspace\spring-ldap-example\bin\ldap\advance\example\UserRepositoryImpl$SingleAttributesMapper.class]
2016-02-03 20:17:19,947 TRACE   main [org.springframework.context.annotation.ClassPathBeanDefinitionScanner] Ignored because not matching any filter: file [C:\Eclipse\workspace\spring-ldap-example\bin\ldap\advance\example\UserRepositoryImpl$SingleAttributesMapper.class]
2016-02-03 20:17:19,947 TRACE   main [org.springframework.context.annotation.ClassPathBeanDefinitionScanner] Scanning file [C:\Eclipse\workspace\spring-ldap-example\bin\ldap\advance\example\UserRepositoryImpl$UserAttributesMapper.class]
2016-02-03 20:17:19,948 TRACE   main [org.springframework.context.annotation.ClassPathBeanDefinitionScanner] Ignored because not matching any filter: file [C:\Eclipse\workspace\spring-ldap-example\bin\ldap\advance\example\UserRepositoryImpl$UserAttributesMapper.class]
2016-02-03 20:17:19,948 TRACE   main [org.springframework.context.annotation.ClassPathBeanDefinitionScanner] Scanning file [C:\Eclipse\workspace\spring-ldap-example\bin\ldap\advance\example\UserRepositoryImpl.class]
2016-02-03 20:17:19,981 DEBUG   main [org.springframework.context.annotation.ClassPathBeanDefinitionScanner] Identified candidate component class: file [C:\Eclipse\workspace\spring-ldap-example\bin\ldap\advance\example\UserRepositoryImpl.class]
2016-02-03 20:17:19,981 TRACE   main [org.springframework.context.annotation.ClassPathBeanDefinitionScanner] Scanning file [C:\Eclipse\workspace\spring-ldap-example\bin\ldap\advance\example\UserRepositoryIntf.class]
2016-02-03 20:17:19,992 TRACE   main [org.springframework.context.annotation.ClassPathBeanDefinitionScanner] Ignored because not matching any filter: file [C:\Eclipse\workspace\spring-ldap-example\bin\ldap\advance\example\UserRepositoryIntf.class]
2016-02-03 20:17:20,084 DEBUG   main [org.springframework.beans.factory.xml.XmlBeanDefinitionReader] Loaded 9 bean definitions from location pattern [spring-ldap-example.xml]
2016-02-03 20:17:20,084 DEBUG   main [org.springframework.context.support.ClassPathXmlApplicationContext] Bean factory for org.springframework.context.support.ClassPathXmlApplicationContext@6ed6ee82: org.springframework.beans.factory.support.DefaultListableBeanFactory@56a45c4: defining beans [userRepositoryImpl,org.springframework.context.annotation.internalConfigurationAnnotationProcessor,org.springframework.context.annotation.internalAutowiredAnnotationProcessor,org.springframework.context.annotation.internalRequiredAnnotationProcessor,org.springframework.context.annotation.internalCommonAnnotationProcessor,simpleDirContextAuthenticationStrategy,userReposImpl,contextSource,ldapTemplate]; root of factory hierarchy
2016-02-03 20:17:20,143 DEBUG   main [org.springframework.beans.factory.support.DefaultListableBeanFactory] Creating shared instance of singleton bean 'org.springframework.context.annotation.internalConfigurationAnnotationProcessor'
2016-02-03 20:17:20,143 DEBUG   main [org.springframework.beans.factory.support.DefaultListableBeanFactory] Creating instance of bean 'org.springframework.context.annotation.internalConfigurationAnnotationProcessor'
2016-02-03 20:17:20,168 DEBUG   main [org.springframework.beans.factory.support.DefaultListableBeanFactory] Eagerly caching bean 'org.springframework.context.annotation.internalConfigurationAnnotationProcessor' to allow for resolving potential circular references
2016-02-03 20:17:20,171 DEBUG   main [org.springframework.beans.factory.support.DefaultListableBeanFactory] Finished creating instance of bean 'org.springframework.context.annotation.internalConfigurationAnnotationProcessor'
2016-02-03 20:17:20,247 DEBUG   main [org.springframework.beans.factory.support.DefaultListableBeanFactory] Creating shared instance of singleton bean 'org.springframework.context.annotation.internalAutowiredAnnotationProcessor'
2016-02-03 20:17:20,247 DEBUG   main [org.springframework.beans.factory.support.DefaultListableBeanFactory] Creating instance of bean 'org.springframework.context.annotation.internalAutowiredAnnotationProcessor'
2016-02-03 20:17:20,249 DEBUG   main [org.springframework.beans.factory.support.DefaultListableBeanFactory] Eagerly caching bean 'org.springframework.context.annotation.internalAutowiredAnnotationProcessor' to allow for resolving potential circular references
2016-02-03 20:17:20,249 DEBUG   main [org.springframework.beans.factory.support.DefaultListableBeanFactory] Finished creating instance of bean 'org.springframework.context.annotation.internalAutowiredAnnotationProcessor'
2016-02-03 20:17:20,249 DEBUG   main [org.springframework.beans.factory.support.DefaultListableBeanFactory] Creating shared instance of singleton bean 'org.springframework.context.annotation.internalRequiredAnnotationProcessor'
2016-02-03 20:17:20,249 DEBUG   main [org.springframework.beans.factory.support.DefaultListableBeanFactory] Creating instance of bean 'org.springframework.context.annotation.internalRequiredAnnotationProcessor'
2016-02-03 20:17:20,258 DEBUG   main [org.springframework.beans.factory.support.DefaultListableBeanFactory] Eagerly caching bean 'org.springframework.context.annotation.internalRequiredAnnotationProcessor' to allow for resolving potential circular references
2016-02-03 20:17:20,258 DEBUG   main [org.springframework.beans.factory.support.DefaultListableBeanFactory] Finished creating instance of bean 'org.springframework.context.annotation.internalRequiredAnnotationProcessor'
2016-02-03 20:17:20,258 DEBUG   main [org.springframework.beans.factory.support.DefaultListableBeanFactory] Creating shared instance of singleton bean 'org.springframework.context.annotation.internalCommonAnnotationProcessor'
2016-02-03 20:17:20,259 DEBUG   main [org.springframework.beans.factory.support.DefaultListableBeanFactory] Creating instance of bean 'org.springframework.context.annotation.internalCommonAnnotationProcessor'
2016-02-03 20:17:20,263 DEBUG   main [org.springframework.beans.factory.support.DefaultListableBeanFactory] Eagerly caching bean 'org.springframework.context.annotation.internalCommonAnnotationProcessor' to allow for resolving potential circular references
2016-02-03 20:17:20,263 DEBUG   main [org.springframework.beans.factory.support.DefaultListableBeanFactory] Finished creating instance of bean 'org.springframework.context.annotation.internalCommonAnnotationProcessor'
2016-02-03 20:17:20,263 DEBUG   main [org.springframework.beans.factory.support.DefaultListableBeanFactory] Creating shared instance of singleton bean 'org.springframework.context.annotation.ConfigurationClassPostProcessor.importAwareProcessor'
2016-02-03 20:17:20,263 DEBUG   main [org.springframework.beans.factory.support.DefaultListableBeanFactory] Creating instance of bean 'org.springframework.context.annotation.ConfigurationClassPostProcessor.importAwareProcessor'
2016-02-03 20:17:20,263 DEBUG   main [org.springframework.beans.factory.support.DefaultListableBeanFactory] Eagerly caching bean 'org.springframework.context.annotation.ConfigurationClassPostProcessor.importAwareProcessor' to allow for resolving potential circular references
2016-02-03 20:17:20,263 DEBUG   main [org.springframework.beans.factory.support.DefaultListableBeanFactory] Finished creating instance of bean 'org.springframework.context.annotation.ConfigurationClassPostProcessor.importAwareProcessor'
2016-02-03 20:17:20,263 DEBUG   main [org.springframework.beans.factory.support.DefaultListableBeanFactory] Creating shared instance of singleton bean 'org.springframework.context.annotation.ConfigurationClassPostProcessor.enhancedConfigurationProcessor'
2016-02-03 20:17:20,263 DEBUG   main [org.springframework.beans.factory.support.DefaultListableBeanFactory] Creating instance of bean 'org.springframework.context.annotation.ConfigurationClassPostProcessor.enhancedConfigurationProcessor'
2016-02-03 20:17:20,264 DEBUG   main [org.springframework.beans.factory.support.DefaultListableBeanFactory] Eagerly caching bean 'org.springframework.context.annotation.ConfigurationClassPostProcessor.enhancedConfigurationProcessor' to allow for resolving potential circular references
2016-02-03 20:17:20,264 DEBUG   main [org.springframework.beans.factory.support.DefaultListableBeanFactory] Finished creating instance of bean 'org.springframework.context.annotation.ConfigurationClassPostProcessor.enhancedConfigurationProcessor'
2016-02-03 20:17:20,268 DEBUG   main [org.springframework.context.support.ClassPathXmlApplicationContext] Unable to locate MessageSource with name 'messageSource': using default [org.springframework.context.support.DelegatingMessageSource@190bf402]
2016-02-03 20:17:20,271 DEBUG   main [org.springframework.context.support.ClassPathXmlApplicationContext] Unable to locate ApplicationEventMulticaster with name 'applicationEventMulticaster': using default [org.springframework.context.event.SimpleApplicationEventMulticaster@1b2090ab]
2016-02-03 20:17:20,272 DEBUG   main [org.springframework.beans.factory.support.DefaultListableBeanFactory] Pre-instantiating singletons in org.springframework.beans.factory.support.DefaultListableBeanFactory@56a45c4: defining beans [userRepositoryImpl,org.springframework.context.annotation.internalConfigurationAnnotationProcessor,org.springframework.context.annotation.internalAutowiredAnnotationProcessor,org.springframework.context.annotation.internalRequiredAnnotationProcessor,org.springframework.context.annotation.internalCommonAnnotationProcessor,simpleDirContextAuthenticationStrategy,userReposImpl,contextSource,ldapTemplate,org.springframework.context.annotation.ConfigurationClassPostProcessor.importAwareProcessor,org.springframework.context.annotation.ConfigurationClassPostProcessor.enhancedConfigurationProcessor]; root of factory hierarchy
2016-02-03 20:17:20,273 DEBUG   main [org.springframework.beans.factory.support.DefaultListableBeanFactory] Creating shared instance of singleton bean 'userRepositoryImpl'
2016-02-03 20:17:20,273 DEBUG   main [org.springframework.beans.factory.support.DefaultListableBeanFactory] Creating instance of bean 'userRepositoryImpl'
2016-02-03 20:17:20,304 DEBUG   main [org.springframework.beans.factory.annotation.InjectionMetadata] Registered injected element on class [ldap.advance.example.UserRepositoryImpl]: AutowiredFieldElement for private org.springframework.ldap.core.LdapTemplate ldap.advance.example.UserRepositoryImpl.ldapTemplate
2016-02-03 20:17:20,304 DEBUG   main [org.springframework.beans.factory.support.DefaultListableBeanFactory] Eagerly caching bean 'userRepositoryImpl' to allow for resolving potential circular references
2016-02-03 20:17:20,312 TRACE   main [org.springframework.core.io.support.SpringFactoriesLoader] Loaded [org.springframework.beans.BeanInfoFactory] names: [org.springframework.beans.ExtendedBeanInfoFactory]
2016-02-03 20:17:20,314 TRACE   main [org.springframework.beans.CachedIntrospectionResults] Getting BeanInfo for class [ldap.advance.example.UserRepositoryImpl]
2016-02-03 20:17:20,320 TRACE   main [org.springframework.beans.CachedIntrospectionResults] Caching PropertyDescriptors for class [ldap.advance.example.UserRepositoryImpl]
2016-02-03 20:17:20,321 TRACE   main [org.springframework.beans.CachedIntrospectionResults] Found bean property 'allUserNames' of type [java.util.List]
2016-02-03 20:17:20,324 TRACE   main [org.springframework.beans.CachedIntrospectionResults] Found bean property 'allUsers' of type [java.util.List]
2016-02-03 20:17:20,324 TRACE   main [org.springframework.beans.CachedIntrospectionResults] Found bean property 'class' of type [java.lang.Class]
2016-02-03 20:17:20,330 DEBUG   main [org.springframework.beans.factory.annotation.InjectionMetadata] Processing injected element of bean 'userRepositoryImpl': AutowiredFieldElement for private org.springframework.ldap.core.LdapTemplate ldap.advance.example.UserRepositoryImpl.ldapTemplate
2016-02-03 20:17:20,357 DEBUG   main [org.springframework.beans.factory.support.DefaultListableBeanFactory] Creating shared instance of singleton bean 'ldapTemplate'
2016-02-03 20:17:20,357 DEBUG   main [org.springframework.beans.factory.support.DefaultListableBeanFactory] Creating instance of bean 'ldapTemplate'
2016-02-03 20:17:20,411 DEBUG   main [org.springframework.beans.factory.support.DefaultListableBeanFactory] Eagerly caching bean 'ldapTemplate' to allow for resolving potential circular references
2016-02-03 20:17:20,412 TRACE   main [org.springframework.beans.CachedIntrospectionResults] Getting BeanInfo for class [org.springframework.ldap.core.LdapTemplate]
2016-02-03 20:17:20,429 TRACE   main [org.springframework.beans.CachedIntrospectionResults] Caching PropertyDescriptors for class [org.springframework.ldap.core.LdapTemplate]
2016-02-03 20:17:20,429 TRACE   main [org.springframework.beans.CachedIntrospectionResults] Found bean property 'class' of type [java.lang.Class]
2016-02-03 20:17:20,429 TRACE   main [org.springframework.beans.CachedIntrospectionResults] Found bean property 'contextSource' of type [org.springframework.ldap.core.ContextSource]
2016-02-03 20:17:20,429 TRACE   main [org.springframework.beans.CachedIntrospectionResults] Found bean property 'defaultCountLimit' of type [int]
2016-02-03 20:17:20,429 TRACE   main [org.springframework.beans.CachedIntrospectionResults] Found bean property 'defaultSearchScope' of type [int]
2016-02-03 20:17:20,430 TRACE   main [org.springframework.beans.CachedIntrospectionResults] Found bean property 'defaultTimeLimit' of type [int]
2016-02-03 20:17:20,431 TRACE   main [org.springframework.beans.CachedIntrospectionResults] Found bean property 'ignoreNameNotFoundException' of type [boolean]
2016-02-03 20:17:20,431 TRACE   main [org.springframework.beans.CachedIntrospectionResults] Found bean property 'ignorePartialResultException' of type [boolean]
2016-02-03 20:17:20,431 TRACE   main [org.springframework.beans.CachedIntrospectionResults] Found bean property 'ignoreSizeLimitExceededException' of type [boolean]
2016-02-03 20:17:20,431 TRACE   main [org.springframework.beans.CachedIntrospectionResults] Found bean property 'objectDirectoryMapper' of type [org.springframework.ldap.odm.core.ObjectDirectoryMapper]
2016-02-03 20:17:20,436 DEBUG   main [org.springframework.beans.factory.support.DefaultListableBeanFactory] Creating shared instance of singleton bean 'contextSource'
2016-02-03 20:17:20,436 DEBUG   main [org.springframework.beans.factory.support.DefaultListableBeanFactory] Creating instance of bean 'contextSource'
2016-02-03 20:17:20,447 DEBUG   main [org.springframework.beans.factory.support.DefaultListableBeanFactory] Creating instance of bean '(inner bean)#1f5ffded'
2016-02-03 20:17:20,493 TRACE   main [org.springframework.beans.CachedIntrospectionResults] Getting BeanInfo for class [org.springframework.ldap.core.support.LdapContextSource]
2016-02-03 20:17:20,503 TRACE   main [org.springframework.beans.CachedIntrospectionResults] Caching PropertyDescriptors for class [org.springframework.ldap.core.support.LdapContextSource]
2016-02-03 20:17:20,504 TRACE   main [org.springframework.beans.CachedIntrospectionResults] Found bean property 'anonymousReadOnly' of type [boolean]
2016-02-03 20:17:20,504 TRACE   main [org.springframework.beans.CachedIntrospectionResults] Found bean property 'authenticationSource' of type [org.springframework.ldap.core.AuthenticationSource]
2016-02-03 20:17:20,504 TRACE   main [org.springframework.beans.CachedIntrospectionResults] Found bean property 'authenticationStrategy' of type [org.springframework.ldap.core.support.DirContextAuthenticationStrategy]
2016-02-03 20:17:20,504 TRACE   main [org.springframework.beans.CachedIntrospectionResults] Found bean property 'base' of type [java.lang.String]
2016-02-03 20:17:20,504 TRACE   main [org.springframework.beans.CachedIntrospectionResults] Found bean property 'baseEnvironmentProperties' of type [java.util.Map]
2016-02-03 20:17:20,505 TRACE   main [org.springframework.beans.CachedIntrospectionResults] Found bean property 'baseLdapName' of type [javax.naming.ldap.LdapName]
2016-02-03 20:17:20,509 TRACE   main [org.springframework.beans.CachedIntrospectionResults] Found bean property 'baseLdapPath' of type [org.springframework.ldap.core.DistinguishedName]
2016-02-03 20:17:20,510 TRACE   main [org.springframework.beans.CachedIntrospectionResults] Found bean property 'baseLdapPathAsString' of type [java.lang.String]
2016-02-03 20:17:20,511 TRACE   main [org.springframework.beans.CachedIntrospectionResults] Found bean property 'cacheEnvironmentProperties' of type [boolean]
2016-02-03 20:17:20,511 TRACE   main [org.springframework.beans.CachedIntrospectionResults] Found bean property 'class' of type [java.lang.Class]
2016-02-03 20:17:20,511 TRACE   main [org.springframework.beans.CachedIntrospectionResults] Found bean property 'contextFactory' of type [java.lang.Class]
2016-02-03 20:17:20,512 TRACE   main [org.springframework.beans.CachedIntrospectionResults] Found bean property 'dirObjectFactory' of type [java.lang.Class]
2016-02-03 20:17:20,512 TRACE   main [org.springframework.beans.CachedIntrospectionResults] Found bean property 'password' of type [java.lang.String]
2016-02-03 20:17:20,512 TRACE   main [org.springframework.beans.CachedIntrospectionResults] Found bean property 'pooled' of type [boolean]
2016-02-03 20:17:20,512 TRACE   main [org.springframework.beans.CachedIntrospectionResults] Found bean property 'readOnlyContext' of type [javax.naming.directory.DirContext]
2016-02-03 20:17:20,513 TRACE   main [org.springframework.beans.CachedIntrospectionResults] Found bean property 'readWriteContext' of type [javax.naming.directory.DirContext]
2016-02-03 20:17:20,513 TRACE   main [org.springframework.beans.CachedIntrospectionResults] Found bean property 'referral' of type [java.lang.String]
2016-02-03 20:17:20,513 TRACE   main [org.springframework.beans.CachedIntrospectionResults] Found bean property 'url' of type [java.lang.String]
2016-02-03 20:17:20,513 TRACE   main [org.springframework.beans.CachedIntrospectionResults] Found bean property 'urls' of type [[Ljava.lang.String;]
2016-02-03 20:17:20,513 TRACE   main [org.springframework.beans.CachedIntrospectionResults] Found bean property 'userDn' of type [java.lang.String]
2016-02-03 20:17:20,540 DEBUG   main [org.springframework.beans.factory.support.DefaultListableBeanFactory] Creating instance of bean '(inner bean)#6c7733eb'
2016-02-03 20:17:20,547 TRACE   main [org.springframework.beans.CachedIntrospectionResults] Getting BeanInfo for class [[Ljava.lang.String;]
2016-02-03 20:17:20,548 TRACE   main [org.springframework.beans.CachedIntrospectionResults] Caching PropertyDescriptors for class [[Ljava.lang.String;]
2016-02-03 20:17:20,548 TRACE   main [org.springframework.beans.CachedIntrospectionResults] Found bean property 'class' of type [java.lang.Class]
2016-02-03 20:17:20,549 DEBUG   main [org.springframework.beans.factory.support.DefaultListableBeanFactory] Finished creating instance of bean '(inner bean)#6c7733eb'
2016-02-03 20:17:20,552 DEBUG   main [org.springframework.beans.factory.support.DefaultListableBeanFactory] Creating shared instance of singleton bean 'simpleDirContextAuthenticationStrategy'
2016-02-03 20:17:20,552 DEBUG   main [org.springframework.beans.factory.support.DefaultListableBeanFactory] Creating instance of bean 'simpleDirContextAuthenticationStrategy'
2016-02-03 20:17:20,553 DEBUG   main [org.springframework.beans.factory.support.DefaultListableBeanFactory] Eagerly caching bean 'simpleDirContextAuthenticationStrategy' to allow for resolving potential circular references
2016-02-03 20:17:20,554 TRACE   main [org.springframework.beans.CachedIntrospectionResults] Getting BeanInfo for class [org.springframework.ldap.core.support.SimpleDirContextAuthenticationStrategy]
2016-02-03 20:17:20,564 TRACE   main [org.springframework.beans.CachedIntrospectionResults] Caching PropertyDescriptors for class [org.springframework.ldap.core.support.SimpleDirContextAuthenticationStrategy]
2016-02-03 20:17:20,564 TRACE   main [org.springframework.beans.CachedIntrospectionResults] Found bean property 'class' of type [java.lang.Class]
2016-02-03 20:17:20,565 DEBUG   main [org.springframework.beans.factory.support.DefaultListableBeanFactory] Finished creating instance of bean 'simpleDirContextAuthenticationStrategy'
2016-02-03 20:17:20,572 DEBUG   main [org.springframework.beans.factory.support.DefaultListableBeanFactory] Invoking afterPropertiesSet() on bean with name '(inner bean)#1f5ffded'
2016-02-03 20:17:20,586 DEBUG   main [org.springframework.beans.factory.support.DefaultListableBeanFactory] Finished creating instance of bean '(inner bean)#1f5ffded'
2016-02-03 20:17:20,609 DEBUG   main [org.springframework.beans.factory.support.DefaultListableBeanFactory] Eagerly caching bean 'contextSource' to allow for resolving potential circular references
2016-02-03 20:17:20,609 TRACE   main [org.springframework.beans.CachedIntrospectionResults] Getting BeanInfo for class [org.springframework.ldap.transaction.compensating.manager.TransactionAwareContextSourceProxy]
2016-02-03 20:17:20,621 TRACE   main [org.springframework.beans.CachedIntrospectionResults] Caching PropertyDescriptors for class [org.springframework.ldap.transaction.compensating.manager.TransactionAwareContextSourceProxy]
2016-02-03 20:17:20,621 TRACE   main [org.springframework.beans.CachedIntrospectionResults] Found bean property 'baseLdapName' of type [javax.naming.ldap.LdapName]
2016-02-03 20:17:20,621 TRACE   main [org.springframework.beans.CachedIntrospectionResults] Found bean property 'baseLdapPath' of type [org.springframework.ldap.core.DistinguishedName]
2016-02-03 20:17:20,622 TRACE   main [org.springframework.beans.CachedIntrospectionResults] Found bean property 'baseLdapPathAsString' of type [java.lang.String]
2016-02-03 20:17:20,622 TRACE   main [org.springframework.beans.CachedIntrospectionResults] Found bean property 'class' of type [java.lang.Class]
2016-02-03 20:17:20,622 TRACE   main [org.springframework.beans.CachedIntrospectionResults] Found bean property 'readOnlyContext' of type [javax.naming.directory.DirContext]
2016-02-03 20:17:20,622 TRACE   main [org.springframework.beans.CachedIntrospectionResults] Found bean property 'readWriteContext' of type [javax.naming.directory.DirContext]
2016-02-03 20:17:20,622 TRACE   main [org.springframework.beans.CachedIntrospectionResults] Found bean property 'target' of type [org.springframework.ldap.core.ContextSource]
2016-02-03 20:17:20,623 DEBUG   main [org.springframework.beans.factory.support.DefaultListableBeanFactory] Finished creating instance of bean 'contextSource'
2016-02-03 20:17:20,624 DEBUG   main [org.springframework.beans.factory.support.DefaultListableBeanFactory] Invoking afterPropertiesSet() on bean with name 'ldapTemplate'
2016-02-03 20:17:20,625 DEBUG   main [org.springframework.beans.factory.support.DefaultListableBeanFactory] Finished creating instance of bean 'ldapTemplate'
2016-02-03 20:17:20,626 DEBUG   main [org.springframework.beans.factory.annotation.AutowiredAnnotationBeanPostProcessor] Autowiring by type from bean name 'userRepositoryImpl' to bean named 'ldapTemplate'
2016-02-03 20:17:20,627 DEBUG   main [org.springframework.beans.factory.support.DefaultListableBeanFactory] Finished creating instance of bean 'userRepositoryImpl'
2016-02-03 20:17:20,627 DEBUG   main [org.springframework.beans.factory.support.DefaultListableBeanFactory] Returning cached instance of singleton bean 'org.springframework.context.annotation.internalConfigurationAnnotationProcessor'
2016-02-03 20:17:20,627 DEBUG   main [org.springframework.beans.factory.support.DefaultListableBeanFactory] Returning cached instance of singleton bean 'org.springframework.context.annotation.internalAutowiredAnnotationProcessor'
2016-02-03 20:17:20,627 DEBUG   main [org.springframework.beans.factory.support.DefaultListableBeanFactory] Returning cached instance of singleton bean 'org.springframework.context.annotation.internalRequiredAnnotationProcessor'
2016-02-03 20:17:20,627 DEBUG   main [org.springframework.beans.factory.support.DefaultListableBeanFactory] Returning cached instance of singleton bean 'org.springframework.context.annotation.internalCommonAnnotationProcessor'
2016-02-03 20:17:20,627 DEBUG   main [org.springframework.beans.factory.support.DefaultListableBeanFactory] Returning cached instance of singleton bean 'simpleDirContextAuthenticationStrategy'
2016-02-03 20:17:20,628 DEBUG   main [org.springframework.beans.factory.support.DefaultListableBeanFactory] Creating shared instance of singleton bean 'userReposImpl'
2016-02-03 20:17:20,628 DEBUG   main [org.springframework.beans.factory.support.DefaultListableBeanFactory] Creating instance of bean 'userReposImpl'
2016-02-03 20:17:20,629 DEBUG   main [org.springframework.beans.factory.annotation.InjectionMetadata] Registered injected element on class [ldap.advance.example.UserRepositoryImpl]: AutowiredFieldElement for private org.springframework.ldap.core.LdapTemplate ldap.advance.example.UserRepositoryImpl.ldapTemplate
2016-02-03 20:17:20,629 DEBUG   main [org.springframework.beans.factory.support.DefaultListableBeanFactory] Eagerly caching bean 'userReposImpl' to allow for resolving potential circular references
2016-02-03 20:17:20,629 DEBUG   main [org.springframework.beans.factory.annotation.InjectionMetadata] Processing injected element of bean 'userReposImpl': AutowiredFieldElement for private org.springframework.ldap.core.LdapTemplate ldap.advance.example.UserRepositoryImpl.ldapTemplate
2016-02-03 20:17:20,630 DEBUG   main [org.springframework.beans.factory.support.DefaultListableBeanFactory] Returning cached instance of singleton bean 'ldapTemplate'
2016-02-03 20:17:20,630 DEBUG   main [org.springframework.beans.factory.annotation.AutowiredAnnotationBeanPostProcessor] Autowiring by type from bean name 'userReposImpl' to bean named 'ldapTemplate'
2016-02-03 20:17:20,630 DEBUG   main [org.springframework.beans.factory.support.DefaultListableBeanFactory] Finished creating instance of bean 'userReposImpl'
2016-02-03 20:17:20,630 DEBUG   main [org.springframework.beans.factory.support.DefaultListableBeanFactory] Returning cached instance of singleton bean 'contextSource'
2016-02-03 20:17:20,631 DEBUG   main [org.springframework.beans.factory.support.DefaultListableBeanFactory] Returning cached instance of singleton bean 'ldapTemplate'
2016-02-03 20:17:20,631 DEBUG   main [org.springframework.beans.factory.support.DefaultListableBeanFactory] Returning cached instance of singleton bean 'org.springframework.context.annotation.ConfigurationClassPostProcessor.importAwareProcessor'
2016-02-03 20:17:20,631 DEBUG   main [org.springframework.beans.factory.support.DefaultListableBeanFactory] Returning cached instance of singleton bean 'org.springframework.context.annotation.ConfigurationClassPostProcessor.enhancedConfigurationProcessor'
2016-02-03 20:17:20,639 DEBUG   main [org.springframework.context.support.ClassPathXmlApplicationContext] Unable to locate LifecycleProcessor with name 'lifecycleProcessor': using default [org.springframework.context.support.DefaultLifecycleProcessor@7c182454]
2016-02-03 20:17:20,641 DEBUG   main [org.springframework.beans.factory.support.DefaultListableBeanFactory] Returning cached instance of singleton bean 'lifecycleProcessor'
2016-02-03 20:17:20,642 TRACE   main [org.springframework.context.support.ClassPathXmlApplicationContext] Publishing event in org.springframework.context.support.ClassPathXmlApplicationContext@6ed6ee82: org.springframework.context.event.ContextRefreshedEvent[source=org.springframework.context.support.ClassPathXmlApplicationContext@6ed6ee82: startup date [Wed Feb 03 20:17:19 EST 2016]; root of context hierarchy]
2016-02-03 20:17:20,648 TRACE   main [org.springframework.core.env.PropertySourcesPropertyResolver] getProperty("spring.liveBeansView.mbeanDomain", String)
2016-02-03 20:17:20,648 DEBUG   main [org.springframework.core.env.PropertySourcesPropertyResolver] Searching for key 'spring.liveBeansView.mbeanDomain' in [systemProperties]
2016-02-03 20:17:20,648 DEBUG   main [org.springframework.core.env.PropertySourcesPropertyResolver] Searching for key 'spring.liveBeansView.mbeanDomain' in [systemEnvironment]
2016-02-03 20:17:20,649 DEBUG   main [org.springframework.core.env.PropertySourcesPropertyResolver] Could not find key 'spring.liveBeansView.mbeanDomain' in any property source. Returning [null]
2016-02-03 20:17:20,651 INFO   main [ldap.advance.example.test.LdapApp] Test started at Wed Feb 03 20:17:19 EST 2016
2016-02-03 20:17:20,652 DEBUG   main [org.springframework.beans.factory.support.DefaultListableBeanFactory] Returning cached instance of singleton bean 'userReposImpl'
2016-02-03 20:17:20,652 INFO   main [ldap.advance.example.UserRepositoryImpl] executing {createUser}
2016-02-03 20:18:24,992 DEBUG   main [org.springframework.core.env.StandardEnvironment] Adding [systemProperties] PropertySource with lowest search precedence
2016-02-03 20:18:24,997 DEBUG   main [org.springframework.core.env.StandardEnvironment] Adding [systemEnvironment] PropertySource with lowest search precedence
2016-02-03 20:18:24,998 DEBUG   main [org.springframework.core.env.StandardEnvironment] Initialized StandardEnvironment with PropertySources [systemProperties,systemEnvironment]
2016-02-03 20:18:25,018 INFO   main [org.springframework.context.support.ClassPathXmlApplicationContext] Refreshing org.springframework.context.support.ClassPathXmlApplicationContext@6ed6ee82: startup date [Wed Feb 03 20:18:25 EST 2016]; root of context hierarchy
2016-02-03 20:18:25,098 DEBUG   main [org.springframework.core.env.StandardEnvironment] Adding [systemProperties] PropertySource with lowest search precedence
2016-02-03 20:18:25,098 DEBUG   main [org.springframework.core.env.StandardEnvironment] Adding [systemEnvironment] PropertySource with lowest search precedence
2016-02-03 20:18:25,098 DEBUG   main [org.springframework.core.env.StandardEnvironment] Initialized StandardEnvironment with PropertySources [systemProperties,systemEnvironment]
2016-02-03 20:18:25,116 INFO   main [org.springframework.beans.factory.xml.XmlBeanDefinitionReader] Loading XML bean definitions from class path resource [spring-ldap-example.xml]
2016-02-03 20:18:25,119 DEBUG   main [org.springframework.beans.factory.xml.DefaultDocumentLoader] Using JAXP provider [com.sun.org.apache.xerces.internal.jaxp.DocumentBuilderFactoryImpl]
2016-02-03 20:18:25,157 TRACE   main [org.springframework.beans.factory.xml.PluggableSchemaResolver] Trying to resolve XML entity with public id [null] and system id [http://www.springframework.org/schema/beans/spring-beans.xsd]
2016-02-03 20:18:25,160 DEBUG   main [org.springframework.beans.factory.xml.PluggableSchemaResolver] Loading schema mappings from [META-INF/spring.schemas]
2016-02-03 20:18:25,184 DEBUG   main [org.springframework.beans.factory.xml.PluggableSchemaResolver] Loaded schema mappings: {http://www.springframework.org/schema/tx/spring-tx-2.5.xsd=org/springframework/transaction/config/spring-tx-2.5.xsd, http://www.springframework.org/schema/cache/spring-cache-4.2.xsd=org/springframework/cache/config/spring-cache-4.2.xsd, http://www.springframework.org/schema/aop/spring-aop-4.1.xsd=org/springframework/aop/config/spring-aop-4.1.xsd, http://www.springframework.org/schema/context/spring-context-3.1.xsd=org/springframework/context/config/spring-context-3.1.xsd, http://www.springframework.org/schema/data/repository/spring-repository-1.4.xsd=org/springframework/data/repository/config/spring-repository-1.4.xsd, http://www.springframework.org/schema/util/spring-util-3.0.xsd=org/springframework/beans/factory/xml/spring-util-3.0.xsd, http://www.springframework.org/schema/tool/spring-tool.xsd=org/springframework/beans/factory/xml/spring-tool-4.2.xsd, http://www.springframework.org/schema/aop/spring-aop-3.2.xsd=org/springframework/aop/config/spring-aop-3.2.xsd, http://www.springframework.org/schema/lang/spring-lang-4.1.xsd=org/springframework/scripting/config/spring-lang-4.1.xsd, http://www.springframework.org/schema/context/spring-context-4.0.xsd=org/springframework/context/config/spring-context-4.0.xsd, http://www.springframework.org/schema/beans/spring-beans-4.2.xsd=org/springframework/beans/factory/xml/spring-beans-4.2.xsd, http://www.springframework.org/schema/tool/spring-tool-4.1.xsd=org/springframework/beans/factory/xml/spring-tool-4.1.xsd, http://www.springframework.org/schema/lang/spring-lang-3.2.xsd=org/springframework/scripting/config/spring-lang-3.2.xsd, http://www.springframework.org/schema/cache/spring-cache-3.2.xsd=org/springframework/cache/config/spring-cache-3.2.xsd, http://www.springframework.org/schema/jee/spring-jee-4.1.xsd=org/springframework/ejb/config/spring-jee-4.1.xsd, http://www.springframework.org/schema/task/spring-task-4.2.xsd=org/springframework/scheduling/config/spring-task-4.2.xsd, http://www.springframework.org/schema/util/spring-util-2.0.xsd=org/springframework/beans/factory/xml/spring-util-2.0.xsd, http://www.springframework.org/schema/tool/spring-tool-3.2.xsd=org/springframework/beans/factory/xml/spring-tool-3.2.xsd, http://www.springframework.org/schema/context/spring-context.xsd=org/springframework/context/config/spring-context-4.2.xsd, http://www.springframework.org/schema/tx/spring-tx-4.2.xsd=org/springframework/transaction/config/spring-tx-4.2.xsd, http://www.springframework.org/schema/cache/spring-cache-4.1.xsd=org/springframework/cache/config/spring-cache-4.1.xsd, http://www.springframework.org/schema/aop/spring-aop-4.0.xsd=org/springframework/aop/config/spring-aop-4.0.xsd, http://www.springframework.org/schema/jee/spring-jee-3.2.xsd=org/springframework/ejb/config/spring-jee-3.2.xsd, http://www.springframework.org/schema/context/spring-context-3.0.xsd=org/springframework/context/config/spring-context-3.0.xsd, http://www.springframework.org/schema/util/spring-util-2.5.xsd=org/springframework/beans/factory/xml/spring-util-2.5.xsd, http://www.springframework.org/schema/beans/spring-beans-3.2.xsd=org/springframework/beans/factory/xml/spring-beans-3.2.xsd, http://www.springframework.org/schema/aop/spring-aop-3.1.xsd=org/springframework/aop/config/spring-aop-3.1.xsd, http://www.springframework.org/schema/ldap/spring-ldap-2.0.xsd=org/springframework/ldap/config/spring-ldap-2.0.xsd, http://www.springframework.org/schema/lang/spring-lang-4.0.xsd=org/springframework/scripting/config/spring-lang-4.0.xsd, http://www.springframework.org/schema/beans/spring-beans-4.1.xsd=org/springframework/beans/factory/xml/spring-beans-4.1.xsd, http://www.springframework.org/schema/tool/spring-tool-4.0.xsd=org/springframework/beans/factory/xml/spring-tool-4.0.xsd, http://www.springframework.org/schema/tx/spring-tx-3.2.xsd=org/springframework/transaction/config/spring-tx-3.2.xsd, http://www.springframework.org/schema/lang/spring-lang-3.1.xsd=org/springframework/scripting/config/spring-lang-3.1.xsd, http://www.springframework.org/schema/cache/spring-cache-3.1.xsd=org/springframework/cache/config/spring-cache-3.1.xsd, http://www.springframework.org/schema/jee/spring-jee-4.0.xsd=org/springframework/ejb/config/spring-jee-4.0.xsd, http://www.springframework.org/schema/task/spring-task-4.1.xsd=org/springframework/scheduling/config/spring-task-4.1.xsd, http://www.springframework.org/schema/tool/spring-tool-3.1.xsd=org/springframework/beans/factory/xml/spring-tool-3.1.xsd, http://www.springframework.org/schema/tx/spring-tx-4.1.xsd=org/springframework/transaction/config/spring-tx-4.1.xsd, http://www.springframework.org/schema/cache/spring-cache-4.0.xsd=org/springframework/cache/config/spring-cache-4.0.xsd, http://www.springframework.org/schema/jee/spring-jee-3.1.xsd=org/springframework/ejb/config/spring-jee-3.1.xsd, http://www.springframework.org/schema/task/spring-task-3.2.xsd=org/springframework/scheduling/config/spring-task-3.2.xsd, http://www.springframework.org/schema/util/spring-util-4.2.xsd=org/springframework/beans/factory/xml/spring-util-4.2.xsd, http://www.springframework.org/schema/beans/spring-beans-3.1.xsd=org/springframework/beans/factory/xml/spring-beans-3.1.xsd, http://www.springframework.org/schema/util/spring-util.xsd=org/springframework/beans/factory/xml/spring-util-4.2.xsd, http://www.springframework.org/schema/aop/spring-aop-3.0.xsd=org/springframework/aop/config/spring-aop-3.0.xsd, http://www.springframework.org/schema/data/repository/spring-repository.xsd=org/springframework/data/repository/config/spring-repository-1.7.xsd, http://www.springframework.org/schema/data/repository/spring-repository-1.7.xsd=org/springframework/data/repository/config/spring-repository-1.7.xsd, http://www.springframework.org/schema/ldap/spring-ldap.xsd=org/springframework/ldap/config/spring-ldap-2.0.xsd, http://www.springframework.org/schema/beans/spring-beans-4.0.xsd=org/springframework/beans/factory/xml/spring-beans-4.0.xsd, http://www.springframework.org/schema/beans/spring-beans.xsd=org/springframework/beans/factory/xml/spring-beans-4.2.xsd, http://www.springframework.org/schema/tx/spring-tx-3.1.xsd=org/springframework/transaction/config/spring-tx-3.1.xsd, http://www.springframework.org/schema/lang/spring-lang-3.0.xsd=org/springframework/scripting/config/spring-lang-3.0.xsd, http://www.springframework.org/schema/context/spring-context-2.5.xsd=org/springframework/context/config/spring-context-2.5.xsd, http://www.springframework.org/schema/task/spring-task-4.0.xsd=org/springframework/scheduling/config/spring-task-4.0.xsd, http://www.springframework.org/schema/tool/spring-tool-3.0.xsd=org/springframework/beans/factory/xml/spring-tool-3.0.xsd, http://www.springframework.org/schema/tx/spring-tx-4.0.xsd=org/springframework/transaction/config/spring-tx-4.0.xsd, http://www.springframework.org/schema/aop/spring-aop-2.0.xsd=org/springframework/aop/config/spring-aop-2.0.xsd, http://www.springframework.org/schema/jee/spring-jee-3.0.xsd=org/springframework/ejb/config/spring-jee-3.0.xsd, http://www.springframework.org/schema/util/spring-util-4.1.xsd=org/springframework/beans/factory/xml/spring-util-4.1.xsd, http://www.springframework.org/schema/task/spring-task-3.1.xsd=org/springframework/scheduling/config/spring-task-3.1.xsd, http://www.springframework.org/schema/beans/spring-beans-3.0.xsd=org/springframework/beans/factory/xml/spring-beans-3.0.xsd, http://www.springframework.org/schema/jee/spring-jee.xsd=org/springframework/ejb/config/spring-jee-4.2.xsd, http://www.springframework.org/schema/aop/spring-aop-2.5.xsd=org/springframework/aop/config/spring-aop-2.5.xsd, http://www.springframework.org/schema/lang/spring-lang-2.0.xsd=org/springframework/scripting/config/spring-lang-2.0.xsd, http://www.springframework.org/schema/data/repository/spring-repository-1.6.xsd=org/springframework/data/repository/config/spring-repository-1.6.xsd, http://www.springframework.org/schema/util/spring-util-3.2.xsd=org/springframework/beans/factory/xml/spring-util-3.2.xsd, http://www.springframework.org/schema/task/spring-task.xsd=org/springframework/scheduling/config/spring-task-4.2.xsd, http://www.springframework.org/schema/tool/spring-tool-2.0.xsd=org/springframework/beans/factory/xml/spring-tool-2.0.xsd, http://www.springframework.org/schema/tx/spring-tx-3.0.xsd=org/springframework/transaction/config/spring-tx-3.0.xsd, http://www.springframework.org/schema/lang/spring-lang-2.5.xsd=org/springframework/scripting/config/spring-lang-2.5.xsd, http://www.springframework.org/schema/context/spring-context-4.2.xsd=org/springframework/context/config/spring-context-4.2.xsd, http://www.springframework.org/schema/jee/spring-jee-2.0.xsd=org/springframework/ejb/config/spring-jee-2.0.xsd, http://www.springframework.org/schema/tool/spring-tool-2.5.xsd=org/springframework/beans/factory/xml/spring-tool-2.5.xsd, http://www.springframework.org/schema/jee/spring-jee-2.5.xsd=org/springframework/ejb/config/spring-jee-2.5.xsd, http://www.springframework.org/schema/data/repository/spring-repository-1.0.xsd=org/springframework/data/repository/config/spring-repository-1.0.xsd, http://www.springframework.org/schema/util/spring-util-4.0.xsd=org/springframework/beans/factory/xml/spring-util-4.0.xsd, http://www.springframework.org/schema/task/spring-task-3.0.xsd=org/springframework/scheduling/config/spring-task-3.0.xsd, http://www.springframework.org/schema/aop/spring-aop-4.2.xsd=org/springframework/aop/config/spring-aop-4.2.xsd, http://www.springframework.org/schema/lang/spring-lang.xsd=org/springframework/scripting/config/spring-lang-4.2.xsd, http://www.springframework.org/schema/context/spring-context-3.2.xsd=org/springframework/context/config/spring-context-3.2.xsd, http://www.springframework.org/schema/data/repository/spring-repository-1.5.xsd=org/springframework/data/repository/config/spring-repository-1.5.xsd, http://www.springframework.org/schema/util/spring-util-3.1.xsd=org/springframework/beans/factory/xml/spring-util-3.1.xsd, http://www.springframework.org/schema/beans/spring-beans-2.0.xsd=org/springframework/beans/factory/xml/spring-beans-2.0.xsd, http://www.springframework.org/schema/cache/spring-cache.xsd=org/springframework/cache/config/spring-cache-4.2.xsd, http://www.springframework.org/schema/tx/spring-tx.xsd=org/springframework/transaction/config/spring-tx-4.2.xsd, http://www.springframework.org/schema/lang/spring-lang-4.2.xsd=org/springframework/scripting/config/spring-lang-4.2.xsd, http://www.springframework.org/schema/context/spring-context-4.1.xsd=org/springframework/context/config/spring-context-4.1.xsd, http://www.springframework.org/schema/beans/spring-beans-2.5.xsd=org/springframework/beans/factory/xml/spring-beans-2.5.xsd, http://www.springframework.org/schema/tool/spring-tool-4.2.xsd=org/springframework/beans/factory/xml/spring-tool-4.2.xsd, http://www.springframework.org/schema/tx/spring-tx-2.0.xsd=org/springframework/transaction/config/spring-tx-2.0.xsd, http://www.springframework.org/schema/jee/spring-jee-4.2.xsd=org/springframework/ejb/config/spring-jee-4.2.xsd, http://www.springframework.org/schema/aop/spring-aop.xsd=org/springframework/aop/config/spring-aop-4.2.xsd}
2016-02-03 20:18:25,190 DEBUG   main [org.springframework.beans.factory.xml.PluggableSchemaResolver] Found XML schema [http://www.springframework.org/schema/beans/spring-beans.xsd] in classpath: org/springframework/beans/factory/xml/spring-beans-4.2.xsd
2016-02-03 20:18:25,325 TRACE   main [org.springframework.beans.factory.xml.PluggableSchemaResolver] Trying to resolve XML entity with public id [null] and system id [http://www.springframework.org/schema/context/spring-context.xsd]
2016-02-03 20:18:25,330 DEBUG   main [org.springframework.beans.factory.xml.PluggableSchemaResolver] Found XML schema [http://www.springframework.org/schema/context/spring-context.xsd] in classpath: org/springframework/context/config/spring-context-4.2.xsd
2016-02-03 20:18:25,358 TRACE   main [org.springframework.beans.factory.xml.PluggableSchemaResolver] Trying to resolve XML entity with public id [null] and system id [http://www.springframework.org/schema/tool/spring-tool-4.2.xsd]
2016-02-03 20:18:25,362 DEBUG   main [org.springframework.beans.factory.xml.PluggableSchemaResolver] Found XML schema [http://www.springframework.org/schema/tool/spring-tool-4.2.xsd] in classpath: org/springframework/beans/factory/xml/spring-tool-4.2.xsd
2016-02-03 20:18:25,376 TRACE   main [org.springframework.beans.factory.xml.PluggableSchemaResolver] Trying to resolve XML entity with public id [null] and system id [http://www.springframework.org/schema/ldap/spring-ldap.xsd]
2016-02-03 20:18:25,379 DEBUG   main [org.springframework.beans.factory.xml.PluggableSchemaResolver] Found XML schema [http://www.springframework.org/schema/ldap/spring-ldap.xsd] in classpath: org/springframework/ldap/config/spring-ldap-2.0.xsd
2016-02-03 20:18:25,401 TRACE   main [org.springframework.beans.factory.xml.PluggableSchemaResolver] Trying to resolve XML entity with public id [null] and system id [http://www.springframework.org/schema/data/repository/spring-repository.xsd]
2016-02-03 20:18:25,402 DEBUG   main [org.springframework.beans.factory.xml.PluggableSchemaResolver] Found XML schema [http://www.springframework.org/schema/data/repository/spring-repository.xsd] in classpath: org/springframework/data/repository/config/spring-repository-1.7.xsd
2016-02-03 20:18:25,443 DEBUG   main [org.springframework.beans.factory.xml.DefaultBeanDefinitionDocumentReader] Loading bean definitions
2016-02-03 20:18:25,499 DEBUG   main [org.springframework.beans.factory.xml.DefaultNamespaceHandlerResolver] Loaded NamespaceHandler mappings: {http://www.springframework.org/schema/p=org.springframework.beans.factory.xml.SimplePropertyNamespaceHandler, http://www.springframework.org/schema/util=org.springframework.beans.factory.xml.UtilNamespaceHandler, http://www.springframework.org/schema/jee=org.springframework.ejb.config.JeeNamespaceHandler, http://www.springframework.org/schema/aop=org.springframework.aop.config.AopNamespaceHandler, http://www.springframework.org/schema/data/repository=org.springframework.data.repository.config.RepositoryNameSpaceHandler, http://www.springframework.org/schema/cache=org.springframework.cache.config.CacheNamespaceHandler, http://www.springframework.org/schema/c=org.springframework.beans.factory.xml.SimpleConstructorNamespaceHandler, http://www.springframework.org/schema/ldap=org.springframework.ldap.config.LdapNamespaceHandler, http://www.springframework.org/schema/tx=org.springframework.transaction.config.TxNamespaceHandler, http://www.springframework.org/schema/task=org.springframework.scheduling.config.TaskNamespaceHandler, http://www.springframework.org/schema/lang=org.springframework.scripting.config.LangNamespaceHandler, http://www.springframework.org/schema/context=org.springframework.context.config.ContextNamespaceHandler}
2016-02-03 20:18:25,551 DEBUG   main [org.springframework.core.env.StandardEnvironment] Adding [systemProperties] PropertySource with lowest search precedence
2016-02-03 20:18:25,552 DEBUG   main [org.springframework.core.env.StandardEnvironment] Adding [systemEnvironment] PropertySource with lowest search precedence
2016-02-03 20:18:25,552 DEBUG   main [org.springframework.core.env.StandardEnvironment] Initialized StandardEnvironment with PropertySources [systemProperties,systemEnvironment]
2016-02-03 20:18:25,580 DEBUG   main [org.springframework.core.io.support.PathMatchingResourcePatternResolver] Looking for matching resources in directory tree [C:\Eclipse\workspace\spring-ldap-example\bin\ldap\advance\example]
2016-02-03 20:18:25,580 DEBUG   main [org.springframework.core.io.support.PathMatchingResourcePatternResolver] Searching directory [C:\Eclipse\workspace\spring-ldap-example\bin\ldap\advance\example] for files matching pattern [C:/Eclipse/workspace/spring-ldap-example/bin/ldap/advance/example/**/*.class]
2016-02-03 20:18:25,583 DEBUG   main [org.springframework.core.io.support.PathMatchingResourcePatternResolver] Searching directory [C:\Eclipse\workspace\spring-ldap-example\bin\ldap\advance\example\test] for files matching pattern [C:/Eclipse/workspace/spring-ldap-example/bin/ldap/advance/example/**/*.class]
2016-02-03 20:18:25,587 DEBUG   main [org.springframework.core.io.support.PathMatchingResourcePatternResolver] Resolved location pattern [classpath*:ldap/advance/example/**/*.class] to resources [file [C:\Eclipse\workspace\spring-ldap-example\bin\ldap\advance\example\test\LdapApp.class], file [C:\Eclipse\workspace\spring-ldap-example\bin\ldap\advance\example\User.class], file [C:\Eclipse\workspace\spring-ldap-example\bin\ldap\advance\example\UserRepositoryImpl$MultipleAttributesMapper.class], file [C:\Eclipse\workspace\spring-ldap-example\bin\ldap\advance\example\UserRepositoryImpl$SingleAttributesMapper.class], file [C:\Eclipse\workspace\spring-ldap-example\bin\ldap\advance\example\UserRepositoryImpl$UserAttributesMapper.class], file [C:\Eclipse\workspace\spring-ldap-example\bin\ldap\advance\example\UserRepositoryImpl.class], file [C:\Eclipse\workspace\spring-ldap-example\bin\ldap\advance\example\UserRepositoryIntf.class]]
2016-02-03 20:18:25,587 TRACE   main [org.springframework.context.annotation.ClassPathBeanDefinitionScanner] Scanning file [C:\Eclipse\workspace\spring-ldap-example\bin\ldap\advance\example\test\LdapApp.class]
2016-02-03 20:18:25,609 TRACE   main [org.springframework.context.annotation.ClassPathBeanDefinitionScanner] Ignored because not matching any filter: file [C:\Eclipse\workspace\spring-ldap-example\bin\ldap\advance\example\test\LdapApp.class]
2016-02-03 20:18:25,609 TRACE   main [org.springframework.context.annotation.ClassPathBeanDefinitionScanner] Scanning file [C:\Eclipse\workspace\spring-ldap-example\bin\ldap\advance\example\User.class]
2016-02-03 20:18:25,610 TRACE   main [org.springframework.context.annotation.ClassPathBeanDefinitionScanner] Ignored because not matching any filter: file [C:\Eclipse\workspace\spring-ldap-example\bin\ldap\advance\example\User.class]
2016-02-03 20:18:25,610 TRACE   main [org.springframework.context.annotation.ClassPathBeanDefinitionScanner] Scanning file [C:\Eclipse\workspace\spring-ldap-example\bin\ldap\advance\example\UserRepositoryImpl$MultipleAttributesMapper.class]
2016-02-03 20:18:25,611 TRACE   main [org.springframework.context.annotation.ClassPathBeanDefinitionScanner] Ignored because not matching any filter: file [C:\Eclipse\workspace\spring-ldap-example\bin\ldap\advance\example\UserRepositoryImpl$MultipleAttributesMapper.class]
2016-02-03 20:18:25,612 TRACE   main [org.springframework.context.annotation.ClassPathBeanDefinitionScanner] Scanning file [C:\Eclipse\workspace\spring-ldap-example\bin\ldap\advance\example\UserRepositoryImpl$SingleAttributesMapper.class]
2016-02-03 20:18:25,613 TRACE   main [org.springframework.context.annotation.ClassPathBeanDefinitionScanner] Ignored because not matching any filter: file [C:\Eclipse\workspace\spring-ldap-example\bin\ldap\advance\example\UserRepositoryImpl$SingleAttributesMapper.class]
2016-02-03 20:18:25,614 TRACE   main [org.springframework.context.annotation.ClassPathBeanDefinitionScanner] Scanning file [C:\Eclipse\workspace\spring-ldap-example\bin\ldap\advance\example\UserRepositoryImpl$UserAttributesMapper.class]
2016-02-03 20:18:25,617 TRACE   main [org.springframework.context.annotation.ClassPathBeanDefinitionScanner] Ignored because not matching any filter: file [C:\Eclipse\workspace\spring-ldap-example\bin\ldap\advance\example\UserRepositoryImpl$UserAttributesMapper.class]
2016-02-03 20:18:25,617 TRACE   main [org.springframework.context.annotation.ClassPathBeanDefinitionScanner] Scanning file [C:\Eclipse\workspace\spring-ldap-example\bin\ldap\advance\example\UserRepositoryImpl.class]
2016-02-03 20:18:25,633 DEBUG   main [org.springframework.context.annotation.ClassPathBeanDefinitionScanner] Identified candidate component class: file [C:\Eclipse\workspace\spring-ldap-example\bin\ldap\advance\example\UserRepositoryImpl.class]
2016-02-03 20:18:25,633 TRACE   main [org.springframework.context.annotation.ClassPathBeanDefinitionScanner] Scanning file [C:\Eclipse\workspace\spring-ldap-example\bin\ldap\advance\example\UserRepositoryIntf.class]
2016-02-03 20:18:25,634 TRACE   main [org.springframework.context.annotation.ClassPathBeanDefinitionScanner] Ignored because not matching any filter: file [C:\Eclipse\workspace\spring-ldap-example\bin\ldap\advance\example\UserRepositoryIntf.class]
2016-02-03 20:18:25,740 DEBUG   main [org.springframework.beans.factory.xml.XmlBeanDefinitionReader] Loaded 9 bean definitions from location pattern [spring-ldap-example.xml]
2016-02-03 20:18:25,741 DEBUG   main [org.springframework.context.support.ClassPathXmlApplicationContext] Bean factory for org.springframework.context.support.ClassPathXmlApplicationContext@6ed6ee82: org.springframework.beans.factory.support.DefaultListableBeanFactory@40a49a3: defining beans [userRepositoryImpl,org.springframework.context.annotation.internalConfigurationAnnotationProcessor,org.springframework.context.annotation.internalAutowiredAnnotationProcessor,org.springframework.context.annotation.internalRequiredAnnotationProcessor,org.springframework.context.annotation.internalCommonAnnotationProcessor,simpleDirContextAuthenticationStrategy,userReposImpl,contextSource,ldapTemplate]; root of factory hierarchy
2016-02-03 20:18:25,814 DEBUG   main [org.springframework.beans.factory.support.DefaultListableBeanFactory] Creating shared instance of singleton bean 'org.springframework.context.annotation.internalConfigurationAnnotationProcessor'
2016-02-03 20:18:25,814 DEBUG   main [org.springframework.beans.factory.support.DefaultListableBeanFactory] Creating instance of bean 'org.springframework.context.annotation.internalConfigurationAnnotationProcessor'
2016-02-03 20:18:25,850 DEBUG   main [org.springframework.beans.factory.support.DefaultListableBeanFactory] Eagerly caching bean 'org.springframework.context.annotation.internalConfigurationAnnotationProcessor' to allow for resolving potential circular references
2016-02-03 20:18:25,857 DEBUG   main [org.springframework.beans.factory.support.DefaultListableBeanFactory] Finished creating instance of bean 'org.springframework.context.annotation.internalConfigurationAnnotationProcessor'
2016-02-03 20:18:25,941 DEBUG   main [org.springframework.beans.factory.support.DefaultListableBeanFactory] Creating shared instance of singleton bean 'org.springframework.context.annotation.internalAutowiredAnnotationProcessor'
2016-02-03 20:18:25,942 DEBUG   main [org.springframework.beans.factory.support.DefaultListableBeanFactory] Creating instance of bean 'org.springframework.context.annotation.internalAutowiredAnnotationProcessor'
2016-02-03 20:18:25,946 DEBUG   main [org.springframework.beans.factory.support.DefaultListableBeanFactory] Eagerly caching bean 'org.springframework.context.annotation.internalAutowiredAnnotationProcessor' to allow for resolving potential circular references
2016-02-03 20:18:25,947 DEBUG   main [org.springframework.beans.factory.support.DefaultListableBeanFactory] Finished creating instance of bean 'org.springframework.context.annotation.internalAutowiredAnnotationProcessor'
2016-02-03 20:18:25,947 DEBUG   main [org.springframework.beans.factory.support.DefaultListableBeanFactory] Creating shared instance of singleton bean 'org.springframework.context.annotation.internalRequiredAnnotationProcessor'
2016-02-03 20:18:25,947 DEBUG   main [org.springframework.beans.factory.support.DefaultListableBeanFactory] Creating instance of bean 'org.springframework.context.annotation.internalRequiredAnnotationProcessor'
2016-02-03 20:18:25,948 DEBUG   main [org.springframework.beans.factory.support.DefaultListableBeanFactory] Eagerly caching bean 'org.springframework.context.annotation.internalRequiredAnnotationProcessor' to allow for resolving potential circular references
2016-02-03 20:18:25,948 DEBUG   main [org.springframework.beans.factory.support.DefaultListableBeanFactory] Finished creating instance of bean 'org.springframework.context.annotation.internalRequiredAnnotationProcessor'
2016-02-03 20:18:25,949 DEBUG   main [org.springframework.beans.factory.support.DefaultListableBeanFactory] Creating shared instance of singleton bean 'org.springframework.context.annotation.internalCommonAnnotationProcessor'
2016-02-03 20:18:25,949 DEBUG   main [org.springframework.beans.factory.support.DefaultListableBeanFactory] Creating instance of bean 'org.springframework.context.annotation.internalCommonAnnotationProcessor'
2016-02-03 20:18:25,968 DEBUG   main [org.springframework.beans.factory.support.DefaultListableBeanFactory] Eagerly caching bean 'org.springframework.context.annotation.internalCommonAnnotationProcessor' to allow for resolving potential circular references
2016-02-03 20:18:25,968 DEBUG   main [org.springframework.beans.factory.support.DefaultListableBeanFactory] Finished creating instance of bean 'org.springframework.context.annotation.internalCommonAnnotationProcessor'
2016-02-03 20:18:25,968 DEBUG   main [org.springframework.beans.factory.support.DefaultListableBeanFactory] Creating shared instance of singleton bean 'org.springframework.context.annotation.ConfigurationClassPostProcessor.importAwareProcessor'
2016-02-03 20:18:25,968 DEBUG   main [org.springframework.beans.factory.support.DefaultListableBeanFactory] Creating instance of bean 'org.springframework.context.annotation.ConfigurationClassPostProcessor.importAwareProcessor'
2016-02-03 20:18:25,968 DEBUG   main [org.springframework.beans.factory.support.DefaultListableBeanFactory] Eagerly caching bean 'org.springframework.context.annotation.ConfigurationClassPostProcessor.importAwareProcessor' to allow for resolving potential circular references
2016-02-03 20:18:25,969 DEBUG   main [org.springframework.beans.factory.support.DefaultListableBeanFactory] Finished creating instance of bean 'org.springframework.context.annotation.ConfigurationClassPostProcessor.importAwareProcessor'
2016-02-03 20:18:25,969 DEBUG   main [org.springframework.beans.factory.support.DefaultListableBeanFactory] Creating shared instance of singleton bean 'org.springframework.context.annotation.ConfigurationClassPostProcessor.enhancedConfigurationProcessor'
2016-02-03 20:18:25,969 DEBUG   main [org.springframework.beans.factory.support.DefaultListableBeanFactory] Creating instance of bean 'org.springframework.context.annotation.ConfigurationClassPostProcessor.enhancedConfigurationProcessor'
2016-02-03 20:18:25,970 DEBUG   main [org.springframework.beans.factory.support.DefaultListableBeanFactory] Eagerly caching bean 'org.springframework.context.annotation.ConfigurationClassPostProcessor.enhancedConfigurationProcessor' to allow for resolving potential circular references
2016-02-03 20:18:25,971 DEBUG   main [org.springframework.beans.factory.support.DefaultListableBeanFactory] Finished creating instance of bean 'org.springframework.context.annotation.ConfigurationClassPostProcessor.enhancedConfigurationProcessor'
2016-02-03 20:18:25,978 DEBUG   main [org.springframework.context.support.ClassPathXmlApplicationContext] Unable to locate MessageSource with name 'messageSource': using default [org.springframework.context.support.DelegatingMessageSource@5fc0bc26]
2016-02-03 20:18:25,982 DEBUG   main [org.springframework.context.support.ClassPathXmlApplicationContext] Unable to locate ApplicationEventMulticaster with name 'applicationEventMulticaster': using default [org.springframework.context.event.SimpleApplicationEventMulticaster@76f9d876]
2016-02-03 20:18:25,983 DEBUG   main [org.springframework.beans.factory.support.DefaultListableBeanFactory] Pre-instantiating singletons in org.springframework.beans.factory.support.DefaultListableBeanFactory@40a49a3: defining beans [userRepositoryImpl,org.springframework.context.annotation.internalConfigurationAnnotationProcessor,org.springframework.context.annotation.internalAutowiredAnnotationProcessor,org.springframework.context.annotation.internalRequiredAnnotationProcessor,org.springframework.context.annotation.internalCommonAnnotationProcessor,simpleDirContextAuthenticationStrategy,userReposImpl,contextSource,ldapTemplate,org.springframework.context.annotation.ConfigurationClassPostProcessor.importAwareProcessor,org.springframework.context.annotation.ConfigurationClassPostProcessor.enhancedConfigurationProcessor]; root of factory hierarchy
2016-02-03 20:18:25,983 DEBUG   main [org.springframework.beans.factory.support.DefaultListableBeanFactory] Creating shared instance of singleton bean 'userRepositoryImpl'
2016-02-03 20:18:25,983 DEBUG   main [org.springframework.beans.factory.support.DefaultListableBeanFactory] Creating instance of bean 'userRepositoryImpl'
2016-02-03 20:18:26,023 DEBUG   main [org.springframework.beans.factory.annotation.InjectionMetadata] Registered injected element on class [ldap.advance.example.UserRepositoryImpl]: AutowiredFieldElement for private org.springframework.ldap.core.LdapTemplate ldap.advance.example.UserRepositoryImpl.ldapTemplate
2016-02-03 20:18:26,023 DEBUG   main [org.springframework.beans.factory.support.DefaultListableBeanFactory] Eagerly caching bean 'userRepositoryImpl' to allow for resolving potential circular references
2016-02-03 20:18:26,027 TRACE   main [org.springframework.core.io.support.SpringFactoriesLoader] Loaded [org.springframework.beans.BeanInfoFactory] names: [org.springframework.beans.ExtendedBeanInfoFactory]
2016-02-03 20:18:26,028 TRACE   main [org.springframework.beans.CachedIntrospectionResults] Getting BeanInfo for class [ldap.advance.example.UserRepositoryImpl]
2016-02-03 20:18:26,042 TRACE   main [org.springframework.beans.CachedIntrospectionResults] Caching PropertyDescriptors for class [ldap.advance.example.UserRepositoryImpl]
2016-02-03 20:18:26,043 TRACE   main [org.springframework.beans.CachedIntrospectionResults] Found bean property 'allUserNames' of type [java.util.List]
2016-02-03 20:18:26,046 TRACE   main [org.springframework.beans.CachedIntrospectionResults] Found bean property 'allUsers' of type [java.util.List]
2016-02-03 20:18:26,047 TRACE   main [org.springframework.beans.CachedIntrospectionResults] Found bean property 'class' of type [java.lang.Class]
2016-02-03 20:18:26,055 DEBUG   main [org.springframework.beans.factory.annotation.InjectionMetadata] Processing injected element of bean 'userRepositoryImpl': AutowiredFieldElement for private org.springframework.ldap.core.LdapTemplate ldap.advance.example.UserRepositoryImpl.ldapTemplate
2016-02-03 20:18:26,065 DEBUG   main [org.springframework.beans.factory.support.DefaultListableBeanFactory] Creating shared instance of singleton bean 'ldapTemplate'
2016-02-03 20:18:26,065 DEBUG   main [org.springframework.beans.factory.support.DefaultListableBeanFactory] Creating instance of bean 'ldapTemplate'
2016-02-03 20:18:26,093 DEBUG   main [org.springframework.beans.factory.support.DefaultListableBeanFactory] Eagerly caching bean 'ldapTemplate' to allow for resolving potential circular references
2016-02-03 20:18:26,093 TRACE   main [org.springframework.beans.CachedIntrospectionResults] Getting BeanInfo for class [org.springframework.ldap.core.LdapTemplate]
2016-02-03 20:18:26,115 TRACE   main [org.springframework.beans.CachedIntrospectionResults] Caching PropertyDescriptors for class [org.springframework.ldap.core.LdapTemplate]
2016-02-03 20:18:26,116 TRACE   main [org.springframework.beans.CachedIntrospectionResults] Found bean property 'class' of type [java.lang.Class]
2016-02-03 20:18:26,116 TRACE   main [org.springframework.beans.CachedIntrospectionResults] Found bean property 'contextSource' of type [org.springframework.ldap.core.ContextSource]
2016-02-03 20:18:26,116 TRACE   main [org.springframework.beans.CachedIntrospectionResults] Found bean property 'defaultCountLimit' of type [int]
2016-02-03 20:18:26,116 TRACE   main [org.springframework.beans.CachedIntrospectionResults] Found bean property 'defaultSearchScope' of type [int]
2016-02-03 20:18:26,116 TRACE   main [org.springframework.beans.CachedIntrospectionResults] Found bean property 'defaultTimeLimit' of type [int]
2016-02-03 20:18:26,117 TRACE   main [org.springframework.beans.CachedIntrospectionResults] Found bean property 'ignoreNameNotFoundException' of type [boolean]
2016-02-03 20:18:26,117 TRACE   main [org.springframework.beans.CachedIntrospectionResults] Found bean property 'ignorePartialResultException' of type [boolean]
2016-02-03 20:18:26,118 TRACE   main [org.springframework.beans.CachedIntrospectionResults] Found bean property 'ignoreSizeLimitExceededException' of type [boolean]
2016-02-03 20:18:26,118 TRACE   main [org.springframework.beans.CachedIntrospectionResults] Found bean property 'objectDirectoryMapper' of type [org.springframework.ldap.odm.core.ObjectDirectoryMapper]
2016-02-03 20:18:26,128 DEBUG   main [org.springframework.beans.factory.support.DefaultListableBeanFactory] Creating shared instance of singleton bean 'contextSource'
2016-02-03 20:18:26,130 DEBUG   main [org.springframework.beans.factory.support.DefaultListableBeanFactory] Creating instance of bean 'contextSource'
2016-02-03 20:18:26,143 DEBUG   main [org.springframework.beans.factory.support.DefaultListableBeanFactory] Creating instance of bean '(inner bean)#5717e2b2'
2016-02-03 20:18:26,173 TRACE   main [org.springframework.beans.CachedIntrospectionResults] Getting BeanInfo for class [org.springframework.ldap.core.support.LdapContextSource]
2016-02-03 20:18:26,177 TRACE   main [org.springframework.beans.CachedIntrospectionResults] Caching PropertyDescriptors for class [org.springframework.ldap.core.support.LdapContextSource]
2016-02-03 20:18:26,178 TRACE   main [org.springframework.beans.CachedIntrospectionResults] Found bean property 'anonymousReadOnly' of type [boolean]
2016-02-03 20:18:26,178 TRACE   main [org.springframework.beans.CachedIntrospectionResults] Found bean property 'authenticationSource' of type [org.springframework.ldap.core.AuthenticationSource]
2016-02-03 20:18:26,178 TRACE   main [org.springframework.beans.CachedIntrospectionResults] Found bean property 'authenticationStrategy' of type [org.springframework.ldap.core.support.DirContextAuthenticationStrategy]
2016-02-03 20:18:26,178 TRACE   main [org.springframework.beans.CachedIntrospectionResults] Found bean property 'base' of type [java.lang.String]
2016-02-03 20:18:26,178 TRACE   main [org.springframework.beans.CachedIntrospectionResults] Found bean property 'baseEnvironmentProperties' of type [java.util.Map]
2016-02-03 20:18:26,178 TRACE   main [org.springframework.beans.CachedIntrospectionResults] Found bean property 'baseLdapName' of type [javax.naming.ldap.LdapName]
2016-02-03 20:18:26,178 TRACE   main [org.springframework.beans.CachedIntrospectionResults] Found bean property 'baseLdapPath' of type [org.springframework.ldap.core.DistinguishedName]
2016-02-03 20:18:26,178 TRACE   main [org.springframework.beans.CachedIntrospectionResults] Found bean property 'baseLdapPathAsString' of type [java.lang.String]
2016-02-03 20:18:26,178 TRACE   main [org.springframework.beans.CachedIntrospectionResults] Found bean property 'cacheEnvironmentProperties' of type [boolean]
2016-02-03 20:18:26,179 TRACE   main [org.springframework.beans.CachedIntrospectionResults] Found bean property 'class' of type [java.lang.Class]
2016-02-03 20:18:26,179 TRACE   main [org.springframework.beans.CachedIntrospectionResults] Found bean property 'contextFactory' of type [java.lang.Class]
2016-02-03 20:18:26,179 TRACE   main [org.springframework.beans.CachedIntrospectionResults] Found bean property 'dirObjectFactory' of type [java.lang.Class]
2016-02-03 20:18:26,179 TRACE   main [org.springframework.beans.CachedIntrospectionResults] Found bean property 'password' of type [java.lang.String]
2016-02-03 20:18:26,179 TRACE   main [org.springframework.beans.CachedIntrospectionResults] Found bean property 'pooled' of type [boolean]
2016-02-03 20:18:26,179 TRACE   main [org.springframework.beans.CachedIntrospectionResults] Found bean property 'readOnlyContext' of type [javax.naming.directory.DirContext]
2016-02-03 20:18:26,179 TRACE   main [org.springframework.beans.CachedIntrospectionResults] Found bean property 'readWriteContext' of type [javax.naming.directory.DirContext]
2016-02-03 20:18:26,180 TRACE   main [org.springframework.beans.CachedIntrospectionResults] Found bean property 'referral' of type [java.lang.String]
2016-02-03 20:18:26,180 TRACE   main [org.springframework.beans.CachedIntrospectionResults] Found bean property 'url' of type [java.lang.String]
2016-02-03 20:18:26,180 TRACE   main [org.springframework.beans.CachedIntrospectionResults] Found bean property 'urls' of type [[Ljava.lang.String;]
2016-02-03 20:18:26,180 TRACE   main [org.springframework.beans.CachedIntrospectionResults] Found bean property 'userDn' of type [java.lang.String]
2016-02-03 20:18:26,184 DEBUG   main [org.springframework.beans.factory.support.DefaultListableBeanFactory] Creating instance of bean '(inner bean)#5f1c0ef'
2016-02-03 20:18:26,198 TRACE   main [org.springframework.beans.CachedIntrospectionResults] Getting BeanInfo for class [[Ljava.lang.String;]
2016-02-03 20:18:26,199 TRACE   main [org.springframework.beans.CachedIntrospectionResults] Caching PropertyDescriptors for class [[Ljava.lang.String;]
2016-02-03 20:18:26,199 TRACE   main [org.springframework.beans.CachedIntrospectionResults] Found bean property 'class' of type [java.lang.Class]
2016-02-03 20:18:26,200 DEBUG   main [org.springframework.beans.factory.support.DefaultListableBeanFactory] Finished creating instance of bean '(inner bean)#5f1c0ef'
2016-02-03 20:18:26,201 DEBUG   main [org.springframework.beans.factory.support.DefaultListableBeanFactory] Creating shared instance of singleton bean 'simpleDirContextAuthenticationStrategy'
2016-02-03 20:18:26,201 DEBUG   main [org.springframework.beans.factory.support.DefaultListableBeanFactory] Creating instance of bean 'simpleDirContextAuthenticationStrategy'
2016-02-03 20:18:26,202 DEBUG   main [org.springframework.beans.factory.support.DefaultListableBeanFactory] Eagerly caching bean 'simpleDirContextAuthenticationStrategy' to allow for resolving potential circular references
2016-02-03 20:18:26,203 TRACE   main [org.springframework.beans.CachedIntrospectionResults] Getting BeanInfo for class [org.springframework.ldap.core.support.SimpleDirContextAuthenticationStrategy]
2016-02-03 20:18:26,205 TRACE   main [org.springframework.beans.CachedIntrospectionResults] Caching PropertyDescriptors for class [org.springframework.ldap.core.support.SimpleDirContextAuthenticationStrategy]
2016-02-03 20:18:26,206 TRACE   main [org.springframework.beans.CachedIntrospectionResults] Found bean property 'class' of type [java.lang.Class]
2016-02-03 20:18:26,206 DEBUG   main [org.springframework.beans.factory.support.DefaultListableBeanFactory] Finished creating instance of bean 'simpleDirContextAuthenticationStrategy'
2016-02-03 20:18:26,208 DEBUG   main [org.springframework.beans.factory.support.DefaultListableBeanFactory] Invoking afterPropertiesSet() on bean with name '(inner bean)#5717e2b2'
2016-02-03 20:18:26,213 DEBUG   main [org.springframework.beans.factory.support.DefaultListableBeanFactory] Finished creating instance of bean '(inner bean)#5717e2b2'
2016-02-03 20:18:26,216 DEBUG   main [org.springframework.beans.factory.support.DefaultListableBeanFactory] Eagerly caching bean 'contextSource' to allow for resolving potential circular references
2016-02-03 20:18:26,216 TRACE   main [org.springframework.beans.CachedIntrospectionResults] Getting BeanInfo for class [org.springframework.ldap.transaction.compensating.manager.TransactionAwareContextSourceProxy]
2016-02-03 20:18:26,218 TRACE   main [org.springframework.beans.CachedIntrospectionResults] Caching PropertyDescriptors for class [org.springframework.ldap.transaction.compensating.manager.TransactionAwareContextSourceProxy]
2016-02-03 20:18:26,218 TRACE   main [org.springframework.beans.CachedIntrospectionResults] Found bean property 'baseLdapName' of type [javax.naming.ldap.LdapName]
2016-02-03 20:18:26,218 TRACE   main [org.springframework.beans.CachedIntrospectionResults] Found bean property 'baseLdapPath' of type [org.springframework.ldap.core.DistinguishedName]
2016-02-03 20:18:26,218 TRACE   main [org.springframework.beans.CachedIntrospectionResults] Found bean property 'baseLdapPathAsString' of type [java.lang.String]
2016-02-03 20:18:26,218 TRACE   main [org.springframework.beans.CachedIntrospectionResults] Found bean property 'class' of type [java.lang.Class]
2016-02-03 20:18:26,219 TRACE   main [org.springframework.beans.CachedIntrospectionResults] Found bean property 'readOnlyContext' of type [javax.naming.directory.DirContext]
2016-02-03 20:18:26,219 TRACE   main [org.springframework.beans.CachedIntrospectionResults] Found bean property 'readWriteContext' of type [javax.naming.directory.DirContext]
2016-02-03 20:18:26,219 TRACE   main [org.springframework.beans.CachedIntrospectionResults] Found bean property 'target' of type [org.springframework.ldap.core.ContextSource]
2016-02-03 20:18:26,219 DEBUG   main [org.springframework.beans.factory.support.DefaultListableBeanFactory] Finished creating instance of bean 'contextSource'
2016-02-03 20:18:26,223 DEBUG   main [org.springframework.beans.factory.support.DefaultListableBeanFactory] Invoking afterPropertiesSet() on bean with name 'ldapTemplate'
2016-02-03 20:18:26,224 DEBUG   main [org.springframework.beans.factory.support.DefaultListableBeanFactory] Finished creating instance of bean 'ldapTemplate'
2016-02-03 20:18:26,225 DEBUG   main [org.springframework.beans.factory.annotation.AutowiredAnnotationBeanPostProcessor] Autowiring by type from bean name 'userRepositoryImpl' to bean named 'ldapTemplate'
2016-02-03 20:18:26,226 DEBUG   main [org.springframework.beans.factory.support.DefaultListableBeanFactory] Finished creating instance of bean 'userRepositoryImpl'
2016-02-03 20:18:26,227 DEBUG   main [org.springframework.beans.factory.support.DefaultListableBeanFactory] Returning cached instance of singleton bean 'org.springframework.context.annotation.internalConfigurationAnnotationProcessor'
2016-02-03 20:18:26,228 DEBUG   main [org.springframework.beans.factory.support.DefaultListableBeanFactory] Returning cached instance of singleton bean 'org.springframework.context.annotation.internalAutowiredAnnotationProcessor'
2016-02-03 20:18:26,228 DEBUG   main [org.springframework.beans.factory.support.DefaultListableBeanFactory] Returning cached instance of singleton bean 'org.springframework.context.annotation.internalRequiredAnnotationProcessor'
2016-02-03 20:18:26,228 DEBUG   main [org.springframework.beans.factory.support.DefaultListableBeanFactory] Returning cached instance of singleton bean 'org.springframework.context.annotation.internalCommonAnnotationProcessor'
2016-02-03 20:18:26,228 DEBUG   main [org.springframework.beans.factory.support.DefaultListableBeanFactory] Returning cached instance of singleton bean 'simpleDirContextAuthenticationStrategy'
2016-02-03 20:18:26,228 DEBUG   main [org.springframework.beans.factory.support.DefaultListableBeanFactory] Creating shared instance of singleton bean 'userReposImpl'
2016-02-03 20:18:26,228 DEBUG   main [org.springframework.beans.factory.support.DefaultListableBeanFactory] Creating instance of bean 'userReposImpl'
2016-02-03 20:18:26,229 DEBUG   main [org.springframework.beans.factory.annotation.InjectionMetadata] Registered injected element on class [ldap.advance.example.UserRepositoryImpl]: AutowiredFieldElement for private org.springframework.ldap.core.LdapTemplate ldap.advance.example.UserRepositoryImpl.ldapTemplate
2016-02-03 20:18:26,229 DEBUG   main [org.springframework.beans.factory.support.DefaultListableBeanFactory] Eagerly caching bean 'userReposImpl' to allow for resolving potential circular references
2016-02-03 20:18:26,230 DEBUG   main [org.springframework.beans.factory.annotation.InjectionMetadata] Processing injected element of bean 'userReposImpl': AutowiredFieldElement for private org.springframework.ldap.core.LdapTemplate ldap.advance.example.UserRepositoryImpl.ldapTemplate
2016-02-03 20:18:26,230 DEBUG   main [org.springframework.beans.factory.support.DefaultListableBeanFactory] Returning cached instance of singleton bean 'ldapTemplate'
2016-02-03 20:18:26,230 DEBUG   main [org.springframework.beans.factory.annotation.AutowiredAnnotationBeanPostProcessor] Autowiring by type from bean name 'userReposImpl' to bean named 'ldapTemplate'
2016-02-03 20:18:26,230 DEBUG   main [org.springframework.beans.factory.support.DefaultListableBeanFactory] Finished creating instance of bean 'userReposImpl'
2016-02-03 20:18:26,231 DEBUG   main [org.springframework.beans.factory.support.DefaultListableBeanFactory] Returning cached instance of singleton bean 'contextSource'
2016-02-03 20:18:26,231 DEBUG   main [org.springframework.beans.factory.support.DefaultListableBeanFactory] Returning cached instance of singleton bean 'ldapTemplate'
2016-02-03 20:18:26,231 DEBUG   main [org.springframework.beans.factory.support.DefaultListableBeanFactory] Returning cached instance of singleton bean 'org.springframework.context.annotation.ConfigurationClassPostProcessor.importAwareProcessor'
2016-02-03 20:18:26,231 DEBUG   main [org.springframework.beans.factory.support.DefaultListableBeanFactory] Returning cached instance of singleton bean 'org.springframework.context.annotation.ConfigurationClassPostProcessor.enhancedConfigurationProcessor'
2016-02-03 20:18:26,232 DEBUG   main [org.springframework.context.support.ClassPathXmlApplicationContext] Unable to locate LifecycleProcessor with name 'lifecycleProcessor': using default [org.springframework.context.support.DefaultLifecycleProcessor@14f94672]
2016-02-03 20:18:26,233 DEBUG   main [org.springframework.beans.factory.support.DefaultListableBeanFactory] Returning cached instance of singleton bean 'lifecycleProcessor'
2016-02-03 20:18:26,233 TRACE   main [org.springframework.context.support.ClassPathXmlApplicationContext] Publishing event in org.springframework.context.support.ClassPathXmlApplicationContext@6ed6ee82: org.springframework.context.event.ContextRefreshedEvent[source=org.springframework.context.support.ClassPathXmlApplicationContext@6ed6ee82: startup date [Wed Feb 03 20:18:25 EST 2016]; root of context hierarchy]
2016-02-03 20:18:26,235 TRACE   main [org.springframework.core.env.PropertySourcesPropertyResolver] getProperty("spring.liveBeansView.mbeanDomain", String)
2016-02-03 20:18:26,235 DEBUG   main [org.springframework.core.env.PropertySourcesPropertyResolver] Searching for key 'spring.liveBeansView.mbeanDomain' in [systemProperties]
2016-02-03 20:18:26,235 DEBUG   main [org.springframework.core.env.PropertySourcesPropertyResolver] Searching for key 'spring.liveBeansView.mbeanDomain' in [systemEnvironment]
2016-02-03 20:18:26,236 DEBUG   main [org.springframework.core.env.PropertySourcesPropertyResolver] Could not find key 'spring.liveBeansView.mbeanDomain' in any property source. Returning [null]
2016-02-03 20:18:26,236 INFO   main [ldap.advance.example.test.LdapApp] Test started at Wed Feb 03 20:18:25 EST 2016
2016-02-03 20:18:26,236 DEBUG   main [org.springframework.beans.factory.support.DefaultListableBeanFactory] Returning cached instance of singleton bean 'userReposImpl'
2016-02-03 20:18:26,236 INFO   main [ldap.advance.example.UserRepositoryImpl] executing {createUser}
2016-02-03 20:25:21,359 DEBUG   main [org.springframework.core.env.StandardEnvironment] Adding [systemProperties] PropertySource with lowest search precedence
2016-02-03 20:25:21,369 DEBUG   main [org.springframework.core.env.StandardEnvironment] Adding [systemEnvironment] PropertySource with lowest search precedence
2016-02-03 20:25:21,370 DEBUG   main [org.springframework.core.env.StandardEnvironment] Initialized StandardEnvironment with PropertySources [systemProperties,systemEnvironment]
2016-02-03 20:25:21,377 INFO   main [org.springframework.context.support.ClassPathXmlApplicationContext] Refreshing org.springframework.context.support.ClassPathXmlApplicationContext@6ed6ee82: startup date [Wed Feb 03 20:25:21 EST 2016]; root of context hierarchy
2016-02-03 20:25:21,449 DEBUG   main [org.springframework.core.env.StandardEnvironment] Adding [systemProperties] PropertySource with lowest search precedence
2016-02-03 20:25:21,450 DEBUG   main [org.springframework.core.env.StandardEnvironment] Adding [systemEnvironment] PropertySource with lowest search precedence
2016-02-03 20:25:21,450 DEBUG   main [org.springframework.core.env.StandardEnvironment] Initialized StandardEnvironment with PropertySources [systemProperties,systemEnvironment]
2016-02-03 20:25:21,471 INFO   main [org.springframework.beans.factory.xml.XmlBeanDefinitionReader] Loading XML bean definitions from class path resource [spring-ldap-example.xml]
2016-02-03 20:25:21,473 DEBUG   main [org.springframework.beans.factory.xml.DefaultDocumentLoader] Using JAXP provider [com.sun.org.apache.xerces.internal.jaxp.DocumentBuilderFactoryImpl]
2016-02-03 20:25:21,513 TRACE   main [org.springframework.beans.factory.xml.PluggableSchemaResolver] Trying to resolve XML entity with public id [null] and system id [http://www.springframework.org/schema/beans/spring-beans.xsd]
2016-02-03 20:25:21,514 DEBUG   main [org.springframework.beans.factory.xml.PluggableSchemaResolver] Loading schema mappings from [META-INF/spring.schemas]
2016-02-03 20:25:21,549 DEBUG   main [org.springframework.beans.factory.xml.PluggableSchemaResolver] Loaded schema mappings: {http://www.springframework.org/schema/tx/spring-tx-2.5.xsd=org/springframework/transaction/config/spring-tx-2.5.xsd, http://www.springframework.org/schema/cache/spring-cache-4.2.xsd=org/springframework/cache/config/spring-cache-4.2.xsd, http://www.springframework.org/schema/aop/spring-aop-4.1.xsd=org/springframework/aop/config/spring-aop-4.1.xsd, http://www.springframework.org/schema/context/spring-context-3.1.xsd=org/springframework/context/config/spring-context-3.1.xsd, http://www.springframework.org/schema/data/repository/spring-repository-1.4.xsd=org/springframework/data/repository/config/spring-repository-1.4.xsd, http://www.springframework.org/schema/util/spring-util-3.0.xsd=org/springframework/beans/factory/xml/spring-util-3.0.xsd, http://www.springframework.org/schema/tool/spring-tool.xsd=org/springframework/beans/factory/xml/spring-tool-4.2.xsd, http://www.springframework.org/schema/aop/spring-aop-3.2.xsd=org/springframework/aop/config/spring-aop-3.2.xsd, http://www.springframework.org/schema/lang/spring-lang-4.1.xsd=org/springframework/scripting/config/spring-lang-4.1.xsd, http://www.springframework.org/schema/context/spring-context-4.0.xsd=org/springframework/context/config/spring-context-4.0.xsd, http://www.springframework.org/schema/beans/spring-beans-4.2.xsd=org/springframework/beans/factory/xml/spring-beans-4.2.xsd, http://www.springframework.org/schema/tool/spring-tool-4.1.xsd=org/springframework/beans/factory/xml/spring-tool-4.1.xsd, http://www.springframework.org/schema/lang/spring-lang-3.2.xsd=org/springframework/scripting/config/spring-lang-3.2.xsd, http://www.springframework.org/schema/cache/spring-cache-3.2.xsd=org/springframework/cache/config/spring-cache-3.2.xsd, http://www.springframework.org/schema/jee/spring-jee-4.1.xsd=org/springframework/ejb/config/spring-jee-4.1.xsd, http://www.springframework.org/schema/task/spring-task-4.2.xsd=org/springframework/scheduling/config/spring-task-4.2.xsd, http://www.springframework.org/schema/util/spring-util-2.0.xsd=org/springframework/beans/factory/xml/spring-util-2.0.xsd, http://www.springframework.org/schema/tool/spring-tool-3.2.xsd=org/springframework/beans/factory/xml/spring-tool-3.2.xsd, http://www.springframework.org/schema/context/spring-context.xsd=org/springframework/context/config/spring-context-4.2.xsd, http://www.springframework.org/schema/tx/spring-tx-4.2.xsd=org/springframework/transaction/config/spring-tx-4.2.xsd, http://www.springframework.org/schema/cache/spring-cache-4.1.xsd=org/springframework/cache/config/spring-cache-4.1.xsd, http://www.springframework.org/schema/aop/spring-aop-4.0.xsd=org/springframework/aop/config/spring-aop-4.0.xsd, http://www.springframework.org/schema/jee/spring-jee-3.2.xsd=org/springframework/ejb/config/spring-jee-3.2.xsd, http://www.springframework.org/schema/context/spring-context-3.0.xsd=org/springframework/context/config/spring-context-3.0.xsd, http://www.springframework.org/schema/util/spring-util-2.5.xsd=org/springframework/beans/factory/xml/spring-util-2.5.xsd, http://www.springframework.org/schema/beans/spring-beans-3.2.xsd=org/springframework/beans/factory/xml/spring-beans-3.2.xsd, http://www.springframework.org/schema/aop/spring-aop-3.1.xsd=org/springframework/aop/config/spring-aop-3.1.xsd, http://www.springframework.org/schema/ldap/spring-ldap-2.0.xsd=org/springframework/ldap/config/spring-ldap-2.0.xsd, http://www.springframework.org/schema/lang/spring-lang-4.0.xsd=org/springframework/scripting/config/spring-lang-4.0.xsd, http://www.springframework.org/schema/beans/spring-beans-4.1.xsd=org/springframework/beans/factory/xml/spring-beans-4.1.xsd, http://www.springframework.org/schema/tool/spring-tool-4.0.xsd=org/springframework/beans/factory/xml/spring-tool-4.0.xsd, http://www.springframework.org/schema/tx/spring-tx-3.2.xsd=org/springframework/transaction/config/spring-tx-3.2.xsd, http://www.springframework.org/schema/lang/spring-lang-3.1.xsd=org/springframework/scripting/config/spring-lang-3.1.xsd, http://www.springframework.org/schema/cache/spring-cache-3.1.xsd=org/springframework/cache/config/spring-cache-3.1.xsd, http://www.springframework.org/schema/jee/spring-jee-4.0.xsd=org/springframework/ejb/config/spring-jee-4.0.xsd, http://www.springframework.org/schema/task/spring-task-4.1.xsd=org/springframework/scheduling/config/spring-task-4.1.xsd, http://www.springframework.org/schema/tool/spring-tool-3.1.xsd=org/springframework/beans/factory/xml/spring-tool-3.1.xsd, http://www.springframework.org/schema/tx/spring-tx-4.1.xsd=org/springframework/transaction/config/spring-tx-4.1.xsd, http://www.springframework.org/schema/cache/spring-cache-4.0.xsd=org/springframework/cache/config/spring-cache-4.0.xsd, http://www.springframework.org/schema/jee/spring-jee-3.1.xsd=org/springframework/ejb/config/spring-jee-3.1.xsd, http://www.springframework.org/schema/task/spring-task-3.2.xsd=org/springframework/scheduling/config/spring-task-3.2.xsd, http://www.springframework.org/schema/util/spring-util-4.2.xsd=org/springframework/beans/factory/xml/spring-util-4.2.xsd, http://www.springframework.org/schema/beans/spring-beans-3.1.xsd=org/springframework/beans/factory/xml/spring-beans-3.1.xsd, http://www.springframework.org/schema/util/spring-util.xsd=org/springframework/beans/factory/xml/spring-util-4.2.xsd, http://www.springframework.org/schema/aop/spring-aop-3.0.xsd=org/springframework/aop/config/spring-aop-3.0.xsd, http://www.springframework.org/schema/data/repository/spring-repository.xsd=org/springframework/data/repository/config/spring-repository-1.7.xsd, http://www.springframework.org/schema/data/repository/spring-repository-1.7.xsd=org/springframework/data/repository/config/spring-repository-1.7.xsd, http://www.springframework.org/schema/ldap/spring-ldap.xsd=org/springframework/ldap/config/spring-ldap-2.0.xsd, http://www.springframework.org/schema/beans/spring-beans-4.0.xsd=org/springframework/beans/factory/xml/spring-beans-4.0.xsd, http://www.springframework.org/schema/beans/spring-beans.xsd=org/springframework/beans/factory/xml/spring-beans-4.2.xsd, http://www.springframework.org/schema/tx/spring-tx-3.1.xsd=org/springframework/transaction/config/spring-tx-3.1.xsd, http://www.springframework.org/schema/lang/spring-lang-3.0.xsd=org/springframework/scripting/config/spring-lang-3.0.xsd, http://www.springframework.org/schema/context/spring-context-2.5.xsd=org/springframework/context/config/spring-context-2.5.xsd, http://www.springframework.org/schema/task/spring-task-4.0.xsd=org/springframework/scheduling/config/spring-task-4.0.xsd, http://www.springframework.org/schema/tool/spring-tool-3.0.xsd=org/springframework/beans/factory/xml/spring-tool-3.0.xsd, http://www.springframework.org/schema/tx/spring-tx-4.0.xsd=org/springframework/transaction/config/spring-tx-4.0.xsd, http://www.springframework.org/schema/aop/spring-aop-2.0.xsd=org/springframework/aop/config/spring-aop-2.0.xsd, http://www.springframework.org/schema/jee/spring-jee-3.0.xsd=org/springframework/ejb/config/spring-jee-3.0.xsd, http://www.springframework.org/schema/util/spring-util-4.1.xsd=org/springframework/beans/factory/xml/spring-util-4.1.xsd, http://www.springframework.org/schema/task/spring-task-3.1.xsd=org/springframework/scheduling/config/spring-task-3.1.xsd, http://www.springframework.org/schema/beans/spring-beans-3.0.xsd=org/springframework/beans/factory/xml/spring-beans-3.0.xsd, http://www.springframework.org/schema/jee/spring-jee.xsd=org/springframework/ejb/config/spring-jee-4.2.xsd, http://www.springframework.org/schema/aop/spring-aop-2.5.xsd=org/springframework/aop/config/spring-aop-2.5.xsd, http://www.springframework.org/schema/lang/spring-lang-2.0.xsd=org/springframework/scripting/config/spring-lang-2.0.xsd, http://www.springframework.org/schema/data/repository/spring-repository-1.6.xsd=org/springframework/data/repository/config/spring-repository-1.6.xsd, http://www.springframework.org/schema/util/spring-util-3.2.xsd=org/springframework/beans/factory/xml/spring-util-3.2.xsd, http://www.springframework.org/schema/task/spring-task.xsd=org/springframework/scheduling/config/spring-task-4.2.xsd, http://www.springframework.org/schema/tool/spring-tool-2.0.xsd=org/springframework/beans/factory/xml/spring-tool-2.0.xsd, http://www.springframework.org/schema/tx/spring-tx-3.0.xsd=org/springframework/transaction/config/spring-tx-3.0.xsd, http://www.springframework.org/schema/lang/spring-lang-2.5.xsd=org/springframework/scripting/config/spring-lang-2.5.xsd, http://www.springframework.org/schema/context/spring-context-4.2.xsd=org/springframework/context/config/spring-context-4.2.xsd, http://www.springframework.org/schema/jee/spring-jee-2.0.xsd=org/springframework/ejb/config/spring-jee-2.0.xsd, http://www.springframework.org/schema/tool/spring-tool-2.5.xsd=org/springframework/beans/factory/xml/spring-tool-2.5.xsd, http://www.springframework.org/schema/jee/spring-jee-2.5.xsd=org/springframework/ejb/config/spring-jee-2.5.xsd, http://www.springframework.org/schema/data/repository/spring-repository-1.0.xsd=org/springframework/data/repository/config/spring-repository-1.0.xsd, http://www.springframework.org/schema/util/spring-util-4.0.xsd=org/springframework/beans/factory/xml/spring-util-4.0.xsd, http://www.springframework.org/schema/task/spring-task-3.0.xsd=org/springframework/scheduling/config/spring-task-3.0.xsd, http://www.springframework.org/schema/aop/spring-aop-4.2.xsd=org/springframework/aop/config/spring-aop-4.2.xsd, http://www.springframework.org/schema/lang/spring-lang.xsd=org/springframework/scripting/config/spring-lang-4.2.xsd, http://www.springframework.org/schema/context/spring-context-3.2.xsd=org/springframework/context/config/spring-context-3.2.xsd, http://www.springframework.org/schema/data/repository/spring-repository-1.5.xsd=org/springframework/data/repository/config/spring-repository-1.5.xsd, http://www.springframework.org/schema/util/spring-util-3.1.xsd=org/springframework/beans/factory/xml/spring-util-3.1.xsd, http://www.springframework.org/schema/beans/spring-beans-2.0.xsd=org/springframework/beans/factory/xml/spring-beans-2.0.xsd, http://www.springframework.org/schema/cache/spring-cache.xsd=org/springframework/cache/config/spring-cache-4.2.xsd, http://www.springframework.org/schema/tx/spring-tx.xsd=org/springframework/transaction/config/spring-tx-4.2.xsd, http://www.springframework.org/schema/lang/spring-lang-4.2.xsd=org/springframework/scripting/config/spring-lang-4.2.xsd, http://www.springframework.org/schema/context/spring-context-4.1.xsd=org/springframework/context/config/spring-context-4.1.xsd, http://www.springframework.org/schema/beans/spring-beans-2.5.xsd=org/springframework/beans/factory/xml/spring-beans-2.5.xsd, http://www.springframework.org/schema/tool/spring-tool-4.2.xsd=org/springframework/beans/factory/xml/spring-tool-4.2.xsd, http://www.springframework.org/schema/tx/spring-tx-2.0.xsd=org/springframework/transaction/config/spring-tx-2.0.xsd, http://www.springframework.org/schema/jee/spring-jee-4.2.xsd=org/springframework/ejb/config/spring-jee-4.2.xsd, http://www.springframework.org/schema/aop/spring-aop.xsd=org/springframework/aop/config/spring-aop-4.2.xsd}
2016-02-03 20:25:21,556 DEBUG   main [org.springframework.beans.factory.xml.PluggableSchemaResolver] Found XML schema [http://www.springframework.org/schema/beans/spring-beans.xsd] in classpath: org/springframework/beans/factory/xml/spring-beans-4.2.xsd
2016-02-03 20:25:21,671 TRACE   main [org.springframework.beans.factory.xml.PluggableSchemaResolver] Trying to resolve XML entity with public id [null] and system id [http://www.springframework.org/schema/context/spring-context.xsd]
2016-02-03 20:25:21,671 DEBUG   main [org.springframework.beans.factory.xml.PluggableSchemaResolver] Found XML schema [http://www.springframework.org/schema/context/spring-context.xsd] in classpath: org/springframework/context/config/spring-context-4.2.xsd
2016-02-03 20:25:21,681 TRACE   main [org.springframework.beans.factory.xml.PluggableSchemaResolver] Trying to resolve XML entity with public id [null] and system id [http://www.springframework.org/schema/tool/spring-tool-4.2.xsd]
2016-02-03 20:25:21,682 DEBUG   main [org.springframework.beans.factory.xml.PluggableSchemaResolver] Found XML schema [http://www.springframework.org/schema/tool/spring-tool-4.2.xsd] in classpath: org/springframework/beans/factory/xml/spring-tool-4.2.xsd
2016-02-03 20:25:21,693 TRACE   main [org.springframework.beans.factory.xml.PluggableSchemaResolver] Trying to resolve XML entity with public id [null] and system id [http://www.springframework.org/schema/ldap/spring-ldap.xsd]
2016-02-03 20:25:21,695 DEBUG   main [org.springframework.beans.factory.xml.PluggableSchemaResolver] Found XML schema [http://www.springframework.org/schema/ldap/spring-ldap.xsd] in classpath: org/springframework/ldap/config/spring-ldap-2.0.xsd
2016-02-03 20:25:21,713 TRACE   main [org.springframework.beans.factory.xml.PluggableSchemaResolver] Trying to resolve XML entity with public id [null] and system id [http://www.springframework.org/schema/data/repository/spring-repository.xsd]
2016-02-03 20:25:21,714 DEBUG   main [org.springframework.beans.factory.xml.PluggableSchemaResolver] Found XML schema [http://www.springframework.org/schema/data/repository/spring-repository.xsd] in classpath: org/springframework/data/repository/config/spring-repository-1.7.xsd
2016-02-03 20:25:21,742 DEBUG   main [org.springframework.beans.factory.xml.DefaultBeanDefinitionDocumentReader] Loading bean definitions
2016-02-03 20:25:21,763 DEBUG   main [org.springframework.beans.factory.xml.DefaultNamespaceHandlerResolver] Loaded NamespaceHandler mappings: {http://www.springframework.org/schema/p=org.springframework.beans.factory.xml.SimplePropertyNamespaceHandler, http://www.springframework.org/schema/util=org.springframework.beans.factory.xml.UtilNamespaceHandler, http://www.springframework.org/schema/jee=org.springframework.ejb.config.JeeNamespaceHandler, http://www.springframework.org/schema/aop=org.springframework.aop.config.AopNamespaceHandler, http://www.springframework.org/schema/data/repository=org.springframework.data.repository.config.RepositoryNameSpaceHandler, http://www.springframework.org/schema/cache=org.springframework.cache.config.CacheNamespaceHandler, http://www.springframework.org/schema/c=org.springframework.beans.factory.xml.SimpleConstructorNamespaceHandler, http://www.springframework.org/schema/ldap=org.springframework.ldap.config.LdapNamespaceHandler, http://www.springframework.org/schema/tx=org.springframework.transaction.config.TxNamespaceHandler, http://www.springframework.org/schema/task=org.springframework.scheduling.config.TaskNamespaceHandler, http://www.springframework.org/schema/lang=org.springframework.scripting.config.LangNamespaceHandler, http://www.springframework.org/schema/context=org.springframework.context.config.ContextNamespaceHandler}
2016-02-03 20:25:21,810 DEBUG   main [org.springframework.core.env.StandardEnvironment] Adding [systemProperties] PropertySource with lowest search precedence
2016-02-03 20:25:21,811 DEBUG   main [org.springframework.core.env.StandardEnvironment] Adding [systemEnvironment] PropertySource with lowest search precedence
2016-02-03 20:25:21,811 DEBUG   main [org.springframework.core.env.StandardEnvironment] Initialized StandardEnvironment with PropertySources [systemProperties,systemEnvironment]
2016-02-03 20:25:21,866 DEBUG   main [org.springframework.core.io.support.PathMatchingResourcePatternResolver] Looking for matching resources in directory tree [C:\Eclipse\workspace\spring-ldap-example\bin\ldap\advance\example]
2016-02-03 20:25:21,867 DEBUG   main [org.springframework.core.io.support.PathMatchingResourcePatternResolver] Searching directory [C:\Eclipse\workspace\spring-ldap-example\bin\ldap\advance\example] for files matching pattern [C:/Eclipse/workspace/spring-ldap-example/bin/ldap/advance/example/**/*.class]
2016-02-03 20:25:21,872 DEBUG   main [org.springframework.core.io.support.PathMatchingResourcePatternResolver] Searching directory [C:\Eclipse\workspace\spring-ldap-example\bin\ldap\advance\example\test] for files matching pattern [C:/Eclipse/workspace/spring-ldap-example/bin/ldap/advance/example/**/*.class]
2016-02-03 20:25:21,883 DEBUG   main [org.springframework.core.io.support.PathMatchingResourcePatternResolver] Resolved location pattern [classpath*:ldap/advance/example/**/*.class] to resources [file [C:\Eclipse\workspace\spring-ldap-example\bin\ldap\advance\example\test\LdapApp.class], file [C:\Eclipse\workspace\spring-ldap-example\bin\ldap\advance\example\User.class], file [C:\Eclipse\workspace\spring-ldap-example\bin\ldap\advance\example\UserRepositoryImpl$MultipleAttributesMapper.class], file [C:\Eclipse\workspace\spring-ldap-example\bin\ldap\advance\example\UserRepositoryImpl$SingleAttributesMapper.class], file [C:\Eclipse\workspace\spring-ldap-example\bin\ldap\advance\example\UserRepositoryImpl$UserAttributesMapper.class], file [C:\Eclipse\workspace\spring-ldap-example\bin\ldap\advance\example\UserRepositoryImpl.class], file [C:\Eclipse\workspace\spring-ldap-example\bin\ldap\advance\example\UserRepositoryIntf.class]]
2016-02-03 20:25:21,883 TRACE   main [org.springframework.context.annotation.ClassPathBeanDefinitionScanner] Scanning file [C:\Eclipse\workspace\spring-ldap-example\bin\ldap\advance\example\test\LdapApp.class]
2016-02-03 20:25:21,920 TRACE   main [org.springframework.context.annotation.ClassPathBeanDefinitionScanner] Ignored because not matching any filter: file [C:\Eclipse\workspace\spring-ldap-example\bin\ldap\advance\example\test\LdapApp.class]
2016-02-03 20:25:21,920 TRACE   main [org.springframework.context.annotation.ClassPathBeanDefinitionScanner] Scanning file [C:\Eclipse\workspace\spring-ldap-example\bin\ldap\advance\example\User.class]
2016-02-03 20:25:21,921 TRACE   main [org.springframework.context.annotation.ClassPathBeanDefinitionScanner] Ignored because not matching any filter: file [C:\Eclipse\workspace\spring-ldap-example\bin\ldap\advance\example\User.class]
2016-02-03 20:25:21,921 TRACE   main [org.springframework.context.annotation.ClassPathBeanDefinitionScanner] Scanning file [C:\Eclipse\workspace\spring-ldap-example\bin\ldap\advance\example\UserRepositoryImpl$MultipleAttributesMapper.class]
2016-02-03 20:25:21,922 TRACE   main [org.springframework.context.annotation.ClassPathBeanDefinitionScanner] Ignored because not matching any filter: file [C:\Eclipse\workspace\spring-ldap-example\bin\ldap\advance\example\UserRepositoryImpl$MultipleAttributesMapper.class]
2016-02-03 20:25:21,922 TRACE   main [org.springframework.context.annotation.ClassPathBeanDefinitionScanner] Scanning file [C:\Eclipse\workspace\spring-ldap-example\bin\ldap\advance\example\UserRepositoryImpl$SingleAttributesMapper.class]
2016-02-03 20:25:21,923 TRACE   main [org.springframework.context.annotation.ClassPathBeanDefinitionScanner] Ignored because not matching any filter: file [C:\Eclipse\workspace\spring-ldap-example\bin\ldap\advance\example\UserRepositoryImpl$SingleAttributesMapper.class]
2016-02-03 20:25:21,923 TRACE   main [org.springframework.context.annotation.ClassPathBeanDefinitionScanner] Scanning file [C:\Eclipse\workspace\spring-ldap-example\bin\ldap\advance\example\UserRepositoryImpl$UserAttributesMapper.class]
2016-02-03 20:25:21,924 TRACE   main [org.springframework.context.annotation.ClassPathBeanDefinitionScanner] Ignored because not matching any filter: file [C:\Eclipse\workspace\spring-ldap-example\bin\ldap\advance\example\UserRepositoryImpl$UserAttributesMapper.class]
2016-02-03 20:25:21,924 TRACE   main [org.springframework.context.annotation.ClassPathBeanDefinitionScanner] Scanning file [C:\Eclipse\workspace\spring-ldap-example\bin\ldap\advance\example\UserRepositoryImpl.class]
2016-02-03 20:25:21,939 DEBUG   main [org.springframework.context.annotation.ClassPathBeanDefinitionScanner] Identified candidate component class: file [C:\Eclipse\workspace\spring-ldap-example\bin\ldap\advance\example\UserRepositoryImpl.class]
2016-02-03 20:25:21,939 TRACE   main [org.springframework.context.annotation.ClassPathBeanDefinitionScanner] Scanning file [C:\Eclipse\workspace\spring-ldap-example\bin\ldap\advance\example\UserRepositoryIntf.class]
2016-02-03 20:25:21,939 TRACE   main [org.springframework.context.annotation.ClassPathBeanDefinitionScanner] Ignored because not matching any filter: file [C:\Eclipse\workspace\spring-ldap-example\bin\ldap\advance\example\UserRepositoryIntf.class]
2016-02-03 20:25:22,018 DEBUG   main [org.springframework.beans.factory.xml.XmlBeanDefinitionReader] Loaded 9 bean definitions from location pattern [spring-ldap-example.xml]
2016-02-03 20:25:22,018 DEBUG   main [org.springframework.context.support.ClassPathXmlApplicationContext] Bean factory for org.springframework.context.support.ClassPathXmlApplicationContext@6ed6ee82: org.springframework.beans.factory.support.DefaultListableBeanFactory@5c5d9afc: defining beans [userRepositoryImpl,org.springframework.context.annotation.internalConfigurationAnnotationProcessor,org.springframework.context.annotation.internalAutowiredAnnotationProcessor,org.springframework.context.annotation.internalRequiredAnnotationProcessor,org.springframework.context.annotation.internalCommonAnnotationProcessor,simpleDirContextAuthenticationStrategy,userReposImpl,contextSource,ldapTemplate]; root of factory hierarchy
2016-02-03 20:25:22,091 DEBUG   main [org.springframework.beans.factory.support.DefaultListableBeanFactory] Creating shared instance of singleton bean 'org.springframework.context.annotation.internalConfigurationAnnotationProcessor'
2016-02-03 20:25:22,091 DEBUG   main [org.springframework.beans.factory.support.DefaultListableBeanFactory] Creating instance of bean 'org.springframework.context.annotation.internalConfigurationAnnotationProcessor'
2016-02-03 20:25:22,121 DEBUG   main [org.springframework.beans.factory.support.DefaultListableBeanFactory] Eagerly caching bean 'org.springframework.context.annotation.internalConfigurationAnnotationProcessor' to allow for resolving potential circular references
2016-02-03 20:25:22,123 DEBUG   main [org.springframework.beans.factory.support.DefaultListableBeanFactory] Finished creating instance of bean 'org.springframework.context.annotation.internalConfigurationAnnotationProcessor'
2016-02-03 20:25:22,190 DEBUG   main [org.springframework.beans.factory.support.DefaultListableBeanFactory] Creating shared instance of singleton bean 'org.springframework.context.annotation.internalAutowiredAnnotationProcessor'
2016-02-03 20:25:22,191 DEBUG   main [org.springframework.beans.factory.support.DefaultListableBeanFactory] Creating instance of bean 'org.springframework.context.annotation.internalAutowiredAnnotationProcessor'
2016-02-03 20:25:22,192 DEBUG   main [org.springframework.beans.factory.support.DefaultListableBeanFactory] Eagerly caching bean 'org.springframework.context.annotation.internalAutowiredAnnotationProcessor' to allow for resolving potential circular references
2016-02-03 20:25:22,192 DEBUG   main [org.springframework.beans.factory.support.DefaultListableBeanFactory] Finished creating instance of bean 'org.springframework.context.annotation.internalAutowiredAnnotationProcessor'
2016-02-03 20:25:22,192 DEBUG   main [org.springframework.beans.factory.support.DefaultListableBeanFactory] Creating shared instance of singleton bean 'org.springframework.context.annotation.internalRequiredAnnotationProcessor'
2016-02-03 20:25:22,192 DEBUG   main [org.springframework.beans.factory.support.DefaultListableBeanFactory] Creating instance of bean 'org.springframework.context.annotation.internalRequiredAnnotationProcessor'
2016-02-03 20:25:22,193 DEBUG   main [org.springframework.beans.factory.support.DefaultListableBeanFactory] Eagerly caching bean 'org.springframework.context.annotation.internalRequiredAnnotationProcessor' to allow for resolving potential circular references
2016-02-03 20:25:22,193 DEBUG   main [org.springframework.beans.factory.support.DefaultListableBeanFactory] Finished creating instance of bean 'org.springframework.context.annotation.internalRequiredAnnotationProcessor'
2016-02-03 20:25:22,193 DEBUG   main [org.springframework.beans.factory.support.DefaultListableBeanFactory] Creating shared instance of singleton bean 'org.springframework.context.annotation.internalCommonAnnotationProcessor'
2016-02-03 20:25:22,193 DEBUG   main [org.springframework.beans.factory.support.DefaultListableBeanFactory] Creating instance of bean 'org.springframework.context.annotation.internalCommonAnnotationProcessor'
2016-02-03 20:25:22,201 DEBUG   main [org.springframework.beans.factory.support.DefaultListableBeanFactory] Eagerly caching bean 'org.springframework.context.annotation.internalCommonAnnotationProcessor' to allow for resolving potential circular references
2016-02-03 20:25:22,201 DEBUG   main [org.springframework.beans.factory.support.DefaultListableBeanFactory] Finished creating instance of bean 'org.springframework.context.annotation.internalCommonAnnotationProcessor'
2016-02-03 20:25:22,201 DEBUG   main [org.springframework.beans.factory.support.DefaultListableBeanFactory] Creating shared instance of singleton bean 'org.springframework.context.annotation.ConfigurationClassPostProcessor.importAwareProcessor'
2016-02-03 20:25:22,202 DEBUG   main [org.springframework.beans.factory.support.DefaultListableBeanFactory] Creating instance of bean 'org.springframework.context.annotation.ConfigurationClassPostProcessor.importAwareProcessor'
2016-02-03 20:25:22,202 DEBUG   main [org.springframework.beans.factory.support.DefaultListableBeanFactory] Eagerly caching bean 'org.springframework.context.annotation.ConfigurationClassPostProcessor.importAwareProcessor' to allow for resolving potential circular references
2016-02-03 20:25:22,203 DEBUG   main [org.springframework.beans.factory.support.DefaultListableBeanFactory] Finished creating instance of bean 'org.springframework.context.annotation.ConfigurationClassPostProcessor.importAwareProcessor'
2016-02-03 20:25:22,203 DEBUG   main [org.springframework.beans.factory.support.DefaultListableBeanFactory] Creating shared instance of singleton bean 'org.springframework.context.annotation.ConfigurationClassPostProcessor.enhancedConfigurationProcessor'
2016-02-03 20:25:22,203 DEBUG   main [org.springframework.beans.factory.support.DefaultListableBeanFactory] Creating instance of bean 'org.springframework.context.annotation.ConfigurationClassPostProcessor.enhancedConfigurationProcessor'
2016-02-03 20:25:22,203 DEBUG   main [org.springframework.beans.factory.support.DefaultListableBeanFactory] Eagerly caching bean 'org.springframework.context.annotation.ConfigurationClassPostProcessor.enhancedConfigurationProcessor' to allow for resolving potential circular references
2016-02-03 20:25:22,203 DEBUG   main [org.springframework.beans.factory.support.DefaultListableBeanFactory] Finished creating instance of bean 'org.springframework.context.annotation.ConfigurationClassPostProcessor.enhancedConfigurationProcessor'
2016-02-03 20:25:22,206 DEBUG   main [org.springframework.context.support.ClassPathXmlApplicationContext] Unable to locate MessageSource with name 'messageSource': using default [org.springframework.context.support.DelegatingMessageSource@423e8eb8]
2016-02-03 20:25:22,208 DEBUG   main [org.springframework.context.support.ClassPathXmlApplicationContext] Unable to locate ApplicationEventMulticaster with name 'applicationEventMulticaster': using default [org.springframework.context.event.SimpleApplicationEventMulticaster@2eaa00e4]
2016-02-03 20:25:22,209 DEBUG   main [org.springframework.beans.factory.support.DefaultListableBeanFactory] Pre-instantiating singletons in org.springframework.beans.factory.support.DefaultListableBeanFactory@5c5d9afc: defining beans [userRepositoryImpl,org.springframework.context.annotation.internalConfigurationAnnotationProcessor,org.springframework.context.annotation.internalAutowiredAnnotationProcessor,org.springframework.context.annotation.internalRequiredAnnotationProcessor,org.springframework.context.annotation.internalCommonAnnotationProcessor,simpleDirContextAuthenticationStrategy,userReposImpl,contextSource,ldapTemplate,org.springframework.context.annotation.ConfigurationClassPostProcessor.importAwareProcessor,org.springframework.context.annotation.ConfigurationClassPostProcessor.enhancedConfigurationProcessor]; root of factory hierarchy
2016-02-03 20:25:22,209 DEBUG   main [org.springframework.beans.factory.support.DefaultListableBeanFactory] Creating shared instance of singleton bean 'userRepositoryImpl'
2016-02-03 20:25:22,209 DEBUG   main [org.springframework.beans.factory.support.DefaultListableBeanFactory] Creating instance of bean 'userRepositoryImpl'
2016-02-03 20:25:22,240 DEBUG   main [org.springframework.beans.factory.annotation.InjectionMetadata] Registered injected element on class [ldap.advance.example.UserRepositoryImpl]: AutowiredFieldElement for private org.springframework.ldap.core.LdapTemplate ldap.advance.example.UserRepositoryImpl.ldapTemplate
2016-02-03 20:25:22,241 DEBUG   main [org.springframework.beans.factory.support.DefaultListableBeanFactory] Eagerly caching bean 'userRepositoryImpl' to allow for resolving potential circular references
2016-02-03 20:25:22,249 TRACE   main [org.springframework.core.io.support.SpringFactoriesLoader] Loaded [org.springframework.beans.BeanInfoFactory] names: [org.springframework.beans.ExtendedBeanInfoFactory]
2016-02-03 20:25:22,250 TRACE   main [org.springframework.beans.CachedIntrospectionResults] Getting BeanInfo for class [ldap.advance.example.UserRepositoryImpl]
2016-02-03 20:25:22,260 TRACE   main [org.springframework.beans.CachedIntrospectionResults] Caching PropertyDescriptors for class [ldap.advance.example.UserRepositoryImpl]
2016-02-03 20:25:22,260 TRACE   main [org.springframework.beans.CachedIntrospectionResults] Found bean property 'allUserNames' of type [java.util.List]
2016-02-03 20:25:22,268 TRACE   main [org.springframework.beans.CachedIntrospectionResults] Found bean property 'allUsers' of type [java.util.List]
2016-02-03 20:25:22,268 TRACE   main [org.springframework.beans.CachedIntrospectionResults] Found bean property 'class' of type [java.lang.Class]
2016-02-03 20:25:22,273 DEBUG   main [org.springframework.beans.factory.annotation.InjectionMetadata] Processing injected element of bean 'userRepositoryImpl': AutowiredFieldElement for private org.springframework.ldap.core.LdapTemplate ldap.advance.example.UserRepositoryImpl.ldapTemplate
2016-02-03 20:25:22,285 DEBUG   main [org.springframework.beans.factory.support.DefaultListableBeanFactory] Creating shared instance of singleton bean 'ldapTemplate'
2016-02-03 20:25:22,285 DEBUG   main [org.springframework.beans.factory.support.DefaultListableBeanFactory] Creating instance of bean 'ldapTemplate'
2016-02-03 20:25:22,321 DEBUG   main [org.springframework.beans.factory.support.DefaultListableBeanFactory] Eagerly caching bean 'ldapTemplate' to allow for resolving potential circular references
2016-02-03 20:25:22,322 TRACE   main [org.springframework.beans.CachedIntrospectionResults] Getting BeanInfo for class [org.springframework.ldap.core.LdapTemplate]
2016-02-03 20:25:22,360 TRACE   main [org.springframework.beans.CachedIntrospectionResults] Caching PropertyDescriptors for class [org.springframework.ldap.core.LdapTemplate]
2016-02-03 20:25:22,363 TRACE   main [org.springframework.beans.CachedIntrospectionResults] Found bean property 'class' of type [java.lang.Class]
2016-02-03 20:25:22,366 TRACE   main [org.springframework.beans.CachedIntrospectionResults] Found bean property 'contextSource' of type [org.springframework.ldap.core.ContextSource]
2016-02-03 20:25:22,367 TRACE   main [org.springframework.beans.CachedIntrospectionResults] Found bean property 'defaultCountLimit' of type [int]
2016-02-03 20:25:22,367 TRACE   main [org.springframework.beans.CachedIntrospectionResults] Found bean property 'defaultSearchScope' of type [int]
2016-02-03 20:25:22,368 TRACE   main [org.springframework.beans.CachedIntrospectionResults] Found bean property 'defaultTimeLimit' of type [int]
2016-02-03 20:25:22,368 TRACE   main [org.springframework.beans.CachedIntrospectionResults] Found bean property 'ignoreNameNotFoundException' of type [boolean]
2016-02-03 20:25:22,368 TRACE   main [org.springframework.beans.CachedIntrospectionResults] Found bean property 'ignorePartialResultException' of type [boolean]
2016-02-03 20:25:22,369 TRACE   main [org.springframework.beans.CachedIntrospectionResults] Found bean property 'ignoreSizeLimitExceededException' of type [boolean]
2016-02-03 20:25:22,370 TRACE   main [org.springframework.beans.CachedIntrospectionResults] Found bean property 'objectDirectoryMapper' of type [org.springframework.ldap.odm.core.ObjectDirectoryMapper]
2016-02-03 20:25:22,373 DEBUG   main [org.springframework.beans.factory.support.DefaultListableBeanFactory] Creating shared instance of singleton bean 'contextSource'
2016-02-03 20:25:22,374 DEBUG   main [org.springframework.beans.factory.support.DefaultListableBeanFactory] Creating instance of bean 'contextSource'
2016-02-03 20:25:22,415 DEBUG   main [org.springframework.beans.factory.support.DefaultListableBeanFactory] Creating instance of bean '(inner bean)#1f5ffded'
2016-02-03 20:25:22,452 TRACE   main [org.springframework.beans.CachedIntrospectionResults] Getting BeanInfo for class [org.springframework.ldap.core.support.LdapContextSource]
2016-02-03 20:25:22,462 TRACE   main [org.springframework.beans.CachedIntrospectionResults] Caching PropertyDescriptors for class [org.springframework.ldap.core.support.LdapContextSource]
2016-02-03 20:25:22,463 TRACE   main [org.springframework.beans.CachedIntrospectionResults] Found bean property 'anonymousReadOnly' of type [boolean]
2016-02-03 20:25:22,464 TRACE   main [org.springframework.beans.CachedIntrospectionResults] Found bean property 'authenticationSource' of type [org.springframework.ldap.core.AuthenticationSource]
2016-02-03 20:25:22,465 TRACE   main [org.springframework.beans.CachedIntrospectionResults] Found bean property 'authenticationStrategy' of type [org.springframework.ldap.core.support.DirContextAuthenticationStrategy]
2016-02-03 20:25:22,465 TRACE   main [org.springframework.beans.CachedIntrospectionResults] Found bean property 'base' of type [java.lang.String]
2016-02-03 20:25:22,465 TRACE   main [org.springframework.beans.CachedIntrospectionResults] Found bean property 'baseEnvironmentProperties' of type [java.util.Map]
2016-02-03 20:25:22,465 TRACE   main [org.springframework.beans.CachedIntrospectionResults] Found bean property 'baseLdapName' of type [javax.naming.ldap.LdapName]
2016-02-03 20:25:22,466 TRACE   main [org.springframework.beans.CachedIntrospectionResults] Found bean property 'baseLdapPath' of type [org.springframework.ldap.core.DistinguishedName]
2016-02-03 20:25:22,466 TRACE   main [org.springframework.beans.CachedIntrospectionResults] Found bean property 'baseLdapPathAsString' of type [java.lang.String]
2016-02-03 20:25:22,466 TRACE   main [org.springframework.beans.CachedIntrospectionResults] Found bean property 'cacheEnvironmentProperties' of type [boolean]
2016-02-03 20:25:22,466 TRACE   main [org.springframework.beans.CachedIntrospectionResults] Found bean property 'class' of type [java.lang.Class]
2016-02-03 20:25:22,466 TRACE   main [org.springframework.beans.CachedIntrospectionResults] Found bean property 'contextFactory' of type [java.lang.Class]
2016-02-03 20:25:22,468 TRACE   main [org.springframework.beans.CachedIntrospectionResults] Found bean property 'dirObjectFactory' of type [java.lang.Class]
2016-02-03 20:25:22,469 TRACE   main [org.springframework.beans.CachedIntrospectionResults] Found bean property 'password' of type [java.lang.String]
2016-02-03 20:25:22,469 TRACE   main [org.springframework.beans.CachedIntrospectionResults] Found bean property 'pooled' of type [boolean]
2016-02-03 20:25:22,469 TRACE   main [org.springframework.beans.CachedIntrospectionResults] Found bean property 'readOnlyContext' of type [javax.naming.directory.DirContext]
2016-02-03 20:25:22,469 TRACE   main [org.springframework.beans.CachedIntrospectionResults] Found bean property 'readWriteContext' of type [javax.naming.directory.DirContext]
2016-02-03 20:25:22,470 TRACE   main [org.springframework.beans.CachedIntrospectionResults] Found bean property 'referral' of type [java.lang.String]
2016-02-03 20:25:22,470 TRACE   main [org.springframework.beans.CachedIntrospectionResults] Found bean property 'url' of type [java.lang.String]
2016-02-03 20:25:22,471 TRACE   main [org.springframework.beans.CachedIntrospectionResults] Found bean property 'urls' of type [[Ljava.lang.String;]
2016-02-03 20:25:22,471 TRACE   main [org.springframework.beans.CachedIntrospectionResults] Found bean property 'userDn' of type [java.lang.String]
2016-02-03 20:25:22,484 DEBUG   main [org.springframework.beans.factory.support.DefaultListableBeanFactory] Creating instance of bean '(inner bean)#6c7733eb'
2016-02-03 20:25:22,493 TRACE   main [org.springframework.beans.CachedIntrospectionResults] Getting BeanInfo for class [[Ljava.lang.String;]
2016-02-03 20:25:22,494 TRACE   main [org.springframework.beans.CachedIntrospectionResults] Caching PropertyDescriptors for class [[Ljava.lang.String;]
2016-02-03 20:25:22,494 TRACE   main [org.springframework.beans.CachedIntrospectionResults] Found bean property 'class' of type [java.lang.Class]
2016-02-03 20:25:22,496 DEBUG   main [org.springframework.beans.factory.support.DefaultListableBeanFactory] Finished creating instance of bean '(inner bean)#6c7733eb'
2016-02-03 20:25:22,497 DEBUG   main [org.springframework.beans.factory.support.DefaultListableBeanFactory] Creating shared instance of singleton bean 'simpleDirContextAuthenticationStrategy'
2016-02-03 20:25:22,498 DEBUG   main [org.springframework.beans.factory.support.DefaultListableBeanFactory] Creating instance of bean 'simpleDirContextAuthenticationStrategy'
2016-02-03 20:25:22,498 DEBUG   main [org.springframework.beans.factory.support.DefaultListableBeanFactory] Eagerly caching bean 'simpleDirContextAuthenticationStrategy' to allow for resolving potential circular references
2016-02-03 20:25:22,498 TRACE   main [org.springframework.beans.CachedIntrospectionResults] Getting BeanInfo for class [org.springframework.ldap.core.support.SimpleDirContextAuthenticationStrategy]
2016-02-03 20:25:22,500 TRACE   main [org.springframework.beans.CachedIntrospectionResults] Caching PropertyDescriptors for class [org.springframework.ldap.core.support.SimpleDirContextAuthenticationStrategy]
2016-02-03 20:25:22,503 TRACE   main [org.springframework.beans.CachedIntrospectionResults] Found bean property 'class' of type [java.lang.Class]
2016-02-03 20:25:22,504 DEBUG   main [org.springframework.beans.factory.support.DefaultListableBeanFactory] Finished creating instance of bean 'simpleDirContextAuthenticationStrategy'
2016-02-03 20:25:22,507 DEBUG   main [org.springframework.beans.factory.support.DefaultListableBeanFactory] Invoking afterPropertiesSet() on bean with name '(inner bean)#1f5ffded'
2016-02-03 20:25:22,512 DEBUG   main [org.springframework.beans.factory.support.DefaultListableBeanFactory] Finished creating instance of bean '(inner bean)#1f5ffded'
2016-02-03 20:25:22,516 DEBUG   main [org.springframework.beans.factory.support.DefaultListableBeanFactory] Eagerly caching bean 'contextSource' to allow for resolving potential circular references
2016-02-03 20:25:22,516 TRACE   main [org.springframework.beans.CachedIntrospectionResults] Getting BeanInfo for class [org.springframework.ldap.transaction.compensating.manager.TransactionAwareContextSourceProxy]
2016-02-03 20:25:22,520 TRACE   main [org.springframework.beans.CachedIntrospectionResults] Caching PropertyDescriptors for class [org.springframework.ldap.transaction.compensating.manager.TransactionAwareContextSourceProxy]
2016-02-03 20:25:22,521 TRACE   main [org.springframework.beans.CachedIntrospectionResults] Found bean property 'baseLdapName' of type [javax.naming.ldap.LdapName]
2016-02-03 20:25:22,521 TRACE   main [org.springframework.beans.CachedIntrospectionResults] Found bean property 'baseLdapPath' of type [org.springframework.ldap.core.DistinguishedName]
2016-02-03 20:25:22,521 TRACE   main [org.springframework.beans.CachedIntrospectionResults] Found bean property 'baseLdapPathAsString' of type [java.lang.String]
2016-02-03 20:25:22,521 TRACE   main [org.springframework.beans.CachedIntrospectionResults] Found bean property 'class' of type [java.lang.Class]
2016-02-03 20:25:22,521 TRACE   main [org.springframework.beans.CachedIntrospectionResults] Found bean property 'readOnlyContext' of type [javax.naming.directory.DirContext]
2016-02-03 20:25:22,521 TRACE   main [org.springframework.beans.CachedIntrospectionResults] Found bean property 'readWriteContext' of type [javax.naming.directory.DirContext]
2016-02-03 20:25:22,522 TRACE   main [org.springframework.beans.CachedIntrospectionResults] Found bean property 'target' of type [org.springframework.ldap.core.ContextSource]
2016-02-03 20:25:22,522 DEBUG   main [org.springframework.beans.factory.support.DefaultListableBeanFactory] Finished creating instance of bean 'contextSource'
2016-02-03 20:25:22,523 DEBUG   main [org.springframework.beans.factory.support.DefaultListableBeanFactory] Invoking afterPropertiesSet() on bean with name 'ldapTemplate'
2016-02-03 20:25:22,523 DEBUG   main [org.springframework.beans.factory.support.DefaultListableBeanFactory] Finished creating instance of bean 'ldapTemplate'
2016-02-03 20:25:22,523 DEBUG   main [org.springframework.beans.factory.annotation.AutowiredAnnotationBeanPostProcessor] Autowiring by type from bean name 'userRepositoryImpl' to bean named 'ldapTemplate'
2016-02-03 20:25:22,524 DEBUG   main [org.springframework.beans.factory.support.DefaultListableBeanFactory] Finished creating instance of bean 'userRepositoryImpl'
2016-02-03 20:25:22,524 DEBUG   main [org.springframework.beans.factory.support.DefaultListableBeanFactory] Returning cached instance of singleton bean 'org.springframework.context.annotation.internalConfigurationAnnotationProcessor'
2016-02-03 20:25:22,524 DEBUG   main [org.springframework.beans.factory.support.DefaultListableBeanFactory] Returning cached instance of singleton bean 'org.springframework.context.annotation.internalAutowiredAnnotationProcessor'
2016-02-03 20:25:22,524 DEBUG   main [org.springframework.beans.factory.support.DefaultListableBeanFactory] Returning cached instance of singleton bean 'org.springframework.context.annotation.internalRequiredAnnotationProcessor'
2016-02-03 20:25:22,524 DEBUG   main [org.springframework.beans.factory.support.DefaultListableBeanFactory] Returning cached instance of singleton bean 'org.springframework.context.annotation.internalCommonAnnotationProcessor'
2016-02-03 20:25:22,524 DEBUG   main [org.springframework.beans.factory.support.DefaultListableBeanFactory] Returning cached instance of singleton bean 'simpleDirContextAuthenticationStrategy'
2016-02-03 20:25:22,524 DEBUG   main [org.springframework.beans.factory.support.DefaultListableBeanFactory] Creating shared instance of singleton bean 'userReposImpl'
2016-02-03 20:25:22,525 DEBUG   main [org.springframework.beans.factory.support.DefaultListableBeanFactory] Creating instance of bean 'userReposImpl'
2016-02-03 20:25:22,525 DEBUG   main [org.springframework.beans.factory.annotation.InjectionMetadata] Registered injected element on class [ldap.advance.example.UserRepositoryImpl]: AutowiredFieldElement for private org.springframework.ldap.core.LdapTemplate ldap.advance.example.UserRepositoryImpl.ldapTemplate
2016-02-03 20:25:22,525 DEBUG   main [org.springframework.beans.factory.support.DefaultListableBeanFactory] Eagerly caching bean 'userReposImpl' to allow for resolving potential circular references
2016-02-03 20:25:22,525 DEBUG   main [org.springframework.beans.factory.annotation.InjectionMetadata] Processing injected element of bean 'userReposImpl': AutowiredFieldElement for private org.springframework.ldap.core.LdapTemplate ldap.advance.example.UserRepositoryImpl.ldapTemplate
2016-02-03 20:25:22,526 DEBUG   main [org.springframework.beans.factory.support.DefaultListableBeanFactory] Returning cached instance of singleton bean 'ldapTemplate'
2016-02-03 20:25:22,526 DEBUG   main [org.springframework.beans.factory.annotation.AutowiredAnnotationBeanPostProcessor] Autowiring by type from bean name 'userReposImpl' to bean named 'ldapTemplate'
2016-02-03 20:25:22,526 DEBUG   main [org.springframework.beans.factory.support.DefaultListableBeanFactory] Finished creating instance of bean 'userReposImpl'
2016-02-03 20:25:22,526 DEBUG   main [org.springframework.beans.factory.support.DefaultListableBeanFactory] Returning cached instance of singleton bean 'contextSource'
2016-02-03 20:25:22,526 DEBUG   main [org.springframework.beans.factory.support.DefaultListableBeanFactory] Returning cached instance of singleton bean 'ldapTemplate'
2016-02-03 20:25:22,526 DEBUG   main [org.springframework.beans.factory.support.DefaultListableBeanFactory] Returning cached instance of singleton bean 'org.springframework.context.annotation.ConfigurationClassPostProcessor.importAwareProcessor'
2016-02-03 20:25:22,526 DEBUG   main [org.springframework.beans.factory.support.DefaultListableBeanFactory] Returning cached instance of singleton bean 'org.springframework.context.annotation.ConfigurationClassPostProcessor.enhancedConfigurationProcessor'
2016-02-03 20:25:22,529 DEBUG   main [org.springframework.context.support.ClassPathXmlApplicationContext] Unable to locate LifecycleProcessor with name 'lifecycleProcessor': using default [org.springframework.context.support.DefaultLifecycleProcessor@7c182454]
2016-02-03 20:25:22,530 DEBUG   main [org.springframework.beans.factory.support.DefaultListableBeanFactory] Returning cached instance of singleton bean 'lifecycleProcessor'
2016-02-03 20:25:22,532 TRACE   main [org.springframework.context.support.ClassPathXmlApplicationContext] Publishing event in org.springframework.context.support.ClassPathXmlApplicationContext@6ed6ee82: org.springframework.context.event.ContextRefreshedEvent[source=org.springframework.context.support.ClassPathXmlApplicationContext@6ed6ee82: startup date [Wed Feb 03 20:25:21 EST 2016]; root of context hierarchy]
2016-02-03 20:25:22,541 TRACE   main [org.springframework.core.env.PropertySourcesPropertyResolver] getProperty("spring.liveBeansView.mbeanDomain", String)
2016-02-03 20:25:22,541 DEBUG   main [org.springframework.core.env.PropertySourcesPropertyResolver] Searching for key 'spring.liveBeansView.mbeanDomain' in [systemProperties]
2016-02-03 20:25:22,541 DEBUG   main [org.springframework.core.env.PropertySourcesPropertyResolver] Searching for key 'spring.liveBeansView.mbeanDomain' in [systemEnvironment]
2016-02-03 20:25:22,541 DEBUG   main [org.springframework.core.env.PropertySourcesPropertyResolver] Could not find key 'spring.liveBeansView.mbeanDomain' in any property source. Returning [null]
2016-02-03 20:25:22,541 INFO   main [ldap.advance.example.test.LdapApp] Test started at Wed Feb 03 20:25:21 EST 2016
2016-02-03 20:25:22,541 DEBUG   main [org.springframework.beans.factory.support.DefaultListableBeanFactory] Returning cached instance of singleton bean 'userReposImpl'
2016-02-03 20:25:22,542 INFO   main [ldap.advance.example.UserRepositoryImpl] executing {createUser}
2016-02-03 20:28:54,481 DEBUG   main [org.springframework.core.env.StandardEnvironment] Adding [systemProperties] PropertySource with lowest search precedence
2016-02-03 20:28:54,486 DEBUG   main [org.springframework.core.env.StandardEnvironment] Adding [systemEnvironment] PropertySource with lowest search precedence
2016-02-03 20:28:54,486 DEBUG   main [org.springframework.core.env.StandardEnvironment] Initialized StandardEnvironment with PropertySources [systemProperties,systemEnvironment]
2016-02-03 20:28:54,492 INFO   main [org.springframework.context.support.ClassPathXmlApplicationContext] Refreshing org.springframework.context.support.ClassPathXmlApplicationContext@6ed6ee82: startup date [Wed Feb 03 20:28:54 EST 2016]; root of context hierarchy
2016-02-03 20:28:54,540 DEBUG   main [org.springframework.core.env.StandardEnvironment] Adding [systemProperties] PropertySource with lowest search precedence
2016-02-03 20:28:54,542 DEBUG   main [org.springframework.core.env.StandardEnvironment] Adding [systemEnvironment] PropertySource with lowest search precedence
2016-02-03 20:28:54,542 DEBUG   main [org.springframework.core.env.StandardEnvironment] Initialized StandardEnvironment with PropertySources [systemProperties,systemEnvironment]
2016-02-03 20:28:54,557 INFO   main [org.springframework.beans.factory.xml.XmlBeanDefinitionReader] Loading XML bean definitions from class path resource [spring-ldap-example.xml]
2016-02-03 20:28:54,561 DEBUG   main [org.springframework.beans.factory.xml.DefaultDocumentLoader] Using JAXP provider [com.sun.org.apache.xerces.internal.jaxp.DocumentBuilderFactoryImpl]
2016-02-03 20:28:54,589 TRACE   main [org.springframework.beans.factory.xml.PluggableSchemaResolver] Trying to resolve XML entity with public id [null] and system id [http://www.springframework.org/schema/beans/spring-beans.xsd]
2016-02-03 20:28:54,589 DEBUG   main [org.springframework.beans.factory.xml.PluggableSchemaResolver] Loading schema mappings from [META-INF/spring.schemas]
2016-02-03 20:28:54,605 DEBUG   main [org.springframework.beans.factory.xml.PluggableSchemaResolver] Loaded schema mappings: {http://www.springframework.org/schema/tx/spring-tx-2.5.xsd=org/springframework/transaction/config/spring-tx-2.5.xsd, http://www.springframework.org/schema/cache/spring-cache-4.2.xsd=org/springframework/cache/config/spring-cache-4.2.xsd, http://www.springframework.org/schema/aop/spring-aop-4.1.xsd=org/springframework/aop/config/spring-aop-4.1.xsd, http://www.springframework.org/schema/context/spring-context-3.1.xsd=org/springframework/context/config/spring-context-3.1.xsd, http://www.springframework.org/schema/data/repository/spring-repository-1.4.xsd=org/springframework/data/repository/config/spring-repository-1.4.xsd, http://www.springframework.org/schema/util/spring-util-3.0.xsd=org/springframework/beans/factory/xml/spring-util-3.0.xsd, http://www.springframework.org/schema/tool/spring-tool.xsd=org/springframework/beans/factory/xml/spring-tool-4.2.xsd, http://www.springframework.org/schema/aop/spring-aop-3.2.xsd=org/springframework/aop/config/spring-aop-3.2.xsd, http://www.springframework.org/schema/lang/spring-lang-4.1.xsd=org/springframework/scripting/config/spring-lang-4.1.xsd, http://www.springframework.org/schema/context/spring-context-4.0.xsd=org/springframework/context/config/spring-context-4.0.xsd, http://www.springframework.org/schema/beans/spring-beans-4.2.xsd=org/springframework/beans/factory/xml/spring-beans-4.2.xsd, http://www.springframework.org/schema/tool/spring-tool-4.1.xsd=org/springframework/beans/factory/xml/spring-tool-4.1.xsd, http://www.springframework.org/schema/lang/spring-lang-3.2.xsd=org/springframework/scripting/config/spring-lang-3.2.xsd, http://www.springframework.org/schema/cache/spring-cache-3.2.xsd=org/springframework/cache/config/spring-cache-3.2.xsd, http://www.springframework.org/schema/jee/spring-jee-4.1.xsd=org/springframework/ejb/config/spring-jee-4.1.xsd, http://www.springframework.org/schema/task/spring-task-4.2.xsd=org/springframework/scheduling/config/spring-task-4.2.xsd, http://www.springframework.org/schema/util/spring-util-2.0.xsd=org/springframework/beans/factory/xml/spring-util-2.0.xsd, http://www.springframework.org/schema/tool/spring-tool-3.2.xsd=org/springframework/beans/factory/xml/spring-tool-3.2.xsd, http://www.springframework.org/schema/context/spring-context.xsd=org/springframework/context/config/spring-context-4.2.xsd, http://www.springframework.org/schema/tx/spring-tx-4.2.xsd=org/springframework/transaction/config/spring-tx-4.2.xsd, http://www.springframework.org/schema/cache/spring-cache-4.1.xsd=org/springframework/cache/config/spring-cache-4.1.xsd, http://www.springframework.org/schema/aop/spring-aop-4.0.xsd=org/springframework/aop/config/spring-aop-4.0.xsd, http://www.springframework.org/schema/jee/spring-jee-3.2.xsd=org/springframework/ejb/config/spring-jee-3.2.xsd, http://www.springframework.org/schema/context/spring-context-3.0.xsd=org/springframework/context/config/spring-context-3.0.xsd, http://www.springframework.org/schema/util/spring-util-2.5.xsd=org/springframework/beans/factory/xml/spring-util-2.5.xsd, http://www.springframework.org/schema/beans/spring-beans-3.2.xsd=org/springframework/beans/factory/xml/spring-beans-3.2.xsd, http://www.springframework.org/schema/aop/spring-aop-3.1.xsd=org/springframework/aop/config/spring-aop-3.1.xsd, http://www.springframework.org/schema/ldap/spring-ldap-2.0.xsd=org/springframework/ldap/config/spring-ldap-2.0.xsd, http://www.springframework.org/schema/lang/spring-lang-4.0.xsd=org/springframework/scripting/config/spring-lang-4.0.xsd, http://www.springframework.org/schema/beans/spring-beans-4.1.xsd=org/springframework/beans/factory/xml/spring-beans-4.1.xsd, http://www.springframework.org/schema/tool/spring-tool-4.0.xsd=org/springframework/beans/factory/xml/spring-tool-4.0.xsd, http://www.springframework.org/schema/tx/spring-tx-3.2.xsd=org/springframework/transaction/config/spring-tx-3.2.xsd, http://www.springframework.org/schema/lang/spring-lang-3.1.xsd=org/springframework/scripting/config/spring-lang-3.1.xsd, http://www.springframework.org/schema/cache/spring-cache-3.1.xsd=org/springframework/cache/config/spring-cache-3.1.xsd, http://www.springframework.org/schema/jee/spring-jee-4.0.xsd=org/springframework/ejb/config/spring-jee-4.0.xsd, http://www.springframework.org/schema/task/spring-task-4.1.xsd=org/springframework/scheduling/config/spring-task-4.1.xsd, http://www.springframework.org/schema/tool/spring-tool-3.1.xsd=org/springframework/beans/factory/xml/spring-tool-3.1.xsd, http://www.springframework.org/schema/tx/spring-tx-4.1.xsd=org/springframework/transaction/config/spring-tx-4.1.xsd, http://www.springframework.org/schema/cache/spring-cache-4.0.xsd=org/springframework/cache/config/spring-cache-4.0.xsd, http://www.springframework.org/schema/jee/spring-jee-3.1.xsd=org/springframework/ejb/config/spring-jee-3.1.xsd, http://www.springframework.org/schema/task/spring-task-3.2.xsd=org/springframework/scheduling/config/spring-task-3.2.xsd, http://www.springframework.org/schema/util/spring-util-4.2.xsd=org/springframework/beans/factory/xml/spring-util-4.2.xsd, http://www.springframework.org/schema/beans/spring-beans-3.1.xsd=org/springframework/beans/factory/xml/spring-beans-3.1.xsd, http://www.springframework.org/schema/util/spring-util.xsd=org/springframework/beans/factory/xml/spring-util-4.2.xsd, http://www.springframework.org/schema/aop/spring-aop-3.0.xsd=org/springframework/aop/config/spring-aop-3.0.xsd, http://www.springframework.org/schema/data/repository/spring-repository.xsd=org/springframework/data/repository/config/spring-repository-1.7.xsd, http://www.springframework.org/schema/data/repository/spring-repository-1.7.xsd=org/springframework/data/repository/config/spring-repository-1.7.xsd, http://www.springframework.org/schema/ldap/spring-ldap.xsd=org/springframework/ldap/config/spring-ldap-2.0.xsd, http://www.springframework.org/schema/beans/spring-beans-4.0.xsd=org/springframework/beans/factory/xml/spring-beans-4.0.xsd, http://www.springframework.org/schema/beans/spring-beans.xsd=org/springframework/beans/factory/xml/spring-beans-4.2.xsd, http://www.springframework.org/schema/tx/spring-tx-3.1.xsd=org/springframework/transaction/config/spring-tx-3.1.xsd, http://www.springframework.org/schema/lang/spring-lang-3.0.xsd=org/springframework/scripting/config/spring-lang-3.0.xsd, http://www.springframework.org/schema/context/spring-context-2.5.xsd=org/springframework/context/config/spring-context-2.5.xsd, http://www.springframework.org/schema/task/spring-task-4.0.xsd=org/springframework/scheduling/config/spring-task-4.0.xsd, http://www.springframework.org/schema/tool/spring-tool-3.0.xsd=org/springframework/beans/factory/xml/spring-tool-3.0.xsd, http://www.springframework.org/schema/tx/spring-tx-4.0.xsd=org/springframework/transaction/config/spring-tx-4.0.xsd, http://www.springframework.org/schema/aop/spring-aop-2.0.xsd=org/springframework/aop/config/spring-aop-2.0.xsd, http://www.springframework.org/schema/jee/spring-jee-3.0.xsd=org/springframework/ejb/config/spring-jee-3.0.xsd, http://www.springframework.org/schema/util/spring-util-4.1.xsd=org/springframework/beans/factory/xml/spring-util-4.1.xsd, http://www.springframework.org/schema/task/spring-task-3.1.xsd=org/springframework/scheduling/config/spring-task-3.1.xsd, http://www.springframework.org/schema/beans/spring-beans-3.0.xsd=org/springframework/beans/factory/xml/spring-beans-3.0.xsd, http://www.springframework.org/schema/jee/spring-jee.xsd=org/springframework/ejb/config/spring-jee-4.2.xsd, http://www.springframework.org/schema/aop/spring-aop-2.5.xsd=org/springframework/aop/config/spring-aop-2.5.xsd, http://www.springframework.org/schema/lang/spring-lang-2.0.xsd=org/springframework/scripting/config/spring-lang-2.0.xsd, http://www.springframework.org/schema/data/repository/spring-repository-1.6.xsd=org/springframework/data/repository/config/spring-repository-1.6.xsd, http://www.springframework.org/schema/util/spring-util-3.2.xsd=org/springframework/beans/factory/xml/spring-util-3.2.xsd, http://www.springframework.org/schema/task/spring-task.xsd=org/springframework/scheduling/config/spring-task-4.2.xsd, http://www.springframework.org/schema/tool/spring-tool-2.0.xsd=org/springframework/beans/factory/xml/spring-tool-2.0.xsd, http://www.springframework.org/schema/tx/spring-tx-3.0.xsd=org/springframework/transaction/config/spring-tx-3.0.xsd, http://www.springframework.org/schema/lang/spring-lang-2.5.xsd=org/springframework/scripting/config/spring-lang-2.5.xsd, http://www.springframework.org/schema/context/spring-context-4.2.xsd=org/springframework/context/config/spring-context-4.2.xsd, http://www.springframework.org/schema/jee/spring-jee-2.0.xsd=org/springframework/ejb/config/spring-jee-2.0.xsd, http://www.springframework.org/schema/tool/spring-tool-2.5.xsd=org/springframework/beans/factory/xml/spring-tool-2.5.xsd, http://www.springframework.org/schema/jee/spring-jee-2.5.xsd=org/springframework/ejb/config/spring-jee-2.5.xsd, http://www.springframework.org/schema/data/repository/spring-repository-1.0.xsd=org/springframework/data/repository/config/spring-repository-1.0.xsd, http://www.springframework.org/schema/util/spring-util-4.0.xsd=org/springframework/beans/factory/xml/spring-util-4.0.xsd, http://www.springframework.org/schema/task/spring-task-3.0.xsd=org/springframework/scheduling/config/spring-task-3.0.xsd, http://www.springframework.org/schema/aop/spring-aop-4.2.xsd=org/springframework/aop/config/spring-aop-4.2.xsd, http://www.springframework.org/schema/lang/spring-lang.xsd=org/springframework/scripting/config/spring-lang-4.2.xsd, http://www.springframework.org/schema/context/spring-context-3.2.xsd=org/springframework/context/config/spring-context-3.2.xsd, http://www.springframework.org/schema/data/repository/spring-repository-1.5.xsd=org/springframework/data/repository/config/spring-repository-1.5.xsd, http://www.springframework.org/schema/util/spring-util-3.1.xsd=org/springframework/beans/factory/xml/spring-util-3.1.xsd, http://www.springframework.org/schema/beans/spring-beans-2.0.xsd=org/springframework/beans/factory/xml/spring-beans-2.0.xsd, http://www.springframework.org/schema/cache/spring-cache.xsd=org/springframework/cache/config/spring-cache-4.2.xsd, http://www.springframework.org/schema/tx/spring-tx.xsd=org/springframework/transaction/config/spring-tx-4.2.xsd, http://www.springframework.org/schema/lang/spring-lang-4.2.xsd=org/springframework/scripting/config/spring-lang-4.2.xsd, http://www.springframework.org/schema/context/spring-context-4.1.xsd=org/springframework/context/config/spring-context-4.1.xsd, http://www.springframework.org/schema/beans/spring-beans-2.5.xsd=org/springframework/beans/factory/xml/spring-beans-2.5.xsd, http://www.springframework.org/schema/tool/spring-tool-4.2.xsd=org/springframework/beans/factory/xml/spring-tool-4.2.xsd, http://www.springframework.org/schema/tx/spring-tx-2.0.xsd=org/springframework/transaction/config/spring-tx-2.0.xsd, http://www.springframework.org/schema/jee/spring-jee-4.2.xsd=org/springframework/ejb/config/spring-jee-4.2.xsd, http://www.springframework.org/schema/aop/spring-aop.xsd=org/springframework/aop/config/spring-aop-4.2.xsd}
2016-02-03 20:28:54,616 DEBUG   main [org.springframework.beans.factory.xml.PluggableSchemaResolver] Found XML schema [http://www.springframework.org/schema/beans/spring-beans.xsd] in classpath: org/springframework/beans/factory/xml/spring-beans-4.2.xsd
2016-02-03 20:28:54,705 TRACE   main [org.springframework.beans.factory.xml.PluggableSchemaResolver] Trying to resolve XML entity with public id [null] and system id [http://www.springframework.org/schema/context/spring-context.xsd]
2016-02-03 20:28:54,710 DEBUG   main [org.springframework.beans.factory.xml.PluggableSchemaResolver] Found XML schema [http://www.springframework.org/schema/context/spring-context.xsd] in classpath: org/springframework/context/config/spring-context-4.2.xsd
2016-02-03 20:28:54,722 TRACE   main [org.springframework.beans.factory.xml.PluggableSchemaResolver] Trying to resolve XML entity with public id [null] and system id [http://www.springframework.org/schema/tool/spring-tool-4.2.xsd]
2016-02-03 20:28:54,725 DEBUG   main [org.springframework.beans.factory.xml.PluggableSchemaResolver] Found XML schema [http://www.springframework.org/schema/tool/spring-tool-4.2.xsd] in classpath: org/springframework/beans/factory/xml/spring-tool-4.2.xsd
2016-02-03 20:28:54,735 TRACE   main [org.springframework.beans.factory.xml.PluggableSchemaResolver] Trying to resolve XML entity with public id [null] and system id [http://www.springframework.org/schema/ldap/spring-ldap.xsd]
2016-02-03 20:28:54,735 DEBUG   main [org.springframework.beans.factory.xml.PluggableSchemaResolver] Found XML schema [http://www.springframework.org/schema/ldap/spring-ldap.xsd] in classpath: org/springframework/ldap/config/spring-ldap-2.0.xsd
2016-02-03 20:28:54,752 TRACE   main [org.springframework.beans.factory.xml.PluggableSchemaResolver] Trying to resolve XML entity with public id [null] and system id [http://www.springframework.org/schema/data/repository/spring-repository.xsd]
2016-02-03 20:28:54,753 DEBUG   main [org.springframework.beans.factory.xml.PluggableSchemaResolver] Found XML schema [http://www.springframework.org/schema/data/repository/spring-repository.xsd] in classpath: org/springframework/data/repository/config/spring-repository-1.7.xsd
2016-02-03 20:28:54,799 DEBUG   main [org.springframework.beans.factory.xml.DefaultBeanDefinitionDocumentReader] Loading bean definitions
2016-02-03 20:28:54,813 DEBUG   main [org.springframework.beans.factory.xml.DefaultNamespaceHandlerResolver] Loaded NamespaceHandler mappings: {http://www.springframework.org/schema/p=org.springframework.beans.factory.xml.SimplePropertyNamespaceHandler, http://www.springframework.org/schema/util=org.springframework.beans.factory.xml.UtilNamespaceHandler, http://www.springframework.org/schema/jee=org.springframework.ejb.config.JeeNamespaceHandler, http://www.springframework.org/schema/aop=org.springframework.aop.config.AopNamespaceHandler, http://www.springframework.org/schema/data/repository=org.springframework.data.repository.config.RepositoryNameSpaceHandler, http://www.springframework.org/schema/cache=org.springframework.cache.config.CacheNamespaceHandler, http://www.springframework.org/schema/c=org.springframework.beans.factory.xml.SimpleConstructorNamespaceHandler, http://www.springframework.org/schema/ldap=org.springframework.ldap.config.LdapNamespaceHandler, http://www.springframework.org/schema/tx=org.springframework.transaction.config.TxNamespaceHandler, http://www.springframework.org/schema/task=org.springframework.scheduling.config.TaskNamespaceHandler, http://www.springframework.org/schema/lang=org.springframework.scripting.config.LangNamespaceHandler, http://www.springframework.org/schema/context=org.springframework.context.config.ContextNamespaceHandler}
2016-02-03 20:28:54,837 DEBUG   main [org.springframework.core.env.StandardEnvironment] Adding [systemProperties] PropertySource with lowest search precedence
2016-02-03 20:28:54,837 DEBUG   main [org.springframework.core.env.StandardEnvironment] Adding [systemEnvironment] PropertySource with lowest search precedence
2016-02-03 20:28:54,837 DEBUG   main [org.springframework.core.env.StandardEnvironment] Initialized StandardEnvironment with PropertySources [systemProperties,systemEnvironment]
2016-02-03 20:28:54,855 DEBUG   main [org.springframework.core.io.support.PathMatchingResourcePatternResolver] Looking for matching resources in directory tree [C:\Eclipse\workspace\spring-ldap-example\bin\ldap\advance\example]
2016-02-03 20:28:54,855 DEBUG   main [org.springframework.core.io.support.PathMatchingResourcePatternResolver] Searching directory [C:\Eclipse\workspace\spring-ldap-example\bin\ldap\advance\example] for files matching pattern [C:/Eclipse/workspace/spring-ldap-example/bin/ldap/advance/example/**/*.class]
2016-02-03 20:28:54,858 DEBUG   main [org.springframework.core.io.support.PathMatchingResourcePatternResolver] Searching directory [C:\Eclipse\workspace\spring-ldap-example\bin\ldap\advance\example\test] for files matching pattern [C:/Eclipse/workspace/spring-ldap-example/bin/ldap/advance/example/**/*.class]
2016-02-03 20:28:54,861 DEBUG   main [org.springframework.core.io.support.PathMatchingResourcePatternResolver] Resolved location pattern [classpath*:ldap/advance/example/**/*.class] to resources [file [C:\Eclipse\workspace\spring-ldap-example\bin\ldap\advance\example\test\LdapApp.class], file [C:\Eclipse\workspace\spring-ldap-example\bin\ldap\advance\example\User.class], file [C:\Eclipse\workspace\spring-ldap-example\bin\ldap\advance\example\UserRepositoryImpl$MultipleAttributesMapper.class], file [C:\Eclipse\workspace\spring-ldap-example\bin\ldap\advance\example\UserRepositoryImpl$SingleAttributesMapper.class], file [C:\Eclipse\workspace\spring-ldap-example\bin\ldap\advance\example\UserRepositoryImpl$UserAttributesMapper.class], file [C:\Eclipse\workspace\spring-ldap-example\bin\ldap\advance\example\UserRepositoryImpl.class], file [C:\Eclipse\workspace\spring-ldap-example\bin\ldap\advance\example\UserRepositoryIntf.class]]
2016-02-03 20:28:54,861 TRACE   main [org.springframework.context.annotation.ClassPathBeanDefinitionScanner] Scanning file [C:\Eclipse\workspace\spring-ldap-example\bin\ldap\advance\example\test\LdapApp.class]
2016-02-03 20:28:54,887 TRACE   main [org.springframework.context.annotation.ClassPathBeanDefinitionScanner] Ignored because not matching any filter: file [C:\Eclipse\workspace\spring-ldap-example\bin\ldap\advance\example\test\LdapApp.class]
2016-02-03 20:28:54,887 TRACE   main [org.springframework.context.annotation.ClassPathBeanDefinitionScanner] Scanning file [C:\Eclipse\workspace\spring-ldap-example\bin\ldap\advance\example\User.class]
2016-02-03 20:28:54,887 TRACE   main [org.springframework.context.annotation.ClassPathBeanDefinitionScanner] Ignored because not matching any filter: file [C:\Eclipse\workspace\spring-ldap-example\bin\ldap\advance\example\User.class]
2016-02-03 20:28:54,888 TRACE   main [org.springframework.context.annotation.ClassPathBeanDefinitionScanner] Scanning file [C:\Eclipse\workspace\spring-ldap-example\bin\ldap\advance\example\UserRepositoryImpl$MultipleAttributesMapper.class]
2016-02-03 20:28:54,888 TRACE   main [org.springframework.context.annotation.ClassPathBeanDefinitionScanner] Ignored because not matching any filter: file [C:\Eclipse\workspace\spring-ldap-example\bin\ldap\advance\example\UserRepositoryImpl$MultipleAttributesMapper.class]
2016-02-03 20:28:54,888 TRACE   main [org.springframework.context.annotation.ClassPathBeanDefinitionScanner] Scanning file [C:\Eclipse\workspace\spring-ldap-example\bin\ldap\advance\example\UserRepositoryImpl$SingleAttributesMapper.class]
2016-02-03 20:28:54,889 TRACE   main [org.springframework.context.annotation.ClassPathBeanDefinitionScanner] Ignored because not matching any filter: file [C:\Eclipse\workspace\spring-ldap-example\bin\ldap\advance\example\UserRepositoryImpl$SingleAttributesMapper.class]
2016-02-03 20:28:54,889 TRACE   main [org.springframework.context.annotation.ClassPathBeanDefinitionScanner] Scanning file [C:\Eclipse\workspace\spring-ldap-example\bin\ldap\advance\example\UserRepositoryImpl$UserAttributesMapper.class]
2016-02-03 20:28:54,889 TRACE   main [org.springframework.context.annotation.ClassPathBeanDefinitionScanner] Ignored because not matching any filter: file [C:\Eclipse\workspace\spring-ldap-example\bin\ldap\advance\example\UserRepositoryImpl$UserAttributesMapper.class]
2016-02-03 20:28:54,889 TRACE   main [org.springframework.context.annotation.ClassPathBeanDefinitionScanner] Scanning file [C:\Eclipse\workspace\spring-ldap-example\bin\ldap\advance\example\UserRepositoryImpl.class]
2016-02-03 20:28:54,906 DEBUG   main [org.springframework.context.annotation.ClassPathBeanDefinitionScanner] Identified candidate component class: file [C:\Eclipse\workspace\spring-ldap-example\bin\ldap\advance\example\UserRepositoryImpl.class]
2016-02-03 20:28:54,906 TRACE   main [org.springframework.context.annotation.ClassPathBeanDefinitionScanner] Scanning file [C:\Eclipse\workspace\spring-ldap-example\bin\ldap\advance\example\UserRepositoryIntf.class]
2016-02-03 20:28:54,909 TRACE   main [org.springframework.context.annotation.ClassPathBeanDefinitionScanner] Ignored because not matching any filter: file [C:\Eclipse\workspace\spring-ldap-example\bin\ldap\advance\example\UserRepositoryIntf.class]
2016-02-03 20:28:54,993 DEBUG   main [org.springframework.beans.factory.xml.XmlBeanDefinitionReader] Loaded 9 bean definitions from location pattern [spring-ldap-example.xml]
2016-02-03 20:28:54,993 DEBUG   main [org.springframework.context.support.ClassPathXmlApplicationContext] Bean factory for org.springframework.context.support.ClassPathXmlApplicationContext@6ed6ee82: org.springframework.beans.factory.support.DefaultListableBeanFactory@40a49a3: defining beans [userRepositoryImpl,org.springframework.context.annotation.internalConfigurationAnnotationProcessor,org.springframework.context.annotation.internalAutowiredAnnotationProcessor,org.springframework.context.annotation.internalRequiredAnnotationProcessor,org.springframework.context.annotation.internalCommonAnnotationProcessor,simpleDirContextAuthenticationStrategy,userReposImpl,contextSource,ldapTemplate]; root of factory hierarchy
2016-02-03 20:28:55,054 DEBUG   main [org.springframework.beans.factory.support.DefaultListableBeanFactory] Creating shared instance of singleton bean 'org.springframework.context.annotation.internalConfigurationAnnotationProcessor'
2016-02-03 20:28:55,054 DEBUG   main [org.springframework.beans.factory.support.DefaultListableBeanFactory] Creating instance of bean 'org.springframework.context.annotation.internalConfigurationAnnotationProcessor'
2016-02-03 20:28:55,074 DEBUG   main [org.springframework.beans.factory.support.DefaultListableBeanFactory] Eagerly caching bean 'org.springframework.context.annotation.internalConfigurationAnnotationProcessor' to allow for resolving potential circular references
2016-02-03 20:28:55,078 DEBUG   main [org.springframework.beans.factory.support.DefaultListableBeanFactory] Finished creating instance of bean 'org.springframework.context.annotation.internalConfigurationAnnotationProcessor'
2016-02-03 20:28:55,150 DEBUG   main [org.springframework.beans.factory.support.DefaultListableBeanFactory] Creating shared instance of singleton bean 'org.springframework.context.annotation.internalAutowiredAnnotationProcessor'
2016-02-03 20:28:55,150 DEBUG   main [org.springframework.beans.factory.support.DefaultListableBeanFactory] Creating instance of bean 'org.springframework.context.annotation.internalAutowiredAnnotationProcessor'
2016-02-03 20:28:55,152 DEBUG   main [org.springframework.beans.factory.support.DefaultListableBeanFactory] Eagerly caching bean 'org.springframework.context.annotation.internalAutowiredAnnotationProcessor' to allow for resolving potential circular references
2016-02-03 20:28:55,155 DEBUG   main [org.springframework.beans.factory.support.DefaultListableBeanFactory] Finished creating instance of bean 'org.springframework.context.annotation.internalAutowiredAnnotationProcessor'
2016-02-03 20:28:55,155 DEBUG   main [org.springframework.beans.factory.support.DefaultListableBeanFactory] Creating shared instance of singleton bean 'org.springframework.context.annotation.internalRequiredAnnotationProcessor'
2016-02-03 20:28:55,155 DEBUG   main [org.springframework.beans.factory.support.DefaultListableBeanFactory] Creating instance of bean 'org.springframework.context.annotation.internalRequiredAnnotationProcessor'
2016-02-03 20:28:55,161 DEBUG   main [org.springframework.beans.factory.support.DefaultListableBeanFactory] Eagerly caching bean 'org.springframework.context.annotation.internalRequiredAnnotationProcessor' to allow for resolving potential circular references
2016-02-03 20:28:55,162 DEBUG   main [org.springframework.beans.factory.support.DefaultListableBeanFactory] Finished creating instance of bean 'org.springframework.context.annotation.internalRequiredAnnotationProcessor'
2016-02-03 20:28:55,162 DEBUG   main [org.springframework.beans.factory.support.DefaultListableBeanFactory] Creating shared instance of singleton bean 'org.springframework.context.annotation.internalCommonAnnotationProcessor'
2016-02-03 20:28:55,162 DEBUG   main [org.springframework.beans.factory.support.DefaultListableBeanFactory] Creating instance of bean 'org.springframework.context.annotation.internalCommonAnnotationProcessor'
2016-02-03 20:28:55,169 DEBUG   main [org.springframework.beans.factory.support.DefaultListableBeanFactory] Eagerly caching bean 'org.springframework.context.annotation.internalCommonAnnotationProcessor' to allow for resolving potential circular references
2016-02-03 20:28:55,169 DEBUG   main [org.springframework.beans.factory.support.DefaultListableBeanFactory] Finished creating instance of bean 'org.springframework.context.annotation.internalCommonAnnotationProcessor'
2016-02-03 20:28:55,170 DEBUG   main [org.springframework.beans.factory.support.DefaultListableBeanFactory] Creating shared instance of singleton bean 'org.springframework.context.annotation.ConfigurationClassPostProcessor.importAwareProcessor'
2016-02-03 20:28:55,170 DEBUG   main [org.springframework.beans.factory.support.DefaultListableBeanFactory] Creating instance of bean 'org.springframework.context.annotation.ConfigurationClassPostProcessor.importAwareProcessor'
2016-02-03 20:28:55,171 DEBUG   main [org.springframework.beans.factory.support.DefaultListableBeanFactory] Eagerly caching bean 'org.springframework.context.annotation.ConfigurationClassPostProcessor.importAwareProcessor' to allow for resolving potential circular references
2016-02-03 20:28:55,171 DEBUG   main [org.springframework.beans.factory.support.DefaultListableBeanFactory] Finished creating instance of bean 'org.springframework.context.annotation.ConfigurationClassPostProcessor.importAwareProcessor'
2016-02-03 20:28:55,171 DEBUG   main [org.springframework.beans.factory.support.DefaultListableBeanFactory] Creating shared instance of singleton bean 'org.springframework.context.annotation.ConfigurationClassPostProcessor.enhancedConfigurationProcessor'
2016-02-03 20:28:55,171 DEBUG   main [org.springframework.beans.factory.support.DefaultListableBeanFactory] Creating instance of bean 'org.springframework.context.annotation.ConfigurationClassPostProcessor.enhancedConfigurationProcessor'
2016-02-03 20:28:55,172 DEBUG   main [org.springframework.beans.factory.support.DefaultListableBeanFactory] Eagerly caching bean 'org.springframework.context.annotation.ConfigurationClassPostProcessor.enhancedConfigurationProcessor' to allow for resolving potential circular references
2016-02-03 20:28:55,172 DEBUG   main [org.springframework.beans.factory.support.DefaultListableBeanFactory] Finished creating instance of bean 'org.springframework.context.annotation.ConfigurationClassPostProcessor.enhancedConfigurationProcessor'
2016-02-03 20:28:55,178 DEBUG   main [org.springframework.context.support.ClassPathXmlApplicationContext] Unable to locate MessageSource with name 'messageSource': using default [org.springframework.context.support.DelegatingMessageSource@5fc0bc26]
2016-02-03 20:28:55,181 DEBUG   main [org.springframework.context.support.ClassPathXmlApplicationContext] Unable to locate ApplicationEventMulticaster with name 'applicationEventMulticaster': using default [org.springframework.context.event.SimpleApplicationEventMulticaster@76f9d876]
2016-02-03 20:28:55,185 DEBUG   main [org.springframework.beans.factory.support.DefaultListableBeanFactory] Pre-instantiating singletons in org.springframework.beans.factory.support.DefaultListableBeanFactory@40a49a3: defining beans [userRepositoryImpl,org.springframework.context.annotation.internalConfigurationAnnotationProcessor,org.springframework.context.annotation.internalAutowiredAnnotationProcessor,org.springframework.context.annotation.internalRequiredAnnotationProcessor,org.springframework.context.annotation.internalCommonAnnotationProcessor,simpleDirContextAuthenticationStrategy,userReposImpl,contextSource,ldapTemplate,org.springframework.context.annotation.ConfigurationClassPostProcessor.importAwareProcessor,org.springframework.context.annotation.ConfigurationClassPostProcessor.enhancedConfigurationProcessor]; root of factory hierarchy
2016-02-03 20:28:55,185 DEBUG   main [org.springframework.beans.factory.support.DefaultListableBeanFactory] Creating shared instance of singleton bean 'userRepositoryImpl'
2016-02-03 20:28:55,186 DEBUG   main [org.springframework.beans.factory.support.DefaultListableBeanFactory] Creating instance of bean 'userRepositoryImpl'
2016-02-03 20:28:55,217 DEBUG   main [org.springframework.beans.factory.annotation.InjectionMetadata] Registered injected element on class [ldap.advance.example.UserRepositoryImpl]: AutowiredFieldElement for private org.springframework.ldap.core.LdapTemplate ldap.advance.example.UserRepositoryImpl.ldapTemplate
2016-02-03 20:28:55,218 DEBUG   main [org.springframework.beans.factory.support.DefaultListableBeanFactory] Eagerly caching bean 'userRepositoryImpl' to allow for resolving potential circular references
2016-02-03 20:28:55,223 TRACE   main [org.springframework.core.io.support.SpringFactoriesLoader] Loaded [org.springframework.beans.BeanInfoFactory] names: [org.springframework.beans.ExtendedBeanInfoFactory]
2016-02-03 20:28:55,225 TRACE   main [org.springframework.beans.CachedIntrospectionResults] Getting BeanInfo for class [ldap.advance.example.UserRepositoryImpl]
2016-02-03 20:28:55,232 TRACE   main [org.springframework.beans.CachedIntrospectionResults] Caching PropertyDescriptors for class [ldap.advance.example.UserRepositoryImpl]
2016-02-03 20:28:55,232 TRACE   main [org.springframework.beans.CachedIntrospectionResults] Found bean property 'allUserNames' of type [java.util.List]
2016-02-03 20:28:55,236 TRACE   main [org.springframework.beans.CachedIntrospectionResults] Found bean property 'allUsers' of type [java.util.List]
2016-02-03 20:28:55,236 TRACE   main [org.springframework.beans.CachedIntrospectionResults] Found bean property 'class' of type [java.lang.Class]
2016-02-03 20:28:55,248 DEBUG   main [org.springframework.beans.factory.annotation.InjectionMetadata] Processing injected element of bean 'userRepositoryImpl': AutowiredFieldElement for private org.springframework.ldap.core.LdapTemplate ldap.advance.example.UserRepositoryImpl.ldapTemplate
2016-02-03 20:28:55,267 DEBUG   main [org.springframework.beans.factory.support.DefaultListableBeanFactory] Creating shared instance of singleton bean 'ldapTemplate'
2016-02-03 20:28:55,267 DEBUG   main [org.springframework.beans.factory.support.DefaultListableBeanFactory] Creating instance of bean 'ldapTemplate'
2016-02-03 20:28:55,293 DEBUG   main [org.springframework.beans.factory.support.DefaultListableBeanFactory] Eagerly caching bean 'ldapTemplate' to allow for resolving potential circular references
2016-02-03 20:28:55,293 TRACE   main [org.springframework.beans.CachedIntrospectionResults] Getting BeanInfo for class [org.springframework.ldap.core.LdapTemplate]
2016-02-03 20:28:55,313 TRACE   main [org.springframework.beans.CachedIntrospectionResults] Caching PropertyDescriptors for class [org.springframework.ldap.core.LdapTemplate]
2016-02-03 20:28:55,313 TRACE   main [org.springframework.beans.CachedIntrospectionResults] Found bean property 'class' of type [java.lang.Class]
2016-02-03 20:28:55,314 TRACE   main [org.springframework.beans.CachedIntrospectionResults] Found bean property 'contextSource' of type [org.springframework.ldap.core.ContextSource]
2016-02-03 20:28:55,314 TRACE   main [org.springframework.beans.CachedIntrospectionResults] Found bean property 'defaultCountLimit' of type [int]
2016-02-03 20:28:55,314 TRACE   main [org.springframework.beans.CachedIntrospectionResults] Found bean property 'defaultSearchScope' of type [int]
2016-02-03 20:28:55,315 TRACE   main [org.springframework.beans.CachedIntrospectionResults] Found bean property 'defaultTimeLimit' of type [int]
2016-02-03 20:28:55,316 TRACE   main [org.springframework.beans.CachedIntrospectionResults] Found bean property 'ignoreNameNotFoundException' of type [boolean]
2016-02-03 20:28:55,317 TRACE   main [org.springframework.beans.CachedIntrospectionResults] Found bean property 'ignorePartialResultException' of type [boolean]
2016-02-03 20:28:55,317 TRACE   main [org.springframework.beans.CachedIntrospectionResults] Found bean property 'ignoreSizeLimitExceededException' of type [boolean]
2016-02-03 20:28:55,317 TRACE   main [org.springframework.beans.CachedIntrospectionResults] Found bean property 'objectDirectoryMapper' of type [org.springframework.ldap.odm.core.ObjectDirectoryMapper]
2016-02-03 20:28:55,321 DEBUG   main [org.springframework.beans.factory.support.DefaultListableBeanFactory] Creating shared instance of singleton bean 'contextSource'
2016-02-03 20:28:55,321 DEBUG   main [org.springframework.beans.factory.support.DefaultListableBeanFactory] Creating instance of bean 'contextSource'
2016-02-03 20:28:55,329 DEBUG   main [org.springframework.beans.factory.support.DefaultListableBeanFactory] Creating instance of bean '(inner bean)#5717e2b2'
2016-02-03 20:28:55,370 TRACE   main [org.springframework.beans.CachedIntrospectionResults] Getting BeanInfo for class [org.springframework.ldap.core.support.LdapContextSource]
2016-02-03 20:28:55,382 TRACE   main [org.springframework.beans.CachedIntrospectionResults] Caching PropertyDescriptors for class [org.springframework.ldap.core.support.LdapContextSource]
2016-02-03 20:28:55,382 TRACE   main [org.springframework.beans.CachedIntrospectionResults] Found bean property 'anonymousReadOnly' of type [boolean]
2016-02-03 20:28:55,382 TRACE   main [org.springframework.beans.CachedIntrospectionResults] Found bean property 'authenticationSource' of type [org.springframework.ldap.core.AuthenticationSource]
2016-02-03 20:28:55,382 TRACE   main [org.springframework.beans.CachedIntrospectionResults] Found bean property 'authenticationStrategy' of type [org.springframework.ldap.core.support.DirContextAuthenticationStrategy]
2016-02-03 20:28:55,382 TRACE   main [org.springframework.beans.CachedIntrospectionResults] Found bean property 'base' of type [java.lang.String]
2016-02-03 20:28:55,383 TRACE   main [org.springframework.beans.CachedIntrospectionResults] Found bean property 'baseEnvironmentProperties' of type [java.util.Map]
2016-02-03 20:28:55,383 TRACE   main [org.springframework.beans.CachedIntrospectionResults] Found bean property 'baseLdapName' of type [javax.naming.ldap.LdapName]
2016-02-03 20:28:55,383 TRACE   main [org.springframework.beans.CachedIntrospectionResults] Found bean property 'baseLdapPath' of type [org.springframework.ldap.core.DistinguishedName]
2016-02-03 20:28:55,383 TRACE   main [org.springframework.beans.CachedIntrospectionResults] Found bean property 'baseLdapPathAsString' of type [java.lang.String]
2016-02-03 20:28:55,383 TRACE   main [org.springframework.beans.CachedIntrospectionResults] Found bean property 'cacheEnvironmentProperties' of type [boolean]
2016-02-03 20:28:55,384 TRACE   main [org.springframework.beans.CachedIntrospectionResults] Found bean property 'class' of type [java.lang.Class]
2016-02-03 20:28:55,384 TRACE   main [org.springframework.beans.CachedIntrospectionResults] Found bean property 'contextFactory' of type [java.lang.Class]
2016-02-03 20:28:55,384 TRACE   main [org.springframework.beans.CachedIntrospectionResults] Found bean property 'dirObjectFactory' of type [java.lang.Class]
2016-02-03 20:28:55,384 TRACE   main [org.springframework.beans.CachedIntrospectionResults] Found bean property 'password' of type [java.lang.String]
2016-02-03 20:28:55,384 TRACE   main [org.springframework.beans.CachedIntrospectionResults] Found bean property 'pooled' of type [boolean]
2016-02-03 20:28:55,384 TRACE   main [org.springframework.beans.CachedIntrospectionResults] Found bean property 'readOnlyContext' of type [javax.naming.directory.DirContext]
2016-02-03 20:28:55,385 TRACE   main [org.springframework.beans.CachedIntrospectionResults] Found bean property 'readWriteContext' of type [javax.naming.directory.DirContext]
2016-02-03 20:28:55,385 TRACE   main [org.springframework.beans.CachedIntrospectionResults] Found bean property 'referral' of type [java.lang.String]
2016-02-03 20:28:55,385 TRACE   main [org.springframework.beans.CachedIntrospectionResults] Found bean property 'url' of type [java.lang.String]
2016-02-03 20:28:55,385 TRACE   main [org.springframework.beans.CachedIntrospectionResults] Found bean property 'urls' of type [[Ljava.lang.String;]
2016-02-03 20:28:55,385 TRACE   main [org.springframework.beans.CachedIntrospectionResults] Found bean property 'userDn' of type [java.lang.String]
2016-02-03 20:28:55,393 DEBUG   main [org.springframework.beans.factory.support.DefaultListableBeanFactory] Creating instance of bean '(inner bean)#5f1c0ef'
2016-02-03 20:28:55,399 TRACE   main [org.springframework.beans.CachedIntrospectionResults] Getting BeanInfo for class [[Ljava.lang.String;]
2016-02-03 20:28:55,400 TRACE   main [org.springframework.beans.CachedIntrospectionResults] Caching PropertyDescriptors for class [[Ljava.lang.String;]
2016-02-03 20:28:55,400 TRACE   main [org.springframework.beans.CachedIntrospectionResults] Found bean property 'class' of type [java.lang.Class]
2016-02-03 20:28:55,401 DEBUG   main [org.springframework.beans.factory.support.DefaultListableBeanFactory] Finished creating instance of bean '(inner bean)#5f1c0ef'
2016-02-03 20:28:55,401 DEBUG   main [org.springframework.beans.factory.support.DefaultListableBeanFactory] Creating shared instance of singleton bean 'simpleDirContextAuthenticationStrategy'
2016-02-03 20:28:55,401 DEBUG   main [org.springframework.beans.factory.support.DefaultListableBeanFactory] Creating instance of bean 'simpleDirContextAuthenticationStrategy'
2016-02-03 20:28:55,402 DEBUG   main [org.springframework.beans.factory.support.DefaultListableBeanFactory] Eagerly caching bean 'simpleDirContextAuthenticationStrategy' to allow for resolving potential circular references
2016-02-03 20:28:55,402 TRACE   main [org.springframework.beans.CachedIntrospectionResults] Getting BeanInfo for class [org.springframework.ldap.core.support.SimpleDirContextAuthenticationStrategy]
2016-02-03 20:28:55,403 TRACE   main [org.springframework.beans.CachedIntrospectionResults] Caching PropertyDescriptors for class [org.springframework.ldap.core.support.SimpleDirContextAuthenticationStrategy]
2016-02-03 20:28:55,403 TRACE   main [org.springframework.beans.CachedIntrospectionResults] Found bean property 'class' of type [java.lang.Class]
2016-02-03 20:28:55,403 DEBUG   main [org.springframework.beans.factory.support.DefaultListableBeanFactory] Finished creating instance of bean 'simpleDirContextAuthenticationStrategy'
2016-02-03 20:28:55,405 DEBUG   main [org.springframework.beans.factory.support.DefaultListableBeanFactory] Invoking afterPropertiesSet() on bean with name '(inner bean)#5717e2b2'
2016-02-03 20:28:55,412 DEBUG   main [org.springframework.beans.factory.support.DefaultListableBeanFactory] Finished creating instance of bean '(inner bean)#5717e2b2'
2016-02-03 20:28:55,415 DEBUG   main [org.springframework.beans.factory.support.DefaultListableBeanFactory] Eagerly caching bean 'contextSource' to allow for resolving potential circular references
2016-02-03 20:28:55,415 TRACE   main [org.springframework.beans.CachedIntrospectionResults] Getting BeanInfo for class [org.springframework.ldap.transaction.compensating.manager.TransactionAwareContextSourceProxy]
2016-02-03 20:28:55,418 TRACE   main [org.springframework.beans.CachedIntrospectionResults] Caching PropertyDescriptors for class [org.springframework.ldap.transaction.compensating.manager.TransactionAwareContextSourceProxy]
2016-02-03 20:28:55,418 TRACE   main [org.springframework.beans.CachedIntrospectionResults] Found bean property 'baseLdapName' of type [javax.naming.ldap.LdapName]
2016-02-03 20:28:55,418 TRACE   main [org.springframework.beans.CachedIntrospectionResults] Found bean property 'baseLdapPath' of type [org.springframework.ldap.core.DistinguishedName]
2016-02-03 20:28:55,418 TRACE   main [org.springframework.beans.CachedIntrospectionResults] Found bean property 'baseLdapPathAsString' of type [java.lang.String]
2016-02-03 20:28:55,419 TRACE   main [org.springframework.beans.CachedIntrospectionResults] Found bean property 'class' of type [java.lang.Class]
2016-02-03 20:28:55,419 TRACE   main [org.springframework.beans.CachedIntrospectionResults] Found bean property 'readOnlyContext' of type [javax.naming.directory.DirContext]
2016-02-03 20:28:55,419 TRACE   main [org.springframework.beans.CachedIntrospectionResults] Found bean property 'readWriteContext' of type [javax.naming.directory.DirContext]
2016-02-03 20:28:55,419 TRACE   main [org.springframework.beans.CachedIntrospectionResults] Found bean property 'target' of type [org.springframework.ldap.core.ContextSource]
2016-02-03 20:28:55,419 DEBUG   main [org.springframework.beans.factory.support.DefaultListableBeanFactory] Finished creating instance of bean 'contextSource'
2016-02-03 20:28:55,422 DEBUG   main [org.springframework.beans.factory.support.DefaultListableBeanFactory] Invoking afterPropertiesSet() on bean with name 'ldapTemplate'
2016-02-03 20:28:55,422 DEBUG   main [org.springframework.beans.factory.support.DefaultListableBeanFactory] Finished creating instance of bean 'ldapTemplate'
2016-02-03 20:28:55,422 DEBUG   main [org.springframework.beans.factory.annotation.AutowiredAnnotationBeanPostProcessor] Autowiring by type from bean name 'userRepositoryImpl' to bean named 'ldapTemplate'
2016-02-03 20:28:55,426 DEBUG   main [org.springframework.beans.factory.support.DefaultListableBeanFactory] Finished creating instance of bean 'userRepositoryImpl'
2016-02-03 20:28:55,427 DEBUG   main [org.springframework.beans.factory.support.DefaultListableBeanFactory] Returning cached instance of singleton bean 'org.springframework.context.annotation.internalConfigurationAnnotationProcessor'
2016-02-03 20:28:55,428 DEBUG   main [org.springframework.beans.factory.support.DefaultListableBeanFactory] Returning cached instance of singleton bean 'org.springframework.context.annotation.internalAutowiredAnnotationProcessor'
2016-02-03 20:28:55,428 DEBUG   main [org.springframework.beans.factory.support.DefaultListableBeanFactory] Returning cached instance of singleton bean 'org.springframework.context.annotation.internalRequiredAnnotationProcessor'
2016-02-03 20:28:55,429 DEBUG   main [org.springframework.beans.factory.support.DefaultListableBeanFactory] Returning cached instance of singleton bean 'org.springframework.context.annotation.internalCommonAnnotationProcessor'
2016-02-03 20:28:55,429 DEBUG   main [org.springframework.beans.factory.support.DefaultListableBeanFactory] Returning cached instance of singleton bean 'simpleDirContextAuthenticationStrategy'
2016-02-03 20:28:55,430 DEBUG   main [org.springframework.beans.factory.support.DefaultListableBeanFactory] Creating shared instance of singleton bean 'userReposImpl'
2016-02-03 20:28:55,430 DEBUG   main [org.springframework.beans.factory.support.DefaultListableBeanFactory] Creating instance of bean 'userReposImpl'
2016-02-03 20:28:55,431 DEBUG   main [org.springframework.beans.factory.annotation.InjectionMetadata] Registered injected element on class [ldap.advance.example.UserRepositoryImpl]: AutowiredFieldElement for private org.springframework.ldap.core.LdapTemplate ldap.advance.example.UserRepositoryImpl.ldapTemplate
2016-02-03 20:28:55,432 DEBUG   main [org.springframework.beans.factory.support.DefaultListableBeanFactory] Eagerly caching bean 'userReposImpl' to allow for resolving potential circular references
2016-02-03 20:28:55,432 DEBUG   main [org.springframework.beans.factory.annotation.InjectionMetadata] Processing injected element of bean 'userReposImpl': AutowiredFieldElement for private org.springframework.ldap.core.LdapTemplate ldap.advance.example.UserRepositoryImpl.ldapTemplate
2016-02-03 20:28:55,433 DEBUG   main [org.springframework.beans.factory.support.DefaultListableBeanFactory] Returning cached instance of singleton bean 'ldapTemplate'
2016-02-03 20:28:55,434 DEBUG   main [org.springframework.beans.factory.annotation.AutowiredAnnotationBeanPostProcessor] Autowiring by type from bean name 'userReposImpl' to bean named 'ldapTemplate'
2016-02-03 20:28:55,434 DEBUG   main [org.springframework.beans.factory.support.DefaultListableBeanFactory] Finished creating instance of bean 'userReposImpl'
2016-02-03 20:28:55,434 DEBUG   main [org.springframework.beans.factory.support.DefaultListableBeanFactory] Returning cached instance of singleton bean 'contextSource'
2016-02-03 20:28:55,434 DEBUG   main [org.springframework.beans.factory.support.DefaultListableBeanFactory] Returning cached instance of singleton bean 'ldapTemplate'
2016-02-03 20:28:55,434 DEBUG   main [org.springframework.beans.factory.support.DefaultListableBeanFactory] Returning cached instance of singleton bean 'org.springframework.context.annotation.ConfigurationClassPostProcessor.importAwareProcessor'
2016-02-03 20:28:55,434 DEBUG   main [org.springframework.beans.factory.support.DefaultListableBeanFactory] Returning cached instance of singleton bean 'org.springframework.context.annotation.ConfigurationClassPostProcessor.enhancedConfigurationProcessor'
2016-02-03 20:28:55,436 DEBUG   main [org.springframework.context.support.ClassPathXmlApplicationContext] Unable to locate LifecycleProcessor with name 'lifecycleProcessor': using default [org.springframework.context.support.DefaultLifecycleProcessor@14f94672]
2016-02-03 20:28:55,436 DEBUG   main [org.springframework.beans.factory.support.DefaultListableBeanFactory] Returning cached instance of singleton bean 'lifecycleProcessor'
2016-02-03 20:28:55,436 TRACE   main [org.springframework.context.support.ClassPathXmlApplicationContext] Publishing event in org.springframework.context.support.ClassPathXmlApplicationContext@6ed6ee82: org.springframework.context.event.ContextRefreshedEvent[source=org.springframework.context.support.ClassPathXmlApplicationContext@6ed6ee82: startup date [Wed Feb 03 20:28:54 EST 2016]; root of context hierarchy]
2016-02-03 20:28:55,442 TRACE   main [org.springframework.core.env.PropertySourcesPropertyResolver] getProperty("spring.liveBeansView.mbeanDomain", String)
2016-02-03 20:28:55,443 DEBUG   main [org.springframework.core.env.PropertySourcesPropertyResolver] Searching for key 'spring.liveBeansView.mbeanDomain' in [systemProperties]
2016-02-03 20:28:55,443 DEBUG   main [org.springframework.core.env.PropertySourcesPropertyResolver] Searching for key 'spring.liveBeansView.mbeanDomain' in [systemEnvironment]
2016-02-03 20:28:55,444 DEBUG   main [org.springframework.core.env.PropertySourcesPropertyResolver] Could not find key 'spring.liveBeansView.mbeanDomain' in any property source. Returning [null]
2016-02-03 20:28:55,444 INFO   main [ldap.advance.example.test.LdapApp] Test started at Wed Feb 03 20:28:54 EST 2016
2016-02-03 20:28:55,444 DEBUG   main [org.springframework.beans.factory.support.DefaultListableBeanFactory] Returning cached instance of singleton bean 'userReposImpl'
2016-02-03 20:28:55,444 INFO   main [ldap.advance.example.UserRepositoryImpl] executing {createUser}
2016-02-03 20:29:30,624 DEBUG   main [org.springframework.core.env.StandardEnvironment] Adding [systemProperties] PropertySource with lowest search precedence
2016-02-03 20:29:30,633 DEBUG   main [org.springframework.core.env.StandardEnvironment] Adding [systemEnvironment] PropertySource with lowest search precedence
2016-02-03 20:29:30,633 DEBUG   main [org.springframework.core.env.StandardEnvironment] Initialized StandardEnvironment with PropertySources [systemProperties,systemEnvironment]
2016-02-03 20:29:30,639 INFO   main [org.springframework.context.support.ClassPathXmlApplicationContext] Refreshing org.springframework.context.support.ClassPathXmlApplicationContext@450faed3: startup date [Wed Feb 03 20:29:30 EST 2016]; root of context hierarchy
2016-02-03 20:29:30,684 DEBUG   main [org.springframework.core.env.StandardEnvironment] Adding [systemProperties] PropertySource with lowest search precedence
2016-02-03 20:29:30,685 DEBUG   main [org.springframework.core.env.StandardEnvironment] Adding [systemEnvironment] PropertySource with lowest search precedence
2016-02-03 20:29:30,685 DEBUG   main [org.springframework.core.env.StandardEnvironment] Initialized StandardEnvironment with PropertySources [systemProperties,systemEnvironment]
2016-02-03 20:29:30,708 INFO   main [org.springframework.beans.factory.xml.XmlBeanDefinitionReader] Loading XML bean definitions from class path resource [spring-ldap-example.xml]
2016-02-03 20:29:30,715 DEBUG   main [org.springframework.beans.factory.xml.DefaultDocumentLoader] Using JAXP provider [com.sun.org.apache.xerces.internal.jaxp.DocumentBuilderFactoryImpl]
2016-02-03 20:29:30,754 TRACE   main [org.springframework.beans.factory.xml.PluggableSchemaResolver] Trying to resolve XML entity with public id [null] and system id [http://www.springframework.org/schema/beans/spring-beans.xsd]
2016-02-03 20:29:30,755 DEBUG   main [org.springframework.beans.factory.xml.PluggableSchemaResolver] Loading schema mappings from [META-INF/spring.schemas]
2016-02-03 20:29:30,781 DEBUG   main [org.springframework.beans.factory.xml.PluggableSchemaResolver] Loaded schema mappings: {http://www.springframework.org/schema/tx/spring-tx-2.5.xsd=org/springframework/transaction/config/spring-tx-2.5.xsd, http://www.springframework.org/schema/cache/spring-cache-4.2.xsd=org/springframework/cache/config/spring-cache-4.2.xsd, http://www.springframework.org/schema/aop/spring-aop-4.1.xsd=org/springframework/aop/config/spring-aop-4.1.xsd, http://www.springframework.org/schema/context/spring-context-3.1.xsd=org/springframework/context/config/spring-context-3.1.xsd, http://www.springframework.org/schema/data/repository/spring-repository-1.4.xsd=org/springframework/data/repository/config/spring-repository-1.4.xsd, http://www.springframework.org/schema/util/spring-util-3.0.xsd=org/springframework/beans/factory/xml/spring-util-3.0.xsd, http://www.springframework.org/schema/tool/spring-tool.xsd=org/springframework/beans/factory/xml/spring-tool-4.2.xsd, http://www.springframework.org/schema/aop/spring-aop-3.2.xsd=org/springframework/aop/config/spring-aop-3.2.xsd, http://www.springframework.org/schema/lang/spring-lang-4.1.xsd=org/springframework/scripting/config/spring-lang-4.1.xsd, http://www.springframework.org/schema/context/spring-context-4.0.xsd=org/springframework/context/config/spring-context-4.0.xsd, http://www.springframework.org/schema/beans/spring-beans-4.2.xsd=org/springframework/beans/factory/xml/spring-beans-4.2.xsd, http://www.springframework.org/schema/tool/spring-tool-4.1.xsd=org/springframework/beans/factory/xml/spring-tool-4.1.xsd, http://www.springframework.org/schema/lang/spring-lang-3.2.xsd=org/springframework/scripting/config/spring-lang-3.2.xsd, http://www.springframework.org/schema/cache/spring-cache-3.2.xsd=org/springframework/cache/config/spring-cache-3.2.xsd, http://www.springframework.org/schema/jee/spring-jee-4.1.xsd=org/springframework/ejb/config/spring-jee-4.1.xsd, http://www.springframework.org/schema/task/spring-task-4.2.xsd=org/springframework/scheduling/config/spring-task-4.2.xsd, http://www.springframework.org/schema/util/spring-util-2.0.xsd=org/springframework/beans/factory/xml/spring-util-2.0.xsd, http://www.springframework.org/schema/tool/spring-tool-3.2.xsd=org/springframework/beans/factory/xml/spring-tool-3.2.xsd, http://www.springframework.org/schema/context/spring-context.xsd=org/springframework/context/config/spring-context-4.2.xsd, http://www.springframework.org/schema/tx/spring-tx-4.2.xsd=org/springframework/transaction/config/spring-tx-4.2.xsd, http://www.springframework.org/schema/cache/spring-cache-4.1.xsd=org/springframework/cache/config/spring-cache-4.1.xsd, http://www.springframework.org/schema/aop/spring-aop-4.0.xsd=org/springframework/aop/config/spring-aop-4.0.xsd, http://www.springframework.org/schema/jee/spring-jee-3.2.xsd=org/springframework/ejb/config/spring-jee-3.2.xsd, http://www.springframework.org/schema/context/spring-context-3.0.xsd=org/springframework/context/config/spring-context-3.0.xsd, http://www.springframework.org/schema/util/spring-util-2.5.xsd=org/springframework/beans/factory/xml/spring-util-2.5.xsd, http://www.springframework.org/schema/beans/spring-beans-3.2.xsd=org/springframework/beans/factory/xml/spring-beans-3.2.xsd, http://www.springframework.org/schema/aop/spring-aop-3.1.xsd=org/springframework/aop/config/spring-aop-3.1.xsd, http://www.springframework.org/schema/ldap/spring-ldap-2.0.xsd=org/springframework/ldap/config/spring-ldap-2.0.xsd, http://www.springframework.org/schema/lang/spring-lang-4.0.xsd=org/springframework/scripting/config/spring-lang-4.0.xsd, http://www.springframework.org/schema/beans/spring-beans-4.1.xsd=org/springframework/beans/factory/xml/spring-beans-4.1.xsd, http://www.springframework.org/schema/tool/spring-tool-4.0.xsd=org/springframework/beans/factory/xml/spring-tool-4.0.xsd, http://www.springframework.org/schema/tx/spring-tx-3.2.xsd=org/springframework/transaction/config/spring-tx-3.2.xsd, http://www.springframework.org/schema/lang/spring-lang-3.1.xsd=org/springframework/scripting/config/spring-lang-3.1.xsd, http://www.springframework.org/schema/cache/spring-cache-3.1.xsd=org/springframework/cache/config/spring-cache-3.1.xsd, http://www.springframework.org/schema/jee/spring-jee-4.0.xsd=org/springframework/ejb/config/spring-jee-4.0.xsd, http://www.springframework.org/schema/task/spring-task-4.1.xsd=org/springframework/scheduling/config/spring-task-4.1.xsd, http://www.springframework.org/schema/tool/spring-tool-3.1.xsd=org/springframework/beans/factory/xml/spring-tool-3.1.xsd, http://www.springframework.org/schema/tx/spring-tx-4.1.xsd=org/springframework/transaction/config/spring-tx-4.1.xsd, http://www.springframework.org/schema/cache/spring-cache-4.0.xsd=org/springframework/cache/config/spring-cache-4.0.xsd, http://www.springframework.org/schema/jee/spring-jee-3.1.xsd=org/springframework/ejb/config/spring-jee-3.1.xsd, http://www.springframework.org/schema/task/spring-task-3.2.xsd=org/springframework/scheduling/config/spring-task-3.2.xsd, http://www.springframework.org/schema/util/spring-util-4.2.xsd=org/springframework/beans/factory/xml/spring-util-4.2.xsd, http://www.springframework.org/schema/beans/spring-beans-3.1.xsd=org/springframework/beans/factory/xml/spring-beans-3.1.xsd, http://www.springframework.org/schema/util/spring-util.xsd=org/springframework/beans/factory/xml/spring-util-4.2.xsd, http://www.springframework.org/schema/aop/spring-aop-3.0.xsd=org/springframework/aop/config/spring-aop-3.0.xsd, http://www.springframework.org/schema/data/repository/spring-repository.xsd=org/springframework/data/repository/config/spring-repository-1.7.xsd, http://www.springframework.org/schema/data/repository/spring-repository-1.7.xsd=org/springframework/data/repository/config/spring-repository-1.7.xsd, http://www.springframework.org/schema/ldap/spring-ldap.xsd=org/springframework/ldap/config/spring-ldap-2.0.xsd, http://www.springframework.org/schema/beans/spring-beans-4.0.xsd=org/springframework/beans/factory/xml/spring-beans-4.0.xsd, http://www.springframework.org/schema/beans/spring-beans.xsd=org/springframework/beans/factory/xml/spring-beans-4.2.xsd, http://www.springframework.org/schema/tx/spring-tx-3.1.xsd=org/springframework/transaction/config/spring-tx-3.1.xsd, http://www.springframework.org/schema/lang/spring-lang-3.0.xsd=org/springframework/scripting/config/spring-lang-3.0.xsd, http://www.springframework.org/schema/context/spring-context-2.5.xsd=org/springframework/context/config/spring-context-2.5.xsd, http://www.springframework.org/schema/task/spring-task-4.0.xsd=org/springframework/scheduling/config/spring-task-4.0.xsd, http://www.springframework.org/schema/tool/spring-tool-3.0.xsd=org/springframework/beans/factory/xml/spring-tool-3.0.xsd, http://www.springframework.org/schema/tx/spring-tx-4.0.xsd=org/springframework/transaction/config/spring-tx-4.0.xsd, http://www.springframework.org/schema/aop/spring-aop-2.0.xsd=org/springframework/aop/config/spring-aop-2.0.xsd, http://www.springframework.org/schema/jee/spring-jee-3.0.xsd=org/springframework/ejb/config/spring-jee-3.0.xsd, http://www.springframework.org/schema/util/spring-util-4.1.xsd=org/springframework/beans/factory/xml/spring-util-4.1.xsd, http://www.springframework.org/schema/task/spring-task-3.1.xsd=org/springframework/scheduling/config/spring-task-3.1.xsd, http://www.springframework.org/schema/beans/spring-beans-3.0.xsd=org/springframework/beans/factory/xml/spring-beans-3.0.xsd, http://www.springframework.org/schema/jee/spring-jee.xsd=org/springframework/ejb/config/spring-jee-4.2.xsd, http://www.springframework.org/schema/aop/spring-aop-2.5.xsd=org/springframework/aop/config/spring-aop-2.5.xsd, http://www.springframework.org/schema/lang/spring-lang-2.0.xsd=org/springframework/scripting/config/spring-lang-2.0.xsd, http://www.springframework.org/schema/data/repository/spring-repository-1.6.xsd=org/springframework/data/repository/config/spring-repository-1.6.xsd, http://www.springframework.org/schema/util/spring-util-3.2.xsd=org/springframework/beans/factory/xml/spring-util-3.2.xsd, http://www.springframework.org/schema/task/spring-task.xsd=org/springframework/scheduling/config/spring-task-4.2.xsd, http://www.springframework.org/schema/tool/spring-tool-2.0.xsd=org/springframework/beans/factory/xml/spring-tool-2.0.xsd, http://www.springframework.org/schema/tx/spring-tx-3.0.xsd=org/springframework/transaction/config/spring-tx-3.0.xsd, http://www.springframework.org/schema/lang/spring-lang-2.5.xsd=org/springframework/scripting/config/spring-lang-2.5.xsd, http://www.springframework.org/schema/context/spring-context-4.2.xsd=org/springframework/context/config/spring-context-4.2.xsd, http://www.springframework.org/schema/jee/spring-jee-2.0.xsd=org/springframework/ejb/config/spring-jee-2.0.xsd, http://www.springframework.org/schema/tool/spring-tool-2.5.xsd=org/springframework/beans/factory/xml/spring-tool-2.5.xsd, http://www.springframework.org/schema/jee/spring-jee-2.5.xsd=org/springframework/ejb/config/spring-jee-2.5.xsd, http://www.springframework.org/schema/data/repository/spring-repository-1.0.xsd=org/springframework/data/repository/config/spring-repository-1.0.xsd, http://www.springframework.org/schema/util/spring-util-4.0.xsd=org/springframework/beans/factory/xml/spring-util-4.0.xsd, http://www.springframework.org/schema/task/spring-task-3.0.xsd=org/springframework/scheduling/config/spring-task-3.0.xsd, http://www.springframework.org/schema/aop/spring-aop-4.2.xsd=org/springframework/aop/config/spring-aop-4.2.xsd, http://www.springframework.org/schema/lang/spring-lang.xsd=org/springframework/scripting/config/spring-lang-4.2.xsd, http://www.springframework.org/schema/context/spring-context-3.2.xsd=org/springframework/context/config/spring-context-3.2.xsd, http://www.springframework.org/schema/data/repository/spring-repository-1.5.xsd=org/springframework/data/repository/config/spring-repository-1.5.xsd, http://www.springframework.org/schema/util/spring-util-3.1.xsd=org/springframework/beans/factory/xml/spring-util-3.1.xsd, http://www.springframework.org/schema/beans/spring-beans-2.0.xsd=org/springframework/beans/factory/xml/spring-beans-2.0.xsd, http://www.springframework.org/schema/cache/spring-cache.xsd=org/springframework/cache/config/spring-cache-4.2.xsd, http://www.springframework.org/schema/tx/spring-tx.xsd=org/springframework/transaction/config/spring-tx-4.2.xsd, http://www.springframework.org/schema/lang/spring-lang-4.2.xsd=org/springframework/scripting/config/spring-lang-4.2.xsd, http://www.springframework.org/schema/context/spring-context-4.1.xsd=org/springframework/context/config/spring-context-4.1.xsd, http://www.springframework.org/schema/beans/spring-beans-2.5.xsd=org/springframework/beans/factory/xml/spring-beans-2.5.xsd, http://www.springframework.org/schema/tool/spring-tool-4.2.xsd=org/springframework/beans/factory/xml/spring-tool-4.2.xsd, http://www.springframework.org/schema/tx/spring-tx-2.0.xsd=org/springframework/transaction/config/spring-tx-2.0.xsd, http://www.springframework.org/schema/jee/spring-jee-4.2.xsd=org/springframework/ejb/config/spring-jee-4.2.xsd, http://www.springframework.org/schema/aop/spring-aop.xsd=org/springframework/aop/config/spring-aop-4.2.xsd}
2016-02-03 20:29:30,788 DEBUG   main [org.springframework.beans.factory.xml.PluggableSchemaResolver] Found XML schema [http://www.springframework.org/schema/beans/spring-beans.xsd] in classpath: org/springframework/beans/factory/xml/spring-beans-4.2.xsd
2016-02-03 20:29:30,901 TRACE   main [org.springframework.beans.factory.xml.PluggableSchemaResolver] Trying to resolve XML entity with public id [null] and system id [http://www.springframework.org/schema/context/spring-context.xsd]
2016-02-03 20:29:30,902 DEBUG   main [org.springframework.beans.factory.xml.PluggableSchemaResolver] Found XML schema [http://www.springframework.org/schema/context/spring-context.xsd] in classpath: org/springframework/context/config/spring-context-4.2.xsd
2016-02-03 20:29:30,918 TRACE   main [org.springframework.beans.factory.xml.PluggableSchemaResolver] Trying to resolve XML entity with public id [null] and system id [http://www.springframework.org/schema/tool/spring-tool-4.2.xsd]
2016-02-03 20:29:30,920 DEBUG   main [org.springframework.beans.factory.xml.PluggableSchemaResolver] Found XML schema [http://www.springframework.org/schema/tool/spring-tool-4.2.xsd] in classpath: org/springframework/beans/factory/xml/spring-tool-4.2.xsd
2016-02-03 20:29:30,934 TRACE   main [org.springframework.beans.factory.xml.PluggableSchemaResolver] Trying to resolve XML entity with public id [null] and system id [http://www.springframework.org/schema/ldap/spring-ldap.xsd]
2016-02-03 20:29:30,935 DEBUG   main [org.springframework.beans.factory.xml.PluggableSchemaResolver] Found XML schema [http://www.springframework.org/schema/ldap/spring-ldap.xsd] in classpath: org/springframework/ldap/config/spring-ldap-2.0.xsd
2016-02-03 20:29:30,952 TRACE   main [org.springframework.beans.factory.xml.PluggableSchemaResolver] Trying to resolve XML entity with public id [null] and system id [http://www.springframework.org/schema/data/repository/spring-repository.xsd]
2016-02-03 20:29:30,954 DEBUG   main [org.springframework.beans.factory.xml.PluggableSchemaResolver] Found XML schema [http://www.springframework.org/schema/data/repository/spring-repository.xsd] in classpath: org/springframework/data/repository/config/spring-repository-1.7.xsd
2016-02-03 20:29:30,976 DEBUG   main [org.springframework.beans.factory.xml.DefaultBeanDefinitionDocumentReader] Loading bean definitions
2016-02-03 20:29:30,993 DEBUG   main [org.springframework.beans.factory.xml.DefaultNamespaceHandlerResolver] Loaded NamespaceHandler mappings: {http://www.springframework.org/schema/p=org.springframework.beans.factory.xml.SimplePropertyNamespaceHandler, http://www.springframework.org/schema/util=org.springframework.beans.factory.xml.UtilNamespaceHandler, http://www.springframework.org/schema/jee=org.springframework.ejb.config.JeeNamespaceHandler, http://www.springframework.org/schema/aop=org.springframework.aop.config.AopNamespaceHandler, http://www.springframework.org/schema/data/repository=org.springframework.data.repository.config.RepositoryNameSpaceHandler, http://www.springframework.org/schema/cache=org.springframework.cache.config.CacheNamespaceHandler, http://www.springframework.org/schema/c=org.springframework.beans.factory.xml.SimpleConstructorNamespaceHandler, http://www.springframework.org/schema/ldap=org.springframework.ldap.config.LdapNamespaceHandler, http://www.springframework.org/schema/tx=org.springframework.transaction.config.TxNamespaceHandler, http://www.springframework.org/schema/task=org.springframework.scheduling.config.TaskNamespaceHandler, http://www.springframework.org/schema/lang=org.springframework.scripting.config.LangNamespaceHandler, http://www.springframework.org/schema/context=org.springframework.context.config.ContextNamespaceHandler}
2016-02-03 20:29:31,020 DEBUG   main [org.springframework.core.env.StandardEnvironment] Adding [systemProperties] PropertySource with lowest search precedence
2016-02-03 20:29:31,020 DEBUG   main [org.springframework.core.env.StandardEnvironment] Adding [systemEnvironment] PropertySource with lowest search precedence
2016-02-03 20:29:31,021 DEBUG   main [org.springframework.core.env.StandardEnvironment] Initialized StandardEnvironment with PropertySources [systemProperties,systemEnvironment]
2016-02-03 20:29:31,042 DEBUG   main [org.springframework.core.io.support.PathMatchingResourcePatternResolver] Looking for matching resources in directory tree [C:\Eclipse\workspace\spring-ldap-example\bin\ldap\advance\example]
2016-02-03 20:29:31,042 DEBUG   main [org.springframework.core.io.support.PathMatchingResourcePatternResolver] Searching directory [C:\Eclipse\workspace\spring-ldap-example\bin\ldap\advance\example] for files matching pattern [C:/Eclipse/workspace/spring-ldap-example/bin/ldap/advance/example/**/*.class]
2016-02-03 20:29:31,045 DEBUG   main [org.springframework.core.io.support.PathMatchingResourcePatternResolver] Searching directory [C:\Eclipse\workspace\spring-ldap-example\bin\ldap\advance\example\test] for files matching pattern [C:/Eclipse/workspace/spring-ldap-example/bin/ldap/advance/example/**/*.class]
2016-02-03 20:29:31,048 DEBUG   main [org.springframework.core.io.support.PathMatchingResourcePatternResolver] Resolved location pattern [classpath*:ldap/advance/example/**/*.class] to resources [file [C:\Eclipse\workspace\spring-ldap-example\bin\ldap\advance\example\test\LdapApp.class], file [C:\Eclipse\workspace\spring-ldap-example\bin\ldap\advance\example\User.class], file [C:\Eclipse\workspace\spring-ldap-example\bin\ldap\advance\example\UserRepositoryImpl$MultipleAttributesMapper.class], file [C:\Eclipse\workspace\spring-ldap-example\bin\ldap\advance\example\UserRepositoryImpl$SingleAttributesMapper.class], file [C:\Eclipse\workspace\spring-ldap-example\bin\ldap\advance\example\UserRepositoryImpl$UserAttributesMapper.class], file [C:\Eclipse\workspace\spring-ldap-example\bin\ldap\advance\example\UserRepositoryImpl.class], file [C:\Eclipse\workspace\spring-ldap-example\bin\ldap\advance\example\UserRepositoryIntf.class]]
2016-02-03 20:29:31,048 TRACE   main [org.springframework.context.annotation.ClassPathBeanDefinitionScanner] Scanning file [C:\Eclipse\workspace\spring-ldap-example\bin\ldap\advance\example\test\LdapApp.class]
2016-02-03 20:29:31,068 TRACE   main [org.springframework.context.annotation.ClassPathBeanDefinitionScanner] Ignored because not matching any filter: file [C:\Eclipse\workspace\spring-ldap-example\bin\ldap\advance\example\test\LdapApp.class]
2016-02-03 20:29:31,068 TRACE   main [org.springframework.context.annotation.ClassPathBeanDefinitionScanner] Scanning file [C:\Eclipse\workspace\spring-ldap-example\bin\ldap\advance\example\User.class]
2016-02-03 20:29:31,069 TRACE   main [org.springframework.context.annotation.ClassPathBeanDefinitionScanner] Ignored because not matching any filter: file [C:\Eclipse\workspace\spring-ldap-example\bin\ldap\advance\example\User.class]
2016-02-03 20:29:31,069 TRACE   main [org.springframework.context.annotation.ClassPathBeanDefinitionScanner] Scanning file [C:\Eclipse\workspace\spring-ldap-example\bin\ldap\advance\example\UserRepositoryImpl$MultipleAttributesMapper.class]
2016-02-03 20:29:31,069 TRACE   main [org.springframework.context.annotation.ClassPathBeanDefinitionScanner] Ignored because not matching any filter: file [C:\Eclipse\workspace\spring-ldap-example\bin\ldap\advance\example\UserRepositoryImpl$MultipleAttributesMapper.class]
2016-02-03 20:29:31,070 TRACE   main [org.springframework.context.annotation.ClassPathBeanDefinitionScanner] Scanning file [C:\Eclipse\workspace\spring-ldap-example\bin\ldap\advance\example\UserRepositoryImpl$SingleAttributesMapper.class]
2016-02-03 20:29:31,071 TRACE   main [org.springframework.context.annotation.ClassPathBeanDefinitionScanner] Ignored because not matching any filter: file [C:\Eclipse\workspace\spring-ldap-example\bin\ldap\advance\example\UserRepositoryImpl$SingleAttributesMapper.class]
2016-02-03 20:29:31,071 TRACE   main [org.springframework.context.annotation.ClassPathBeanDefinitionScanner] Scanning file [C:\Eclipse\workspace\spring-ldap-example\bin\ldap\advance\example\UserRepositoryImpl$UserAttributesMapper.class]
2016-02-03 20:29:31,071 TRACE   main [org.springframework.context.annotation.ClassPathBeanDefinitionScanner] Ignored because not matching any filter: file [C:\Eclipse\workspace\spring-ldap-example\bin\ldap\advance\example\UserRepositoryImpl$UserAttributesMapper.class]
2016-02-03 20:29:31,071 TRACE   main [org.springframework.context.annotation.ClassPathBeanDefinitionScanner] Scanning file [C:\Eclipse\workspace\spring-ldap-example\bin\ldap\advance\example\UserRepositoryImpl.class]
2016-02-03 20:29:31,089 DEBUG   main [org.springframework.context.annotation.ClassPathBeanDefinitionScanner] Identified candidate component class: file [C:\Eclipse\workspace\spring-ldap-example\bin\ldap\advance\example\UserRepositoryImpl.class]
2016-02-03 20:29:31,089 TRACE   main [org.springframework.context.annotation.ClassPathBeanDefinitionScanner] Scanning file [C:\Eclipse\workspace\spring-ldap-example\bin\ldap\advance\example\UserRepositoryIntf.class]
2016-02-03 20:29:31,089 TRACE   main [org.springframework.context.annotation.ClassPathBeanDefinitionScanner] Ignored because not matching any filter: file [C:\Eclipse\workspace\spring-ldap-example\bin\ldap\advance\example\UserRepositoryIntf.class]
2016-02-03 20:29:31,170 DEBUG   main [org.springframework.beans.factory.xml.XmlBeanDefinitionReader] Loaded 9 bean definitions from location pattern [spring-ldap-example.xml]
2016-02-03 20:29:31,170 DEBUG   main [org.springframework.context.support.ClassPathXmlApplicationContext] Bean factory for org.springframework.context.support.ClassPathXmlApplicationContext@450faed3: org.springframework.beans.factory.support.DefaultListableBeanFactory@5c5d9afc: defining beans [userRepositoryImpl,org.springframework.context.annotation.internalConfigurationAnnotationProcessor,org.springframework.context.annotation.internalAutowiredAnnotationProcessor,org.springframework.context.annotation.internalRequiredAnnotationProcessor,org.springframework.context.annotation.internalCommonAnnotationProcessor,simpleDirContextAuthenticationStrategy,userReposImpl,contextSource,ldapTemplate]; root of factory hierarchy
2016-02-03 20:29:31,209 DEBUG   main [org.springframework.beans.factory.support.DefaultListableBeanFactory] Creating shared instance of singleton bean 'org.springframework.context.annotation.internalConfigurationAnnotationProcessor'
2016-02-03 20:29:31,209 DEBUG   main [org.springframework.beans.factory.support.DefaultListableBeanFactory] Creating instance of bean 'org.springframework.context.annotation.internalConfigurationAnnotationProcessor'
2016-02-03 20:29:31,231 DEBUG   main [org.springframework.beans.factory.support.DefaultListableBeanFactory] Eagerly caching bean 'org.springframework.context.annotation.internalConfigurationAnnotationProcessor' to allow for resolving potential circular references
2016-02-03 20:29:31,233 DEBUG   main [org.springframework.beans.factory.support.DefaultListableBeanFactory] Finished creating instance of bean 'org.springframework.context.annotation.internalConfigurationAnnotationProcessor'
2016-02-03 20:29:31,303 DEBUG   main [org.springframework.beans.factory.support.DefaultListableBeanFactory] Creating shared instance of singleton bean 'org.springframework.context.annotation.internalAutowiredAnnotationProcessor'
2016-02-03 20:29:31,303 DEBUG   main [org.springframework.beans.factory.support.DefaultListableBeanFactory] Creating instance of bean 'org.springframework.context.annotation.internalAutowiredAnnotationProcessor'
2016-02-03 20:29:31,304 DEBUG   main [org.springframework.beans.factory.support.DefaultListableBeanFactory] Eagerly caching bean 'org.springframework.context.annotation.internalAutowiredAnnotationProcessor' to allow for resolving potential circular references
2016-02-03 20:29:31,304 DEBUG   main [org.springframework.beans.factory.support.DefaultListableBeanFactory] Finished creating instance of bean 'org.springframework.context.annotation.internalAutowiredAnnotationProcessor'
2016-02-03 20:29:31,305 DEBUG   main [org.springframework.beans.factory.support.DefaultListableBeanFactory] Creating shared instance of singleton bean 'org.springframework.context.annotation.internalRequiredAnnotationProcessor'
2016-02-03 20:29:31,305 DEBUG   main [org.springframework.beans.factory.support.DefaultListableBeanFactory] Creating instance of bean 'org.springframework.context.annotation.internalRequiredAnnotationProcessor'
2016-02-03 20:29:31,305 DEBUG   main [org.springframework.beans.factory.support.DefaultListableBeanFactory] Eagerly caching bean 'org.springframework.context.annotation.internalRequiredAnnotationProcessor' to allow for resolving potential circular references
2016-02-03 20:29:31,306 DEBUG   main [org.springframework.beans.factory.support.DefaultListableBeanFactory] Finished creating instance of bean 'org.springframework.context.annotation.internalRequiredAnnotationProcessor'
2016-02-03 20:29:31,306 DEBUG   main [org.springframework.beans.factory.support.DefaultListableBeanFactory] Creating shared instance of singleton bean 'org.springframework.context.annotation.internalCommonAnnotationProcessor'
2016-02-03 20:29:31,306 DEBUG   main [org.springframework.beans.factory.support.DefaultListableBeanFactory] Creating instance of bean 'org.springframework.context.annotation.internalCommonAnnotationProcessor'
2016-02-03 20:29:31,316 DEBUG   main [org.springframework.beans.factory.support.DefaultListableBeanFactory] Eagerly caching bean 'org.springframework.context.annotation.internalCommonAnnotationProcessor' to allow for resolving potential circular references
2016-02-03 20:29:31,317 DEBUG   main [org.springframework.beans.factory.support.DefaultListableBeanFactory] Finished creating instance of bean 'org.springframework.context.annotation.internalCommonAnnotationProcessor'
2016-02-03 20:29:31,317 DEBUG   main [org.springframework.beans.factory.support.DefaultListableBeanFactory] Creating shared instance of singleton bean 'org.springframework.context.annotation.ConfigurationClassPostProcessor.importAwareProcessor'
2016-02-03 20:29:31,317 DEBUG   main [org.springframework.beans.factory.support.DefaultListableBeanFactory] Creating instance of bean 'org.springframework.context.annotation.ConfigurationClassPostProcessor.importAwareProcessor'
2016-02-03 20:29:31,318 DEBUG   main [org.springframework.beans.factory.support.DefaultListableBeanFactory] Eagerly caching bean 'org.springframework.context.annotation.ConfigurationClassPostProcessor.importAwareProcessor' to allow for resolving potential circular references
2016-02-03 20:29:31,318 DEBUG   main [org.springframework.beans.factory.support.DefaultListableBeanFactory] Finished creating instance of bean 'org.springframework.context.annotation.ConfigurationClassPostProcessor.importAwareProcessor'
2016-02-03 20:29:31,319 DEBUG   main [org.springframework.beans.factory.support.DefaultListableBeanFactory] Creating shared instance of singleton bean 'org.springframework.context.annotation.ConfigurationClassPostProcessor.enhancedConfigurationProcessor'
2016-02-03 20:29:31,319 DEBUG   main [org.springframework.beans.factory.support.DefaultListableBeanFactory] Creating instance of bean 'org.springframework.context.annotation.ConfigurationClassPostProcessor.enhancedConfigurationProcessor'
2016-02-03 20:29:31,319 DEBUG   main [org.springframework.beans.factory.support.DefaultListableBeanFactory] Eagerly caching bean 'org.springframework.context.annotation.ConfigurationClassPostProcessor.enhancedConfigurationProcessor' to allow for resolving potential circular references
2016-02-03 20:29:31,319 DEBUG   main [org.springframework.beans.factory.support.DefaultListableBeanFactory] Finished creating instance of bean 'org.springframework.context.annotation.ConfigurationClassPostProcessor.enhancedConfigurationProcessor'
2016-02-03 20:29:31,323 DEBUG   main [org.springframework.context.support.ClassPathXmlApplicationContext] Unable to locate MessageSource with name 'messageSource': using default [org.springframework.context.support.DelegatingMessageSource@190bf402]
2016-02-03 20:29:31,329 DEBUG   main [org.springframework.context.support.ClassPathXmlApplicationContext] Unable to locate ApplicationEventMulticaster with name 'applicationEventMulticaster': using default [org.springframework.context.event.SimpleApplicationEventMulticaster@1b2090ab]
2016-02-03 20:29:31,331 DEBUG   main [org.springframework.beans.factory.support.DefaultListableBeanFactory] Pre-instantiating singletons in org.springframework.beans.factory.support.DefaultListableBeanFactory@5c5d9afc: defining beans [userRepositoryImpl,org.springframework.context.annotation.internalConfigurationAnnotationProcessor,org.springframework.context.annotation.internalAutowiredAnnotationProcessor,org.springframework.context.annotation.internalRequiredAnnotationProcessor,org.springframework.context.annotation.internalCommonAnnotationProcessor,simpleDirContextAuthenticationStrategy,userReposImpl,contextSource,ldapTemplate,org.springframework.context.annotation.ConfigurationClassPostProcessor.importAwareProcessor,org.springframework.context.annotation.ConfigurationClassPostProcessor.enhancedConfigurationProcessor]; root of factory hierarchy
2016-02-03 20:29:31,331 DEBUG   main [org.springframework.beans.factory.support.DefaultListableBeanFactory] Creating shared instance of singleton bean 'userRepositoryImpl'
2016-02-03 20:29:31,331 DEBUG   main [org.springframework.beans.factory.support.DefaultListableBeanFactory] Creating instance of bean 'userRepositoryImpl'
2016-02-03 20:29:31,358 DEBUG   main [org.springframework.beans.factory.annotation.InjectionMetadata] Registered injected element on class [ldap.advance.example.UserRepositoryImpl]: AutowiredFieldElement for private org.springframework.ldap.core.LdapTemplate ldap.advance.example.UserRepositoryImpl.ldapTemplate
2016-02-03 20:29:31,358 DEBUG   main [org.springframework.beans.factory.support.DefaultListableBeanFactory] Eagerly caching bean 'userRepositoryImpl' to allow for resolving potential circular references
2016-02-03 20:29:31,366 TRACE   main [org.springframework.core.io.support.SpringFactoriesLoader] Loaded [org.springframework.beans.BeanInfoFactory] names: [org.springframework.beans.ExtendedBeanInfoFactory]
2016-02-03 20:29:31,369 TRACE   main [org.springframework.beans.CachedIntrospectionResults] Getting BeanInfo for class [ldap.advance.example.UserRepositoryImpl]
2016-02-03 20:29:31,382 TRACE   main [org.springframework.beans.CachedIntrospectionResults] Caching PropertyDescriptors for class [ldap.advance.example.UserRepositoryImpl]
2016-02-03 20:29:31,384 TRACE   main [org.springframework.beans.CachedIntrospectionResults] Found bean property 'allUserNames' of type [java.util.List]
2016-02-03 20:29:31,391 TRACE   main [org.springframework.beans.CachedIntrospectionResults] Found bean property 'allUsers' of type [java.util.List]
2016-02-03 20:29:31,392 TRACE   main [org.springframework.beans.CachedIntrospectionResults] Found bean property 'class' of type [java.lang.Class]
2016-02-03 20:29:31,398 DEBUG   main [org.springframework.beans.factory.annotation.InjectionMetadata] Processing injected element of bean 'userRepositoryImpl': AutowiredFieldElement for private org.springframework.ldap.core.LdapTemplate ldap.advance.example.UserRepositoryImpl.ldapTemplate
2016-02-03 20:29:31,406 DEBUG   main [org.springframework.beans.factory.support.DefaultListableBeanFactory] Creating shared instance of singleton bean 'ldapTemplate'
2016-02-03 20:29:31,407 DEBUG   main [org.springframework.beans.factory.support.DefaultListableBeanFactory] Creating instance of bean 'ldapTemplate'
2016-02-03 20:29:31,429 DEBUG   main [org.springframework.beans.factory.support.DefaultListableBeanFactory] Eagerly caching bean 'ldapTemplate' to allow for resolving potential circular references
2016-02-03 20:29:31,430 TRACE   main [org.springframework.beans.CachedIntrospectionResults] Getting BeanInfo for class [org.springframework.ldap.core.LdapTemplate]
2016-02-03 20:29:31,452 TRACE   main [org.springframework.beans.CachedIntrospectionResults] Caching PropertyDescriptors for class [org.springframework.ldap.core.LdapTemplate]
2016-02-03 20:29:31,452 TRACE   main [org.springframework.beans.CachedIntrospectionResults] Found bean property 'class' of type [java.lang.Class]
2016-02-03 20:29:31,452 TRACE   main [org.springframework.beans.CachedIntrospectionResults] Found bean property 'contextSource' of type [org.springframework.ldap.core.ContextSource]
2016-02-03 20:29:31,452 TRACE   main [org.springframework.beans.CachedIntrospectionResults] Found bean property 'defaultCountLimit' of type [int]
2016-02-03 20:29:31,453 TRACE   main [org.springframework.beans.CachedIntrospectionResults] Found bean property 'defaultSearchScope' of type [int]
2016-02-03 20:29:31,453 TRACE   main [org.springframework.beans.CachedIntrospectionResults] Found bean property 'defaultTimeLimit' of type [int]
2016-02-03 20:29:31,454 TRACE   main [org.springframework.beans.CachedIntrospectionResults] Found bean property 'ignoreNameNotFoundException' of type [boolean]
2016-02-03 20:29:31,455 TRACE   main [org.springframework.beans.CachedIntrospectionResults] Found bean property 'ignorePartialResultException' of type [boolean]
2016-02-03 20:29:31,455 TRACE   main [org.springframework.beans.CachedIntrospectionResults] Found bean property 'ignoreSizeLimitExceededException' of type [boolean]
2016-02-03 20:29:31,455 TRACE   main [org.springframework.beans.CachedIntrospectionResults] Found bean property 'objectDirectoryMapper' of type [org.springframework.ldap.odm.core.ObjectDirectoryMapper]
2016-02-03 20:29:31,466 DEBUG   main [org.springframework.beans.factory.support.DefaultListableBeanFactory] Creating shared instance of singleton bean 'contextSource'
2016-02-03 20:29:31,467 DEBUG   main [org.springframework.beans.factory.support.DefaultListableBeanFactory] Creating instance of bean 'contextSource'
2016-02-03 20:29:31,476 DEBUG   main [org.springframework.beans.factory.support.DefaultListableBeanFactory] Creating instance of bean '(inner bean)#1f5ffded'
2016-02-03 20:29:31,510 TRACE   main [org.springframework.beans.CachedIntrospectionResults] Getting BeanInfo for class [org.springframework.ldap.core.support.LdapContextSource]
2016-02-03 20:29:31,520 TRACE   main [org.springframework.beans.CachedIntrospectionResults] Caching PropertyDescriptors for class [org.springframework.ldap.core.support.LdapContextSource]
2016-02-03 20:29:31,521 TRACE   main [org.springframework.beans.CachedIntrospectionResults] Found bean property 'anonymousReadOnly' of type [boolean]
2016-02-03 20:29:31,521 TRACE   main [org.springframework.beans.CachedIntrospectionResults] Found bean property 'authenticationSource' of type [org.springframework.ldap.core.AuthenticationSource]
2016-02-03 20:29:31,521 TRACE   main [org.springframework.beans.CachedIntrospectionResults] Found bean property 'authenticationStrategy' of type [org.springframework.ldap.core.support.DirContextAuthenticationStrategy]
2016-02-03 20:29:31,521 TRACE   main [org.springframework.beans.CachedIntrospectionResults] Found bean property 'base' of type [java.lang.String]
2016-02-03 20:29:31,521 TRACE   main [org.springframework.beans.CachedIntrospectionResults] Found bean property 'baseEnvironmentProperties' of type [java.util.Map]
2016-02-03 20:29:31,521 TRACE   main [org.springframework.beans.CachedIntrospectionResults] Found bean property 'baseLdapName' of type [javax.naming.ldap.LdapName]
2016-02-03 20:29:31,522 TRACE   main [org.springframework.beans.CachedIntrospectionResults] Found bean property 'baseLdapPath' of type [org.springframework.ldap.core.DistinguishedName]
2016-02-03 20:29:31,522 TRACE   main [org.springframework.beans.CachedIntrospectionResults] Found bean property 'baseLdapPathAsString' of type [java.lang.String]
2016-02-03 20:29:31,522 TRACE   main [org.springframework.beans.CachedIntrospectionResults] Found bean property 'cacheEnvironmentProperties' of type [boolean]
2016-02-03 20:29:31,522 TRACE   main [org.springframework.beans.CachedIntrospectionResults] Found bean property 'class' of type [java.lang.Class]
2016-02-03 20:29:31,522 TRACE   main [org.springframework.beans.CachedIntrospectionResults] Found bean property 'contextFactory' of type [java.lang.Class]
2016-02-03 20:29:31,522 TRACE   main [org.springframework.beans.CachedIntrospectionResults] Found bean property 'dirObjectFactory' of type [java.lang.Class]
2016-02-03 20:29:31,523 TRACE   main [org.springframework.beans.CachedIntrospectionResults] Found bean property 'password' of type [java.lang.String]
2016-02-03 20:29:31,523 TRACE   main [org.springframework.beans.CachedIntrospectionResults] Found bean property 'pooled' of type [boolean]
2016-02-03 20:29:31,523 TRACE   main [org.springframework.beans.CachedIntrospectionResults] Found bean property 'readOnlyContext' of type [javax.naming.directory.DirContext]
2016-02-03 20:29:31,523 TRACE   main [org.springframework.beans.CachedIntrospectionResults] Found bean property 'readWriteContext' of type [javax.naming.directory.DirContext]
2016-02-03 20:29:31,523 TRACE   main [org.springframework.beans.CachedIntrospectionResults] Found bean property 'referral' of type [java.lang.String]
2016-02-03 20:29:31,524 TRACE   main [org.springframework.beans.CachedIntrospectionResults] Found bean property 'url' of type [java.lang.String]
2016-02-03 20:29:31,524 TRACE   main [org.springframework.beans.CachedIntrospectionResults] Found bean property 'urls' of type [[Ljava.lang.String;]
2016-02-03 20:29:31,524 TRACE   main [org.springframework.beans.CachedIntrospectionResults] Found bean property 'userDn' of type [java.lang.String]
2016-02-03 20:29:31,539 DEBUG   main [org.springframework.beans.factory.support.DefaultListableBeanFactory] Creating instance of bean '(inner bean)#6c7733eb'
2016-02-03 20:29:31,554 TRACE   main [org.springframework.beans.CachedIntrospectionResults] Getting BeanInfo for class [[Ljava.lang.String;]
2016-02-03 20:29:31,555 TRACE   main [org.springframework.beans.CachedIntrospectionResults] Caching PropertyDescriptors for class [[Ljava.lang.String;]
2016-02-03 20:29:31,556 TRACE   main [org.springframework.beans.CachedIntrospectionResults] Found bean property 'class' of type [java.lang.Class]
2016-02-03 20:29:31,557 DEBUG   main [org.springframework.beans.factory.support.DefaultListableBeanFactory] Finished creating instance of bean '(inner bean)#6c7733eb'
2016-02-03 20:29:31,558 DEBUG   main [org.springframework.beans.factory.support.DefaultListableBeanFactory] Creating shared instance of singleton bean 'simpleDirContextAuthenticationStrategy'
2016-02-03 20:29:31,558 DEBUG   main [org.springframework.beans.factory.support.DefaultListableBeanFactory] Creating instance of bean 'simpleDirContextAuthenticationStrategy'
2016-02-03 20:29:31,558 DEBUG   main [org.springframework.beans.factory.support.DefaultListableBeanFactory] Eagerly caching bean 'simpleDirContextAuthenticationStrategy' to allow for resolving potential circular references
2016-02-03 20:29:31,559 TRACE   main [org.springframework.beans.CachedIntrospectionResults] Getting BeanInfo for class [org.springframework.ldap.core.support.SimpleDirContextAuthenticationStrategy]
2016-02-03 20:29:31,567 TRACE   main [org.springframework.beans.CachedIntrospectionResults] Caching PropertyDescriptors for class [org.springframework.ldap.core.support.SimpleDirContextAuthenticationStrategy]
2016-02-03 20:29:31,567 TRACE   main [org.springframework.beans.CachedIntrospectionResults] Found bean property 'class' of type [java.lang.Class]
2016-02-03 20:29:31,569 DEBUG   main [org.springframework.beans.factory.support.DefaultListableBeanFactory] Finished creating instance of bean 'simpleDirContextAuthenticationStrategy'
2016-02-03 20:29:31,572 DEBUG   main [org.springframework.beans.factory.support.DefaultListableBeanFactory] Invoking afterPropertiesSet() on bean with name '(inner bean)#1f5ffded'
2016-02-03 20:29:31,580 DEBUG   main [org.springframework.beans.factory.support.DefaultListableBeanFactory] Finished creating instance of bean '(inner bean)#1f5ffded'
2016-02-03 20:29:31,584 DEBUG   main [org.springframework.beans.factory.support.DefaultListableBeanFactory] Eagerly caching bean 'contextSource' to allow for resolving potential circular references
2016-02-03 20:29:31,584 TRACE   main [org.springframework.beans.CachedIntrospectionResults] Getting BeanInfo for class [org.springframework.ldap.transaction.compensating.manager.TransactionAwareContextSourceProxy]
2016-02-03 20:29:31,588 TRACE   main [org.springframework.beans.CachedIntrospectionResults] Caching PropertyDescriptors for class [org.springframework.ldap.transaction.compensating.manager.TransactionAwareContextSourceProxy]
2016-02-03 20:29:31,588 TRACE   main [org.springframework.beans.CachedIntrospectionResults] Found bean property 'baseLdapName' of type [javax.naming.ldap.LdapName]
2016-02-03 20:29:31,589 TRACE   main [org.springframework.beans.CachedIntrospectionResults] Found bean property 'baseLdapPath' of type [org.springframework.ldap.core.DistinguishedName]
2016-02-03 20:29:31,589 TRACE   main [org.springframework.beans.CachedIntrospectionResults] Found bean property 'baseLdapPathAsString' of type [java.lang.String]
2016-02-03 20:29:31,589 TRACE   main [org.springframework.beans.CachedIntrospectionResults] Found bean property 'class' of type [java.lang.Class]
2016-02-03 20:29:31,589 TRACE   main [org.springframework.beans.CachedIntrospectionResults] Found bean property 'readOnlyContext' of type [javax.naming.directory.DirContext]
2016-02-03 20:29:31,589 TRACE   main [org.springframework.beans.CachedIntrospectionResults] Found bean property 'readWriteContext' of type [javax.naming.directory.DirContext]
2016-02-03 20:29:31,589 TRACE   main [org.springframework.beans.CachedIntrospectionResults] Found bean property 'target' of type [org.springframework.ldap.core.ContextSource]
2016-02-03 20:29:31,590 DEBUG   main [org.springframework.beans.factory.support.DefaultListableBeanFactory] Finished creating instance of bean 'contextSource'
2016-02-03 20:29:31,590 DEBUG   main [org.springframework.beans.factory.support.DefaultListableBeanFactory] Invoking afterPropertiesSet() on bean with name 'ldapTemplate'
2016-02-03 20:29:31,590 DEBUG   main [org.springframework.beans.factory.support.DefaultListableBeanFactory] Finished creating instance of bean 'ldapTemplate'
2016-02-03 20:29:31,591 DEBUG   main [org.springframework.beans.factory.annotation.AutowiredAnnotationBeanPostProcessor] Autowiring by type from bean name 'userRepositoryImpl' to bean named 'ldapTemplate'
2016-02-03 20:29:31,591 DEBUG   main [org.springframework.beans.factory.support.DefaultListableBeanFactory] Finished creating instance of bean 'userRepositoryImpl'
2016-02-03 20:29:31,591 DEBUG   main [org.springframework.beans.factory.support.DefaultListableBeanFactory] Returning cached instance of singleton bean 'org.springframework.context.annotation.internalConfigurationAnnotationProcessor'
2016-02-03 20:29:31,591 DEBUG   main [org.springframework.beans.factory.support.DefaultListableBeanFactory] Returning cached instance of singleton bean 'org.springframework.context.annotation.internalAutowiredAnnotationProcessor'
2016-02-03 20:29:31,592 DEBUG   main [org.springframework.beans.factory.support.DefaultListableBeanFactory] Returning cached instance of singleton bean 'org.springframework.context.annotation.internalRequiredAnnotationProcessor'
2016-02-03 20:29:31,592 DEBUG   main [org.springframework.beans.factory.support.DefaultListableBeanFactory] Returning cached instance of singleton bean 'org.springframework.context.annotation.internalCommonAnnotationProcessor'
2016-02-03 20:29:31,592 DEBUG   main [org.springframework.beans.factory.support.DefaultListableBeanFactory] Returning cached instance of singleton bean 'simpleDirContextAuthenticationStrategy'
2016-02-03 20:29:31,592 DEBUG   main [org.springframework.beans.factory.support.DefaultListableBeanFactory] Creating shared instance of singleton bean 'userReposImpl'
2016-02-03 20:29:31,594 DEBUG   main [org.springframework.beans.factory.support.DefaultListableBeanFactory] Creating instance of bean 'userReposImpl'
2016-02-03 20:29:31,597 DEBUG   main [org.springframework.beans.factory.annotation.InjectionMetadata] Registered injected element on class [ldap.advance.example.UserRepositoryImpl]: AutowiredFieldElement for private org.springframework.ldap.core.LdapTemplate ldap.advance.example.UserRepositoryImpl.ldapTemplate
2016-02-03 20:29:31,597 DEBUG   main [org.springframework.beans.factory.support.DefaultListableBeanFactory] Eagerly caching bean 'userReposImpl' to allow for resolving potential circular references
2016-02-03 20:29:31,597 DEBUG   main [org.springframework.beans.factory.annotation.InjectionMetadata] Processing injected element of bean 'userReposImpl': AutowiredFieldElement for private org.springframework.ldap.core.LdapTemplate ldap.advance.example.UserRepositoryImpl.ldapTemplate
2016-02-03 20:29:31,598 DEBUG   main [org.springframework.beans.factory.support.DefaultListableBeanFactory] Returning cached instance of singleton bean 'ldapTemplate'
2016-02-03 20:29:31,598 DEBUG   main [org.springframework.beans.factory.annotation.AutowiredAnnotationBeanPostProcessor] Autowiring by type from bean name 'userReposImpl' to bean named 'ldapTemplate'
2016-02-03 20:29:31,599 DEBUG   main [org.springframework.beans.factory.support.DefaultListableBeanFactory] Finished creating instance of bean 'userReposImpl'
2016-02-03 20:29:31,599 DEBUG   main [org.springframework.beans.factory.support.DefaultListableBeanFactory] Returning cached instance of singleton bean 'contextSource'
2016-02-03 20:29:31,599 DEBUG   main [org.springframework.beans.factory.support.DefaultListableBeanFactory] Returning cached instance of singleton bean 'ldapTemplate'
2016-02-03 20:29:31,599 DEBUG   main [org.springframework.beans.factory.support.DefaultListableBeanFactory] Returning cached instance of singleton bean 'org.springframework.context.annotation.ConfigurationClassPostProcessor.importAwareProcessor'
2016-02-03 20:29:31,599 DEBUG   main [org.springframework.beans.factory.support.DefaultListableBeanFactory] Returning cached instance of singleton bean 'org.springframework.context.annotation.ConfigurationClassPostProcessor.enhancedConfigurationProcessor'
2016-02-03 20:29:31,602 DEBUG   main [org.springframework.context.support.ClassPathXmlApplicationContext] Unable to locate LifecycleProcessor with name 'lifecycleProcessor': using default [org.springframework.context.support.DefaultLifecycleProcessor@7c182454]
2016-02-03 20:29:31,602 DEBUG   main [org.springframework.beans.factory.support.DefaultListableBeanFactory] Returning cached instance of singleton bean 'lifecycleProcessor'
2016-02-03 20:29:31,603 TRACE   main [org.springframework.context.support.ClassPathXmlApplicationContext] Publishing event in org.springframework.context.support.ClassPathXmlApplicationContext@450faed3: org.springframework.context.event.ContextRefreshedEvent[source=org.springframework.context.support.ClassPathXmlApplicationContext@450faed3: startup date [Wed Feb 03 20:29:30 EST 2016]; root of context hierarchy]
2016-02-03 20:29:31,605 TRACE   main [org.springframework.core.env.PropertySourcesPropertyResolver] getProperty("spring.liveBeansView.mbeanDomain", String)
2016-02-03 20:29:31,606 DEBUG   main [org.springframework.core.env.PropertySourcesPropertyResolver] Searching for key 'spring.liveBeansView.mbeanDomain' in [systemProperties]
2016-02-03 20:29:31,606 DEBUG   main [org.springframework.core.env.PropertySourcesPropertyResolver] Searching for key 'spring.liveBeansView.mbeanDomain' in [systemEnvironment]
2016-02-03 20:29:31,606 DEBUG   main [org.springframework.core.env.PropertySourcesPropertyResolver] Could not find key 'spring.liveBeansView.mbeanDomain' in any property source. Returning [null]
2016-02-03 20:29:31,606 INFO   main [ldap.advance.example.test.LdapApp] Test started at Wed Feb 03 20:29:30 EST 2016
2016-02-03 20:29:31,606 DEBUG   main [org.springframework.beans.factory.support.DefaultListableBeanFactory] Returning cached instance of singleton bean 'userReposImpl'
2016-02-03 20:29:31,607 INFO   main [ldap.advance.example.UserRepositoryImpl] executing {createUser}
2016-02-03 20:29:32,582 INFO   main [ldap.advance.example.test.LdapApp] 
 =>true
2016-02-03 20:29:32,624 INFO   main [ldap.advance.example.test.LdapApp] 
 =>[User [uid=admin, cn=system administrator, sn=administrator, userPassword=secret, ], User [uid=tahsan, cn=Tariq Ahsan, sn=Ahsan, userPassword={sha}nBLtm0Ej/mJG4VZYEu/b+7fQ2YU=, ], User [uid=jsoule, cn=Joseph Soule, sn=Soule, ], User [uid=jdoe, cn=John Doe, sn=Doe, userPassword={SSHA}F04/pvCWN8a1NJshxa/XIzrNqH7F89MTgn3J6A==, ], User [uid=awadsworth, cn=Anthony Wadsworth, sn=Wadsworth, ], User [uid=fahsan, cn=Farzeen Ahsan, sn=Ahsan, ], User [uid=awadsworth, cn=Anthony Wadsworth, sn=Wadsworth, ], User [uid=tahsan, cn=tahsan, sn=Ahsan, userPassword={SHA}5en6G6MezRroT3XKqkdPOmY/BfQ=, ], User [uid=spring_ldap_test, cn=spring_ldap_test, sn=spring_ldap_test, userPassword={SSHA}p5Yy01ybmva64IeKqwF8nCNMFG2BzZgZDEwSCw==, postalAddress=spring_ldap_test, telephoneNumber=9830098301]]
2016-02-03 20:29:32,625 INFO   main [ldap.advance.example.UserRepositoryImpl] executing {getAllUserNames}
2016-02-03 20:29:32,636 INFO   main [ldap.advance.example.UserRepositoryImpl] Users -> [uid=tahsan, uid=awadsworth, uid=jdoe, uid=spring_ldap_test]
2016-02-03 20:29:32,676 INFO   main [ldap.advance.example.test.LdapApp] 
 =>[cn: Tariq Ahsan, cn: Anthony Wadsworth, cn: John Doe, cn: spring_ldap_test]
2016-02-03 20:29:32,676 INFO   main [org.springframework.context.support.ClassPathXmlApplicationContext] Refreshing org.springframework.context.support.ClassPathXmlApplicationContext@450faed3: startup date [Wed Feb 03 20:29:32 EST 2016]; root of context hierarchy
2016-02-03 20:29:32,676 DEBUG   main [org.springframework.beans.factory.support.DefaultListableBeanFactory] Destroying singletons in org.springframework.beans.factory.support.DefaultListableBeanFactory@5c5d9afc: defining beans [userRepositoryImpl,org.springframework.context.annotation.internalConfigurationAnnotationProcessor,org.springframework.context.annotation.internalAutowiredAnnotationProcessor,org.springframework.context.annotation.internalRequiredAnnotationProcessor,org.springframework.context.annotation.internalCommonAnnotationProcessor,simpleDirContextAuthenticationStrategy,userReposImpl,contextSource,ldapTemplate,org.springframework.context.annotation.ConfigurationClassPostProcessor.importAwareProcessor,org.springframework.context.annotation.ConfigurationClassPostProcessor.enhancedConfigurationProcessor]; root of factory hierarchy
2016-02-03 20:29:32,677 DEBUG   main [org.springframework.beans.factory.support.DefaultListableBeanFactory] Retrieved dependent beans for bean '(inner bean)#1f5ffded': [contextSource]
2016-02-03 20:29:32,677 DEBUG   main [org.springframework.beans.factory.support.DefaultListableBeanFactory] Retrieved dependent beans for bean '(inner bean)#6c7733eb': [(inner bean)#1f5ffded]
2016-02-03 20:29:32,678 DEBUG   main [org.springframework.core.env.StandardEnvironment] Adding [systemProperties] PropertySource with lowest search precedence
2016-02-03 20:29:32,678 DEBUG   main [org.springframework.core.env.StandardEnvironment] Adding [systemEnvironment] PropertySource with lowest search precedence
2016-02-03 20:29:32,679 DEBUG   main [org.springframework.core.env.StandardEnvironment] Initialized StandardEnvironment with PropertySources [systemProperties,systemEnvironment]
2016-02-03 20:29:32,679 INFO   main [org.springframework.beans.factory.xml.XmlBeanDefinitionReader] Loading XML bean definitions from class path resource [spring-ldap-example.xml]
2016-02-03 20:29:32,681 DEBUG   main [org.springframework.beans.factory.xml.DefaultDocumentLoader] Using JAXP provider [com.sun.org.apache.xerces.internal.jaxp.DocumentBuilderFactoryImpl]
2016-02-03 20:29:32,695 TRACE   main [org.springframework.beans.factory.xml.PluggableSchemaResolver] Trying to resolve XML entity with public id [null] and system id [http://www.springframework.org/schema/beans/spring-beans.xsd]
2016-02-03 20:29:32,696 DEBUG   main [org.springframework.beans.factory.xml.PluggableSchemaResolver] Loading schema mappings from [META-INF/spring.schemas]
2016-02-03 20:29:32,703 DEBUG   main [org.springframework.beans.factory.xml.PluggableSchemaResolver] Loaded schema mappings: {http://www.springframework.org/schema/tx/spring-tx-2.5.xsd=org/springframework/transaction/config/spring-tx-2.5.xsd, http://www.springframework.org/schema/cache/spring-cache-4.2.xsd=org/springframework/cache/config/spring-cache-4.2.xsd, http://www.springframework.org/schema/aop/spring-aop-4.1.xsd=org/springframework/aop/config/spring-aop-4.1.xsd, http://www.springframework.org/schema/context/spring-context-3.1.xsd=org/springframework/context/config/spring-context-3.1.xsd, http://www.springframework.org/schema/data/repository/spring-repository-1.4.xsd=org/springframework/data/repository/config/spring-repository-1.4.xsd, http://www.springframework.org/schema/util/spring-util-3.0.xsd=org/springframework/beans/factory/xml/spring-util-3.0.xsd, http://www.springframework.org/schema/tool/spring-tool.xsd=org/springframework/beans/factory/xml/spring-tool-4.2.xsd, http://www.springframework.org/schema/aop/spring-aop-3.2.xsd=org/springframework/aop/config/spring-aop-3.2.xsd, http://www.springframework.org/schema/lang/spring-lang-4.1.xsd=org/springframework/scripting/config/spring-lang-4.1.xsd, http://www.springframework.org/schema/context/spring-context-4.0.xsd=org/springframework/context/config/spring-context-4.0.xsd, http://www.springframework.org/schema/beans/spring-beans-4.2.xsd=org/springframework/beans/factory/xml/spring-beans-4.2.xsd, http://www.springframework.org/schema/tool/spring-tool-4.1.xsd=org/springframework/beans/factory/xml/spring-tool-4.1.xsd, http://www.springframework.org/schema/lang/spring-lang-3.2.xsd=org/springframework/scripting/config/spring-lang-3.2.xsd, http://www.springframework.org/schema/cache/spring-cache-3.2.xsd=org/springframework/cache/config/spring-cache-3.2.xsd, http://www.springframework.org/schema/jee/spring-jee-4.1.xsd=org/springframework/ejb/config/spring-jee-4.1.xsd, http://www.springframework.org/schema/task/spring-task-4.2.xsd=org/springframework/scheduling/config/spring-task-4.2.xsd, http://www.springframework.org/schema/util/spring-util-2.0.xsd=org/springframework/beans/factory/xml/spring-util-2.0.xsd, http://www.springframework.org/schema/tool/spring-tool-3.2.xsd=org/springframework/beans/factory/xml/spring-tool-3.2.xsd, http://www.springframework.org/schema/context/spring-context.xsd=org/springframework/context/config/spring-context-4.2.xsd, http://www.springframework.org/schema/tx/spring-tx-4.2.xsd=org/springframework/transaction/config/spring-tx-4.2.xsd, http://www.springframework.org/schema/cache/spring-cache-4.1.xsd=org/springframework/cache/config/spring-cache-4.1.xsd, http://www.springframework.org/schema/aop/spring-aop-4.0.xsd=org/springframework/aop/config/spring-aop-4.0.xsd, http://www.springframework.org/schema/jee/spring-jee-3.2.xsd=org/springframework/ejb/config/spring-jee-3.2.xsd, http://www.springframework.org/schema/context/spring-context-3.0.xsd=org/springframework/context/config/spring-context-3.0.xsd, http://www.springframework.org/schema/util/spring-util-2.5.xsd=org/springframework/beans/factory/xml/spring-util-2.5.xsd, http://www.springframework.org/schema/beans/spring-beans-3.2.xsd=org/springframework/beans/factory/xml/spring-beans-3.2.xsd, http://www.springframework.org/schema/aop/spring-aop-3.1.xsd=org/springframework/aop/config/spring-aop-3.1.xsd, http://www.springframework.org/schema/ldap/spring-ldap-2.0.xsd=org/springframework/ldap/config/spring-ldap-2.0.xsd, http://www.springframework.org/schema/lang/spring-lang-4.0.xsd=org/springframework/scripting/config/spring-lang-4.0.xsd, http://www.springframework.org/schema/beans/spring-beans-4.1.xsd=org/springframework/beans/factory/xml/spring-beans-4.1.xsd, http://www.springframework.org/schema/tool/spring-tool-4.0.xsd=org/springframework/beans/factory/xml/spring-tool-4.0.xsd, http://www.springframework.org/schema/tx/spring-tx-3.2.xsd=org/springframework/transaction/config/spring-tx-3.2.xsd, http://www.springframework.org/schema/lang/spring-lang-3.1.xsd=org/springframework/scripting/config/spring-lang-3.1.xsd, http://www.springframework.org/schema/cache/spring-cache-3.1.xsd=org/springframework/cache/config/spring-cache-3.1.xsd, http://www.springframework.org/schema/jee/spring-jee-4.0.xsd=org/springframework/ejb/config/spring-jee-4.0.xsd, http://www.springframework.org/schema/task/spring-task-4.1.xsd=org/springframework/scheduling/config/spring-task-4.1.xsd, http://www.springframework.org/schema/tool/spring-tool-3.1.xsd=org/springframework/beans/factory/xml/spring-tool-3.1.xsd, http://www.springframework.org/schema/tx/spring-tx-4.1.xsd=org/springframework/transaction/config/spring-tx-4.1.xsd, http://www.springframework.org/schema/cache/spring-cache-4.0.xsd=org/springframework/cache/config/spring-cache-4.0.xsd, http://www.springframework.org/schema/jee/spring-jee-3.1.xsd=org/springframework/ejb/config/spring-jee-3.1.xsd, http://www.springframework.org/schema/task/spring-task-3.2.xsd=org/springframework/scheduling/config/spring-task-3.2.xsd, http://www.springframework.org/schema/util/spring-util-4.2.xsd=org/springframework/beans/factory/xml/spring-util-4.2.xsd, http://www.springframework.org/schema/beans/spring-beans-3.1.xsd=org/springframework/beans/factory/xml/spring-beans-3.1.xsd, http://www.springframework.org/schema/util/spring-util.xsd=org/springframework/beans/factory/xml/spring-util-4.2.xsd, http://www.springframework.org/schema/aop/spring-aop-3.0.xsd=org/springframework/aop/config/spring-aop-3.0.xsd, http://www.springframework.org/schema/data/repository/spring-repository.xsd=org/springframework/data/repository/config/spring-repository-1.7.xsd, http://www.springframework.org/schema/data/repository/spring-repository-1.7.xsd=org/springframework/data/repository/config/spring-repository-1.7.xsd, http://www.springframework.org/schema/ldap/spring-ldap.xsd=org/springframework/ldap/config/spring-ldap-2.0.xsd, http://www.springframework.org/schema/beans/spring-beans-4.0.xsd=org/springframework/beans/factory/xml/spring-beans-4.0.xsd, http://www.springframework.org/schema/beans/spring-beans.xsd=org/springframework/beans/factory/xml/spring-beans-4.2.xsd, http://www.springframework.org/schema/tx/spring-tx-3.1.xsd=org/springframework/transaction/config/spring-tx-3.1.xsd, http://www.springframework.org/schema/lang/spring-lang-3.0.xsd=org/springframework/scripting/config/spring-lang-3.0.xsd, http://www.springframework.org/schema/context/spring-context-2.5.xsd=org/springframework/context/config/spring-context-2.5.xsd, http://www.springframework.org/schema/task/spring-task-4.0.xsd=org/springframework/scheduling/config/spring-task-4.0.xsd, http://www.springframework.org/schema/tool/spring-tool-3.0.xsd=org/springframework/beans/factory/xml/spring-tool-3.0.xsd, http://www.springframework.org/schema/tx/spring-tx-4.0.xsd=org/springframework/transaction/config/spring-tx-4.0.xsd, http://www.springframework.org/schema/aop/spring-aop-2.0.xsd=org/springframework/aop/config/spring-aop-2.0.xsd, http://www.springframework.org/schema/jee/spring-jee-3.0.xsd=org/springframework/ejb/config/spring-jee-3.0.xsd, http://www.springframework.org/schema/util/spring-util-4.1.xsd=org/springframework/beans/factory/xml/spring-util-4.1.xsd, http://www.springframework.org/schema/task/spring-task-3.1.xsd=org/springframework/scheduling/config/spring-task-3.1.xsd, http://www.springframework.org/schema/beans/spring-beans-3.0.xsd=org/springframework/beans/factory/xml/spring-beans-3.0.xsd, http://www.springframework.org/schema/jee/spring-jee.xsd=org/springframework/ejb/config/spring-jee-4.2.xsd, http://www.springframework.org/schema/aop/spring-aop-2.5.xsd=org/springframework/aop/config/spring-aop-2.5.xsd, http://www.springframework.org/schema/lang/spring-lang-2.0.xsd=org/springframework/scripting/config/spring-lang-2.0.xsd, http://www.springframework.org/schema/data/repository/spring-repository-1.6.xsd=org/springframework/data/repository/config/spring-repository-1.6.xsd, http://www.springframework.org/schema/util/spring-util-3.2.xsd=org/springframework/beans/factory/xml/spring-util-3.2.xsd, http://www.springframework.org/schema/task/spring-task.xsd=org/springframework/scheduling/config/spring-task-4.2.xsd, http://www.springframework.org/schema/tool/spring-tool-2.0.xsd=org/springframework/beans/factory/xml/spring-tool-2.0.xsd, http://www.springframework.org/schema/tx/spring-tx-3.0.xsd=org/springframework/transaction/config/spring-tx-3.0.xsd, http://www.springframework.org/schema/lang/spring-lang-2.5.xsd=org/springframework/scripting/config/spring-lang-2.5.xsd, http://www.springframework.org/schema/context/spring-context-4.2.xsd=org/springframework/context/config/spring-context-4.2.xsd, http://www.springframework.org/schema/jee/spring-jee-2.0.xsd=org/springframework/ejb/config/spring-jee-2.0.xsd, http://www.springframework.org/schema/tool/spring-tool-2.5.xsd=org/springframework/beans/factory/xml/spring-tool-2.5.xsd, http://www.springframework.org/schema/jee/spring-jee-2.5.xsd=org/springframework/ejb/config/spring-jee-2.5.xsd, http://www.springframework.org/schema/data/repository/spring-repository-1.0.xsd=org/springframework/data/repository/config/spring-repository-1.0.xsd, http://www.springframework.org/schema/util/spring-util-4.0.xsd=org/springframework/beans/factory/xml/spring-util-4.0.xsd, http://www.springframework.org/schema/task/spring-task-3.0.xsd=org/springframework/scheduling/config/spring-task-3.0.xsd, http://www.springframework.org/schema/aop/spring-aop-4.2.xsd=org/springframework/aop/config/spring-aop-4.2.xsd, http://www.springframework.org/schema/lang/spring-lang.xsd=org/springframework/scripting/config/spring-lang-4.2.xsd, http://www.springframework.org/schema/context/spring-context-3.2.xsd=org/springframework/context/config/spring-context-3.2.xsd, http://www.springframework.org/schema/data/repository/spring-repository-1.5.xsd=org/springframework/data/repository/config/spring-repository-1.5.xsd, http://www.springframework.org/schema/util/spring-util-3.1.xsd=org/springframework/beans/factory/xml/spring-util-3.1.xsd, http://www.springframework.org/schema/beans/spring-beans-2.0.xsd=org/springframework/beans/factory/xml/spring-beans-2.0.xsd, http://www.springframework.org/schema/cache/spring-cache.xsd=org/springframework/cache/config/spring-cache-4.2.xsd, http://www.springframework.org/schema/tx/spring-tx.xsd=org/springframework/transaction/config/spring-tx-4.2.xsd, http://www.springframework.org/schema/lang/spring-lang-4.2.xsd=org/springframework/scripting/config/spring-lang-4.2.xsd, http://www.springframework.org/schema/context/spring-context-4.1.xsd=org/springframework/context/config/spring-context-4.1.xsd, http://www.springframework.org/schema/beans/spring-beans-2.5.xsd=org/springframework/beans/factory/xml/spring-beans-2.5.xsd, http://www.springframework.org/schema/tool/spring-tool-4.2.xsd=org/springframework/beans/factory/xml/spring-tool-4.2.xsd, http://www.springframework.org/schema/tx/spring-tx-2.0.xsd=org/springframework/transaction/config/spring-tx-2.0.xsd, http://www.springframework.org/schema/jee/spring-jee-4.2.xsd=org/springframework/ejb/config/spring-jee-4.2.xsd, http://www.springframework.org/schema/aop/spring-aop.xsd=org/springframework/aop/config/spring-aop-4.2.xsd}
2016-02-03 20:29:32,704 DEBUG   main [org.springframework.beans.factory.xml.PluggableSchemaResolver] Found XML schema [http://www.springframework.org/schema/beans/spring-beans.xsd] in classpath: org/springframework/beans/factory/xml/spring-beans-4.2.xsd
2016-02-03 20:29:32,724 TRACE   main [org.springframework.beans.factory.xml.PluggableSchemaResolver] Trying to resolve XML entity with public id [null] and system id [http://www.springframework.org/schema/context/spring-context.xsd]
2016-02-03 20:29:32,725 DEBUG   main [org.springframework.beans.factory.xml.PluggableSchemaResolver] Found XML schema [http://www.springframework.org/schema/context/spring-context.xsd] in classpath: org/springframework/context/config/spring-context-4.2.xsd
2016-02-03 20:29:32,731 TRACE   main [org.springframework.beans.factory.xml.PluggableSchemaResolver] Trying to resolve XML entity with public id [null] and system id [http://www.springframework.org/schema/tool/spring-tool-4.2.xsd]
2016-02-03 20:29:32,733 DEBUG   main [org.springframework.beans.factory.xml.PluggableSchemaResolver] Found XML schema [http://www.springframework.org/schema/tool/spring-tool-4.2.xsd] in classpath: org/springframework/beans/factory/xml/spring-tool-4.2.xsd
2016-02-03 20:29:32,740 TRACE   main [org.springframework.beans.factory.xml.PluggableSchemaResolver] Trying to resolve XML entity with public id [null] and system id [http://www.springframework.org/schema/ldap/spring-ldap.xsd]
2016-02-03 20:29:32,740 DEBUG   main [org.springframework.beans.factory.xml.PluggableSchemaResolver] Found XML schema [http://www.springframework.org/schema/ldap/spring-ldap.xsd] in classpath: org/springframework/ldap/config/spring-ldap-2.0.xsd
2016-02-03 20:29:32,745 TRACE   main [org.springframework.beans.factory.xml.PluggableSchemaResolver] Trying to resolve XML entity with public id [null] and system id [http://www.springframework.org/schema/data/repository/spring-repository.xsd]
2016-02-03 20:29:32,746 DEBUG   main [org.springframework.beans.factory.xml.PluggableSchemaResolver] Found XML schema [http://www.springframework.org/schema/data/repository/spring-repository.xsd] in classpath: org/springframework/data/repository/config/spring-repository-1.7.xsd
2016-02-03 20:29:32,755 DEBUG   main [org.springframework.beans.factory.xml.DefaultBeanDefinitionDocumentReader] Loading bean definitions
2016-02-03 20:29:32,758 DEBUG   main [org.springframework.beans.factory.xml.DefaultNamespaceHandlerResolver] Loaded NamespaceHandler mappings: {http://www.springframework.org/schema/p=org.springframework.beans.factory.xml.SimplePropertyNamespaceHandler, http://www.springframework.org/schema/util=org.springframework.beans.factory.xml.UtilNamespaceHandler, http://www.springframework.org/schema/jee=org.springframework.ejb.config.JeeNamespaceHandler, http://www.springframework.org/schema/aop=org.springframework.aop.config.AopNamespaceHandler, http://www.springframework.org/schema/data/repository=org.springframework.data.repository.config.RepositoryNameSpaceHandler, http://www.springframework.org/schema/cache=org.springframework.cache.config.CacheNamespaceHandler, http://www.springframework.org/schema/c=org.springframework.beans.factory.xml.SimpleConstructorNamespaceHandler, http://www.springframework.org/schema/ldap=org.springframework.ldap.config.LdapNamespaceHandler, http://www.springframework.org/schema/tx=org.springframework.transaction.config.TxNamespaceHandler, http://www.springframework.org/schema/task=org.springframework.scheduling.config.TaskNamespaceHandler, http://www.springframework.org/schema/lang=org.springframework.scripting.config.LangNamespaceHandler, http://www.springframework.org/schema/context=org.springframework.context.config.ContextNamespaceHandler}
2016-02-03 20:29:32,761 DEBUG   main [org.springframework.core.env.StandardEnvironment] Adding [systemProperties] PropertySource with lowest search precedence
2016-02-03 20:29:32,762 DEBUG   main [org.springframework.core.env.StandardEnvironment] Adding [systemEnvironment] PropertySource with lowest search precedence
2016-02-03 20:29:32,763 DEBUG   main [org.springframework.core.env.StandardEnvironment] Initialized StandardEnvironment with PropertySources [systemProperties,systemEnvironment]
2016-02-03 20:29:32,765 DEBUG   main [org.springframework.core.io.support.PathMatchingResourcePatternResolver] Looking for matching resources in directory tree [C:\Eclipse\workspace\spring-ldap-example\bin\ldap\advance\example]
2016-02-03 20:29:32,768 DEBUG   main [org.springframework.core.io.support.PathMatchingResourcePatternResolver] Searching directory [C:\Eclipse\workspace\spring-ldap-example\bin\ldap\advance\example] for files matching pattern [C:/Eclipse/workspace/spring-ldap-example/bin/ldap/advance/example/**/*.class]
2016-02-03 20:29:32,771 DEBUG   main [org.springframework.core.io.support.PathMatchingResourcePatternResolver] Searching directory [C:\Eclipse\workspace\spring-ldap-example\bin\ldap\advance\example\test] for files matching pattern [C:/Eclipse/workspace/spring-ldap-example/bin/ldap/advance/example/**/*.class]
2016-02-03 20:29:32,774 DEBUG   main [org.springframework.core.io.support.PathMatchingResourcePatternResolver] Resolved location pattern [classpath*:ldap/advance/example/**/*.class] to resources [file [C:\Eclipse\workspace\spring-ldap-example\bin\ldap\advance\example\test\LdapApp.class], file [C:\Eclipse\workspace\spring-ldap-example\bin\ldap\advance\example\User.class], file [C:\Eclipse\workspace\spring-ldap-example\bin\ldap\advance\example\UserRepositoryImpl$MultipleAttributesMapper.class], file [C:\Eclipse\workspace\spring-ldap-example\bin\ldap\advance\example\UserRepositoryImpl$SingleAttributesMapper.class], file [C:\Eclipse\workspace\spring-ldap-example\bin\ldap\advance\example\UserRepositoryImpl$UserAttributesMapper.class], file [C:\Eclipse\workspace\spring-ldap-example\bin\ldap\advance\example\UserRepositoryImpl.class], file [C:\Eclipse\workspace\spring-ldap-example\bin\ldap\advance\example\UserRepositoryIntf.class]]
2016-02-03 20:29:32,774 TRACE   main [org.springframework.context.annotation.ClassPathBeanDefinitionScanner] Scanning file [C:\Eclipse\workspace\spring-ldap-example\bin\ldap\advance\example\test\LdapApp.class]
2016-02-03 20:29:32,777 TRACE   main [org.springframework.context.annotation.ClassPathBeanDefinitionScanner] Ignored because not matching any filter: file [C:\Eclipse\workspace\spring-ldap-example\bin\ldap\advance\example\test\LdapApp.class]
2016-02-03 20:29:32,779 TRACE   main [org.springframework.context.annotation.ClassPathBeanDefinitionScanner] Scanning file [C:\Eclipse\workspace\spring-ldap-example\bin\ldap\advance\example\User.class]
2016-02-03 20:29:32,781 TRACE   main [org.springframework.context.annotation.ClassPathBeanDefinitionScanner] Ignored because not matching any filter: file [C:\Eclipse\workspace\spring-ldap-example\bin\ldap\advance\example\User.class]
2016-02-03 20:29:32,781 TRACE   main [org.springframework.context.annotation.ClassPathBeanDefinitionScanner] Scanning file [C:\Eclipse\workspace\spring-ldap-example\bin\ldap\advance\example\UserRepositoryImpl$MultipleAttributesMapper.class]
2016-02-03 20:29:32,782 TRACE   main [org.springframework.context.annotation.ClassPathBeanDefinitionScanner] Ignored because not matching any filter: file [C:\Eclipse\workspace\spring-ldap-example\bin\ldap\advance\example\UserRepositoryImpl$MultipleAttributesMapper.class]
2016-02-03 20:29:32,782 TRACE   main [org.springframework.context.annotation.ClassPathBeanDefinitionScanner] Scanning file [C:\Eclipse\workspace\spring-ldap-example\bin\ldap\advance\example\UserRepositoryImpl$SingleAttributesMapper.class]
2016-02-03 20:29:32,783 TRACE   main [org.springframework.context.annotation.ClassPathBeanDefinitionScanner] Ignored because not matching any filter: file [C:\Eclipse\workspace\spring-ldap-example\bin\ldap\advance\example\UserRepositoryImpl$SingleAttributesMapper.class]
2016-02-03 20:29:32,783 TRACE   main [org.springframework.context.annotation.ClassPathBeanDefinitionScanner] Scanning file [C:\Eclipse\workspace\spring-ldap-example\bin\ldap\advance\example\UserRepositoryImpl$UserAttributesMapper.class]
2016-02-03 20:29:32,784 TRACE   main [org.springframework.context.annotation.ClassPathBeanDefinitionScanner] Ignored because not matching any filter: file [C:\Eclipse\workspace\spring-ldap-example\bin\ldap\advance\example\UserRepositoryImpl$UserAttributesMapper.class]
2016-02-03 20:29:32,785 TRACE   main [org.springframework.context.annotation.ClassPathBeanDefinitionScanner] Scanning file [C:\Eclipse\workspace\spring-ldap-example\bin\ldap\advance\example\UserRepositoryImpl.class]
2016-02-03 20:29:32,787 DEBUG   main [org.springframework.context.annotation.ClassPathBeanDefinitionScanner] Identified candidate component class: file [C:\Eclipse\workspace\spring-ldap-example\bin\ldap\advance\example\UserRepositoryImpl.class]
2016-02-03 20:29:32,787 TRACE   main [org.springframework.context.annotation.ClassPathBeanDefinitionScanner] Scanning file [C:\Eclipse\workspace\spring-ldap-example\bin\ldap\advance\example\UserRepositoryIntf.class]
2016-02-03 20:29:32,788 TRACE   main [org.springframework.context.annotation.ClassPathBeanDefinitionScanner] Ignored because not matching any filter: file [C:\Eclipse\workspace\spring-ldap-example\bin\ldap\advance\example\UserRepositoryIntf.class]
2016-02-03 20:29:32,790 DEBUG   main [org.springframework.beans.factory.xml.XmlBeanDefinitionReader] Loaded 9 bean definitions from location pattern [spring-ldap-example.xml]
2016-02-03 20:29:32,791 DEBUG   main [org.springframework.context.support.ClassPathXmlApplicationContext] Bean factory for org.springframework.context.support.ClassPathXmlApplicationContext@450faed3: org.springframework.beans.factory.support.DefaultListableBeanFactory@fed27f0: defining beans [userRepositoryImpl,org.springframework.context.annotation.internalConfigurationAnnotationProcessor,org.springframework.context.annotation.internalAutowiredAnnotationProcessor,org.springframework.context.annotation.internalRequiredAnnotationProcessor,org.springframework.context.annotation.internalCommonAnnotationProcessor,simpleDirContextAuthenticationStrategy,userReposImpl,contextSource,ldapTemplate]; root of factory hierarchy
2016-02-03 20:29:32,795 DEBUG   main [org.springframework.beans.factory.support.DefaultListableBeanFactory] Creating shared instance of singleton bean 'org.springframework.context.annotation.internalConfigurationAnnotationProcessor'
2016-02-03 20:29:32,796 DEBUG   main [org.springframework.beans.factory.support.DefaultListableBeanFactory] Creating instance of bean 'org.springframework.context.annotation.internalConfigurationAnnotationProcessor'
2016-02-03 20:29:32,796 DEBUG   main [org.springframework.beans.factory.support.DefaultListableBeanFactory] Eagerly caching bean 'org.springframework.context.annotation.internalConfigurationAnnotationProcessor' to allow for resolving potential circular references
2016-02-03 20:29:32,796 DEBUG   main [org.springframework.beans.factory.support.DefaultListableBeanFactory] Finished creating instance of bean 'org.springframework.context.annotation.internalConfigurationAnnotationProcessor'
2016-02-03 20:29:32,818 DEBUG   main [org.springframework.beans.factory.support.DefaultListableBeanFactory] Creating shared instance of singleton bean 'org.springframework.context.annotation.internalAutowiredAnnotationProcessor'
2016-02-03 20:29:32,819 DEBUG   main [org.springframework.beans.factory.support.DefaultListableBeanFactory] Creating instance of bean 'org.springframework.context.annotation.internalAutowiredAnnotationProcessor'
2016-02-03 20:29:32,819 DEBUG   main [org.springframework.beans.factory.support.DefaultListableBeanFactory] Eagerly caching bean 'org.springframework.context.annotation.internalAutowiredAnnotationProcessor' to allow for resolving potential circular references
2016-02-03 20:29:32,820 DEBUG   main [org.springframework.beans.factory.support.DefaultListableBeanFactory] Finished creating instance of bean 'org.springframework.context.annotation.internalAutowiredAnnotationProcessor'
2016-02-03 20:29:32,820 DEBUG   main [org.springframework.beans.factory.support.DefaultListableBeanFactory] Creating shared instance of singleton bean 'org.springframework.context.annotation.internalRequiredAnnotationProcessor'
2016-02-03 20:29:32,820 DEBUG   main [org.springframework.beans.factory.support.DefaultListableBeanFactory] Creating instance of bean 'org.springframework.context.annotation.internalRequiredAnnotationProcessor'
2016-02-03 20:29:32,820 DEBUG   main [org.springframework.beans.factory.support.DefaultListableBeanFactory] Eagerly caching bean 'org.springframework.context.annotation.internalRequiredAnnotationProcessor' to allow for resolving potential circular references
2016-02-03 20:29:32,820 DEBUG   main [org.springframework.beans.factory.support.DefaultListableBeanFactory] Finished creating instance of bean 'org.springframework.context.annotation.internalRequiredAnnotationProcessor'
2016-02-03 20:29:32,820 DEBUG   main [org.springframework.beans.factory.support.DefaultListableBeanFactory] Creating shared instance of singleton bean 'org.springframework.context.annotation.internalCommonAnnotationProcessor'
2016-02-03 20:29:32,820 DEBUG   main [org.springframework.beans.factory.support.DefaultListableBeanFactory] Creating instance of bean 'org.springframework.context.annotation.internalCommonAnnotationProcessor'
2016-02-03 20:29:32,821 DEBUG   main [org.springframework.beans.factory.support.DefaultListableBeanFactory] Eagerly caching bean 'org.springframework.context.annotation.internalCommonAnnotationProcessor' to allow for resolving potential circular references
2016-02-03 20:29:32,821 DEBUG   main [org.springframework.beans.factory.support.DefaultListableBeanFactory] Finished creating instance of bean 'org.springframework.context.annotation.internalCommonAnnotationProcessor'
2016-02-03 20:29:32,821 DEBUG   main [org.springframework.beans.factory.support.DefaultListableBeanFactory] Creating shared instance of singleton bean 'org.springframework.context.annotation.ConfigurationClassPostProcessor.importAwareProcessor'
2016-02-03 20:29:32,822 DEBUG   main [org.springframework.beans.factory.support.DefaultListableBeanFactory] Creating instance of bean 'org.springframework.context.annotation.ConfigurationClassPostProcessor.importAwareProcessor'
2016-02-03 20:29:32,822 DEBUG   main [org.springframework.beans.factory.support.DefaultListableBeanFactory] Eagerly caching bean 'org.springframework.context.annotation.ConfigurationClassPostProcessor.importAwareProcessor' to allow for resolving potential circular references
2016-02-03 20:29:32,822 DEBUG   main [org.springframework.beans.factory.support.DefaultListableBeanFactory] Finished creating instance of bean 'org.springframework.context.annotation.ConfigurationClassPostProcessor.importAwareProcessor'
2016-02-03 20:29:32,823 DEBUG   main [org.springframework.beans.factory.support.DefaultListableBeanFactory] Creating shared instance of singleton bean 'org.springframework.context.annotation.ConfigurationClassPostProcessor.enhancedConfigurationProcessor'
2016-02-03 20:29:32,823 DEBUG   main [org.springframework.beans.factory.support.DefaultListableBeanFactory] Creating instance of bean 'org.springframework.context.annotation.ConfigurationClassPostProcessor.enhancedConfigurationProcessor'
2016-02-03 20:29:32,823 DEBUG   main [org.springframework.beans.factory.support.DefaultListableBeanFactory] Eagerly caching bean 'org.springframework.context.annotation.ConfigurationClassPostProcessor.enhancedConfigurationProcessor' to allow for resolving potential circular references
2016-02-03 20:29:32,823 DEBUG   main [org.springframework.beans.factory.support.DefaultListableBeanFactory] Finished creating instance of bean 'org.springframework.context.annotation.ConfigurationClassPostProcessor.enhancedConfigurationProcessor'
2016-02-03 20:29:32,824 DEBUG   main [org.springframework.context.support.ClassPathXmlApplicationContext] Unable to locate MessageSource with name 'messageSource': using default [org.springframework.context.support.DelegatingMessageSource@3397a6b5]
2016-02-03 20:29:32,825 DEBUG   main [org.springframework.context.support.ClassPathXmlApplicationContext] Unable to locate ApplicationEventMulticaster with name 'applicationEventMulticaster': using default [org.springframework.context.event.SimpleApplicationEventMulticaster@2941cf89]
2016-02-03 20:29:32,826 DEBUG   main [org.springframework.beans.factory.support.DefaultListableBeanFactory] Pre-instantiating singletons in org.springframework.beans.factory.support.DefaultListableBeanFactory@fed27f0: defining beans [userRepositoryImpl,org.springframework.context.annotation.internalConfigurationAnnotationProcessor,org.springframework.context.annotation.internalAutowiredAnnotationProcessor,org.springframework.context.annotation.internalRequiredAnnotationProcessor,org.springframework.context.annotation.internalCommonAnnotationProcessor,simpleDirContextAuthenticationStrategy,userReposImpl,contextSource,ldapTemplate,org.springframework.context.annotation.ConfigurationClassPostProcessor.importAwareProcessor,org.springframework.context.annotation.ConfigurationClassPostProcessor.enhancedConfigurationProcessor]; root of factory hierarchy
2016-02-03 20:29:32,827 DEBUG   main [org.springframework.beans.factory.support.DefaultListableBeanFactory] Creating shared instance of singleton bean 'userRepositoryImpl'
2016-02-03 20:29:32,827 DEBUG   main [org.springframework.beans.factory.support.DefaultListableBeanFactory] Creating instance of bean 'userRepositoryImpl'
2016-02-03 20:29:32,828 DEBUG   main [org.springframework.beans.factory.annotation.InjectionMetadata] Registered injected element on class [ldap.advance.example.UserRepositoryImpl]: AutowiredFieldElement for private org.springframework.ldap.core.LdapTemplate ldap.advance.example.UserRepositoryImpl.ldapTemplate
2016-02-03 20:29:32,828 DEBUG   main [org.springframework.beans.factory.support.DefaultListableBeanFactory] Eagerly caching bean 'userRepositoryImpl' to allow for resolving potential circular references
2016-02-03 20:29:32,829 DEBUG   main [org.springframework.beans.factory.annotation.InjectionMetadata] Processing injected element of bean 'userRepositoryImpl': AutowiredFieldElement for private org.springframework.ldap.core.LdapTemplate ldap.advance.example.UserRepositoryImpl.ldapTemplate
2016-02-03 20:29:32,829 DEBUG   main [org.springframework.beans.factory.support.DefaultListableBeanFactory] Creating shared instance of singleton bean 'ldapTemplate'
2016-02-03 20:29:32,830 DEBUG   main [org.springframework.beans.factory.support.DefaultListableBeanFactory] Creating instance of bean 'ldapTemplate'
2016-02-03 20:29:32,834 DEBUG   main [org.springframework.beans.factory.support.DefaultListableBeanFactory] Eagerly caching bean 'ldapTemplate' to allow for resolving potential circular references
2016-02-03 20:29:32,835 DEBUG   main [org.springframework.beans.factory.support.DefaultListableBeanFactory] Creating shared instance of singleton bean 'contextSource'
2016-02-03 20:29:32,835 DEBUG   main [org.springframework.beans.factory.support.DefaultListableBeanFactory] Creating instance of bean 'contextSource'
2016-02-03 20:29:32,835 DEBUG   main [org.springframework.beans.factory.support.DefaultListableBeanFactory] Creating instance of bean '(inner bean)#1fa04088'
2016-02-03 20:29:32,838 DEBUG   main [org.springframework.beans.factory.support.DefaultListableBeanFactory] Creating instance of bean '(inner bean)#51ecb0f0'
2016-02-03 20:29:32,840 DEBUG   main [org.springframework.beans.factory.support.DefaultListableBeanFactory] Finished creating instance of bean '(inner bean)#51ecb0f0'
2016-02-03 20:29:32,840 DEBUG   main [org.springframework.beans.factory.support.DefaultListableBeanFactory] Creating shared instance of singleton bean 'simpleDirContextAuthenticationStrategy'
2016-02-03 20:29:32,840 DEBUG   main [org.springframework.beans.factory.support.DefaultListableBeanFactory] Creating instance of bean 'simpleDirContextAuthenticationStrategy'
2016-02-03 20:29:32,841 DEBUG   main [org.springframework.beans.factory.support.DefaultListableBeanFactory] Eagerly caching bean 'simpleDirContextAuthenticationStrategy' to allow for resolving potential circular references
2016-02-03 20:29:32,841 DEBUG   main [org.springframework.beans.factory.support.DefaultListableBeanFactory] Finished creating instance of bean 'simpleDirContextAuthenticationStrategy'
2016-02-03 20:29:32,841 DEBUG   main [org.springframework.beans.factory.support.DefaultListableBeanFactory] Invoking afterPropertiesSet() on bean with name '(inner bean)#1fa04088'
2016-02-03 20:29:32,842 DEBUG   main [org.springframework.beans.factory.support.DefaultListableBeanFactory] Finished creating instance of bean '(inner bean)#1fa04088'
2016-02-03 20:29:32,844 DEBUG   main [org.springframework.beans.factory.support.DefaultListableBeanFactory] Eagerly caching bean 'contextSource' to allow for resolving potential circular references
2016-02-03 20:29:32,845 DEBUG   main [org.springframework.beans.factory.support.DefaultListableBeanFactory] Finished creating instance of bean 'contextSource'
2016-02-03 20:29:32,845 DEBUG   main [org.springframework.beans.factory.support.DefaultListableBeanFactory] Invoking afterPropertiesSet() on bean with name 'ldapTemplate'
2016-02-03 20:29:32,845 DEBUG   main [org.springframework.beans.factory.support.DefaultListableBeanFactory] Finished creating instance of bean 'ldapTemplate'
2016-02-03 20:29:32,845 DEBUG   main [org.springframework.beans.factory.annotation.AutowiredAnnotationBeanPostProcessor] Autowiring by type from bean name 'userRepositoryImpl' to bean named 'ldapTemplate'
2016-02-03 20:29:32,846 DEBUG   main [org.springframework.beans.factory.support.DefaultListableBeanFactory] Finished creating instance of bean 'userRepositoryImpl'
2016-02-03 20:29:32,846 DEBUG   main [org.springframework.beans.factory.support.DefaultListableBeanFactory] Returning cached instance of singleton bean 'org.springframework.context.annotation.internalConfigurationAnnotationProcessor'
2016-02-03 20:29:32,846 DEBUG   main [org.springframework.beans.factory.support.DefaultListableBeanFactory] Returning cached instance of singleton bean 'org.springframework.context.annotation.internalAutowiredAnnotationProcessor'
2016-02-03 20:29:32,846 DEBUG   main [org.springframework.beans.factory.support.DefaultListableBeanFactory] Returning cached instance of singleton bean 'org.springframework.context.annotation.internalRequiredAnnotationProcessor'
2016-02-03 20:29:32,846 DEBUG   main [org.springframework.beans.factory.support.DefaultListableBeanFactory] Returning cached instance of singleton bean 'org.springframework.context.annotation.internalCommonAnnotationProcessor'
2016-02-03 20:29:32,846 DEBUG   main [org.springframework.beans.factory.support.DefaultListableBeanFactory] Returning cached instance of singleton bean 'simpleDirContextAuthenticationStrategy'
2016-02-03 20:29:32,846 DEBUG   main [org.springframework.beans.factory.support.DefaultListableBeanFactory] Creating shared instance of singleton bean 'userReposImpl'
2016-02-03 20:29:32,847 DEBUG   main [org.springframework.beans.factory.support.DefaultListableBeanFactory] Creating instance of bean 'userReposImpl'
2016-02-03 20:29:32,847 DEBUG   main [org.springframework.beans.factory.annotation.InjectionMetadata] Registered injected element on class [ldap.advance.example.UserRepositoryImpl]: AutowiredFieldElement for private org.springframework.ldap.core.LdapTemplate ldap.advance.example.UserRepositoryImpl.ldapTemplate
2016-02-03 20:29:32,847 DEBUG   main [org.springframework.beans.factory.support.DefaultListableBeanFactory] Eagerly caching bean 'userReposImpl' to allow for resolving potential circular references
2016-02-03 20:29:32,847 DEBUG   main [org.springframework.beans.factory.annotation.InjectionMetadata] Processing injected element of bean 'userReposImpl': AutowiredFieldElement for private org.springframework.ldap.core.LdapTemplate ldap.advance.example.UserRepositoryImpl.ldapTemplate
2016-02-03 20:29:32,848 DEBUG   main [org.springframework.beans.factory.support.DefaultListableBeanFactory] Returning cached instance of singleton bean 'ldapTemplate'
2016-02-03 20:29:32,849 DEBUG   main [org.springframework.beans.factory.annotation.AutowiredAnnotationBeanPostProcessor] Autowiring by type from bean name 'userReposImpl' to bean named 'ldapTemplate'
2016-02-03 20:29:32,849 DEBUG   main [org.springframework.beans.factory.support.DefaultListableBeanFactory] Finished creating instance of bean 'userReposImpl'
2016-02-03 20:29:32,849 DEBUG   main [org.springframework.beans.factory.support.DefaultListableBeanFactory] Returning cached instance of singleton bean 'contextSource'
2016-02-03 20:29:32,849 DEBUG   main [org.springframework.beans.factory.support.DefaultListableBeanFactory] Returning cached instance of singleton bean 'ldapTemplate'
2016-02-03 20:29:32,849 DEBUG   main [org.springframework.beans.factory.support.DefaultListableBeanFactory] Returning cached instance of singleton bean 'org.springframework.context.annotation.ConfigurationClassPostProcessor.importAwareProcessor'
2016-02-03 20:29:32,850 DEBUG   main [org.springframework.beans.factory.support.DefaultListableBeanFactory] Returning cached instance of singleton bean 'org.springframework.context.annotation.ConfigurationClassPostProcessor.enhancedConfigurationProcessor'
2016-02-03 20:29:32,850 DEBUG   main [org.springframework.context.support.ClassPathXmlApplicationContext] Unable to locate LifecycleProcessor with name 'lifecycleProcessor': using default [org.springframework.context.support.DefaultLifecycleProcessor@2651177]
2016-02-03 20:29:32,851 DEBUG   main [org.springframework.beans.factory.support.DefaultListableBeanFactory] Returning cached instance of singleton bean 'lifecycleProcessor'
2016-02-03 20:29:32,851 TRACE   main [org.springframework.context.support.ClassPathXmlApplicationContext] Publishing event in org.springframework.context.support.ClassPathXmlApplicationContext@450faed3: org.springframework.context.event.ContextRefreshedEvent[source=org.springframework.context.support.ClassPathXmlApplicationContext@450faed3: startup date [Wed Feb 03 20:29:32 EST 2016]; root of context hierarchy]
2016-02-03 20:29:32,851 TRACE   main [org.springframework.core.env.PropertySourcesPropertyResolver] getProperty("spring.liveBeansView.mbeanDomain", String)
2016-02-03 20:29:32,851 DEBUG   main [org.springframework.core.env.PropertySourcesPropertyResolver] Searching for key 'spring.liveBeansView.mbeanDomain' in [systemProperties]
2016-02-03 20:29:32,852 DEBUG   main [org.springframework.core.env.PropertySourcesPropertyResolver] Searching for key 'spring.liveBeansView.mbeanDomain' in [systemEnvironment]
2016-02-03 20:29:32,852 DEBUG   main [org.springframework.core.env.PropertySourcesPropertyResolver] Could not find key 'spring.liveBeansView.mbeanDomain' in any property source. Returning [null]
2016-02-03 20:29:32,852 INFO   main [ldap.advance.example.UserRepositoryImpl] executing {getUserDetails}
2016-02-03 20:29:32,854 INFO   main [ldap.advance.example.test.LdapApp] 
 =>User [uid=spring_ldap_test, cn=spring_ldap_test, sn=spring_ldap_test, userPassword={SSHA}p5Yy01ybmva64IeKqwF8nCNMFG2BzZgZDEwSCw==, postalAddress=spring_ldap_test, telephoneNumber=9830098301]
2016-02-03 20:29:32,854 INFO   main [ldap.advance.example.UserRepositoryImpl] executing {getUserDetails}
2016-02-03 20:29:32,857 INFO   main [ldap.advance.example.UserRepositoryImpl] telephoneNumber	 | 9830098301
2016-02-03 20:29:32,858 INFO   main [ldap.advance.example.UserRepositoryImpl] userPassword	 | [B@8f7b3cf
2016-02-03 20:29:32,858 INFO   main [ldap.advance.example.UserRepositoryImpl] uid	 | spring_ldap_test
2016-02-03 20:29:32,858 INFO   main [ldap.advance.example.UserRepositoryImpl] objectClass	 | organizationalPerson
2016-02-03 20:29:32,858 INFO   main [ldap.advance.example.UserRepositoryImpl] postalAddress	 | spring_ldap_test
2016-02-03 20:29:32,858 INFO   main [ldap.advance.example.UserRepositoryImpl] sn	 | spring_ldap_test
2016-02-03 20:29:32,858 INFO   main [ldap.advance.example.UserRepositoryImpl] cn	 | spring_ldap_test
2016-02-03 20:29:32,858 INFO   main [ldap.advance.example.test.LdapApp] 
 =>
 Result { 
 	 |_  #telephoneNumber= [ 9830098301 ]  
 	 |_  #userPassword= [ [B@8f7b3cf ]  
 	 |_  #uid= [ spring_ldap_test ]  
 	 |_  #objectClass= [ organizationalPerson ]  
 	 |_  #postalAddress= [ spring_ldap_test ]  
 	 |_  #sn= [ spring_ldap_test ]  
 	 |_  #cn= [ spring_ldap_test ]  

 } 
2016-02-03 20:29:32,858 INFO   main [ldap.advance.example.UserRepositoryImpl] executing {updateTelePhone}
2016-02-03 20:35:50,156 DEBUG   main [org.springframework.core.env.StandardEnvironment] Adding [systemProperties] PropertySource with lowest search precedence
2016-02-03 20:35:50,165 DEBUG   main [org.springframework.core.env.StandardEnvironment] Adding [systemEnvironment] PropertySource with lowest search precedence
2016-02-03 20:35:50,166 DEBUG   main [org.springframework.core.env.StandardEnvironment] Initialized StandardEnvironment with PropertySources [systemProperties,systemEnvironment]
2016-02-03 20:35:50,175 INFO   main [org.springframework.context.support.ClassPathXmlApplicationContext] Refreshing org.springframework.context.support.ClassPathXmlApplicationContext@60c4d1a7: startup date [Wed Feb 03 20:35:50 EST 2016]; root of context hierarchy
2016-02-03 20:35:50,230 DEBUG   main [org.springframework.core.env.StandardEnvironment] Adding [systemProperties] PropertySource with lowest search precedence
2016-02-03 20:35:50,230 DEBUG   main [org.springframework.core.env.StandardEnvironment] Adding [systemEnvironment] PropertySource with lowest search precedence
2016-02-03 20:35:50,231 DEBUG   main [org.springframework.core.env.StandardEnvironment] Initialized StandardEnvironment with PropertySources [systemProperties,systemEnvironment]
2016-02-03 20:35:50,248 INFO   main [org.springframework.beans.factory.xml.XmlBeanDefinitionReader] Loading XML bean definitions from class path resource [spring-ldap-example.xml]
2016-02-03 20:35:50,253 DEBUG   main [org.springframework.beans.factory.xml.DefaultDocumentLoader] Using JAXP provider [com.sun.org.apache.xerces.internal.jaxp.DocumentBuilderFactoryImpl]
2016-02-03 20:35:50,286 TRACE   main [org.springframework.beans.factory.xml.PluggableSchemaResolver] Trying to resolve XML entity with public id [null] and system id [http://www.springframework.org/schema/beans/spring-beans.xsd]
2016-02-03 20:35:50,286 DEBUG   main [org.springframework.beans.factory.xml.PluggableSchemaResolver] Loading schema mappings from [META-INF/spring.schemas]
2016-02-03 20:35:50,304 DEBUG   main [org.springframework.beans.factory.xml.PluggableSchemaResolver] Loaded schema mappings: {http://www.springframework.org/schema/tx/spring-tx-2.5.xsd=org/springframework/transaction/config/spring-tx-2.5.xsd, http://www.springframework.org/schema/cache/spring-cache-4.2.xsd=org/springframework/cache/config/spring-cache-4.2.xsd, http://www.springframework.org/schema/aop/spring-aop-4.1.xsd=org/springframework/aop/config/spring-aop-4.1.xsd, http://www.springframework.org/schema/context/spring-context-3.1.xsd=org/springframework/context/config/spring-context-3.1.xsd, http://www.springframework.org/schema/data/repository/spring-repository-1.4.xsd=org/springframework/data/repository/config/spring-repository-1.4.xsd, http://www.springframework.org/schema/util/spring-util-3.0.xsd=org/springframework/beans/factory/xml/spring-util-3.0.xsd, http://www.springframework.org/schema/tool/spring-tool.xsd=org/springframework/beans/factory/xml/spring-tool-4.2.xsd, http://www.springframework.org/schema/aop/spring-aop-3.2.xsd=org/springframework/aop/config/spring-aop-3.2.xsd, http://www.springframework.org/schema/lang/spring-lang-4.1.xsd=org/springframework/scripting/config/spring-lang-4.1.xsd, http://www.springframework.org/schema/context/spring-context-4.0.xsd=org/springframework/context/config/spring-context-4.0.xsd, http://www.springframework.org/schema/beans/spring-beans-4.2.xsd=org/springframework/beans/factory/xml/spring-beans-4.2.xsd, http://www.springframework.org/schema/tool/spring-tool-4.1.xsd=org/springframework/beans/factory/xml/spring-tool-4.1.xsd, http://www.springframework.org/schema/lang/spring-lang-3.2.xsd=org/springframework/scripting/config/spring-lang-3.2.xsd, http://www.springframework.org/schema/cache/spring-cache-3.2.xsd=org/springframework/cache/config/spring-cache-3.2.xsd, http://www.springframework.org/schema/jee/spring-jee-4.1.xsd=org/springframework/ejb/config/spring-jee-4.1.xsd, http://www.springframework.org/schema/task/spring-task-4.2.xsd=org/springframework/scheduling/config/spring-task-4.2.xsd, http://www.springframework.org/schema/util/spring-util-2.0.xsd=org/springframework/beans/factory/xml/spring-util-2.0.xsd, http://www.springframework.org/schema/tool/spring-tool-3.2.xsd=org/springframework/beans/factory/xml/spring-tool-3.2.xsd, http://www.springframework.org/schema/context/spring-context.xsd=org/springframework/context/config/spring-context-4.2.xsd, http://www.springframework.org/schema/tx/spring-tx-4.2.xsd=org/springframework/transaction/config/spring-tx-4.2.xsd, http://www.springframework.org/schema/cache/spring-cache-4.1.xsd=org/springframework/cache/config/spring-cache-4.1.xsd, http://www.springframework.org/schema/aop/spring-aop-4.0.xsd=org/springframework/aop/config/spring-aop-4.0.xsd, http://www.springframework.org/schema/jee/spring-jee-3.2.xsd=org/springframework/ejb/config/spring-jee-3.2.xsd, http://www.springframework.org/schema/context/spring-context-3.0.xsd=org/springframework/context/config/spring-context-3.0.xsd, http://www.springframework.org/schema/util/spring-util-2.5.xsd=org/springframework/beans/factory/xml/spring-util-2.5.xsd, http://www.springframework.org/schema/beans/spring-beans-3.2.xsd=org/springframework/beans/factory/xml/spring-beans-3.2.xsd, http://www.springframework.org/schema/aop/spring-aop-3.1.xsd=org/springframework/aop/config/spring-aop-3.1.xsd, http://www.springframework.org/schema/ldap/spring-ldap-2.0.xsd=org/springframework/ldap/config/spring-ldap-2.0.xsd, http://www.springframework.org/schema/lang/spring-lang-4.0.xsd=org/springframework/scripting/config/spring-lang-4.0.xsd, http://www.springframework.org/schema/beans/spring-beans-4.1.xsd=org/springframework/beans/factory/xml/spring-beans-4.1.xsd, http://www.springframework.org/schema/tool/spring-tool-4.0.xsd=org/springframework/beans/factory/xml/spring-tool-4.0.xsd, http://www.springframework.org/schema/tx/spring-tx-3.2.xsd=org/springframework/transaction/config/spring-tx-3.2.xsd, http://www.springframework.org/schema/lang/spring-lang-3.1.xsd=org/springframework/scripting/config/spring-lang-3.1.xsd, http://www.springframework.org/schema/cache/spring-cache-3.1.xsd=org/springframework/cache/config/spring-cache-3.1.xsd, http://www.springframework.org/schema/jee/spring-jee-4.0.xsd=org/springframework/ejb/config/spring-jee-4.0.xsd, http://www.springframework.org/schema/task/spring-task-4.1.xsd=org/springframework/scheduling/config/spring-task-4.1.xsd, http://www.springframework.org/schema/tool/spring-tool-3.1.xsd=org/springframework/beans/factory/xml/spring-tool-3.1.xsd, http://www.springframework.org/schema/tx/spring-tx-4.1.xsd=org/springframework/transaction/config/spring-tx-4.1.xsd, http://www.springframework.org/schema/cache/spring-cache-4.0.xsd=org/springframework/cache/config/spring-cache-4.0.xsd, http://www.springframework.org/schema/jee/spring-jee-3.1.xsd=org/springframework/ejb/config/spring-jee-3.1.xsd, http://www.springframework.org/schema/task/spring-task-3.2.xsd=org/springframework/scheduling/config/spring-task-3.2.xsd, http://www.springframework.org/schema/util/spring-util-4.2.xsd=org/springframework/beans/factory/xml/spring-util-4.2.xsd, http://www.springframework.org/schema/beans/spring-beans-3.1.xsd=org/springframework/beans/factory/xml/spring-beans-3.1.xsd, http://www.springframework.org/schema/util/spring-util.xsd=org/springframework/beans/factory/xml/spring-util-4.2.xsd, http://www.springframework.org/schema/aop/spring-aop-3.0.xsd=org/springframework/aop/config/spring-aop-3.0.xsd, http://www.springframework.org/schema/data/repository/spring-repository.xsd=org/springframework/data/repository/config/spring-repository-1.7.xsd, http://www.springframework.org/schema/data/repository/spring-repository-1.7.xsd=org/springframework/data/repository/config/spring-repository-1.7.xsd, http://www.springframework.org/schema/ldap/spring-ldap.xsd=org/springframework/ldap/config/spring-ldap-2.0.xsd, http://www.springframework.org/schema/beans/spring-beans-4.0.xsd=org/springframework/beans/factory/xml/spring-beans-4.0.xsd, http://www.springframework.org/schema/beans/spring-beans.xsd=org/springframework/beans/factory/xml/spring-beans-4.2.xsd, http://www.springframework.org/schema/tx/spring-tx-3.1.xsd=org/springframework/transaction/config/spring-tx-3.1.xsd, http://www.springframework.org/schema/lang/spring-lang-3.0.xsd=org/springframework/scripting/config/spring-lang-3.0.xsd, http://www.springframework.org/schema/context/spring-context-2.5.xsd=org/springframework/context/config/spring-context-2.5.xsd, http://www.springframework.org/schema/task/spring-task-4.0.xsd=org/springframework/scheduling/config/spring-task-4.0.xsd, http://www.springframework.org/schema/tool/spring-tool-3.0.xsd=org/springframework/beans/factory/xml/spring-tool-3.0.xsd, http://www.springframework.org/schema/tx/spring-tx-4.0.xsd=org/springframework/transaction/config/spring-tx-4.0.xsd, http://www.springframework.org/schema/aop/spring-aop-2.0.xsd=org/springframework/aop/config/spring-aop-2.0.xsd, http://www.springframework.org/schema/jee/spring-jee-3.0.xsd=org/springframework/ejb/config/spring-jee-3.0.xsd, http://www.springframework.org/schema/util/spring-util-4.1.xsd=org/springframework/beans/factory/xml/spring-util-4.1.xsd, http://www.springframework.org/schema/task/spring-task-3.1.xsd=org/springframework/scheduling/config/spring-task-3.1.xsd, http://www.springframework.org/schema/beans/spring-beans-3.0.xsd=org/springframework/beans/factory/xml/spring-beans-3.0.xsd, http://www.springframework.org/schema/jee/spring-jee.xsd=org/springframework/ejb/config/spring-jee-4.2.xsd, http://www.springframework.org/schema/aop/spring-aop-2.5.xsd=org/springframework/aop/config/spring-aop-2.5.xsd, http://www.springframework.org/schema/lang/spring-lang-2.0.xsd=org/springframework/scripting/config/spring-lang-2.0.xsd, http://www.springframework.org/schema/data/repository/spring-repository-1.6.xsd=org/springframework/data/repository/config/spring-repository-1.6.xsd, http://www.springframework.org/schema/util/spring-util-3.2.xsd=org/springframework/beans/factory/xml/spring-util-3.2.xsd, http://www.springframework.org/schema/task/spring-task.xsd=org/springframework/scheduling/config/spring-task-4.2.xsd, http://www.springframework.org/schema/tool/spring-tool-2.0.xsd=org/springframework/beans/factory/xml/spring-tool-2.0.xsd, http://www.springframework.org/schema/tx/spring-tx-3.0.xsd=org/springframework/transaction/config/spring-tx-3.0.xsd, http://www.springframework.org/schema/lang/spring-lang-2.5.xsd=org/springframework/scripting/config/spring-lang-2.5.xsd, http://www.springframework.org/schema/context/spring-context-4.2.xsd=org/springframework/context/config/spring-context-4.2.xsd, http://www.springframework.org/schema/jee/spring-jee-2.0.xsd=org/springframework/ejb/config/spring-jee-2.0.xsd, http://www.springframework.org/schema/tool/spring-tool-2.5.xsd=org/springframework/beans/factory/xml/spring-tool-2.5.xsd, http://www.springframework.org/schema/jee/spring-jee-2.5.xsd=org/springframework/ejb/config/spring-jee-2.5.xsd, http://www.springframework.org/schema/data/repository/spring-repository-1.0.xsd=org/springframework/data/repository/config/spring-repository-1.0.xsd, http://www.springframework.org/schema/util/spring-util-4.0.xsd=org/springframework/beans/factory/xml/spring-util-4.0.xsd, http://www.springframework.org/schema/task/spring-task-3.0.xsd=org/springframework/scheduling/config/spring-task-3.0.xsd, http://www.springframework.org/schema/aop/spring-aop-4.2.xsd=org/springframework/aop/config/spring-aop-4.2.xsd, http://www.springframework.org/schema/lang/spring-lang.xsd=org/springframework/scripting/config/spring-lang-4.2.xsd, http://www.springframework.org/schema/context/spring-context-3.2.xsd=org/springframework/context/config/spring-context-3.2.xsd, http://www.springframework.org/schema/data/repository/spring-repository-1.5.xsd=org/springframework/data/repository/config/spring-repository-1.5.xsd, http://www.springframework.org/schema/util/spring-util-3.1.xsd=org/springframework/beans/factory/xml/spring-util-3.1.xsd, http://www.springframework.org/schema/beans/spring-beans-2.0.xsd=org/springframework/beans/factory/xml/spring-beans-2.0.xsd, http://www.springframework.org/schema/cache/spring-cache.xsd=org/springframework/cache/config/spring-cache-4.2.xsd, http://www.springframework.org/schema/tx/spring-tx.xsd=org/springframework/transaction/config/spring-tx-4.2.xsd, http://www.springframework.org/schema/lang/spring-lang-4.2.xsd=org/springframework/scripting/config/spring-lang-4.2.xsd, http://www.springframework.org/schema/context/spring-context-4.1.xsd=org/springframework/context/config/spring-context-4.1.xsd, http://www.springframework.org/schema/beans/spring-beans-2.5.xsd=org/springframework/beans/factory/xml/spring-beans-2.5.xsd, http://www.springframework.org/schema/tool/spring-tool-4.2.xsd=org/springframework/beans/factory/xml/spring-tool-4.2.xsd, http://www.springframework.org/schema/tx/spring-tx-2.0.xsd=org/springframework/transaction/config/spring-tx-2.0.xsd, http://www.springframework.org/schema/jee/spring-jee-4.2.xsd=org/springframework/ejb/config/spring-jee-4.2.xsd, http://www.springframework.org/schema/aop/spring-aop.xsd=org/springframework/aop/config/spring-aop-4.2.xsd}
2016-02-03 20:35:50,309 DEBUG   main [org.springframework.beans.factory.xml.PluggableSchemaResolver] Found XML schema [http://www.springframework.org/schema/beans/spring-beans.xsd] in classpath: org/springframework/beans/factory/xml/spring-beans-4.2.xsd
2016-02-03 20:35:50,408 TRACE   main [org.springframework.beans.factory.xml.PluggableSchemaResolver] Trying to resolve XML entity with public id [null] and system id [http://www.springframework.org/schema/context/spring-context.xsd]
2016-02-03 20:35:50,408 DEBUG   main [org.springframework.beans.factory.xml.PluggableSchemaResolver] Found XML schema [http://www.springframework.org/schema/context/spring-context.xsd] in classpath: org/springframework/context/config/spring-context-4.2.xsd
2016-02-03 20:35:50,421 TRACE   main [org.springframework.beans.factory.xml.PluggableSchemaResolver] Trying to resolve XML entity with public id [null] and system id [http://www.springframework.org/schema/tool/spring-tool-4.2.xsd]
2016-02-03 20:35:50,421 DEBUG   main [org.springframework.beans.factory.xml.PluggableSchemaResolver] Found XML schema [http://www.springframework.org/schema/tool/spring-tool-4.2.xsd] in classpath: org/springframework/beans/factory/xml/spring-tool-4.2.xsd
2016-02-03 20:35:50,434 TRACE   main [org.springframework.beans.factory.xml.PluggableSchemaResolver] Trying to resolve XML entity with public id [null] and system id [http://www.springframework.org/schema/ldap/spring-ldap.xsd]
2016-02-03 20:35:50,435 DEBUG   main [org.springframework.beans.factory.xml.PluggableSchemaResolver] Found XML schema [http://www.springframework.org/schema/ldap/spring-ldap.xsd] in classpath: org/springframework/ldap/config/spring-ldap-2.0.xsd
2016-02-03 20:35:50,452 TRACE   main [org.springframework.beans.factory.xml.PluggableSchemaResolver] Trying to resolve XML entity with public id [null] and system id [http://www.springframework.org/schema/data/repository/spring-repository.xsd]
2016-02-03 20:35:50,453 DEBUG   main [org.springframework.beans.factory.xml.PluggableSchemaResolver] Found XML schema [http://www.springframework.org/schema/data/repository/spring-repository.xsd] in classpath: org/springframework/data/repository/config/spring-repository-1.7.xsd
2016-02-03 20:35:50,480 DEBUG   main [org.springframework.beans.factory.xml.DefaultBeanDefinitionDocumentReader] Loading bean definitions
2016-02-03 20:35:50,503 DEBUG   main [org.springframework.beans.factory.xml.DefaultNamespaceHandlerResolver] Loaded NamespaceHandler mappings: {http://www.springframework.org/schema/p=org.springframework.beans.factory.xml.SimplePropertyNamespaceHandler, http://www.springframework.org/schema/util=org.springframework.beans.factory.xml.UtilNamespaceHandler, http://www.springframework.org/schema/jee=org.springframework.ejb.config.JeeNamespaceHandler, http://www.springframework.org/schema/aop=org.springframework.aop.config.AopNamespaceHandler, http://www.springframework.org/schema/data/repository=org.springframework.data.repository.config.RepositoryNameSpaceHandler, http://www.springframework.org/schema/cache=org.springframework.cache.config.CacheNamespaceHandler, http://www.springframework.org/schema/c=org.springframework.beans.factory.xml.SimpleConstructorNamespaceHandler, http://www.springframework.org/schema/ldap=org.springframework.ldap.config.LdapNamespaceHandler, http://www.springframework.org/schema/tx=org.springframework.transaction.config.TxNamespaceHandler, http://www.springframework.org/schema/task=org.springframework.scheduling.config.TaskNamespaceHandler, http://www.springframework.org/schema/lang=org.springframework.scripting.config.LangNamespaceHandler, http://www.springframework.org/schema/context=org.springframework.context.config.ContextNamespaceHandler}
2016-02-03 20:35:50,528 DEBUG   main [org.springframework.core.env.StandardEnvironment] Adding [systemProperties] PropertySource with lowest search precedence
2016-02-03 20:35:50,528 DEBUG   main [org.springframework.core.env.StandardEnvironment] Adding [systemEnvironment] PropertySource with lowest search precedence
2016-02-03 20:35:50,528 DEBUG   main [org.springframework.core.env.StandardEnvironment] Initialized StandardEnvironment with PropertySources [systemProperties,systemEnvironment]
2016-02-03 20:35:50,546 DEBUG   main [org.springframework.core.io.support.PathMatchingResourcePatternResolver] Looking for matching resources in directory tree [C:\Eclipse\workspace\spring-ldap-example\bin\ldap\advance\example]
2016-02-03 20:35:50,546 DEBUG   main [org.springframework.core.io.support.PathMatchingResourcePatternResolver] Searching directory [C:\Eclipse\workspace\spring-ldap-example\bin\ldap\advance\example] for files matching pattern [C:/Eclipse/workspace/spring-ldap-example/bin/ldap/advance/example/**/*.class]
2016-02-03 20:35:50,552 DEBUG   main [org.springframework.core.io.support.PathMatchingResourcePatternResolver] Searching directory [C:\Eclipse\workspace\spring-ldap-example\bin\ldap\advance\example\test] for files matching pattern [C:/Eclipse/workspace/spring-ldap-example/bin/ldap/advance/example/**/*.class]
2016-02-03 20:35:50,555 DEBUG   main [org.springframework.core.io.support.PathMatchingResourcePatternResolver] Resolved location pattern [classpath*:ldap/advance/example/**/*.class] to resources [file [C:\Eclipse\workspace\spring-ldap-example\bin\ldap\advance\example\test\LdapApp.class], file [C:\Eclipse\workspace\spring-ldap-example\bin\ldap\advance\example\User.class], file [C:\Eclipse\workspace\spring-ldap-example\bin\ldap\advance\example\UserRepositoryImpl$MultipleAttributesMapper.class], file [C:\Eclipse\workspace\spring-ldap-example\bin\ldap\advance\example\UserRepositoryImpl$SingleAttributesMapper.class], file [C:\Eclipse\workspace\spring-ldap-example\bin\ldap\advance\example\UserRepositoryImpl$UserAttributesMapper.class], file [C:\Eclipse\workspace\spring-ldap-example\bin\ldap\advance\example\UserRepositoryImpl.class], file [C:\Eclipse\workspace\spring-ldap-example\bin\ldap\advance\example\UserRepositoryIntf.class]]
2016-02-03 20:35:50,555 TRACE   main [org.springframework.context.annotation.ClassPathBeanDefinitionScanner] Scanning file [C:\Eclipse\workspace\spring-ldap-example\bin\ldap\advance\example\test\LdapApp.class]
2016-02-03 20:35:50,599 TRACE   main [org.springframework.context.annotation.ClassPathBeanDefinitionScanner] Ignored because not matching any filter: file [C:\Eclipse\workspace\spring-ldap-example\bin\ldap\advance\example\test\LdapApp.class]
2016-02-03 20:35:50,599 TRACE   main [org.springframework.context.annotation.ClassPathBeanDefinitionScanner] Scanning file [C:\Eclipse\workspace\spring-ldap-example\bin\ldap\advance\example\User.class]
2016-02-03 20:35:50,600 TRACE   main [org.springframework.context.annotation.ClassPathBeanDefinitionScanner] Ignored because not matching any filter: file [C:\Eclipse\workspace\spring-ldap-example\bin\ldap\advance\example\User.class]
2016-02-03 20:35:50,601 TRACE   main [org.springframework.context.annotation.ClassPathBeanDefinitionScanner] Scanning file [C:\Eclipse\workspace\spring-ldap-example\bin\ldap\advance\example\UserRepositoryImpl$MultipleAttributesMapper.class]
2016-02-03 20:35:50,602 TRACE   main [org.springframework.context.annotation.ClassPathBeanDefinitionScanner] Ignored because not matching any filter: file [C:\Eclipse\workspace\spring-ldap-example\bin\ldap\advance\example\UserRepositoryImpl$MultipleAttributesMapper.class]
2016-02-03 20:35:50,602 TRACE   main [org.springframework.context.annotation.ClassPathBeanDefinitionScanner] Scanning file [C:\Eclipse\workspace\spring-ldap-example\bin\ldap\advance\example\UserRepositoryImpl$SingleAttributesMapper.class]
2016-02-03 20:35:50,603 TRACE   main [org.springframework.context.annotation.ClassPathBeanDefinitionScanner] Ignored because not matching any filter: file [C:\Eclipse\workspace\spring-ldap-example\bin\ldap\advance\example\UserRepositoryImpl$SingleAttributesMapper.class]
2016-02-03 20:35:50,603 TRACE   main [org.springframework.context.annotation.ClassPathBeanDefinitionScanner] Scanning file [C:\Eclipse\workspace\spring-ldap-example\bin\ldap\advance\example\UserRepositoryImpl$UserAttributesMapper.class]
2016-02-03 20:35:50,604 TRACE   main [org.springframework.context.annotation.ClassPathBeanDefinitionScanner] Ignored because not matching any filter: file [C:\Eclipse\workspace\spring-ldap-example\bin\ldap\advance\example\UserRepositoryImpl$UserAttributesMapper.class]
2016-02-03 20:35:50,604 TRACE   main [org.springframework.context.annotation.ClassPathBeanDefinitionScanner] Scanning file [C:\Eclipse\workspace\spring-ldap-example\bin\ldap\advance\example\UserRepositoryImpl.class]
2016-02-03 20:35:50,630 DEBUG   main [org.springframework.context.annotation.ClassPathBeanDefinitionScanner] Identified candidate component class: file [C:\Eclipse\workspace\spring-ldap-example\bin\ldap\advance\example\UserRepositoryImpl.class]
2016-02-03 20:35:50,630 TRACE   main [org.springframework.context.annotation.ClassPathBeanDefinitionScanner] Scanning file [C:\Eclipse\workspace\spring-ldap-example\bin\ldap\advance\example\UserRepositoryIntf.class]
2016-02-03 20:35:50,631 TRACE   main [org.springframework.context.annotation.ClassPathBeanDefinitionScanner] Ignored because not matching any filter: file [C:\Eclipse\workspace\spring-ldap-example\bin\ldap\advance\example\UserRepositoryIntf.class]
2016-02-03 20:35:50,703 DEBUG   main [org.springframework.beans.factory.xml.XmlBeanDefinitionReader] Loaded 9 bean definitions from location pattern [spring-ldap-example.xml]
2016-02-03 20:35:50,704 DEBUG   main [org.springframework.context.support.ClassPathXmlApplicationContext] Bean factory for org.springframework.context.support.ClassPathXmlApplicationContext@60c4d1a7: org.springframework.beans.factory.support.DefaultListableBeanFactory@3f686e67: defining beans [userRepositoryImpl,org.springframework.context.annotation.internalConfigurationAnnotationProcessor,org.springframework.context.annotation.internalAutowiredAnnotationProcessor,org.springframework.context.annotation.internalRequiredAnnotationProcessor,org.springframework.context.annotation.internalCommonAnnotationProcessor,simpleDirContextAuthenticationStrategy,userReposImpl,contextSource,ldapTemplate]; root of factory hierarchy
2016-02-03 20:35:50,752 DEBUG   main [org.springframework.beans.factory.support.DefaultListableBeanFactory] Creating shared instance of singleton bean 'org.springframework.context.annotation.internalConfigurationAnnotationProcessor'
2016-02-03 20:35:50,752 DEBUG   main [org.springframework.beans.factory.support.DefaultListableBeanFactory] Creating instance of bean 'org.springframework.context.annotation.internalConfigurationAnnotationProcessor'
2016-02-03 20:35:50,773 DEBUG   main [org.springframework.beans.factory.support.DefaultListableBeanFactory] Eagerly caching bean 'org.springframework.context.annotation.internalConfigurationAnnotationProcessor' to allow for resolving potential circular references
2016-02-03 20:35:50,776 DEBUG   main [org.springframework.beans.factory.support.DefaultListableBeanFactory] Finished creating instance of bean 'org.springframework.context.annotation.internalConfigurationAnnotationProcessor'
2016-02-03 20:35:50,826 DEBUG   main [org.springframework.beans.factory.support.DefaultListableBeanFactory] Creating shared instance of singleton bean 'org.springframework.context.annotation.internalAutowiredAnnotationProcessor'
2016-02-03 20:35:50,826 DEBUG   main [org.springframework.beans.factory.support.DefaultListableBeanFactory] Creating instance of bean 'org.springframework.context.annotation.internalAutowiredAnnotationProcessor'
2016-02-03 20:35:50,827 DEBUG   main [org.springframework.beans.factory.support.DefaultListableBeanFactory] Eagerly caching bean 'org.springframework.context.annotation.internalAutowiredAnnotationProcessor' to allow for resolving potential circular references
2016-02-03 20:35:50,828 DEBUG   main [org.springframework.beans.factory.support.DefaultListableBeanFactory] Finished creating instance of bean 'org.springframework.context.annotation.internalAutowiredAnnotationProcessor'
2016-02-03 20:35:50,828 DEBUG   main [org.springframework.beans.factory.support.DefaultListableBeanFactory] Creating shared instance of singleton bean 'org.springframework.context.annotation.internalRequiredAnnotationProcessor'
2016-02-03 20:35:50,828 DEBUG   main [org.springframework.beans.factory.support.DefaultListableBeanFactory] Creating instance of bean 'org.springframework.context.annotation.internalRequiredAnnotationProcessor'
2016-02-03 20:35:50,828 DEBUG   main [org.springframework.beans.factory.support.DefaultListableBeanFactory] Eagerly caching bean 'org.springframework.context.annotation.internalRequiredAnnotationProcessor' to allow for resolving potential circular references
2016-02-03 20:35:50,829 DEBUG   main [org.springframework.beans.factory.support.DefaultListableBeanFactory] Finished creating instance of bean 'org.springframework.context.annotation.internalRequiredAnnotationProcessor'
2016-02-03 20:35:50,829 DEBUG   main [org.springframework.beans.factory.support.DefaultListableBeanFactory] Creating shared instance of singleton bean 'org.springframework.context.annotation.internalCommonAnnotationProcessor'
2016-02-03 20:35:50,829 DEBUG   main [org.springframework.beans.factory.support.DefaultListableBeanFactory] Creating instance of bean 'org.springframework.context.annotation.internalCommonAnnotationProcessor'
2016-02-03 20:35:50,838 DEBUG   main [org.springframework.beans.factory.support.DefaultListableBeanFactory] Eagerly caching bean 'org.springframework.context.annotation.internalCommonAnnotationProcessor' to allow for resolving potential circular references
2016-02-03 20:35:50,839 DEBUG   main [org.springframework.beans.factory.support.DefaultListableBeanFactory] Finished creating instance of bean 'org.springframework.context.annotation.internalCommonAnnotationProcessor'
2016-02-03 20:35:50,839 DEBUG   main [org.springframework.beans.factory.support.DefaultListableBeanFactory] Creating shared instance of singleton bean 'org.springframework.context.annotation.ConfigurationClassPostProcessor.importAwareProcessor'
2016-02-03 20:35:50,839 DEBUG   main [org.springframework.beans.factory.support.DefaultListableBeanFactory] Creating instance of bean 'org.springframework.context.annotation.ConfigurationClassPostProcessor.importAwareProcessor'
2016-02-03 20:35:50,839 DEBUG   main [org.springframework.beans.factory.support.DefaultListableBeanFactory] Eagerly caching bean 'org.springframework.context.annotation.ConfigurationClassPostProcessor.importAwareProcessor' to allow for resolving potential circular references
2016-02-03 20:35:50,839 DEBUG   main [org.springframework.beans.factory.support.DefaultListableBeanFactory] Finished creating instance of bean 'org.springframework.context.annotation.ConfigurationClassPostProcessor.importAwareProcessor'
2016-02-03 20:35:50,840 DEBUG   main [org.springframework.beans.factory.support.DefaultListableBeanFactory] Creating shared instance of singleton bean 'org.springframework.context.annotation.ConfigurationClassPostProcessor.enhancedConfigurationProcessor'
2016-02-03 20:35:50,840 DEBUG   main [org.springframework.beans.factory.support.DefaultListableBeanFactory] Creating instance of bean 'org.springframework.context.annotation.ConfigurationClassPostProcessor.enhancedConfigurationProcessor'
2016-02-03 20:35:50,840 DEBUG   main [org.springframework.beans.factory.support.DefaultListableBeanFactory] Eagerly caching bean 'org.springframework.context.annotation.ConfigurationClassPostProcessor.enhancedConfigurationProcessor' to allow for resolving potential circular references
2016-02-03 20:35:50,840 DEBUG   main [org.springframework.beans.factory.support.DefaultListableBeanFactory] Finished creating instance of bean 'org.springframework.context.annotation.ConfigurationClassPostProcessor.enhancedConfigurationProcessor'
2016-02-03 20:35:50,844 DEBUG   main [org.springframework.context.support.ClassPathXmlApplicationContext] Unable to locate MessageSource with name 'messageSource': using default [org.springframework.context.support.DelegatingMessageSource@668093e6]
2016-02-03 20:35:50,850 DEBUG   main [org.springframework.context.support.ClassPathXmlApplicationContext] Unable to locate ApplicationEventMulticaster with name 'applicationEventMulticaster': using default [org.springframework.context.event.SimpleApplicationEventMulticaster@cf26800]
2016-02-03 20:35:50,853 DEBUG   main [org.springframework.beans.factory.support.DefaultListableBeanFactory] Pre-instantiating singletons in org.springframework.beans.factory.support.DefaultListableBeanFactory@3f686e67: defining beans [userRepositoryImpl,org.springframework.context.annotation.internalConfigurationAnnotationProcessor,org.springframework.context.annotation.internalAutowiredAnnotationProcessor,org.springframework.context.annotation.internalRequiredAnnotationProcessor,org.springframework.context.annotation.internalCommonAnnotationProcessor,simpleDirContextAuthenticationStrategy,userReposImpl,contextSource,ldapTemplate,org.springframework.context.annotation.ConfigurationClassPostProcessor.importAwareProcessor,org.springframework.context.annotation.ConfigurationClassPostProcessor.enhancedConfigurationProcessor]; root of factory hierarchy
2016-02-03 20:35:50,853 DEBUG   main [org.springframework.beans.factory.support.DefaultListableBeanFactory] Creating shared instance of singleton bean 'userRepositoryImpl'
2016-02-03 20:35:50,853 DEBUG   main [org.springframework.beans.factory.support.DefaultListableBeanFactory] Creating instance of bean 'userRepositoryImpl'
2016-02-03 20:35:50,884 DEBUG   main [org.springframework.beans.factory.annotation.InjectionMetadata] Registered injected element on class [ldap.advance.example.UserRepositoryImpl]: AutowiredFieldElement for private org.springframework.ldap.core.LdapTemplate ldap.advance.example.UserRepositoryImpl.ldapTemplate
2016-02-03 20:35:50,884 DEBUG   main [org.springframework.beans.factory.support.DefaultListableBeanFactory] Eagerly caching bean 'userRepositoryImpl' to allow for resolving potential circular references
2016-02-03 20:35:50,895 TRACE   main [org.springframework.core.io.support.SpringFactoriesLoader] Loaded [org.springframework.beans.BeanInfoFactory] names: [org.springframework.beans.ExtendedBeanInfoFactory]
2016-02-03 20:35:50,896 TRACE   main [org.springframework.beans.CachedIntrospectionResults] Getting BeanInfo for class [ldap.advance.example.UserRepositoryImpl]
2016-02-03 20:35:50,916 TRACE   main [org.springframework.beans.CachedIntrospectionResults] Caching PropertyDescriptors for class [ldap.advance.example.UserRepositoryImpl]
2016-02-03 20:35:50,917 TRACE   main [org.springframework.beans.CachedIntrospectionResults] Found bean property 'allUserNames' of type [java.util.List]
2016-02-03 20:35:50,922 TRACE   main [org.springframework.beans.CachedIntrospectionResults] Found bean property 'allUsers' of type [java.util.List]
2016-02-03 20:35:50,922 TRACE   main [org.springframework.beans.CachedIntrospectionResults] Found bean property 'class' of type [java.lang.Class]
2016-02-03 20:35:50,928 DEBUG   main [org.springframework.beans.factory.annotation.InjectionMetadata] Processing injected element of bean 'userRepositoryImpl': AutowiredFieldElement for private org.springframework.ldap.core.LdapTemplate ldap.advance.example.UserRepositoryImpl.ldapTemplate
2016-02-03 20:35:50,934 DEBUG   main [org.springframework.beans.factory.support.DefaultListableBeanFactory] Creating shared instance of singleton bean 'ldapTemplate'
2016-02-03 20:35:50,935 DEBUG   main [org.springframework.beans.factory.support.DefaultListableBeanFactory] Creating instance of bean 'ldapTemplate'
2016-02-03 20:35:50,958 DEBUG   main [org.springframework.beans.factory.support.DefaultListableBeanFactory] Eagerly caching bean 'ldapTemplate' to allow for resolving potential circular references
2016-02-03 20:35:50,958 TRACE   main [org.springframework.beans.CachedIntrospectionResults] Getting BeanInfo for class [org.springframework.ldap.core.LdapTemplate]
2016-02-03 20:35:50,980 TRACE   main [org.springframework.beans.CachedIntrospectionResults] Caching PropertyDescriptors for class [org.springframework.ldap.core.LdapTemplate]
2016-02-03 20:35:50,984 TRACE   main [org.springframework.beans.CachedIntrospectionResults] Found bean property 'class' of type [java.lang.Class]
2016-02-03 20:35:50,984 TRACE   main [org.springframework.beans.CachedIntrospectionResults] Found bean property 'contextSource' of type [org.springframework.ldap.core.ContextSource]
2016-02-03 20:35:50,985 TRACE   main [org.springframework.beans.CachedIntrospectionResults] Found bean property 'defaultCountLimit' of type [int]
2016-02-03 20:35:50,985 TRACE   main [org.springframework.beans.CachedIntrospectionResults] Found bean property 'defaultSearchScope' of type [int]
2016-02-03 20:35:50,986 TRACE   main [org.springframework.beans.CachedIntrospectionResults] Found bean property 'defaultTimeLimit' of type [int]
2016-02-03 20:35:50,986 TRACE   main [org.springframework.beans.CachedIntrospectionResults] Found bean property 'ignoreNameNotFoundException' of type [boolean]
2016-02-03 20:35:50,986 TRACE   main [org.springframework.beans.CachedIntrospectionResults] Found bean property 'ignorePartialResultException' of type [boolean]
2016-02-03 20:35:50,987 TRACE   main [org.springframework.beans.CachedIntrospectionResults] Found bean property 'ignoreSizeLimitExceededException' of type [boolean]
2016-02-03 20:35:50,987 TRACE   main [org.springframework.beans.CachedIntrospectionResults] Found bean property 'objectDirectoryMapper' of type [org.springframework.ldap.odm.core.ObjectDirectoryMapper]
2016-02-03 20:35:50,992 DEBUG   main [org.springframework.beans.factory.support.DefaultListableBeanFactory] Creating shared instance of singleton bean 'contextSource'
2016-02-03 20:35:50,992 DEBUG   main [org.springframework.beans.factory.support.DefaultListableBeanFactory] Creating instance of bean 'contextSource'
2016-02-03 20:35:51,003 DEBUG   main [org.springframework.beans.factory.support.DefaultListableBeanFactory] Creating instance of bean '(inner bean)#612440c9'
2016-02-03 20:35:51,028 TRACE   main [org.springframework.beans.CachedIntrospectionResults] Getting BeanInfo for class [org.springframework.ldap.core.support.LdapContextSource]
2016-02-03 20:35:51,035 TRACE   main [org.springframework.beans.CachedIntrospectionResults] Caching PropertyDescriptors for class [org.springframework.ldap.core.support.LdapContextSource]
2016-02-03 20:35:51,035 TRACE   main [org.springframework.beans.CachedIntrospectionResults] Found bean property 'anonymousReadOnly' of type [boolean]
2016-02-03 20:35:51,035 TRACE   main [org.springframework.beans.CachedIntrospectionResults] Found bean property 'authenticationSource' of type [org.springframework.ldap.core.AuthenticationSource]
2016-02-03 20:35:51,036 TRACE   main [org.springframework.beans.CachedIntrospectionResults] Found bean property 'authenticationStrategy' of type [org.springframework.ldap.core.support.DirContextAuthenticationStrategy]
2016-02-03 20:35:51,036 TRACE   main [org.springframework.beans.CachedIntrospectionResults] Found bean property 'base' of type [java.lang.String]
2016-02-03 20:35:51,036 TRACE   main [org.springframework.beans.CachedIntrospectionResults] Found bean property 'baseEnvironmentProperties' of type [java.util.Map]
2016-02-03 20:35:51,036 TRACE   main [org.springframework.beans.CachedIntrospectionResults] Found bean property 'baseLdapName' of type [javax.naming.ldap.LdapName]
2016-02-03 20:35:51,036 TRACE   main [org.springframework.beans.CachedIntrospectionResults] Found bean property 'baseLdapPath' of type [org.springframework.ldap.core.DistinguishedName]
2016-02-03 20:35:51,036 TRACE   main [org.springframework.beans.CachedIntrospectionResults] Found bean property 'baseLdapPathAsString' of type [java.lang.String]
2016-02-03 20:35:51,036 TRACE   main [org.springframework.beans.CachedIntrospectionResults] Found bean property 'cacheEnvironmentProperties' of type [boolean]
2016-02-03 20:35:51,037 TRACE   main [org.springframework.beans.CachedIntrospectionResults] Found bean property 'class' of type [java.lang.Class]
2016-02-03 20:35:51,037 TRACE   main [org.springframework.beans.CachedIntrospectionResults] Found bean property 'contextFactory' of type [java.lang.Class]
2016-02-03 20:35:51,037 TRACE   main [org.springframework.beans.CachedIntrospectionResults] Found bean property 'dirObjectFactory' of type [java.lang.Class]
2016-02-03 20:35:51,037 TRACE   main [org.springframework.beans.CachedIntrospectionResults] Found bean property 'password' of type [java.lang.String]
2016-02-03 20:35:51,037 TRACE   main [org.springframework.beans.CachedIntrospectionResults] Found bean property 'pooled' of type [boolean]
2016-02-03 20:35:51,037 TRACE   main [org.springframework.beans.CachedIntrospectionResults] Found bean property 'readOnlyContext' of type [javax.naming.directory.DirContext]
2016-02-03 20:35:51,038 TRACE   main [org.springframework.beans.CachedIntrospectionResults] Found bean property 'readWriteContext' of type [javax.naming.directory.DirContext]
2016-02-03 20:35:51,038 TRACE   main [org.springframework.beans.CachedIntrospectionResults] Found bean property 'referral' of type [java.lang.String]
2016-02-03 20:35:51,038 TRACE   main [org.springframework.beans.CachedIntrospectionResults] Found bean property 'url' of type [java.lang.String]
2016-02-03 20:35:51,038 TRACE   main [org.springframework.beans.CachedIntrospectionResults] Found bean property 'urls' of type [[Ljava.lang.String;]
2016-02-03 20:35:51,038 TRACE   main [org.springframework.beans.CachedIntrospectionResults] Found bean property 'userDn' of type [java.lang.String]
2016-02-03 20:35:51,045 DEBUG   main [org.springframework.beans.factory.support.DefaultListableBeanFactory] Creating instance of bean '(inner bean)#42b18df5'
2016-02-03 20:35:51,053 TRACE   main [org.springframework.beans.CachedIntrospectionResults] Getting BeanInfo for class [[Ljava.lang.String;]
2016-02-03 20:35:51,054 TRACE   main [org.springframework.beans.CachedIntrospectionResults] Caching PropertyDescriptors for class [[Ljava.lang.String;]
2016-02-03 20:35:51,054 TRACE   main [org.springframework.beans.CachedIntrospectionResults] Found bean property 'class' of type [java.lang.Class]
2016-02-03 20:35:51,056 DEBUG   main [org.springframework.beans.factory.support.DefaultListableBeanFactory] Finished creating instance of bean '(inner bean)#42b18df5'
2016-02-03 20:35:51,057 DEBUG   main [org.springframework.beans.factory.support.DefaultListableBeanFactory] Creating shared instance of singleton bean 'simpleDirContextAuthenticationStrategy'
2016-02-03 20:35:51,058 DEBUG   main [org.springframework.beans.factory.support.DefaultListableBeanFactory] Creating instance of bean 'simpleDirContextAuthenticationStrategy'
2016-02-03 20:35:51,058 DEBUG   main [org.springframework.beans.factory.support.DefaultListableBeanFactory] Eagerly caching bean 'simpleDirContextAuthenticationStrategy' to allow for resolving potential circular references
2016-02-03 20:35:51,059 TRACE   main [org.springframework.beans.CachedIntrospectionResults] Getting BeanInfo for class [org.springframework.ldap.core.support.SimpleDirContextAuthenticationStrategy]
2016-02-03 20:35:51,061 TRACE   main [org.springframework.beans.CachedIntrospectionResults] Caching PropertyDescriptors for class [org.springframework.ldap.core.support.SimpleDirContextAuthenticationStrategy]
2016-02-03 20:35:51,061 TRACE   main [org.springframework.beans.CachedIntrospectionResults] Found bean property 'class' of type [java.lang.Class]
2016-02-03 20:35:51,062 DEBUG   main [org.springframework.beans.factory.support.DefaultListableBeanFactory] Finished creating instance of bean 'simpleDirContextAuthenticationStrategy'
2016-02-03 20:35:51,065 DEBUG   main [org.springframework.beans.factory.support.DefaultListableBeanFactory] Invoking afterPropertiesSet() on bean with name '(inner bean)#612440c9'
2016-02-03 20:35:51,071 DEBUG   main [org.springframework.beans.factory.support.DefaultListableBeanFactory] Finished creating instance of bean '(inner bean)#612440c9'
2016-02-03 20:35:51,076 DEBUG   main [org.springframework.beans.factory.support.DefaultListableBeanFactory] Eagerly caching bean 'contextSource' to allow for resolving potential circular references
2016-02-03 20:35:51,077 TRACE   main [org.springframework.beans.CachedIntrospectionResults] Getting BeanInfo for class [org.springframework.ldap.transaction.compensating.manager.TransactionAwareContextSourceProxy]
2016-02-03 20:35:51,080 TRACE   main [org.springframework.beans.CachedIntrospectionResults] Caching PropertyDescriptors for class [org.springframework.ldap.transaction.compensating.manager.TransactionAwareContextSourceProxy]
2016-02-03 20:35:51,080 TRACE   main [org.springframework.beans.CachedIntrospectionResults] Found bean property 'baseLdapName' of type [javax.naming.ldap.LdapName]
2016-02-03 20:35:51,080 TRACE   main [org.springframework.beans.CachedIntrospectionResults] Found bean property 'baseLdapPath' of type [org.springframework.ldap.core.DistinguishedName]
2016-02-03 20:35:51,080 TRACE   main [org.springframework.beans.CachedIntrospectionResults] Found bean property 'baseLdapPathAsString' of type [java.lang.String]
2016-02-03 20:35:51,080 TRACE   main [org.springframework.beans.CachedIntrospectionResults] Found bean property 'class' of type [java.lang.Class]
2016-02-03 20:35:51,081 TRACE   main [org.springframework.beans.CachedIntrospectionResults] Found bean property 'readOnlyContext' of type [javax.naming.directory.DirContext]
2016-02-03 20:35:51,082 TRACE   main [org.springframework.beans.CachedIntrospectionResults] Found bean property 'readWriteContext' of type [javax.naming.directory.DirContext]
2016-02-03 20:35:51,082 TRACE   main [org.springframework.beans.CachedIntrospectionResults] Found bean property 'target' of type [org.springframework.ldap.core.ContextSource]
2016-02-03 20:35:51,082 DEBUG   main [org.springframework.beans.factory.support.DefaultListableBeanFactory] Finished creating instance of bean 'contextSource'
2016-02-03 20:35:51,091 DEBUG   main [org.springframework.beans.factory.support.DefaultListableBeanFactory] Invoking afterPropertiesSet() on bean with name 'ldapTemplate'
2016-02-03 20:35:51,091 DEBUG   main [org.springframework.beans.factory.support.DefaultListableBeanFactory] Finished creating instance of bean 'ldapTemplate'
2016-02-03 20:35:51,091 DEBUG   main [org.springframework.beans.factory.annotation.AutowiredAnnotationBeanPostProcessor] Autowiring by type from bean name 'userRepositoryImpl' to bean named 'ldapTemplate'
2016-02-03 20:35:51,092 DEBUG   main [org.springframework.beans.factory.support.DefaultListableBeanFactory] Finished creating instance of bean 'userRepositoryImpl'
2016-02-03 20:35:51,092 DEBUG   main [org.springframework.beans.factory.support.DefaultListableBeanFactory] Returning cached instance of singleton bean 'org.springframework.context.annotation.internalConfigurationAnnotationProcessor'
2016-02-03 20:35:51,092 DEBUG   main [org.springframework.beans.factory.support.DefaultListableBeanFactory] Returning cached instance of singleton bean 'org.springframework.context.annotation.internalAutowiredAnnotationProcessor'
2016-02-03 20:35:51,092 DEBUG   main [org.springframework.beans.factory.support.DefaultListableBeanFactory] Returning cached instance of singleton bean 'org.springframework.context.annotation.internalRequiredAnnotationProcessor'
2016-02-03 20:35:51,092 DEBUG   main [org.springframework.beans.factory.support.DefaultListableBeanFactory] Returning cached instance of singleton bean 'org.springframework.context.annotation.internalCommonAnnotationProcessor'
2016-02-03 20:35:51,092 DEBUG   main [org.springframework.beans.factory.support.DefaultListableBeanFactory] Returning cached instance of singleton bean 'simpleDirContextAuthenticationStrategy'
2016-02-03 20:35:51,092 DEBUG   main [org.springframework.beans.factory.support.DefaultListableBeanFactory] Creating shared instance of singleton bean 'userReposImpl'
2016-02-03 20:35:51,092 DEBUG   main [org.springframework.beans.factory.support.DefaultListableBeanFactory] Creating instance of bean 'userReposImpl'
2016-02-03 20:35:51,093 DEBUG   main [org.springframework.beans.factory.annotation.InjectionMetadata] Registered injected element on class [ldap.advance.example.UserRepositoryImpl]: AutowiredFieldElement for private org.springframework.ldap.core.LdapTemplate ldap.advance.example.UserRepositoryImpl.ldapTemplate
2016-02-03 20:35:51,093 DEBUG   main [org.springframework.beans.factory.support.DefaultListableBeanFactory] Eagerly caching bean 'userReposImpl' to allow for resolving potential circular references
2016-02-03 20:35:51,093 DEBUG   main [org.springframework.beans.factory.annotation.InjectionMetadata] Processing injected element of bean 'userReposImpl': AutowiredFieldElement for private org.springframework.ldap.core.LdapTemplate ldap.advance.example.UserRepositoryImpl.ldapTemplate
2016-02-03 20:35:51,094 DEBUG   main [org.springframework.beans.factory.support.DefaultListableBeanFactory] Returning cached instance of singleton bean 'ldapTemplate'
2016-02-03 20:35:51,094 DEBUG   main [org.springframework.beans.factory.annotation.AutowiredAnnotationBeanPostProcessor] Autowiring by type from bean name 'userReposImpl' to bean named 'ldapTemplate'
2016-02-03 20:35:51,094 DEBUG   main [org.springframework.beans.factory.support.DefaultListableBeanFactory] Finished creating instance of bean 'userReposImpl'
2016-02-03 20:35:51,094 DEBUG   main [org.springframework.beans.factory.support.DefaultListableBeanFactory] Returning cached instance of singleton bean 'contextSource'
2016-02-03 20:35:51,094 DEBUG   main [org.springframework.beans.factory.support.DefaultListableBeanFactory] Returning cached instance of singleton bean 'ldapTemplate'
2016-02-03 20:35:51,094 DEBUG   main [org.springframework.beans.factory.support.DefaultListableBeanFactory] Returning cached instance of singleton bean 'org.springframework.context.annotation.ConfigurationClassPostProcessor.importAwareProcessor'
2016-02-03 20:35:51,094 DEBUG   main [org.springframework.beans.factory.support.DefaultListableBeanFactory] Returning cached instance of singleton bean 'org.springframework.context.annotation.ConfigurationClassPostProcessor.enhancedConfigurationProcessor'
2016-02-03 20:35:51,096 DEBUG   main [org.springframework.context.support.ClassPathXmlApplicationContext] Unable to locate LifecycleProcessor with name 'lifecycleProcessor': using default [org.springframework.context.support.DefaultLifecycleProcessor@797ff11f]
2016-02-03 20:35:51,096 DEBUG   main [org.springframework.beans.factory.support.DefaultListableBeanFactory] Returning cached instance of singleton bean 'lifecycleProcessor'
2016-02-03 20:35:51,099 TRACE   main [org.springframework.context.support.ClassPathXmlApplicationContext] Publishing event in org.springframework.context.support.ClassPathXmlApplicationContext@60c4d1a7: org.springframework.context.event.ContextRefreshedEvent[source=org.springframework.context.support.ClassPathXmlApplicationContext@60c4d1a7: startup date [Wed Feb 03 20:35:50 EST 2016]; root of context hierarchy]
2016-02-03 20:35:51,105 TRACE   main [org.springframework.core.env.PropertySourcesPropertyResolver] getProperty("spring.liveBeansView.mbeanDomain", String)
2016-02-03 20:35:51,105 DEBUG   main [org.springframework.core.env.PropertySourcesPropertyResolver] Searching for key 'spring.liveBeansView.mbeanDomain' in [systemProperties]
2016-02-03 20:35:51,106 DEBUG   main [org.springframework.core.env.PropertySourcesPropertyResolver] Searching for key 'spring.liveBeansView.mbeanDomain' in [systemEnvironment]
2016-02-03 20:35:51,107 DEBUG   main [org.springframework.core.env.PropertySourcesPropertyResolver] Could not find key 'spring.liveBeansView.mbeanDomain' in any property source. Returning [null]
2016-02-03 20:35:51,107 INFO   main [ldap.advance.example.test.LdapApp] Test started at Wed Feb 03 20:35:50 EST 2016
2016-02-03 20:35:51,107 DEBUG   main [org.springframework.beans.factory.support.DefaultListableBeanFactory] Returning cached instance of singleton bean 'userReposImpl'
2016-02-03 20:35:51,107 INFO   main [ldap.advance.example.UserRepositoryImpl] executing {createUser}
2016-02-03 20:36:34,944 DEBUG   main [org.springframework.core.env.StandardEnvironment] Adding [systemProperties] PropertySource with lowest search precedence
2016-02-03 20:36:34,953 DEBUG   main [org.springframework.core.env.StandardEnvironment] Adding [systemEnvironment] PropertySource with lowest search precedence
2016-02-03 20:36:34,954 DEBUG   main [org.springframework.core.env.StandardEnvironment] Initialized StandardEnvironment with PropertySources [systemProperties,systemEnvironment]
2016-02-03 20:36:34,966 INFO   main [org.springframework.context.support.ClassPathXmlApplicationContext] Refreshing org.springframework.context.support.ClassPathXmlApplicationContext@3eed2cab: startup date [Wed Feb 03 20:36:34 EST 2016]; root of context hierarchy
2016-02-03 20:36:35,032 DEBUG   main [org.springframework.core.env.StandardEnvironment] Adding [systemProperties] PropertySource with lowest search precedence
2016-02-03 20:36:35,033 DEBUG   main [org.springframework.core.env.StandardEnvironment] Adding [systemEnvironment] PropertySource with lowest search precedence
2016-02-03 20:36:35,033 DEBUG   main [org.springframework.core.env.StandardEnvironment] Initialized StandardEnvironment with PropertySources [systemProperties,systemEnvironment]
2016-02-03 20:36:35,058 INFO   main [org.springframework.beans.factory.xml.XmlBeanDefinitionReader] Loading XML bean definitions from class path resource [spring-ldap-example.xml]
2016-02-03 20:36:35,062 DEBUG   main [org.springframework.beans.factory.xml.DefaultDocumentLoader] Using JAXP provider [com.sun.org.apache.xerces.internal.jaxp.DocumentBuilderFactoryImpl]
2016-02-03 20:36:35,106 TRACE   main [org.springframework.beans.factory.xml.PluggableSchemaResolver] Trying to resolve XML entity with public id [null] and system id [http://www.springframework.org/schema/beans/spring-beans.xsd]
2016-02-03 20:36:35,106 DEBUG   main [org.springframework.beans.factory.xml.PluggableSchemaResolver] Loading schema mappings from [META-INF/spring.schemas]
2016-02-03 20:36:35,129 DEBUG   main [org.springframework.beans.factory.xml.PluggableSchemaResolver] Loaded schema mappings: {http://www.springframework.org/schema/tx/spring-tx-2.5.xsd=org/springframework/transaction/config/spring-tx-2.5.xsd, http://www.springframework.org/schema/cache/spring-cache-4.2.xsd=org/springframework/cache/config/spring-cache-4.2.xsd, http://www.springframework.org/schema/aop/spring-aop-4.1.xsd=org/springframework/aop/config/spring-aop-4.1.xsd, http://www.springframework.org/schema/context/spring-context-3.1.xsd=org/springframework/context/config/spring-context-3.1.xsd, http://www.springframework.org/schema/data/repository/spring-repository-1.4.xsd=org/springframework/data/repository/config/spring-repository-1.4.xsd, http://www.springframework.org/schema/util/spring-util-3.0.xsd=org/springframework/beans/factory/xml/spring-util-3.0.xsd, http://www.springframework.org/schema/tool/spring-tool.xsd=org/springframework/beans/factory/xml/spring-tool-4.2.xsd, http://www.springframework.org/schema/aop/spring-aop-3.2.xsd=org/springframework/aop/config/spring-aop-3.2.xsd, http://www.springframework.org/schema/lang/spring-lang-4.1.xsd=org/springframework/scripting/config/spring-lang-4.1.xsd, http://www.springframework.org/schema/context/spring-context-4.0.xsd=org/springframework/context/config/spring-context-4.0.xsd, http://www.springframework.org/schema/beans/spring-beans-4.2.xsd=org/springframework/beans/factory/xml/spring-beans-4.2.xsd, http://www.springframework.org/schema/tool/spring-tool-4.1.xsd=org/springframework/beans/factory/xml/spring-tool-4.1.xsd, http://www.springframework.org/schema/lang/spring-lang-3.2.xsd=org/springframework/scripting/config/spring-lang-3.2.xsd, http://www.springframework.org/schema/cache/spring-cache-3.2.xsd=org/springframework/cache/config/spring-cache-3.2.xsd, http://www.springframework.org/schema/jee/spring-jee-4.1.xsd=org/springframework/ejb/config/spring-jee-4.1.xsd, http://www.springframework.org/schema/task/spring-task-4.2.xsd=org/springframework/scheduling/config/spring-task-4.2.xsd, http://www.springframework.org/schema/util/spring-util-2.0.xsd=org/springframework/beans/factory/xml/spring-util-2.0.xsd, http://www.springframework.org/schema/tool/spring-tool-3.2.xsd=org/springframework/beans/factory/xml/spring-tool-3.2.xsd, http://www.springframework.org/schema/context/spring-context.xsd=org/springframework/context/config/spring-context-4.2.xsd, http://www.springframework.org/schema/tx/spring-tx-4.2.xsd=org/springframework/transaction/config/spring-tx-4.2.xsd, http://www.springframework.org/schema/cache/spring-cache-4.1.xsd=org/springframework/cache/config/spring-cache-4.1.xsd, http://www.springframework.org/schema/aop/spring-aop-4.0.xsd=org/springframework/aop/config/spring-aop-4.0.xsd, http://www.springframework.org/schema/jee/spring-jee-3.2.xsd=org/springframework/ejb/config/spring-jee-3.2.xsd, http://www.springframework.org/schema/context/spring-context-3.0.xsd=org/springframework/context/config/spring-context-3.0.xsd, http://www.springframework.org/schema/util/spring-util-2.5.xsd=org/springframework/beans/factory/xml/spring-util-2.5.xsd, http://www.springframework.org/schema/beans/spring-beans-3.2.xsd=org/springframework/beans/factory/xml/spring-beans-3.2.xsd, http://www.springframework.org/schema/aop/spring-aop-3.1.xsd=org/springframework/aop/config/spring-aop-3.1.xsd, http://www.springframework.org/schema/ldap/spring-ldap-2.0.xsd=org/springframework/ldap/config/spring-ldap-2.0.xsd, http://www.springframework.org/schema/lang/spring-lang-4.0.xsd=org/springframework/scripting/config/spring-lang-4.0.xsd, http://www.springframework.org/schema/beans/spring-beans-4.1.xsd=org/springframework/beans/factory/xml/spring-beans-4.1.xsd, http://www.springframework.org/schema/tool/spring-tool-4.0.xsd=org/springframework/beans/factory/xml/spring-tool-4.0.xsd, http://www.springframework.org/schema/tx/spring-tx-3.2.xsd=org/springframework/transaction/config/spring-tx-3.2.xsd, http://www.springframework.org/schema/lang/spring-lang-3.1.xsd=org/springframework/scripting/config/spring-lang-3.1.xsd, http://www.springframework.org/schema/cache/spring-cache-3.1.xsd=org/springframework/cache/config/spring-cache-3.1.xsd, http://www.springframework.org/schema/jee/spring-jee-4.0.xsd=org/springframework/ejb/config/spring-jee-4.0.xsd, http://www.springframework.org/schema/task/spring-task-4.1.xsd=org/springframework/scheduling/config/spring-task-4.1.xsd, http://www.springframework.org/schema/tool/spring-tool-3.1.xsd=org/springframework/beans/factory/xml/spring-tool-3.1.xsd, http://www.springframework.org/schema/tx/spring-tx-4.1.xsd=org/springframework/transaction/config/spring-tx-4.1.xsd, http://www.springframework.org/schema/cache/spring-cache-4.0.xsd=org/springframework/cache/config/spring-cache-4.0.xsd, http://www.springframework.org/schema/jee/spring-jee-3.1.xsd=org/springframework/ejb/config/spring-jee-3.1.xsd, http://www.springframework.org/schema/task/spring-task-3.2.xsd=org/springframework/scheduling/config/spring-task-3.2.xsd, http://www.springframework.org/schema/util/spring-util-4.2.xsd=org/springframework/beans/factory/xml/spring-util-4.2.xsd, http://www.springframework.org/schema/beans/spring-beans-3.1.xsd=org/springframework/beans/factory/xml/spring-beans-3.1.xsd, http://www.springframework.org/schema/util/spring-util.xsd=org/springframework/beans/factory/xml/spring-util-4.2.xsd, http://www.springframework.org/schema/aop/spring-aop-3.0.xsd=org/springframework/aop/config/spring-aop-3.0.xsd, http://www.springframework.org/schema/data/repository/spring-repository.xsd=org/springframework/data/repository/config/spring-repository-1.7.xsd, http://www.springframework.org/schema/data/repository/spring-repository-1.7.xsd=org/springframework/data/repository/config/spring-repository-1.7.xsd, http://www.springframework.org/schema/ldap/spring-ldap.xsd=org/springframework/ldap/config/spring-ldap-2.0.xsd, http://www.springframework.org/schema/beans/spring-beans-4.0.xsd=org/springframework/beans/factory/xml/spring-beans-4.0.xsd, http://www.springframework.org/schema/beans/spring-beans.xsd=org/springframework/beans/factory/xml/spring-beans-4.2.xsd, http://www.springframework.org/schema/tx/spring-tx-3.1.xsd=org/springframework/transaction/config/spring-tx-3.1.xsd, http://www.springframework.org/schema/lang/spring-lang-3.0.xsd=org/springframework/scripting/config/spring-lang-3.0.xsd, http://www.springframework.org/schema/context/spring-context-2.5.xsd=org/springframework/context/config/spring-context-2.5.xsd, http://www.springframework.org/schema/task/spring-task-4.0.xsd=org/springframework/scheduling/config/spring-task-4.0.xsd, http://www.springframework.org/schema/tool/spring-tool-3.0.xsd=org/springframework/beans/factory/xml/spring-tool-3.0.xsd, http://www.springframework.org/schema/tx/spring-tx-4.0.xsd=org/springframework/transaction/config/spring-tx-4.0.xsd, http://www.springframework.org/schema/aop/spring-aop-2.0.xsd=org/springframework/aop/config/spring-aop-2.0.xsd, http://www.springframework.org/schema/jee/spring-jee-3.0.xsd=org/springframework/ejb/config/spring-jee-3.0.xsd, http://www.springframework.org/schema/util/spring-util-4.1.xsd=org/springframework/beans/factory/xml/spring-util-4.1.xsd, http://www.springframework.org/schema/task/spring-task-3.1.xsd=org/springframework/scheduling/config/spring-task-3.1.xsd, http://www.springframework.org/schema/beans/spring-beans-3.0.xsd=org/springframework/beans/factory/xml/spring-beans-3.0.xsd, http://www.springframework.org/schema/jee/spring-jee.xsd=org/springframework/ejb/config/spring-jee-4.2.xsd, http://www.springframework.org/schema/aop/spring-aop-2.5.xsd=org/springframework/aop/config/spring-aop-2.5.xsd, http://www.springframework.org/schema/lang/spring-lang-2.0.xsd=org/springframework/scripting/config/spring-lang-2.0.xsd, http://www.springframework.org/schema/data/repository/spring-repository-1.6.xsd=org/springframework/data/repository/config/spring-repository-1.6.xsd, http://www.springframework.org/schema/util/spring-util-3.2.xsd=org/springframework/beans/factory/xml/spring-util-3.2.xsd, http://www.springframework.org/schema/task/spring-task.xsd=org/springframework/scheduling/config/spring-task-4.2.xsd, http://www.springframework.org/schema/tool/spring-tool-2.0.xsd=org/springframework/beans/factory/xml/spring-tool-2.0.xsd, http://www.springframework.org/schema/tx/spring-tx-3.0.xsd=org/springframework/transaction/config/spring-tx-3.0.xsd, http://www.springframework.org/schema/lang/spring-lang-2.5.xsd=org/springframework/scripting/config/spring-lang-2.5.xsd, http://www.springframework.org/schema/context/spring-context-4.2.xsd=org/springframework/context/config/spring-context-4.2.xsd, http://www.springframework.org/schema/jee/spring-jee-2.0.xsd=org/springframework/ejb/config/spring-jee-2.0.xsd, http://www.springframework.org/schema/tool/spring-tool-2.5.xsd=org/springframework/beans/factory/xml/spring-tool-2.5.xsd, http://www.springframework.org/schema/jee/spring-jee-2.5.xsd=org/springframework/ejb/config/spring-jee-2.5.xsd, http://www.springframework.org/schema/data/repository/spring-repository-1.0.xsd=org/springframework/data/repository/config/spring-repository-1.0.xsd, http://www.springframework.org/schema/util/spring-util-4.0.xsd=org/springframework/beans/factory/xml/spring-util-4.0.xsd, http://www.springframework.org/schema/task/spring-task-3.0.xsd=org/springframework/scheduling/config/spring-task-3.0.xsd, http://www.springframework.org/schema/aop/spring-aop-4.2.xsd=org/springframework/aop/config/spring-aop-4.2.xsd, http://www.springframework.org/schema/lang/spring-lang.xsd=org/springframework/scripting/config/spring-lang-4.2.xsd, http://www.springframework.org/schema/context/spring-context-3.2.xsd=org/springframework/context/config/spring-context-3.2.xsd, http://www.springframework.org/schema/data/repository/spring-repository-1.5.xsd=org/springframework/data/repository/config/spring-repository-1.5.xsd, http://www.springframework.org/schema/util/spring-util-3.1.xsd=org/springframework/beans/factory/xml/spring-util-3.1.xsd, http://www.springframework.org/schema/beans/spring-beans-2.0.xsd=org/springframework/beans/factory/xml/spring-beans-2.0.xsd, http://www.springframework.org/schema/cache/spring-cache.xsd=org/springframework/cache/config/spring-cache-4.2.xsd, http://www.springframework.org/schema/tx/spring-tx.xsd=org/springframework/transaction/config/spring-tx-4.2.xsd, http://www.springframework.org/schema/lang/spring-lang-4.2.xsd=org/springframework/scripting/config/spring-lang-4.2.xsd, http://www.springframework.org/schema/context/spring-context-4.1.xsd=org/springframework/context/config/spring-context-4.1.xsd, http://www.springframework.org/schema/beans/spring-beans-2.5.xsd=org/springframework/beans/factory/xml/spring-beans-2.5.xsd, http://www.springframework.org/schema/tool/spring-tool-4.2.xsd=org/springframework/beans/factory/xml/spring-tool-4.2.xsd, http://www.springframework.org/schema/tx/spring-tx-2.0.xsd=org/springframework/transaction/config/spring-tx-2.0.xsd, http://www.springframework.org/schema/jee/spring-jee-4.2.xsd=org/springframework/ejb/config/spring-jee-4.2.xsd, http://www.springframework.org/schema/aop/spring-aop.xsd=org/springframework/aop/config/spring-aop-4.2.xsd}
2016-02-03 20:36:35,133 DEBUG   main [org.springframework.beans.factory.xml.PluggableSchemaResolver] Found XML schema [http://www.springframework.org/schema/beans/spring-beans.xsd] in classpath: org/springframework/beans/factory/xml/spring-beans-4.2.xsd
2016-02-03 20:36:35,231 TRACE   main [org.springframework.beans.factory.xml.PluggableSchemaResolver] Trying to resolve XML entity with public id [null] and system id [http://www.springframework.org/schema/context/spring-context.xsd]
2016-02-03 20:36:35,232 DEBUG   main [org.springframework.beans.factory.xml.PluggableSchemaResolver] Found XML schema [http://www.springframework.org/schema/context/spring-context.xsd] in classpath: org/springframework/context/config/spring-context-4.2.xsd
2016-02-03 20:36:35,242 TRACE   main [org.springframework.beans.factory.xml.PluggableSchemaResolver] Trying to resolve XML entity with public id [null] and system id [http://www.springframework.org/schema/tool/spring-tool-4.2.xsd]
2016-02-03 20:36:35,242 DEBUG   main [org.springframework.beans.factory.xml.PluggableSchemaResolver] Found XML schema [http://www.springframework.org/schema/tool/spring-tool-4.2.xsd] in classpath: org/springframework/beans/factory/xml/spring-tool-4.2.xsd
2016-02-03 20:36:35,253 TRACE   main [org.springframework.beans.factory.xml.PluggableSchemaResolver] Trying to resolve XML entity with public id [null] and system id [http://www.springframework.org/schema/ldap/spring-ldap.xsd]
2016-02-03 20:36:35,255 DEBUG   main [org.springframework.beans.factory.xml.PluggableSchemaResolver] Found XML schema [http://www.springframework.org/schema/ldap/spring-ldap.xsd] in classpath: org/springframework/ldap/config/spring-ldap-2.0.xsd
2016-02-03 20:36:35,264 TRACE   main [org.springframework.beans.factory.xml.PluggableSchemaResolver] Trying to resolve XML entity with public id [null] and system id [http://www.springframework.org/schema/data/repository/spring-repository.xsd]
2016-02-03 20:36:35,265 DEBUG   main [org.springframework.beans.factory.xml.PluggableSchemaResolver] Found XML schema [http://www.springframework.org/schema/data/repository/spring-repository.xsd] in classpath: org/springframework/data/repository/config/spring-repository-1.7.xsd
2016-02-03 20:36:35,297 DEBUG   main [org.springframework.beans.factory.xml.DefaultBeanDefinitionDocumentReader] Loading bean definitions
2016-02-03 20:36:35,314 DEBUG   main [org.springframework.beans.factory.xml.DefaultNamespaceHandlerResolver] Loaded NamespaceHandler mappings: {http://www.springframework.org/schema/p=org.springframework.beans.factory.xml.SimplePropertyNamespaceHandler, http://www.springframework.org/schema/util=org.springframework.beans.factory.xml.UtilNamespaceHandler, http://www.springframework.org/schema/jee=org.springframework.ejb.config.JeeNamespaceHandler, http://www.springframework.org/schema/aop=org.springframework.aop.config.AopNamespaceHandler, http://www.springframework.org/schema/data/repository=org.springframework.data.repository.config.RepositoryNameSpaceHandler, http://www.springframework.org/schema/cache=org.springframework.cache.config.CacheNamespaceHandler, http://www.springframework.org/schema/c=org.springframework.beans.factory.xml.SimpleConstructorNamespaceHandler, http://www.springframework.org/schema/ldap=org.springframework.ldap.config.LdapNamespaceHandler, http://www.springframework.org/schema/tx=org.springframework.transaction.config.TxNamespaceHandler, http://www.springframework.org/schema/task=org.springframework.scheduling.config.TaskNamespaceHandler, http://www.springframework.org/schema/lang=org.springframework.scripting.config.LangNamespaceHandler, http://www.springframework.org/schema/context=org.springframework.context.config.ContextNamespaceHandler}
2016-02-03 20:36:35,342 DEBUG   main [org.springframework.core.env.StandardEnvironment] Adding [systemProperties] PropertySource with lowest search precedence
2016-02-03 20:36:35,342 DEBUG   main [org.springframework.core.env.StandardEnvironment] Adding [systemEnvironment] PropertySource with lowest search precedence
2016-02-03 20:36:35,342 DEBUG   main [org.springframework.core.env.StandardEnvironment] Initialized StandardEnvironment with PropertySources [systemProperties,systemEnvironment]
2016-02-03 20:36:35,360 DEBUG   main [org.springframework.core.io.support.PathMatchingResourcePatternResolver] Looking for matching resources in directory tree [C:\Eclipse\workspace\spring-ldap-example\bin\ldap\advance\example]
2016-02-03 20:36:35,361 DEBUG   main [org.springframework.core.io.support.PathMatchingResourcePatternResolver] Searching directory [C:\Eclipse\workspace\spring-ldap-example\bin\ldap\advance\example] for files matching pattern [C:/Eclipse/workspace/spring-ldap-example/bin/ldap/advance/example/**/*.class]
2016-02-03 20:36:35,363 DEBUG   main [org.springframework.core.io.support.PathMatchingResourcePatternResolver] Searching directory [C:\Eclipse\workspace\spring-ldap-example\bin\ldap\advance\example\test] for files matching pattern [C:/Eclipse/workspace/spring-ldap-example/bin/ldap/advance/example/**/*.class]
2016-02-03 20:36:35,366 DEBUG   main [org.springframework.core.io.support.PathMatchingResourcePatternResolver] Resolved location pattern [classpath*:ldap/advance/example/**/*.class] to resources [file [C:\Eclipse\workspace\spring-ldap-example\bin\ldap\advance\example\test\LdapApp.class], file [C:\Eclipse\workspace\spring-ldap-example\bin\ldap\advance\example\User.class], file [C:\Eclipse\workspace\spring-ldap-example\bin\ldap\advance\example\UserRepositoryImpl$MultipleAttributesMapper.class], file [C:\Eclipse\workspace\spring-ldap-example\bin\ldap\advance\example\UserRepositoryImpl$SingleAttributesMapper.class], file [C:\Eclipse\workspace\spring-ldap-example\bin\ldap\advance\example\UserRepositoryImpl$UserAttributesMapper.class], file [C:\Eclipse\workspace\spring-ldap-example\bin\ldap\advance\example\UserRepositoryImpl.class], file [C:\Eclipse\workspace\spring-ldap-example\bin\ldap\advance\example\UserRepositoryIntf.class]]
2016-02-03 20:36:35,366 TRACE   main [org.springframework.context.annotation.ClassPathBeanDefinitionScanner] Scanning file [C:\Eclipse\workspace\spring-ldap-example\bin\ldap\advance\example\test\LdapApp.class]
2016-02-03 20:36:35,389 TRACE   main [org.springframework.context.annotation.ClassPathBeanDefinitionScanner] Ignored because not matching any filter: file [C:\Eclipse\workspace\spring-ldap-example\bin\ldap\advance\example\test\LdapApp.class]
2016-02-03 20:36:35,389 TRACE   main [org.springframework.context.annotation.ClassPathBeanDefinitionScanner] Scanning file [C:\Eclipse\workspace\spring-ldap-example\bin\ldap\advance\example\User.class]
2016-02-03 20:36:35,390 TRACE   main [org.springframework.context.annotation.ClassPathBeanDefinitionScanner] Ignored because not matching any filter: file [C:\Eclipse\workspace\spring-ldap-example\bin\ldap\advance\example\User.class]
2016-02-03 20:36:35,390 TRACE   main [org.springframework.context.annotation.ClassPathBeanDefinitionScanner] Scanning file [C:\Eclipse\workspace\spring-ldap-example\bin\ldap\advance\example\UserRepositoryImpl$MultipleAttributesMapper.class]
2016-02-03 20:36:35,392 TRACE   main [org.springframework.context.annotation.ClassPathBeanDefinitionScanner] Ignored because not matching any filter: file [C:\Eclipse\workspace\spring-ldap-example\bin\ldap\advance\example\UserRepositoryImpl$MultipleAttributesMapper.class]
2016-02-03 20:36:35,392 TRACE   main [org.springframework.context.annotation.ClassPathBeanDefinitionScanner] Scanning file [C:\Eclipse\workspace\spring-ldap-example\bin\ldap\advance\example\UserRepositoryImpl$SingleAttributesMapper.class]
2016-02-03 20:36:35,393 TRACE   main [org.springframework.context.annotation.ClassPathBeanDefinitionScanner] Ignored because not matching any filter: file [C:\Eclipse\workspace\spring-ldap-example\bin\ldap\advance\example\UserRepositoryImpl$SingleAttributesMapper.class]
2016-02-03 20:36:35,393 TRACE   main [org.springframework.context.annotation.ClassPathBeanDefinitionScanner] Scanning file [C:\Eclipse\workspace\spring-ldap-example\bin\ldap\advance\example\UserRepositoryImpl$UserAttributesMapper.class]
2016-02-03 20:36:35,394 TRACE   main [org.springframework.context.annotation.ClassPathBeanDefinitionScanner] Ignored because not matching any filter: file [C:\Eclipse\workspace\spring-ldap-example\bin\ldap\advance\example\UserRepositoryImpl$UserAttributesMapper.class]
2016-02-03 20:36:35,394 TRACE   main [org.springframework.context.annotation.ClassPathBeanDefinitionScanner] Scanning file [C:\Eclipse\workspace\spring-ldap-example\bin\ldap\advance\example\UserRepositoryImpl.class]
2016-02-03 20:36:35,415 DEBUG   main [org.springframework.context.annotation.ClassPathBeanDefinitionScanner] Identified candidate component class: file [C:\Eclipse\workspace\spring-ldap-example\bin\ldap\advance\example\UserRepositoryImpl.class]
2016-02-03 20:36:35,415 TRACE   main [org.springframework.context.annotation.ClassPathBeanDefinitionScanner] Scanning file [C:\Eclipse\workspace\spring-ldap-example\bin\ldap\advance\example\UserRepositoryIntf.class]
2016-02-03 20:36:35,416 TRACE   main [org.springframework.context.annotation.ClassPathBeanDefinitionScanner] Ignored because not matching any filter: file [C:\Eclipse\workspace\spring-ldap-example\bin\ldap\advance\example\UserRepositoryIntf.class]
2016-02-03 20:36:35,482 DEBUG   main [org.springframework.beans.factory.xml.XmlBeanDefinitionReader] Loaded 9 bean definitions from location pattern [spring-ldap-example.xml]
2016-02-03 20:36:35,483 DEBUG   main [org.springframework.context.support.ClassPathXmlApplicationContext] Bean factory for org.springframework.context.support.ClassPathXmlApplicationContext@3eed2cab: org.springframework.beans.factory.support.DefaultListableBeanFactory@5c5d9afc: defining beans [userRepositoryImpl,org.springframework.context.annotation.internalConfigurationAnnotationProcessor,org.springframework.context.annotation.internalAutowiredAnnotationProcessor,org.springframework.context.annotation.internalRequiredAnnotationProcessor,org.springframework.context.annotation.internalCommonAnnotationProcessor,simpleDirContextAuthenticationStrategy,userReposImpl,contextSource,ldapTemplate]; root of factory hierarchy
2016-02-03 20:36:35,579 DEBUG   main [org.springframework.beans.factory.support.DefaultListableBeanFactory] Creating shared instance of singleton bean 'org.springframework.context.annotation.internalConfigurationAnnotationProcessor'
2016-02-03 20:36:35,579 DEBUG   main [org.springframework.beans.factory.support.DefaultListableBeanFactory] Creating instance of bean 'org.springframework.context.annotation.internalConfigurationAnnotationProcessor'
2016-02-03 20:36:35,611 DEBUG   main [org.springframework.beans.factory.support.DefaultListableBeanFactory] Eagerly caching bean 'org.springframework.context.annotation.internalConfigurationAnnotationProcessor' to allow for resolving potential circular references
2016-02-03 20:36:35,614 DEBUG   main [org.springframework.beans.factory.support.DefaultListableBeanFactory] Finished creating instance of bean 'org.springframework.context.annotation.internalConfigurationAnnotationProcessor'
2016-02-03 20:36:35,745 DEBUG   main [org.springframework.beans.factory.support.DefaultListableBeanFactory] Creating shared instance of singleton bean 'org.springframework.context.annotation.internalAutowiredAnnotationProcessor'
2016-02-03 20:36:35,745 DEBUG   main [org.springframework.beans.factory.support.DefaultListableBeanFactory] Creating instance of bean 'org.springframework.context.annotation.internalAutowiredAnnotationProcessor'
2016-02-03 20:36:35,747 DEBUG   main [org.springframework.beans.factory.support.DefaultListableBeanFactory] Eagerly caching bean 'org.springframework.context.annotation.internalAutowiredAnnotationProcessor' to allow for resolving potential circular references
2016-02-03 20:36:35,747 DEBUG   main [org.springframework.beans.factory.support.DefaultListableBeanFactory] Finished creating instance of bean 'org.springframework.context.annotation.internalAutowiredAnnotationProcessor'
2016-02-03 20:36:35,748 DEBUG   main [org.springframework.beans.factory.support.DefaultListableBeanFactory] Creating shared instance of singleton bean 'org.springframework.context.annotation.internalRequiredAnnotationProcessor'
2016-02-03 20:36:35,748 DEBUG   main [org.springframework.beans.factory.support.DefaultListableBeanFactory] Creating instance of bean 'org.springframework.context.annotation.internalRequiredAnnotationProcessor'
2016-02-03 20:36:35,749 DEBUG   main [org.springframework.beans.factory.support.DefaultListableBeanFactory] Eagerly caching bean 'org.springframework.context.annotation.internalRequiredAnnotationProcessor' to allow for resolving potential circular references
2016-02-03 20:36:35,750 DEBUG   main [org.springframework.beans.factory.support.DefaultListableBeanFactory] Finished creating instance of bean 'org.springframework.context.annotation.internalRequiredAnnotationProcessor'
2016-02-03 20:36:35,754 DEBUG   main [org.springframework.beans.factory.support.DefaultListableBeanFactory] Creating shared instance of singleton bean 'org.springframework.context.annotation.internalCommonAnnotationProcessor'
2016-02-03 20:36:35,754 DEBUG   main [org.springframework.beans.factory.support.DefaultListableBeanFactory] Creating instance of bean 'org.springframework.context.annotation.internalCommonAnnotationProcessor'
2016-02-03 20:36:35,761 DEBUG   main [org.springframework.beans.factory.support.DefaultListableBeanFactory] Eagerly caching bean 'org.springframework.context.annotation.internalCommonAnnotationProcessor' to allow for resolving potential circular references
2016-02-03 20:36:35,761 DEBUG   main [org.springframework.beans.factory.support.DefaultListableBeanFactory] Finished creating instance of bean 'org.springframework.context.annotation.internalCommonAnnotationProcessor'
2016-02-03 20:36:35,762 DEBUG   main [org.springframework.beans.factory.support.DefaultListableBeanFactory] Creating shared instance of singleton bean 'org.springframework.context.annotation.ConfigurationClassPostProcessor.importAwareProcessor'
2016-02-03 20:36:35,762 DEBUG   main [org.springframework.beans.factory.support.DefaultListableBeanFactory] Creating instance of bean 'org.springframework.context.annotation.ConfigurationClassPostProcessor.importAwareProcessor'
2016-02-03 20:36:35,762 DEBUG   main [org.springframework.beans.factory.support.DefaultListableBeanFactory] Eagerly caching bean 'org.springframework.context.annotation.ConfigurationClassPostProcessor.importAwareProcessor' to allow for resolving potential circular references
2016-02-03 20:36:35,763 DEBUG   main [org.springframework.beans.factory.support.DefaultListableBeanFactory] Finished creating instance of bean 'org.springframework.context.annotation.ConfigurationClassPostProcessor.importAwareProcessor'
2016-02-03 20:36:35,763 DEBUG   main [org.springframework.beans.factory.support.DefaultListableBeanFactory] Creating shared instance of singleton bean 'org.springframework.context.annotation.ConfigurationClassPostProcessor.enhancedConfigurationProcessor'
2016-02-03 20:36:35,763 DEBUG   main [org.springframework.beans.factory.support.DefaultListableBeanFactory] Creating instance of bean 'org.springframework.context.annotation.ConfigurationClassPostProcessor.enhancedConfigurationProcessor'
2016-02-03 20:36:35,763 DEBUG   main [org.springframework.beans.factory.support.DefaultListableBeanFactory] Eagerly caching bean 'org.springframework.context.annotation.ConfigurationClassPostProcessor.enhancedConfigurationProcessor' to allow for resolving potential circular references
2016-02-03 20:36:35,763 DEBUG   main [org.springframework.beans.factory.support.DefaultListableBeanFactory] Finished creating instance of bean 'org.springframework.context.annotation.ConfigurationClassPostProcessor.enhancedConfigurationProcessor'
2016-02-03 20:36:35,771 DEBUG   main [org.springframework.context.support.ClassPathXmlApplicationContext] Unable to locate MessageSource with name 'messageSource': using default [org.springframework.context.support.DelegatingMessageSource@423e8eb8]
2016-02-03 20:36:35,776 DEBUG   main [org.springframework.context.support.ClassPathXmlApplicationContext] Unable to locate ApplicationEventMulticaster with name 'applicationEventMulticaster': using default [org.springframework.context.event.SimpleApplicationEventMulticaster@2eaa00e4]
2016-02-03 20:36:35,778 DEBUG   main [org.springframework.beans.factory.support.DefaultListableBeanFactory] Pre-instantiating singletons in org.springframework.beans.factory.support.DefaultListableBeanFactory@5c5d9afc: defining beans [userRepositoryImpl,org.springframework.context.annotation.internalConfigurationAnnotationProcessor,org.springframework.context.annotation.internalAutowiredAnnotationProcessor,org.springframework.context.annotation.internalRequiredAnnotationProcessor,org.springframework.context.annotation.internalCommonAnnotationProcessor,simpleDirContextAuthenticationStrategy,userReposImpl,contextSource,ldapTemplate,org.springframework.context.annotation.ConfigurationClassPostProcessor.importAwareProcessor,org.springframework.context.annotation.ConfigurationClassPostProcessor.enhancedConfigurationProcessor]; root of factory hierarchy
2016-02-03 20:36:35,779 DEBUG   main [org.springframework.beans.factory.support.DefaultListableBeanFactory] Creating shared instance of singleton bean 'userRepositoryImpl'
2016-02-03 20:36:35,779 DEBUG   main [org.springframework.beans.factory.support.DefaultListableBeanFactory] Creating instance of bean 'userRepositoryImpl'
2016-02-03 20:36:35,809 DEBUG   main [org.springframework.beans.factory.annotation.InjectionMetadata] Registered injected element on class [ldap.advance.example.UserRepositoryImpl]: AutowiredFieldElement for private org.springframework.ldap.core.LdapTemplate ldap.advance.example.UserRepositoryImpl.ldapTemplate
2016-02-03 20:36:35,810 DEBUG   main [org.springframework.beans.factory.support.DefaultListableBeanFactory] Eagerly caching bean 'userRepositoryImpl' to allow for resolving potential circular references
2016-02-03 20:36:35,813 TRACE   main [org.springframework.core.io.support.SpringFactoriesLoader] Loaded [org.springframework.beans.BeanInfoFactory] names: [org.springframework.beans.ExtendedBeanInfoFactory]
2016-02-03 20:36:35,815 TRACE   main [org.springframework.beans.CachedIntrospectionResults] Getting BeanInfo for class [ldap.advance.example.UserRepositoryImpl]
2016-02-03 20:36:35,821 TRACE   main [org.springframework.beans.CachedIntrospectionResults] Caching PropertyDescriptors for class [ldap.advance.example.UserRepositoryImpl]
2016-02-03 20:36:35,821 TRACE   main [org.springframework.beans.CachedIntrospectionResults] Found bean property 'allUserNames' of type [java.util.List]
2016-02-03 20:36:35,826 TRACE   main [org.springframework.beans.CachedIntrospectionResults] Found bean property 'allUsers' of type [java.util.List]
2016-02-03 20:36:35,826 TRACE   main [org.springframework.beans.CachedIntrospectionResults] Found bean property 'class' of type [java.lang.Class]
2016-02-03 20:36:35,830 DEBUG   main [org.springframework.beans.factory.annotation.InjectionMetadata] Processing injected element of bean 'userRepositoryImpl': AutowiredFieldElement for private org.springframework.ldap.core.LdapTemplate ldap.advance.example.UserRepositoryImpl.ldapTemplate
2016-02-03 20:36:35,841 DEBUG   main [org.springframework.beans.factory.support.DefaultListableBeanFactory] Creating shared instance of singleton bean 'ldapTemplate'
2016-02-03 20:36:35,841 DEBUG   main [org.springframework.beans.factory.support.DefaultListableBeanFactory] Creating instance of bean 'ldapTemplate'
2016-02-03 20:36:35,868 DEBUG   main [org.springframework.beans.factory.support.DefaultListableBeanFactory] Eagerly caching bean 'ldapTemplate' to allow for resolving potential circular references
2016-02-03 20:36:35,868 TRACE   main [org.springframework.beans.CachedIntrospectionResults] Getting BeanInfo for class [org.springframework.ldap.core.LdapTemplate]
2016-02-03 20:36:35,888 TRACE   main [org.springframework.beans.CachedIntrospectionResults] Caching PropertyDescriptors for class [org.springframework.ldap.core.LdapTemplate]
2016-02-03 20:36:35,888 TRACE   main [org.springframework.beans.CachedIntrospectionResults] Found bean property 'class' of type [java.lang.Class]
2016-02-03 20:36:35,889 TRACE   main [org.springframework.beans.CachedIntrospectionResults] Found bean property 'contextSource' of type [org.springframework.ldap.core.ContextSource]
2016-02-03 20:36:35,889 TRACE   main [org.springframework.beans.CachedIntrospectionResults] Found bean property 'defaultCountLimit' of type [int]
2016-02-03 20:36:35,889 TRACE   main [org.springframework.beans.CachedIntrospectionResults] Found bean property 'defaultSearchScope' of type [int]
2016-02-03 20:36:35,890 TRACE   main [org.springframework.beans.CachedIntrospectionResults] Found bean property 'defaultTimeLimit' of type [int]
2016-02-03 20:36:35,894 TRACE   main [org.springframework.beans.CachedIntrospectionResults] Found bean property 'ignoreNameNotFoundException' of type [boolean]
2016-02-03 20:36:35,895 TRACE   main [org.springframework.beans.CachedIntrospectionResults] Found bean property 'ignorePartialResultException' of type [boolean]
2016-02-03 20:36:35,895 TRACE   main [org.springframework.beans.CachedIntrospectionResults] Found bean property 'ignoreSizeLimitExceededException' of type [boolean]
2016-02-03 20:36:35,895 TRACE   main [org.springframework.beans.CachedIntrospectionResults] Found bean property 'objectDirectoryMapper' of type [org.springframework.ldap.odm.core.ObjectDirectoryMapper]
2016-02-03 20:36:35,898 DEBUG   main [org.springframework.beans.factory.support.DefaultListableBeanFactory] Creating shared instance of singleton bean 'contextSource'
2016-02-03 20:36:35,898 DEBUG   main [org.springframework.beans.factory.support.DefaultListableBeanFactory] Creating instance of bean 'contextSource'
2016-02-03 20:36:35,904 DEBUG   main [org.springframework.beans.factory.support.DefaultListableBeanFactory] Creating instance of bean '(inner bean)#1e7eee8f'
2016-02-03 20:36:35,926 TRACE   main [org.springframework.beans.CachedIntrospectionResults] Getting BeanInfo for class [org.springframework.ldap.core.support.LdapContextSource]
2016-02-03 20:36:35,930 TRACE   main [org.springframework.beans.CachedIntrospectionResults] Caching PropertyDescriptors for class [org.springframework.ldap.core.support.LdapContextSource]
2016-02-03 20:36:35,931 TRACE   main [org.springframework.beans.CachedIntrospectionResults] Found bean property 'anonymousReadOnly' of type [boolean]
2016-02-03 20:36:35,931 TRACE   main [org.springframework.beans.CachedIntrospectionResults] Found bean property 'authenticationSource' of type [org.springframework.ldap.core.AuthenticationSource]
2016-02-03 20:36:35,931 TRACE   main [org.springframework.beans.CachedIntrospectionResults] Found bean property 'authenticationStrategy' of type [org.springframework.ldap.core.support.DirContextAuthenticationStrategy]
2016-02-03 20:36:35,932 TRACE   main [org.springframework.beans.CachedIntrospectionResults] Found bean property 'base' of type [java.lang.String]
2016-02-03 20:36:35,932 TRACE   main [org.springframework.beans.CachedIntrospectionResults] Found bean property 'baseEnvironmentProperties' of type [java.util.Map]
2016-02-03 20:36:35,932 TRACE   main [org.springframework.beans.CachedIntrospectionResults] Found bean property 'baseLdapName' of type [javax.naming.ldap.LdapName]
2016-02-03 20:36:35,932 TRACE   main [org.springframework.beans.CachedIntrospectionResults] Found bean property 'baseLdapPath' of type [org.springframework.ldap.core.DistinguishedName]
2016-02-03 20:36:35,932 TRACE   main [org.springframework.beans.CachedIntrospectionResults] Found bean property 'baseLdapPathAsString' of type [java.lang.String]
2016-02-03 20:36:35,932 TRACE   main [org.springframework.beans.CachedIntrospectionResults] Found bean property 'cacheEnvironmentProperties' of type [boolean]
2016-02-03 20:36:35,932 TRACE   main [org.springframework.beans.CachedIntrospectionResults] Found bean property 'class' of type [java.lang.Class]
2016-02-03 20:36:35,932 TRACE   main [org.springframework.beans.CachedIntrospectionResults] Found bean property 'contextFactory' of type [java.lang.Class]
2016-02-03 20:36:35,933 TRACE   main [org.springframework.beans.CachedIntrospectionResults] Found bean property 'dirObjectFactory' of type [java.lang.Class]
2016-02-03 20:36:35,933 TRACE   main [org.springframework.beans.CachedIntrospectionResults] Found bean property 'password' of type [java.lang.String]
2016-02-03 20:36:35,933 TRACE   main [org.springframework.beans.CachedIntrospectionResults] Found bean property 'pooled' of type [boolean]
2016-02-03 20:36:35,933 TRACE   main [org.springframework.beans.CachedIntrospectionResults] Found bean property 'readOnlyContext' of type [javax.naming.directory.DirContext]
2016-02-03 20:36:35,933 TRACE   main [org.springframework.beans.CachedIntrospectionResults] Found bean property 'readWriteContext' of type [javax.naming.directory.DirContext]
2016-02-03 20:36:35,933 TRACE   main [org.springframework.beans.CachedIntrospectionResults] Found bean property 'referral' of type [java.lang.String]
2016-02-03 20:36:35,933 TRACE   main [org.springframework.beans.CachedIntrospectionResults] Found bean property 'url' of type [java.lang.String]
2016-02-03 20:36:35,934 TRACE   main [org.springframework.beans.CachedIntrospectionResults] Found bean property 'urls' of type [[Ljava.lang.String;]
2016-02-03 20:36:35,934 TRACE   main [org.springframework.beans.CachedIntrospectionResults] Found bean property 'userDn' of type [java.lang.String]
2016-02-03 20:36:35,946 DEBUG   main [org.springframework.beans.factory.support.DefaultListableBeanFactory] Creating instance of bean '(inner bean)#67cbabb9'
2016-02-03 20:36:35,956 TRACE   main [org.springframework.beans.CachedIntrospectionResults] Getting BeanInfo for class [[Ljava.lang.String;]
2016-02-03 20:36:35,958 TRACE   main [org.springframework.beans.CachedIntrospectionResults] Caching PropertyDescriptors for class [[Ljava.lang.String;]
2016-02-03 20:36:35,958 TRACE   main [org.springframework.beans.CachedIntrospectionResults] Found bean property 'class' of type [java.lang.Class]
2016-02-03 20:36:35,960 DEBUG   main [org.springframework.beans.factory.support.DefaultListableBeanFactory] Finished creating instance of bean '(inner bean)#67cbabb9'
2016-02-03 20:36:35,961 DEBUG   main [org.springframework.beans.factory.support.DefaultListableBeanFactory] Creating shared instance of singleton bean 'simpleDirContextAuthenticationStrategy'
2016-02-03 20:36:35,961 DEBUG   main [org.springframework.beans.factory.support.DefaultListableBeanFactory] Creating instance of bean 'simpleDirContextAuthenticationStrategy'
2016-02-03 20:36:35,963 DEBUG   main [org.springframework.beans.factory.support.DefaultListableBeanFactory] Eagerly caching bean 'simpleDirContextAuthenticationStrategy' to allow for resolving potential circular references
2016-02-03 20:36:35,963 TRACE   main [org.springframework.beans.CachedIntrospectionResults] Getting BeanInfo for class [org.springframework.ldap.core.support.SimpleDirContextAuthenticationStrategy]
2016-02-03 20:36:35,965 TRACE   main [org.springframework.beans.CachedIntrospectionResults] Caching PropertyDescriptors for class [org.springframework.ldap.core.support.SimpleDirContextAuthenticationStrategy]
2016-02-03 20:36:35,965 TRACE   main [org.springframework.beans.CachedIntrospectionResults] Found bean property 'class' of type [java.lang.Class]
2016-02-03 20:36:35,965 DEBUG   main [org.springframework.beans.factory.support.DefaultListableBeanFactory] Finished creating instance of bean 'simpleDirContextAuthenticationStrategy'
2016-02-03 20:36:35,966 DEBUG   main [org.springframework.beans.factory.support.DefaultListableBeanFactory] Invoking afterPropertiesSet() on bean with name '(inner bean)#1e7eee8f'
2016-02-03 20:36:35,977 DEBUG   main [org.springframework.beans.factory.support.DefaultListableBeanFactory] Finished creating instance of bean '(inner bean)#1e7eee8f'
2016-02-03 20:36:35,981 DEBUG   main [org.springframework.beans.factory.support.DefaultListableBeanFactory] Eagerly caching bean 'contextSource' to allow for resolving potential circular references
2016-02-03 20:36:35,981 TRACE   main [org.springframework.beans.CachedIntrospectionResults] Getting BeanInfo for class [org.springframework.ldap.transaction.compensating.manager.TransactionAwareContextSourceProxy]
2016-02-03 20:36:35,985 TRACE   main [org.springframework.beans.CachedIntrospectionResults] Caching PropertyDescriptors for class [org.springframework.ldap.transaction.compensating.manager.TransactionAwareContextSourceProxy]
2016-02-03 20:36:35,986 TRACE   main [org.springframework.beans.CachedIntrospectionResults] Found bean property 'baseLdapName' of type [javax.naming.ldap.LdapName]
2016-02-03 20:36:35,986 TRACE   main [org.springframework.beans.CachedIntrospectionResults] Found bean property 'baseLdapPath' of type [org.springframework.ldap.core.DistinguishedName]
2016-02-03 20:36:35,986 TRACE   main [org.springframework.beans.CachedIntrospectionResults] Found bean property 'baseLdapPathAsString' of type [java.lang.String]
2016-02-03 20:36:35,986 TRACE   main [org.springframework.beans.CachedIntrospectionResults] Found bean property 'class' of type [java.lang.Class]
2016-02-03 20:36:35,987 TRACE   main [org.springframework.beans.CachedIntrospectionResults] Found bean property 'readOnlyContext' of type [javax.naming.directory.DirContext]
2016-02-03 20:36:35,987 TRACE   main [org.springframework.beans.CachedIntrospectionResults] Found bean property 'readWriteContext' of type [javax.naming.directory.DirContext]
2016-02-03 20:36:35,987 TRACE   main [org.springframework.beans.CachedIntrospectionResults] Found bean property 'target' of type [org.springframework.ldap.core.ContextSource]
2016-02-03 20:36:35,987 DEBUG   main [org.springframework.beans.factory.support.DefaultListableBeanFactory] Finished creating instance of bean 'contextSource'
2016-02-03 20:36:35,988 DEBUG   main [org.springframework.beans.factory.support.DefaultListableBeanFactory] Invoking afterPropertiesSet() on bean with name 'ldapTemplate'
2016-02-03 20:36:35,988 DEBUG   main [org.springframework.beans.factory.support.DefaultListableBeanFactory] Finished creating instance of bean 'ldapTemplate'
2016-02-03 20:36:35,988 DEBUG   main [org.springframework.beans.factory.annotation.AutowiredAnnotationBeanPostProcessor] Autowiring by type from bean name 'userRepositoryImpl' to bean named 'ldapTemplate'
2016-02-03 20:36:35,989 DEBUG   main [org.springframework.beans.factory.support.DefaultListableBeanFactory] Finished creating instance of bean 'userRepositoryImpl'
2016-02-03 20:36:35,989 DEBUG   main [org.springframework.beans.factory.support.DefaultListableBeanFactory] Returning cached instance of singleton bean 'org.springframework.context.annotation.internalConfigurationAnnotationProcessor'
2016-02-03 20:36:35,989 DEBUG   main [org.springframework.beans.factory.support.DefaultListableBeanFactory] Returning cached instance of singleton bean 'org.springframework.context.annotation.internalAutowiredAnnotationProcessor'
2016-02-03 20:36:35,989 DEBUG   main [org.springframework.beans.factory.support.DefaultListableBeanFactory] Returning cached instance of singleton bean 'org.springframework.context.annotation.internalRequiredAnnotationProcessor'
2016-02-03 20:36:35,989 DEBUG   main [org.springframework.beans.factory.support.DefaultListableBeanFactory] Returning cached instance of singleton bean 'org.springframework.context.annotation.internalCommonAnnotationProcessor'
2016-02-03 20:36:35,989 DEBUG   main [org.springframework.beans.factory.support.DefaultListableBeanFactory] Returning cached instance of singleton bean 'simpleDirContextAuthenticationStrategy'
2016-02-03 20:36:35,990 DEBUG   main [org.springframework.beans.factory.support.DefaultListableBeanFactory] Creating shared instance of singleton bean 'userReposImpl'
2016-02-03 20:36:35,990 DEBUG   main [org.springframework.beans.factory.support.DefaultListableBeanFactory] Creating instance of bean 'userReposImpl'
2016-02-03 20:36:35,992 DEBUG   main [org.springframework.beans.factory.annotation.InjectionMetadata] Registered injected element on class [ldap.advance.example.UserRepositoryImpl]: AutowiredFieldElement for private org.springframework.ldap.core.LdapTemplate ldap.advance.example.UserRepositoryImpl.ldapTemplate
2016-02-03 20:36:35,993 DEBUG   main [org.springframework.beans.factory.support.DefaultListableBeanFactory] Eagerly caching bean 'userReposImpl' to allow for resolving potential circular references
2016-02-03 20:36:35,993 DEBUG   main [org.springframework.beans.factory.annotation.InjectionMetadata] Processing injected element of bean 'userReposImpl': AutowiredFieldElement for private org.springframework.ldap.core.LdapTemplate ldap.advance.example.UserRepositoryImpl.ldapTemplate
2016-02-03 20:36:35,993 DEBUG   main [org.springframework.beans.factory.support.DefaultListableBeanFactory] Returning cached instance of singleton bean 'ldapTemplate'
2016-02-03 20:36:35,993 DEBUG   main [org.springframework.beans.factory.annotation.AutowiredAnnotationBeanPostProcessor] Autowiring by type from bean name 'userReposImpl' to bean named 'ldapTemplate'
2016-02-03 20:36:35,994 DEBUG   main [org.springframework.beans.factory.support.DefaultListableBeanFactory] Finished creating instance of bean 'userReposImpl'
2016-02-03 20:36:35,994 DEBUG   main [org.springframework.beans.factory.support.DefaultListableBeanFactory] Returning cached instance of singleton bean 'contextSource'
2016-02-03 20:36:35,994 DEBUG   main [org.springframework.beans.factory.support.DefaultListableBeanFactory] Returning cached instance of singleton bean 'ldapTemplate'
2016-02-03 20:36:35,994 DEBUG   main [org.springframework.beans.factory.support.DefaultListableBeanFactory] Returning cached instance of singleton bean 'org.springframework.context.annotation.ConfigurationClassPostProcessor.importAwareProcessor'
2016-02-03 20:36:35,994 DEBUG   main [org.springframework.beans.factory.support.DefaultListableBeanFactory] Returning cached instance of singleton bean 'org.springframework.context.annotation.ConfigurationClassPostProcessor.enhancedConfigurationProcessor'
2016-02-03 20:36:35,995 DEBUG   main [org.springframework.context.support.ClassPathXmlApplicationContext] Unable to locate LifecycleProcessor with name 'lifecycleProcessor': using default [org.springframework.context.support.DefaultLifecycleProcessor@7c1ba98b]
2016-02-03 20:36:35,996 DEBUG   main [org.springframework.beans.factory.support.DefaultListableBeanFactory] Returning cached instance of singleton bean 'lifecycleProcessor'
2016-02-03 20:36:35,996 TRACE   main [org.springframework.context.support.ClassPathXmlApplicationContext] Publishing event in org.springframework.context.support.ClassPathXmlApplicationContext@3eed2cab: org.springframework.context.event.ContextRefreshedEvent[source=org.springframework.context.support.ClassPathXmlApplicationContext@3eed2cab: startup date [Wed Feb 03 20:36:34 EST 2016]; root of context hierarchy]
2016-02-03 20:36:35,998 TRACE   main [org.springframework.core.env.PropertySourcesPropertyResolver] getProperty("spring.liveBeansView.mbeanDomain", String)
2016-02-03 20:36:35,999 DEBUG   main [org.springframework.core.env.PropertySourcesPropertyResolver] Searching for key 'spring.liveBeansView.mbeanDomain' in [systemProperties]
2016-02-03 20:36:35,999 DEBUG   main [org.springframework.core.env.PropertySourcesPropertyResolver] Searching for key 'spring.liveBeansView.mbeanDomain' in [systemEnvironment]
2016-02-03 20:36:35,999 DEBUG   main [org.springframework.core.env.PropertySourcesPropertyResolver] Could not find key 'spring.liveBeansView.mbeanDomain' in any property source. Returning [null]
2016-02-03 20:36:35,999 INFO   main [ldap.advance.example.test.LdapApp] Test started at Wed Feb 03 20:36:34 EST 2016
2016-02-03 20:36:35,999 DEBUG   main [org.springframework.beans.factory.support.DefaultListableBeanFactory] Returning cached instance of singleton bean 'userReposImpl'
2016-02-03 20:36:35,999 INFO   main [ldap.advance.example.UserRepositoryImpl] executing {createUser}
2016-02-03 20:36:36,864 INFO   main [ldap.advance.example.test.LdapApp] 
 =>true
2016-02-03 20:36:36,883 INFO   main [ldap.advance.example.test.LdapApp] 
 =>[User [uid=admin, cn=system administrator, sn=administrator, userPassword=secret, ], User [uid=tahsan, cn=Tariq Ahsan, sn=Ahsan, userPassword={sha}nBLtm0Ej/mJG4VZYEu/b+7fQ2YU=, ], User [uid=jsoule, cn=Joseph Soule, sn=Soule, ], User [uid=jdoe, cn=John Doe, sn=Doe, userPassword={SSHA}F04/pvCWN8a1NJshxa/XIzrNqH7F89MTgn3J6A==, ], User [uid=awadsworth, cn=Anthony Wadsworth, sn=Wadsworth, ], User [uid=fahsan, cn=Farzeen Ahsan, sn=Ahsan, ], User [uid=awadsworth, cn=Anthony Wadsworth, sn=Wadsworth, ], User [uid=tahsan, cn=tahsan, sn=Ahsan, userPassword={SHA}5en6G6MezRroT3XKqkdPOmY/BfQ=, ], User [uid=spring_ldap_test, cn=spring_ldap_test, sn=spring_ldap_test, userPassword={SSHA}hDdT+HPg1qjkh/6WGPjEnRkq2Wea6H8zEDwS7g==, postalAddress=spring_ldap_test, telephoneNumber=9830098301]]
2016-02-03 20:36:36,884 INFO   main [ldap.advance.example.UserRepositoryImpl] executing {getAllUserNames}
2016-02-03 20:36:36,893 INFO   main [ldap.advance.example.UserRepositoryImpl] Users -> [uid=tahsan, uid=awadsworth, uid=jdoe, uid=spring_ldap_test]
2016-02-03 20:36:36,904 INFO   main [ldap.advance.example.test.LdapApp] 
 =>[cn: Tariq Ahsan, cn: Anthony Wadsworth, cn: John Doe, cn: spring_ldap_test]
2016-02-03 20:36:36,904 INFO   main [org.springframework.context.support.ClassPathXmlApplicationContext] Refreshing org.springframework.context.support.ClassPathXmlApplicationContext@3eed2cab: startup date [Wed Feb 03 20:36:36 EST 2016]; root of context hierarchy
2016-02-03 20:36:36,904 DEBUG   main [org.springframework.beans.factory.support.DefaultListableBeanFactory] Destroying singletons in org.springframework.beans.factory.support.DefaultListableBeanFactory@5c5d9afc: defining beans [userRepositoryImpl,org.springframework.context.annotation.internalConfigurationAnnotationProcessor,org.springframework.context.annotation.internalAutowiredAnnotationProcessor,org.springframework.context.annotation.internalRequiredAnnotationProcessor,org.springframework.context.annotation.internalCommonAnnotationProcessor,simpleDirContextAuthenticationStrategy,userReposImpl,contextSource,ldapTemplate,org.springframework.context.annotation.ConfigurationClassPostProcessor.importAwareProcessor,org.springframework.context.annotation.ConfigurationClassPostProcessor.enhancedConfigurationProcessor]; root of factory hierarchy
2016-02-03 20:36:36,905 DEBUG   main [org.springframework.beans.factory.support.DefaultListableBeanFactory] Retrieved dependent beans for bean '(inner bean)#1e7eee8f': [contextSource]
2016-02-03 20:36:36,905 DEBUG   main [org.springframework.beans.factory.support.DefaultListableBeanFactory] Retrieved dependent beans for bean '(inner bean)#67cbabb9': [(inner bean)#1e7eee8f]
2016-02-03 20:36:36,908 DEBUG   main [org.springframework.core.env.StandardEnvironment] Adding [systemProperties] PropertySource with lowest search precedence
2016-02-03 20:36:36,908 DEBUG   main [org.springframework.core.env.StandardEnvironment] Adding [systemEnvironment] PropertySource with lowest search precedence
2016-02-03 20:36:36,909 DEBUG   main [org.springframework.core.env.StandardEnvironment] Initialized StandardEnvironment with PropertySources [systemProperties,systemEnvironment]
2016-02-03 20:36:36,909 INFO   main [org.springframework.beans.factory.xml.XmlBeanDefinitionReader] Loading XML bean definitions from class path resource [spring-ldap-example.xml]
2016-02-03 20:36:36,912 DEBUG   main [org.springframework.beans.factory.xml.DefaultDocumentLoader] Using JAXP provider [com.sun.org.apache.xerces.internal.jaxp.DocumentBuilderFactoryImpl]
2016-02-03 20:36:36,930 TRACE   main [org.springframework.beans.factory.xml.PluggableSchemaResolver] Trying to resolve XML entity with public id [null] and system id [http://www.springframework.org/schema/beans/spring-beans.xsd]
2016-02-03 20:36:36,930 DEBUG   main [org.springframework.beans.factory.xml.PluggableSchemaResolver] Loading schema mappings from [META-INF/spring.schemas]
2016-02-03 20:36:36,936 DEBUG   main [org.springframework.beans.factory.xml.PluggableSchemaResolver] Loaded schema mappings: {http://www.springframework.org/schema/tx/spring-tx-2.5.xsd=org/springframework/transaction/config/spring-tx-2.5.xsd, http://www.springframework.org/schema/cache/spring-cache-4.2.xsd=org/springframework/cache/config/spring-cache-4.2.xsd, http://www.springframework.org/schema/aop/spring-aop-4.1.xsd=org/springframework/aop/config/spring-aop-4.1.xsd, http://www.springframework.org/schema/context/spring-context-3.1.xsd=org/springframework/context/config/spring-context-3.1.xsd, http://www.springframework.org/schema/data/repository/spring-repository-1.4.xsd=org/springframework/data/repository/config/spring-repository-1.4.xsd, http://www.springframework.org/schema/util/spring-util-3.0.xsd=org/springframework/beans/factory/xml/spring-util-3.0.xsd, http://www.springframework.org/schema/tool/spring-tool.xsd=org/springframework/beans/factory/xml/spring-tool-4.2.xsd, http://www.springframework.org/schema/aop/spring-aop-3.2.xsd=org/springframework/aop/config/spring-aop-3.2.xsd, http://www.springframework.org/schema/lang/spring-lang-4.1.xsd=org/springframework/scripting/config/spring-lang-4.1.xsd, http://www.springframework.org/schema/context/spring-context-4.0.xsd=org/springframework/context/config/spring-context-4.0.xsd, http://www.springframework.org/schema/beans/spring-beans-4.2.xsd=org/springframework/beans/factory/xml/spring-beans-4.2.xsd, http://www.springframework.org/schema/tool/spring-tool-4.1.xsd=org/springframework/beans/factory/xml/spring-tool-4.1.xsd, http://www.springframework.org/schema/lang/spring-lang-3.2.xsd=org/springframework/scripting/config/spring-lang-3.2.xsd, http://www.springframework.org/schema/cache/spring-cache-3.2.xsd=org/springframework/cache/config/spring-cache-3.2.xsd, http://www.springframework.org/schema/jee/spring-jee-4.1.xsd=org/springframework/ejb/config/spring-jee-4.1.xsd, http://www.springframework.org/schema/task/spring-task-4.2.xsd=org/springframework/scheduling/config/spring-task-4.2.xsd, http://www.springframework.org/schema/util/spring-util-2.0.xsd=org/springframework/beans/factory/xml/spring-util-2.0.xsd, http://www.springframework.org/schema/tool/spring-tool-3.2.xsd=org/springframework/beans/factory/xml/spring-tool-3.2.xsd, http://www.springframework.org/schema/context/spring-context.xsd=org/springframework/context/config/spring-context-4.2.xsd, http://www.springframework.org/schema/tx/spring-tx-4.2.xsd=org/springframework/transaction/config/spring-tx-4.2.xsd, http://www.springframework.org/schema/cache/spring-cache-4.1.xsd=org/springframework/cache/config/spring-cache-4.1.xsd, http://www.springframework.org/schema/aop/spring-aop-4.0.xsd=org/springframework/aop/config/spring-aop-4.0.xsd, http://www.springframework.org/schema/jee/spring-jee-3.2.xsd=org/springframework/ejb/config/spring-jee-3.2.xsd, http://www.springframework.org/schema/context/spring-context-3.0.xsd=org/springframework/context/config/spring-context-3.0.xsd, http://www.springframework.org/schema/util/spring-util-2.5.xsd=org/springframework/beans/factory/xml/spring-util-2.5.xsd, http://www.springframework.org/schema/beans/spring-beans-3.2.xsd=org/springframework/beans/factory/xml/spring-beans-3.2.xsd, http://www.springframework.org/schema/aop/spring-aop-3.1.xsd=org/springframework/aop/config/spring-aop-3.1.xsd, http://www.springframework.org/schema/ldap/spring-ldap-2.0.xsd=org/springframework/ldap/config/spring-ldap-2.0.xsd, http://www.springframework.org/schema/lang/spring-lang-4.0.xsd=org/springframework/scripting/config/spring-lang-4.0.xsd, http://www.springframework.org/schema/beans/spring-beans-4.1.xsd=org/springframework/beans/factory/xml/spring-beans-4.1.xsd, http://www.springframework.org/schema/tool/spring-tool-4.0.xsd=org/springframework/beans/factory/xml/spring-tool-4.0.xsd, http://www.springframework.org/schema/tx/spring-tx-3.2.xsd=org/springframework/transaction/config/spring-tx-3.2.xsd, http://www.springframework.org/schema/lang/spring-lang-3.1.xsd=org/springframework/scripting/config/spring-lang-3.1.xsd, http://www.springframework.org/schema/cache/spring-cache-3.1.xsd=org/springframework/cache/config/spring-cache-3.1.xsd, http://www.springframework.org/schema/jee/spring-jee-4.0.xsd=org/springframework/ejb/config/spring-jee-4.0.xsd, http://www.springframework.org/schema/task/spring-task-4.1.xsd=org/springframework/scheduling/config/spring-task-4.1.xsd, http://www.springframework.org/schema/tool/spring-tool-3.1.xsd=org/springframework/beans/factory/xml/spring-tool-3.1.xsd, http://www.springframework.org/schema/tx/spring-tx-4.1.xsd=org/springframework/transaction/config/spring-tx-4.1.xsd, http://www.springframework.org/schema/cache/spring-cache-4.0.xsd=org/springframework/cache/config/spring-cache-4.0.xsd, http://www.springframework.org/schema/jee/spring-jee-3.1.xsd=org/springframework/ejb/config/spring-jee-3.1.xsd, http://www.springframework.org/schema/task/spring-task-3.2.xsd=org/springframework/scheduling/config/spring-task-3.2.xsd, http://www.springframework.org/schema/util/spring-util-4.2.xsd=org/springframework/beans/factory/xml/spring-util-4.2.xsd, http://www.springframework.org/schema/beans/spring-beans-3.1.xsd=org/springframework/beans/factory/xml/spring-beans-3.1.xsd, http://www.springframework.org/schema/util/spring-util.xsd=org/springframework/beans/factory/xml/spring-util-4.2.xsd, http://www.springframework.org/schema/aop/spring-aop-3.0.xsd=org/springframework/aop/config/spring-aop-3.0.xsd, http://www.springframework.org/schema/data/repository/spring-repository.xsd=org/springframework/data/repository/config/spring-repository-1.7.xsd, http://www.springframework.org/schema/data/repository/spring-repository-1.7.xsd=org/springframework/data/repository/config/spring-repository-1.7.xsd, http://www.springframework.org/schema/ldap/spring-ldap.xsd=org/springframework/ldap/config/spring-ldap-2.0.xsd, http://www.springframework.org/schema/beans/spring-beans-4.0.xsd=org/springframework/beans/factory/xml/spring-beans-4.0.xsd, http://www.springframework.org/schema/beans/spring-beans.xsd=org/springframework/beans/factory/xml/spring-beans-4.2.xsd, http://www.springframework.org/schema/tx/spring-tx-3.1.xsd=org/springframework/transaction/config/spring-tx-3.1.xsd, http://www.springframework.org/schema/lang/spring-lang-3.0.xsd=org/springframework/scripting/config/spring-lang-3.0.xsd, http://www.springframework.org/schema/context/spring-context-2.5.xsd=org/springframework/context/config/spring-context-2.5.xsd, http://www.springframework.org/schema/task/spring-task-4.0.xsd=org/springframework/scheduling/config/spring-task-4.0.xsd, http://www.springframework.org/schema/tool/spring-tool-3.0.xsd=org/springframework/beans/factory/xml/spring-tool-3.0.xsd, http://www.springframework.org/schema/tx/spring-tx-4.0.xsd=org/springframework/transaction/config/spring-tx-4.0.xsd, http://www.springframework.org/schema/aop/spring-aop-2.0.xsd=org/springframework/aop/config/spring-aop-2.0.xsd, http://www.springframework.org/schema/jee/spring-jee-3.0.xsd=org/springframework/ejb/config/spring-jee-3.0.xsd, http://www.springframework.org/schema/util/spring-util-4.1.xsd=org/springframework/beans/factory/xml/spring-util-4.1.xsd, http://www.springframework.org/schema/task/spring-task-3.1.xsd=org/springframework/scheduling/config/spring-task-3.1.xsd, http://www.springframework.org/schema/beans/spring-beans-3.0.xsd=org/springframework/beans/factory/xml/spring-beans-3.0.xsd, http://www.springframework.org/schema/jee/spring-jee.xsd=org/springframework/ejb/config/spring-jee-4.2.xsd, http://www.springframework.org/schema/aop/spring-aop-2.5.xsd=org/springframework/aop/config/spring-aop-2.5.xsd, http://www.springframework.org/schema/lang/spring-lang-2.0.xsd=org/springframework/scripting/config/spring-lang-2.0.xsd, http://www.springframework.org/schema/data/repository/spring-repository-1.6.xsd=org/springframework/data/repository/config/spring-repository-1.6.xsd, http://www.springframework.org/schema/util/spring-util-3.2.xsd=org/springframework/beans/factory/xml/spring-util-3.2.xsd, http://www.springframework.org/schema/task/spring-task.xsd=org/springframework/scheduling/config/spring-task-4.2.xsd, http://www.springframework.org/schema/tool/spring-tool-2.0.xsd=org/springframework/beans/factory/xml/spring-tool-2.0.xsd, http://www.springframework.org/schema/tx/spring-tx-3.0.xsd=org/springframework/transaction/config/spring-tx-3.0.xsd, http://www.springframework.org/schema/lang/spring-lang-2.5.xsd=org/springframework/scripting/config/spring-lang-2.5.xsd, http://www.springframework.org/schema/context/spring-context-4.2.xsd=org/springframework/context/config/spring-context-4.2.xsd, http://www.springframework.org/schema/jee/spring-jee-2.0.xsd=org/springframework/ejb/config/spring-jee-2.0.xsd, http://www.springframework.org/schema/tool/spring-tool-2.5.xsd=org/springframework/beans/factory/xml/spring-tool-2.5.xsd, http://www.springframework.org/schema/jee/spring-jee-2.5.xsd=org/springframework/ejb/config/spring-jee-2.5.xsd, http://www.springframework.org/schema/data/repository/spring-repository-1.0.xsd=org/springframework/data/repository/config/spring-repository-1.0.xsd, http://www.springframework.org/schema/util/spring-util-4.0.xsd=org/springframework/beans/factory/xml/spring-util-4.0.xsd, http://www.springframework.org/schema/task/spring-task-3.0.xsd=org/springframework/scheduling/config/spring-task-3.0.xsd, http://www.springframework.org/schema/aop/spring-aop-4.2.xsd=org/springframework/aop/config/spring-aop-4.2.xsd, http://www.springframework.org/schema/lang/spring-lang.xsd=org/springframework/scripting/config/spring-lang-4.2.xsd, http://www.springframework.org/schema/context/spring-context-3.2.xsd=org/springframework/context/config/spring-context-3.2.xsd, http://www.springframework.org/schema/data/repository/spring-repository-1.5.xsd=org/springframework/data/repository/config/spring-repository-1.5.xsd, http://www.springframework.org/schema/util/spring-util-3.1.xsd=org/springframework/beans/factory/xml/spring-util-3.1.xsd, http://www.springframework.org/schema/beans/spring-beans-2.0.xsd=org/springframework/beans/factory/xml/spring-beans-2.0.xsd, http://www.springframework.org/schema/cache/spring-cache.xsd=org/springframework/cache/config/spring-cache-4.2.xsd, http://www.springframework.org/schema/tx/spring-tx.xsd=org/springframework/transaction/config/spring-tx-4.2.xsd, http://www.springframework.org/schema/lang/spring-lang-4.2.xsd=org/springframework/scripting/config/spring-lang-4.2.xsd, http://www.springframework.org/schema/context/spring-context-4.1.xsd=org/springframework/context/config/spring-context-4.1.xsd, http://www.springframework.org/schema/beans/spring-beans-2.5.xsd=org/springframework/beans/factory/xml/spring-beans-2.5.xsd, http://www.springframework.org/schema/tool/spring-tool-4.2.xsd=org/springframework/beans/factory/xml/spring-tool-4.2.xsd, http://www.springframework.org/schema/tx/spring-tx-2.0.xsd=org/springframework/transaction/config/spring-tx-2.0.xsd, http://www.springframework.org/schema/jee/spring-jee-4.2.xsd=org/springframework/ejb/config/spring-jee-4.2.xsd, http://www.springframework.org/schema/aop/spring-aop.xsd=org/springframework/aop/config/spring-aop-4.2.xsd}
2016-02-03 20:36:36,939 DEBUG   main [org.springframework.beans.factory.xml.PluggableSchemaResolver] Found XML schema [http://www.springframework.org/schema/beans/spring-beans.xsd] in classpath: org/springframework/beans/factory/xml/spring-beans-4.2.xsd
2016-02-03 20:36:36,964 TRACE   main [org.springframework.beans.factory.xml.PluggableSchemaResolver] Trying to resolve XML entity with public id [null] and system id [http://www.springframework.org/schema/context/spring-context.xsd]
2016-02-03 20:36:36,965 DEBUG   main [org.springframework.beans.factory.xml.PluggableSchemaResolver] Found XML schema [http://www.springframework.org/schema/context/spring-context.xsd] in classpath: org/springframework/context/config/spring-context-4.2.xsd
2016-02-03 20:36:36,975 TRACE   main [org.springframework.beans.factory.xml.PluggableSchemaResolver] Trying to resolve XML entity with public id [null] and system id [http://www.springframework.org/schema/tool/spring-tool-4.2.xsd]
2016-02-03 20:36:36,976 DEBUG   main [org.springframework.beans.factory.xml.PluggableSchemaResolver] Found XML schema [http://www.springframework.org/schema/tool/spring-tool-4.2.xsd] in classpath: org/springframework/beans/factory/xml/spring-tool-4.2.xsd
2016-02-03 20:36:36,985 TRACE   main [org.springframework.beans.factory.xml.PluggableSchemaResolver] Trying to resolve XML entity with public id [null] and system id [http://www.springframework.org/schema/ldap/spring-ldap.xsd]
2016-02-03 20:36:36,986 DEBUG   main [org.springframework.beans.factory.xml.PluggableSchemaResolver] Found XML schema [http://www.springframework.org/schema/ldap/spring-ldap.xsd] in classpath: org/springframework/ldap/config/spring-ldap-2.0.xsd
2016-02-03 20:36:36,994 TRACE   main [org.springframework.beans.factory.xml.PluggableSchemaResolver] Trying to resolve XML entity with public id [null] and system id [http://www.springframework.org/schema/data/repository/spring-repository.xsd]
2016-02-03 20:36:36,995 DEBUG   main [org.springframework.beans.factory.xml.PluggableSchemaResolver] Found XML schema [http://www.springframework.org/schema/data/repository/spring-repository.xsd] in classpath: org/springframework/data/repository/config/spring-repository-1.7.xsd
2016-02-03 20:36:37,011 DEBUG   main [org.springframework.beans.factory.xml.DefaultBeanDefinitionDocumentReader] Loading bean definitions
2016-02-03 20:36:37,016 DEBUG   main [org.springframework.beans.factory.xml.DefaultNamespaceHandlerResolver] Loaded NamespaceHandler mappings: {http://www.springframework.org/schema/p=org.springframework.beans.factory.xml.SimplePropertyNamespaceHandler, http://www.springframework.org/schema/util=org.springframework.beans.factory.xml.UtilNamespaceHandler, http://www.springframework.org/schema/jee=org.springframework.ejb.config.JeeNamespaceHandler, http://www.springframework.org/schema/aop=org.springframework.aop.config.AopNamespaceHandler, http://www.springframework.org/schema/data/repository=org.springframework.data.repository.config.RepositoryNameSpaceHandler, http://www.springframework.org/schema/cache=org.springframework.cache.config.CacheNamespaceHandler, http://www.springframework.org/schema/c=org.springframework.beans.factory.xml.SimpleConstructorNamespaceHandler, http://www.springframework.org/schema/ldap=org.springframework.ldap.config.LdapNamespaceHandler, http://www.springframework.org/schema/tx=org.springframework.transaction.config.TxNamespaceHandler, http://www.springframework.org/schema/task=org.springframework.scheduling.config.TaskNamespaceHandler, http://www.springframework.org/schema/lang=org.springframework.scripting.config.LangNamespaceHandler, http://www.springframework.org/schema/context=org.springframework.context.config.ContextNamespaceHandler}
2016-02-03 20:36:37,019 DEBUG   main [org.springframework.core.env.StandardEnvironment] Adding [systemProperties] PropertySource with lowest search precedence
2016-02-03 20:36:37,020 DEBUG   main [org.springframework.core.env.StandardEnvironment] Adding [systemEnvironment] PropertySource with lowest search precedence
2016-02-03 20:36:37,020 DEBUG   main [org.springframework.core.env.StandardEnvironment] Initialized StandardEnvironment with PropertySources [systemProperties,systemEnvironment]
2016-02-03 20:36:37,032 DEBUG   main [org.springframework.core.io.support.PathMatchingResourcePatternResolver] Looking for matching resources in directory tree [C:\Eclipse\workspace\spring-ldap-example\bin\ldap\advance\example]
2016-02-03 20:36:37,033 DEBUG   main [org.springframework.core.io.support.PathMatchingResourcePatternResolver] Searching directory [C:\Eclipse\workspace\spring-ldap-example\bin\ldap\advance\example] for files matching pattern [C:/Eclipse/workspace/spring-ldap-example/bin/ldap/advance/example/**/*.class]
2016-02-03 20:36:37,047 DEBUG   main [org.springframework.core.io.support.PathMatchingResourcePatternResolver] Searching directory [C:\Eclipse\workspace\spring-ldap-example\bin\ldap\advance\example\test] for files matching pattern [C:/Eclipse/workspace/spring-ldap-example/bin/ldap/advance/example/**/*.class]
2016-02-03 20:36:37,055 DEBUG   main [org.springframework.core.io.support.PathMatchingResourcePatternResolver] Resolved location pattern [classpath*:ldap/advance/example/**/*.class] to resources [file [C:\Eclipse\workspace\spring-ldap-example\bin\ldap\advance\example\test\LdapApp.class], file [C:\Eclipse\workspace\spring-ldap-example\bin\ldap\advance\example\User.class], file [C:\Eclipse\workspace\spring-ldap-example\bin\ldap\advance\example\UserRepositoryImpl$MultipleAttributesMapper.class], file [C:\Eclipse\workspace\spring-ldap-example\bin\ldap\advance\example\UserRepositoryImpl$SingleAttributesMapper.class], file [C:\Eclipse\workspace\spring-ldap-example\bin\ldap\advance\example\UserRepositoryImpl$UserAttributesMapper.class], file [C:\Eclipse\workspace\spring-ldap-example\bin\ldap\advance\example\UserRepositoryImpl.class], file [C:\Eclipse\workspace\spring-ldap-example\bin\ldap\advance\example\UserRepositoryIntf.class]]
2016-02-03 20:36:37,055 TRACE   main [org.springframework.context.annotation.ClassPathBeanDefinitionScanner] Scanning file [C:\Eclipse\workspace\spring-ldap-example\bin\ldap\advance\example\test\LdapApp.class]
2016-02-03 20:36:37,058 TRACE   main [org.springframework.context.annotation.ClassPathBeanDefinitionScanner] Ignored because not matching any filter: file [C:\Eclipse\workspace\spring-ldap-example\bin\ldap\advance\example\test\LdapApp.class]
2016-02-03 20:36:37,059 TRACE   main [org.springframework.context.annotation.ClassPathBeanDefinitionScanner] Scanning file [C:\Eclipse\workspace\spring-ldap-example\bin\ldap\advance\example\User.class]
2016-02-03 20:36:37,060 TRACE   main [org.springframework.context.annotation.ClassPathBeanDefinitionScanner] Ignored because not matching any filter: file [C:\Eclipse\workspace\spring-ldap-example\bin\ldap\advance\example\User.class]
2016-02-03 20:36:37,061 TRACE   main [org.springframework.context.annotation.ClassPathBeanDefinitionScanner] Scanning file [C:\Eclipse\workspace\spring-ldap-example\bin\ldap\advance\example\UserRepositoryImpl$MultipleAttributesMapper.class]
2016-02-03 20:36:37,062 TRACE   main [org.springframework.context.annotation.ClassPathBeanDefinitionScanner] Ignored because not matching any filter: file [C:\Eclipse\workspace\spring-ldap-example\bin\ldap\advance\example\UserRepositoryImpl$MultipleAttributesMapper.class]
2016-02-03 20:36:37,062 TRACE   main [org.springframework.context.annotation.ClassPathBeanDefinitionScanner] Scanning file [C:\Eclipse\workspace\spring-ldap-example\bin\ldap\advance\example\UserRepositoryImpl$SingleAttributesMapper.class]
2016-02-03 20:36:37,063 TRACE   main [org.springframework.context.annotation.ClassPathBeanDefinitionScanner] Ignored because not matching any filter: file [C:\Eclipse\workspace\spring-ldap-example\bin\ldap\advance\example\UserRepositoryImpl$SingleAttributesMapper.class]
2016-02-03 20:36:37,063 TRACE   main [org.springframework.context.annotation.ClassPathBeanDefinitionScanner] Scanning file [C:\Eclipse\workspace\spring-ldap-example\bin\ldap\advance\example\UserRepositoryImpl$UserAttributesMapper.class]
2016-02-03 20:36:37,064 TRACE   main [org.springframework.context.annotation.ClassPathBeanDefinitionScanner] Ignored because not matching any filter: file [C:\Eclipse\workspace\spring-ldap-example\bin\ldap\advance\example\UserRepositoryImpl$UserAttributesMapper.class]
2016-02-03 20:36:37,064 TRACE   main [org.springframework.context.annotation.ClassPathBeanDefinitionScanner] Scanning file [C:\Eclipse\workspace\spring-ldap-example\bin\ldap\advance\example\UserRepositoryImpl.class]
2016-02-03 20:36:37,066 DEBUG   main [org.springframework.context.annotation.ClassPathBeanDefinitionScanner] Identified candidate component class: file [C:\Eclipse\workspace\spring-ldap-example\bin\ldap\advance\example\UserRepositoryImpl.class]
2016-02-03 20:36:37,066 TRACE   main [org.springframework.context.annotation.ClassPathBeanDefinitionScanner] Scanning file [C:\Eclipse\workspace\spring-ldap-example\bin\ldap\advance\example\UserRepositoryIntf.class]
2016-02-03 20:36:37,067 TRACE   main [org.springframework.context.annotation.ClassPathBeanDefinitionScanner] Ignored because not matching any filter: file [C:\Eclipse\workspace\spring-ldap-example\bin\ldap\advance\example\UserRepositoryIntf.class]
2016-02-03 20:36:37,071 DEBUG   main [org.springframework.beans.factory.xml.XmlBeanDefinitionReader] Loaded 9 bean definitions from location pattern [spring-ldap-example.xml]
2016-02-03 20:36:37,071 DEBUG   main [org.springframework.context.support.ClassPathXmlApplicationContext] Bean factory for org.springframework.context.support.ClassPathXmlApplicationContext@3eed2cab: org.springframework.beans.factory.support.DefaultListableBeanFactory@265e65c6: defining beans [userRepositoryImpl,org.springframework.context.annotation.internalConfigurationAnnotationProcessor,org.springframework.context.annotation.internalAutowiredAnnotationProcessor,org.springframework.context.annotation.internalRequiredAnnotationProcessor,org.springframework.context.annotation.internalCommonAnnotationProcessor,simpleDirContextAuthenticationStrategy,userReposImpl,contextSource,ldapTemplate]; root of factory hierarchy
2016-02-03 20:36:37,074 DEBUG   main [org.springframework.beans.factory.support.DefaultListableBeanFactory] Creating shared instance of singleton bean 'org.springframework.context.annotation.internalConfigurationAnnotationProcessor'
2016-02-03 20:36:37,074 DEBUG   main [org.springframework.beans.factory.support.DefaultListableBeanFactory] Creating instance of bean 'org.springframework.context.annotation.internalConfigurationAnnotationProcessor'
2016-02-03 20:36:37,074 DEBUG   main [org.springframework.beans.factory.support.DefaultListableBeanFactory] Eagerly caching bean 'org.springframework.context.annotation.internalConfigurationAnnotationProcessor' to allow for resolving potential circular references
2016-02-03 20:36:37,075 DEBUG   main [org.springframework.beans.factory.support.DefaultListableBeanFactory] Finished creating instance of bean 'org.springframework.context.annotation.internalConfigurationAnnotationProcessor'
2016-02-03 20:36:37,096 DEBUG   main [org.springframework.beans.factory.support.DefaultListableBeanFactory] Creating shared instance of singleton bean 'org.springframework.context.annotation.internalAutowiredAnnotationProcessor'
2016-02-03 20:36:37,096 DEBUG   main [org.springframework.beans.factory.support.DefaultListableBeanFactory] Creating instance of bean 'org.springframework.context.annotation.internalAutowiredAnnotationProcessor'
2016-02-03 20:36:37,098 DEBUG   main [org.springframework.beans.factory.support.DefaultListableBeanFactory] Eagerly caching bean 'org.springframework.context.annotation.internalAutowiredAnnotationProcessor' to allow for resolving potential circular references
2016-02-03 20:36:37,098 DEBUG   main [org.springframework.beans.factory.support.DefaultListableBeanFactory] Finished creating instance of bean 'org.springframework.context.annotation.internalAutowiredAnnotationProcessor'
2016-02-03 20:36:37,098 DEBUG   main [org.springframework.beans.factory.support.DefaultListableBeanFactory] Creating shared instance of singleton bean 'org.springframework.context.annotation.internalRequiredAnnotationProcessor'
2016-02-03 20:36:37,098 DEBUG   main [org.springframework.beans.factory.support.DefaultListableBeanFactory] Creating instance of bean 'org.springframework.context.annotation.internalRequiredAnnotationProcessor'
2016-02-03 20:36:37,098 DEBUG   main [org.springframework.beans.factory.support.DefaultListableBeanFactory] Eagerly caching bean 'org.springframework.context.annotation.internalRequiredAnnotationProcessor' to allow for resolving potential circular references
2016-02-03 20:36:37,098 DEBUG   main [org.springframework.beans.factory.support.DefaultListableBeanFactory] Finished creating instance of bean 'org.springframework.context.annotation.internalRequiredAnnotationProcessor'
2016-02-03 20:36:37,099 DEBUG   main [org.springframework.beans.factory.support.DefaultListableBeanFactory] Creating shared instance of singleton bean 'org.springframework.context.annotation.internalCommonAnnotationProcessor'
2016-02-03 20:36:37,099 DEBUG   main [org.springframework.beans.factory.support.DefaultListableBeanFactory] Creating instance of bean 'org.springframework.context.annotation.internalCommonAnnotationProcessor'
2016-02-03 20:36:37,099 DEBUG   main [org.springframework.beans.factory.support.DefaultListableBeanFactory] Eagerly caching bean 'org.springframework.context.annotation.internalCommonAnnotationProcessor' to allow for resolving potential circular references
2016-02-03 20:36:37,099 DEBUG   main [org.springframework.beans.factory.support.DefaultListableBeanFactory] Finished creating instance of bean 'org.springframework.context.annotation.internalCommonAnnotationProcessor'
2016-02-03 20:36:37,099 DEBUG   main [org.springframework.beans.factory.support.DefaultListableBeanFactory] Creating shared instance of singleton bean 'org.springframework.context.annotation.ConfigurationClassPostProcessor.importAwareProcessor'
2016-02-03 20:36:37,099 DEBUG   main [org.springframework.beans.factory.support.DefaultListableBeanFactory] Creating instance of bean 'org.springframework.context.annotation.ConfigurationClassPostProcessor.importAwareProcessor'
2016-02-03 20:36:37,099 DEBUG   main [org.springframework.beans.factory.support.DefaultListableBeanFactory] Eagerly caching bean 'org.springframework.context.annotation.ConfigurationClassPostProcessor.importAwareProcessor' to allow for resolving potential circular references
2016-02-03 20:36:37,100 DEBUG   main [org.springframework.beans.factory.support.DefaultListableBeanFactory] Finished creating instance of bean 'org.springframework.context.annotation.ConfigurationClassPostProcessor.importAwareProcessor'
2016-02-03 20:36:37,104 DEBUG   main [org.springframework.beans.factory.support.DefaultListableBeanFactory] Creating shared instance of singleton bean 'org.springframework.context.annotation.ConfigurationClassPostProcessor.enhancedConfigurationProcessor'
2016-02-03 20:36:37,104 DEBUG   main [org.springframework.beans.factory.support.DefaultListableBeanFactory] Creating instance of bean 'org.springframework.context.annotation.ConfigurationClassPostProcessor.enhancedConfigurationProcessor'
2016-02-03 20:36:37,104 DEBUG   main [org.springframework.beans.factory.support.DefaultListableBeanFactory] Eagerly caching bean 'org.springframework.context.annotation.ConfigurationClassPostProcessor.enhancedConfigurationProcessor' to allow for resolving potential circular references
2016-02-03 20:36:37,104 DEBUG   main [org.springframework.beans.factory.support.DefaultListableBeanFactory] Finished creating instance of bean 'org.springframework.context.annotation.ConfigurationClassPostProcessor.enhancedConfigurationProcessor'
2016-02-03 20:36:37,105 DEBUG   main [org.springframework.context.support.ClassPathXmlApplicationContext] Unable to locate MessageSource with name 'messageSource': using default [org.springframework.context.support.DelegatingMessageSource@64b0a168]
2016-02-03 20:36:37,105 DEBUG   main [org.springframework.context.support.ClassPathXmlApplicationContext] Unable to locate ApplicationEventMulticaster with name 'applicationEventMulticaster': using default [org.springframework.context.event.SimpleApplicationEventMulticaster@834e67d]
2016-02-03 20:36:37,106 DEBUG   main [org.springframework.beans.factory.support.DefaultListableBeanFactory] Pre-instantiating singletons in org.springframework.beans.factory.support.DefaultListableBeanFactory@265e65c6: defining beans [userRepositoryImpl,org.springframework.context.annotation.internalConfigurationAnnotationProcessor,org.springframework.context.annotation.internalAutowiredAnnotationProcessor,org.springframework.context.annotation.internalRequiredAnnotationProcessor,org.springframework.context.annotation.internalCommonAnnotationProcessor,simpleDirContextAuthenticationStrategy,userReposImpl,contextSource,ldapTemplate,org.springframework.context.annotation.ConfigurationClassPostProcessor.importAwareProcessor,org.springframework.context.annotation.ConfigurationClassPostProcessor.enhancedConfigurationProcessor]; root of factory hierarchy
2016-02-03 20:36:37,106 DEBUG   main [org.springframework.beans.factory.support.DefaultListableBeanFactory] Creating shared instance of singleton bean 'userRepositoryImpl'
2016-02-03 20:36:37,106 DEBUG   main [org.springframework.beans.factory.support.DefaultListableBeanFactory] Creating instance of bean 'userRepositoryImpl'
2016-02-03 20:36:37,107 DEBUG   main [org.springframework.beans.factory.annotation.InjectionMetadata] Registered injected element on class [ldap.advance.example.UserRepositoryImpl]: AutowiredFieldElement for private org.springframework.ldap.core.LdapTemplate ldap.advance.example.UserRepositoryImpl.ldapTemplate
2016-02-03 20:36:37,107 DEBUG   main [org.springframework.beans.factory.support.DefaultListableBeanFactory] Eagerly caching bean 'userRepositoryImpl' to allow for resolving potential circular references
2016-02-03 20:36:37,107 DEBUG   main [org.springframework.beans.factory.annotation.InjectionMetadata] Processing injected element of bean 'userRepositoryImpl': AutowiredFieldElement for private org.springframework.ldap.core.LdapTemplate ldap.advance.example.UserRepositoryImpl.ldapTemplate
2016-02-03 20:36:37,108 DEBUG   main [org.springframework.beans.factory.support.DefaultListableBeanFactory] Creating shared instance of singleton bean 'ldapTemplate'
2016-02-03 20:36:37,108 DEBUG   main [org.springframework.beans.factory.support.DefaultListableBeanFactory] Creating instance of bean 'ldapTemplate'
2016-02-03 20:36:37,110 DEBUG   main [org.springframework.beans.factory.support.DefaultListableBeanFactory] Eagerly caching bean 'ldapTemplate' to allow for resolving potential circular references
2016-02-03 20:36:37,111 DEBUG   main [org.springframework.beans.factory.support.DefaultListableBeanFactory] Creating shared instance of singleton bean 'contextSource'
2016-02-03 20:36:37,111 DEBUG   main [org.springframework.beans.factory.support.DefaultListableBeanFactory] Creating instance of bean 'contextSource'
2016-02-03 20:36:37,111 DEBUG   main [org.springframework.beans.factory.support.DefaultListableBeanFactory] Creating instance of bean '(inner bean)#49081cc0'
2016-02-03 20:36:37,113 DEBUG   main [org.springframework.beans.factory.support.DefaultListableBeanFactory] Creating instance of bean '(inner bean)#3397a6b5'
2016-02-03 20:36:37,114 DEBUG   main [org.springframework.beans.factory.support.DefaultListableBeanFactory] Finished creating instance of bean '(inner bean)#3397a6b5'
2016-02-03 20:36:37,114 DEBUG   main [org.springframework.beans.factory.support.DefaultListableBeanFactory] Creating shared instance of singleton bean 'simpleDirContextAuthenticationStrategy'
2016-02-03 20:36:37,115 DEBUG   main [org.springframework.beans.factory.support.DefaultListableBeanFactory] Creating instance of bean 'simpleDirContextAuthenticationStrategy'
2016-02-03 20:36:37,115 DEBUG   main [org.springframework.beans.factory.support.DefaultListableBeanFactory] Eagerly caching bean 'simpleDirContextAuthenticationStrategy' to allow for resolving potential circular references
2016-02-03 20:36:37,115 DEBUG   main [org.springframework.beans.factory.support.DefaultListableBeanFactory] Finished creating instance of bean 'simpleDirContextAuthenticationStrategy'
2016-02-03 20:36:37,116 DEBUG   main [org.springframework.beans.factory.support.DefaultListableBeanFactory] Invoking afterPropertiesSet() on bean with name '(inner bean)#49081cc0'
2016-02-03 20:36:37,117 DEBUG   main [org.springframework.beans.factory.support.DefaultListableBeanFactory] Finished creating instance of bean '(inner bean)#49081cc0'
2016-02-03 20:36:37,120 DEBUG   main [org.springframework.beans.factory.support.DefaultListableBeanFactory] Eagerly caching bean 'contextSource' to allow for resolving potential circular references
2016-02-03 20:36:37,121 DEBUG   main [org.springframework.beans.factory.support.DefaultListableBeanFactory] Finished creating instance of bean 'contextSource'
2016-02-03 20:36:37,121 DEBUG   main [org.springframework.beans.factory.support.DefaultListableBeanFactory] Invoking afterPropertiesSet() on bean with name 'ldapTemplate'
2016-02-03 20:36:37,121 DEBUG   main [org.springframework.beans.factory.support.DefaultListableBeanFactory] Finished creating instance of bean 'ldapTemplate'
2016-02-03 20:36:37,121 DEBUG   main [org.springframework.beans.factory.annotation.AutowiredAnnotationBeanPostProcessor] Autowiring by type from bean name 'userRepositoryImpl' to bean named 'ldapTemplate'
2016-02-03 20:36:37,121 DEBUG   main [org.springframework.beans.factory.support.DefaultListableBeanFactory] Finished creating instance of bean 'userRepositoryImpl'
2016-02-03 20:36:37,122 DEBUG   main [org.springframework.beans.factory.support.DefaultListableBeanFactory] Returning cached instance of singleton bean 'org.springframework.context.annotation.internalConfigurationAnnotationProcessor'
2016-02-03 20:36:37,122 DEBUG   main [org.springframework.beans.factory.support.DefaultListableBeanFactory] Returning cached instance of singleton bean 'org.springframework.context.annotation.internalAutowiredAnnotationProcessor'
2016-02-03 20:36:37,122 DEBUG   main [org.springframework.beans.factory.support.DefaultListableBeanFactory] Returning cached instance of singleton bean 'org.springframework.context.annotation.internalRequiredAnnotationProcessor'
2016-02-03 20:36:37,122 DEBUG   main [org.springframework.beans.factory.support.DefaultListableBeanFactory] Returning cached instance of singleton bean 'org.springframework.context.annotation.internalCommonAnnotationProcessor'
2016-02-03 20:36:37,122 DEBUG   main [org.springframework.beans.factory.support.DefaultListableBeanFactory] Returning cached instance of singleton bean 'simpleDirContextAuthenticationStrategy'
2016-02-03 20:36:37,122 DEBUG   main [org.springframework.beans.factory.support.DefaultListableBeanFactory] Creating shared instance of singleton bean 'userReposImpl'
2016-02-03 20:36:37,123 DEBUG   main [org.springframework.beans.factory.support.DefaultListableBeanFactory] Creating instance of bean 'userReposImpl'
2016-02-03 20:36:37,123 DEBUG   main [org.springframework.beans.factory.annotation.InjectionMetadata] Registered injected element on class [ldap.advance.example.UserRepositoryImpl]: AutowiredFieldElement for private org.springframework.ldap.core.LdapTemplate ldap.advance.example.UserRepositoryImpl.ldapTemplate
2016-02-03 20:36:37,123 DEBUG   main [org.springframework.beans.factory.support.DefaultListableBeanFactory] Eagerly caching bean 'userReposImpl' to allow for resolving potential circular references
2016-02-03 20:36:37,124 DEBUG   main [org.springframework.beans.factory.annotation.InjectionMetadata] Processing injected element of bean 'userReposImpl': AutowiredFieldElement for private org.springframework.ldap.core.LdapTemplate ldap.advance.example.UserRepositoryImpl.ldapTemplate
2016-02-03 20:36:37,124 DEBUG   main [org.springframework.beans.factory.support.DefaultListableBeanFactory] Returning cached instance of singleton bean 'ldapTemplate'
2016-02-03 20:36:37,124 DEBUG   main [org.springframework.beans.factory.annotation.AutowiredAnnotationBeanPostProcessor] Autowiring by type from bean name 'userReposImpl' to bean named 'ldapTemplate'
2016-02-03 20:36:37,124 DEBUG   main [org.springframework.beans.factory.support.DefaultListableBeanFactory] Finished creating instance of bean 'userReposImpl'
2016-02-03 20:36:37,124 DEBUG   main [org.springframework.beans.factory.support.DefaultListableBeanFactory] Returning cached instance of singleton bean 'contextSource'
2016-02-03 20:36:37,125 DEBUG   main [org.springframework.beans.factory.support.DefaultListableBeanFactory] Returning cached instance of singleton bean 'ldapTemplate'
2016-02-03 20:36:37,125 DEBUG   main [org.springframework.beans.factory.support.DefaultListableBeanFactory] Returning cached instance of singleton bean 'org.springframework.context.annotation.ConfigurationClassPostProcessor.importAwareProcessor'
2016-02-03 20:36:37,125 DEBUG   main [org.springframework.beans.factory.support.DefaultListableBeanFactory] Returning cached instance of singleton bean 'org.springframework.context.annotation.ConfigurationClassPostProcessor.enhancedConfigurationProcessor'
2016-02-03 20:36:37,125 DEBUG   main [org.springframework.context.support.ClassPathXmlApplicationContext] Unable to locate LifecycleProcessor with name 'lifecycleProcessor': using default [org.springframework.context.support.DefaultLifecycleProcessor@28636808]
2016-02-03 20:36:37,125 DEBUG   main [org.springframework.beans.factory.support.DefaultListableBeanFactory] Returning cached instance of singleton bean 'lifecycleProcessor'
2016-02-03 20:36:37,125 TRACE   main [org.springframework.context.support.ClassPathXmlApplicationContext] Publishing event in org.springframework.context.support.ClassPathXmlApplicationContext@3eed2cab: org.springframework.context.event.ContextRefreshedEvent[source=org.springframework.context.support.ClassPathXmlApplicationContext@3eed2cab: startup date [Wed Feb 03 20:36:36 EST 2016]; root of context hierarchy]
2016-02-03 20:36:37,126 TRACE   main [org.springframework.core.env.PropertySourcesPropertyResolver] getProperty("spring.liveBeansView.mbeanDomain", String)
2016-02-03 20:36:37,126 DEBUG   main [org.springframework.core.env.PropertySourcesPropertyResolver] Searching for key 'spring.liveBeansView.mbeanDomain' in [systemProperties]
2016-02-03 20:36:37,126 DEBUG   main [org.springframework.core.env.PropertySourcesPropertyResolver] Searching for key 'spring.liveBeansView.mbeanDomain' in [systemEnvironment]
2016-02-03 20:36:37,126 DEBUG   main [org.springframework.core.env.PropertySourcesPropertyResolver] Could not find key 'spring.liveBeansView.mbeanDomain' in any property source. Returning [null]
2016-02-03 20:36:37,126 INFO   main [ldap.advance.example.UserRepositoryImpl] executing {getUserDetails}
2016-02-03 20:36:37,129 INFO   main [ldap.advance.example.test.LdapApp] 
 =>User [uid=spring_ldap_test, cn=spring_ldap_test, sn=spring_ldap_test, userPassword={SSHA}hDdT+HPg1qjkh/6WGPjEnRkq2Wea6H8zEDwS7g==, postalAddress=spring_ldap_test, telephoneNumber=9830098301]
2016-02-03 20:36:37,129 INFO   main [ldap.advance.example.UserRepositoryImpl] executing {getUserDetails}
2016-02-03 20:36:37,134 INFO   main [ldap.advance.example.UserRepositoryImpl] telephoneNumber	 | 9830098301
2016-02-03 20:36:37,134 INFO   main [ldap.advance.example.UserRepositoryImpl] userPassword	 | [B@6bdc8ed4
2016-02-03 20:36:37,134 INFO   main [ldap.advance.example.UserRepositoryImpl] uid	 | spring_ldap_test
2016-02-03 20:36:37,134 INFO   main [ldap.advance.example.UserRepositoryImpl] objectClass	 | organizationalPerson
2016-02-03 20:36:37,135 INFO   main [ldap.advance.example.UserRepositoryImpl] postalAddress	 | spring_ldap_test
2016-02-03 20:36:37,135 INFO   main [ldap.advance.example.UserRepositoryImpl] sn	 | spring_ldap_test
2016-02-03 20:36:37,135 INFO   main [ldap.advance.example.UserRepositoryImpl] cn	 | spring_ldap_test
2016-02-03 20:36:37,135 INFO   main [ldap.advance.example.test.LdapApp] 
 =>
 Result { 
 	 |_  #telephoneNumber= [ 9830098301 ]  
 	 |_  #userPassword= [ [B@6bdc8ed4 ]  
 	 |_  #uid= [ spring_ldap_test ]  
 	 |_  #objectClass= [ organizationalPerson ]  
 	 |_  #postalAddress= [ spring_ldap_test ]  
 	 |_  #sn= [ spring_ldap_test ]  
 	 |_  #cn= [ spring_ldap_test ]  

 } 
2016-02-03 20:36:37,136 INFO   main [ldap.advance.example.UserRepositoryImpl] executing {updateTelePhone}
2016-02-03 20:36:37,706 INFO   main [ldap.advance.example.UserRepositoryImpl] executing {getUserDetails}
2016-02-03 20:36:37,708 INFO   main [ldap.advance.example.test.LdapApp] 
 =>User [uid=spring_ldap_test, cn=spring_ldap_test, sn=spring_ldap_test, userPassword={SSHA}hDdT+HPg1qjkh/6WGPjEnRkq2Wea6H8zEDwS7g==, postalAddress=spring_ldap_test, telephoneNumber=(630)728-2091]
2016-02-03 20:36:38,437 INFO   main [ldap.advance.example.test.LdapApp] 
 =>true
2016-02-03 20:36:38,439 INFO   main [org.springframework.context.support.ClassPathXmlApplicationContext] Closing org.springframework.context.support.ClassPathXmlApplicationContext@3eed2cab: startup date [Wed Feb 03 20:36:36 EST 2016]; root of context hierarchy
2016-02-03 20:36:38,439 TRACE   main [org.springframework.context.support.ClassPathXmlApplicationContext] Publishing event in org.springframework.context.support.ClassPathXmlApplicationContext@3eed2cab: org.springframework.context.event.ContextClosedEvent[source=org.springframework.context.support.ClassPathXmlApplicationContext@3eed2cab: startup date [Wed Feb 03 20:36:36 EST 2016]; root of context hierarchy]
2016-02-03 20:36:38,439 DEBUG   main [org.springframework.beans.factory.support.DefaultListableBeanFactory] Returning cached instance of singleton bean 'lifecycleProcessor'
2016-02-03 20:36:38,439 DEBUG   main [org.springframework.beans.factory.support.DefaultListableBeanFactory] Destroying singletons in org.springframework.beans.factory.support.DefaultListableBeanFactory@265e65c6: defining beans [userRepositoryImpl,org.springframework.context.annotation.internalConfigurationAnnotationProcessor,org.springframework.context.annotation.internalAutowiredAnnotationProcessor,org.springframework.context.annotation.internalRequiredAnnotationProcessor,org.springframework.context.annotation.internalCommonAnnotationProcessor,simpleDirContextAuthenticationStrategy,userReposImpl,contextSource,ldapTemplate,org.springframework.context.annotation.ConfigurationClassPostProcessor.importAwareProcessor,org.springframework.context.annotation.ConfigurationClassPostProcessor.enhancedConfigurationProcessor]; root of factory hierarchy
2016-02-03 20:36:38,440 DEBUG   main [org.springframework.beans.factory.support.DefaultListableBeanFactory] Retrieved dependent beans for bean '(inner bean)#49081cc0': [contextSource]
2016-02-03 20:36:38,440 DEBUG   main [org.springframework.beans.factory.support.DefaultListableBeanFactory] Retrieved dependent beans for bean '(inner bean)#3397a6b5': [(inner bean)#49081cc0]
2016-02-03 20:38:08,237 DEBUG   main [org.springframework.core.env.StandardEnvironment] Adding [systemProperties] PropertySource with lowest search precedence
2016-02-03 20:38:08,244 DEBUG   main [org.springframework.core.env.StandardEnvironment] Adding [systemEnvironment] PropertySource with lowest search precedence
2016-02-03 20:38:08,244 DEBUG   main [org.springframework.core.env.StandardEnvironment] Initialized StandardEnvironment with PropertySources [systemProperties,systemEnvironment]
2016-02-03 20:38:08,249 INFO   main [org.springframework.context.support.ClassPathXmlApplicationContext] Refreshing org.springframework.context.support.ClassPathXmlApplicationContext@450faed3: startup date [Wed Feb 03 20:38:08 EST 2016]; root of context hierarchy
2016-02-03 20:38:08,301 DEBUG   main [org.springframework.core.env.StandardEnvironment] Adding [systemProperties] PropertySource with lowest search precedence
2016-02-03 20:38:08,302 DEBUG   main [org.springframework.core.env.StandardEnvironment] Adding [systemEnvironment] PropertySource with lowest search precedence
2016-02-03 20:38:08,302 DEBUG   main [org.springframework.core.env.StandardEnvironment] Initialized StandardEnvironment with PropertySources [systemProperties,systemEnvironment]
2016-02-03 20:38:08,318 INFO   main [org.springframework.beans.factory.xml.XmlBeanDefinitionReader] Loading XML bean definitions from class path resource [spring-ldap-example.xml]
2016-02-03 20:38:08,321 DEBUG   main [org.springframework.beans.factory.xml.DefaultDocumentLoader] Using JAXP provider [com.sun.org.apache.xerces.internal.jaxp.DocumentBuilderFactoryImpl]
2016-02-03 20:38:08,359 TRACE   main [org.springframework.beans.factory.xml.PluggableSchemaResolver] Trying to resolve XML entity with public id [null] and system id [http://www.springframework.org/schema/beans/spring-beans.xsd]
2016-02-03 20:38:08,359 DEBUG   main [org.springframework.beans.factory.xml.PluggableSchemaResolver] Loading schema mappings from [META-INF/spring.schemas]
2016-02-03 20:38:08,385 DEBUG   main [org.springframework.beans.factory.xml.PluggableSchemaResolver] Loaded schema mappings: {http://www.springframework.org/schema/tx/spring-tx-2.5.xsd=org/springframework/transaction/config/spring-tx-2.5.xsd, http://www.springframework.org/schema/cache/spring-cache-4.2.xsd=org/springframework/cache/config/spring-cache-4.2.xsd, http://www.springframework.org/schema/aop/spring-aop-4.1.xsd=org/springframework/aop/config/spring-aop-4.1.xsd, http://www.springframework.org/schema/context/spring-context-3.1.xsd=org/springframework/context/config/spring-context-3.1.xsd, http://www.springframework.org/schema/data/repository/spring-repository-1.4.xsd=org/springframework/data/repository/config/spring-repository-1.4.xsd, http://www.springframework.org/schema/util/spring-util-3.0.xsd=org/springframework/beans/factory/xml/spring-util-3.0.xsd, http://www.springframework.org/schema/tool/spring-tool.xsd=org/springframework/beans/factory/xml/spring-tool-4.2.xsd, http://www.springframework.org/schema/aop/spring-aop-3.2.xsd=org/springframework/aop/config/spring-aop-3.2.xsd, http://www.springframework.org/schema/lang/spring-lang-4.1.xsd=org/springframework/scripting/config/spring-lang-4.1.xsd, http://www.springframework.org/schema/context/spring-context-4.0.xsd=org/springframework/context/config/spring-context-4.0.xsd, http://www.springframework.org/schema/beans/spring-beans-4.2.xsd=org/springframework/beans/factory/xml/spring-beans-4.2.xsd, http://www.springframework.org/schema/tool/spring-tool-4.1.xsd=org/springframework/beans/factory/xml/spring-tool-4.1.xsd, http://www.springframework.org/schema/lang/spring-lang-3.2.xsd=org/springframework/scripting/config/spring-lang-3.2.xsd, http://www.springframework.org/schema/cache/spring-cache-3.2.xsd=org/springframework/cache/config/spring-cache-3.2.xsd, http://www.springframework.org/schema/jee/spring-jee-4.1.xsd=org/springframework/ejb/config/spring-jee-4.1.xsd, http://www.springframework.org/schema/task/spring-task-4.2.xsd=org/springframework/scheduling/config/spring-task-4.2.xsd, http://www.springframework.org/schema/util/spring-util-2.0.xsd=org/springframework/beans/factory/xml/spring-util-2.0.xsd, http://www.springframework.org/schema/tool/spring-tool-3.2.xsd=org/springframework/beans/factory/xml/spring-tool-3.2.xsd, http://www.springframework.org/schema/context/spring-context.xsd=org/springframework/context/config/spring-context-4.2.xsd, http://www.springframework.org/schema/tx/spring-tx-4.2.xsd=org/springframework/transaction/config/spring-tx-4.2.xsd, http://www.springframework.org/schema/cache/spring-cache-4.1.xsd=org/springframework/cache/config/spring-cache-4.1.xsd, http://www.springframework.org/schema/aop/spring-aop-4.0.xsd=org/springframework/aop/config/spring-aop-4.0.xsd, http://www.springframework.org/schema/jee/spring-jee-3.2.xsd=org/springframework/ejb/config/spring-jee-3.2.xsd, http://www.springframework.org/schema/context/spring-context-3.0.xsd=org/springframework/context/config/spring-context-3.0.xsd, http://www.springframework.org/schema/util/spring-util-2.5.xsd=org/springframework/beans/factory/xml/spring-util-2.5.xsd, http://www.springframework.org/schema/beans/spring-beans-3.2.xsd=org/springframework/beans/factory/xml/spring-beans-3.2.xsd, http://www.springframework.org/schema/aop/spring-aop-3.1.xsd=org/springframework/aop/config/spring-aop-3.1.xsd, http://www.springframework.org/schema/ldap/spring-ldap-2.0.xsd=org/springframework/ldap/config/spring-ldap-2.0.xsd, http://www.springframework.org/schema/lang/spring-lang-4.0.xsd=org/springframework/scripting/config/spring-lang-4.0.xsd, http://www.springframework.org/schema/beans/spring-beans-4.1.xsd=org/springframework/beans/factory/xml/spring-beans-4.1.xsd, http://www.springframework.org/schema/tool/spring-tool-4.0.xsd=org/springframework/beans/factory/xml/spring-tool-4.0.xsd, http://www.springframework.org/schema/tx/spring-tx-3.2.xsd=org/springframework/transaction/config/spring-tx-3.2.xsd, http://www.springframework.org/schema/lang/spring-lang-3.1.xsd=org/springframework/scripting/config/spring-lang-3.1.xsd, http://www.springframework.org/schema/cache/spring-cache-3.1.xsd=org/springframework/cache/config/spring-cache-3.1.xsd, http://www.springframework.org/schema/jee/spring-jee-4.0.xsd=org/springframework/ejb/config/spring-jee-4.0.xsd, http://www.springframework.org/schema/task/spring-task-4.1.xsd=org/springframework/scheduling/config/spring-task-4.1.xsd, http://www.springframework.org/schema/tool/spring-tool-3.1.xsd=org/springframework/beans/factory/xml/spring-tool-3.1.xsd, http://www.springframework.org/schema/tx/spring-tx-4.1.xsd=org/springframework/transaction/config/spring-tx-4.1.xsd, http://www.springframework.org/schema/cache/spring-cache-4.0.xsd=org/springframework/cache/config/spring-cache-4.0.xsd, http://www.springframework.org/schema/jee/spring-jee-3.1.xsd=org/springframework/ejb/config/spring-jee-3.1.xsd, http://www.springframework.org/schema/task/spring-task-3.2.xsd=org/springframework/scheduling/config/spring-task-3.2.xsd, http://www.springframework.org/schema/util/spring-util-4.2.xsd=org/springframework/beans/factory/xml/spring-util-4.2.xsd, http://www.springframework.org/schema/beans/spring-beans-3.1.xsd=org/springframework/beans/factory/xml/spring-beans-3.1.xsd, http://www.springframework.org/schema/util/spring-util.xsd=org/springframework/beans/factory/xml/spring-util-4.2.xsd, http://www.springframework.org/schema/aop/spring-aop-3.0.xsd=org/springframework/aop/config/spring-aop-3.0.xsd, http://www.springframework.org/schema/data/repository/spring-repository.xsd=org/springframework/data/repository/config/spring-repository-1.7.xsd, http://www.springframework.org/schema/data/repository/spring-repository-1.7.xsd=org/springframework/data/repository/config/spring-repository-1.7.xsd, http://www.springframework.org/schema/ldap/spring-ldap.xsd=org/springframework/ldap/config/spring-ldap-2.0.xsd, http://www.springframework.org/schema/beans/spring-beans-4.0.xsd=org/springframework/beans/factory/xml/spring-beans-4.0.xsd, http://www.springframework.org/schema/beans/spring-beans.xsd=org/springframework/beans/factory/xml/spring-beans-4.2.xsd, http://www.springframework.org/schema/tx/spring-tx-3.1.xsd=org/springframework/transaction/config/spring-tx-3.1.xsd, http://www.springframework.org/schema/lang/spring-lang-3.0.xsd=org/springframework/scripting/config/spring-lang-3.0.xsd, http://www.springframework.org/schema/context/spring-context-2.5.xsd=org/springframework/context/config/spring-context-2.5.xsd, http://www.springframework.org/schema/task/spring-task-4.0.xsd=org/springframework/scheduling/config/spring-task-4.0.xsd, http://www.springframework.org/schema/tool/spring-tool-3.0.xsd=org/springframework/beans/factory/xml/spring-tool-3.0.xsd, http://www.springframework.org/schema/tx/spring-tx-4.0.xsd=org/springframework/transaction/config/spring-tx-4.0.xsd, http://www.springframework.org/schema/aop/spring-aop-2.0.xsd=org/springframework/aop/config/spring-aop-2.0.xsd, http://www.springframework.org/schema/jee/spring-jee-3.0.xsd=org/springframework/ejb/config/spring-jee-3.0.xsd, http://www.springframework.org/schema/util/spring-util-4.1.xsd=org/springframework/beans/factory/xml/spring-util-4.1.xsd, http://www.springframework.org/schema/task/spring-task-3.1.xsd=org/springframework/scheduling/config/spring-task-3.1.xsd, http://www.springframework.org/schema/beans/spring-beans-3.0.xsd=org/springframework/beans/factory/xml/spring-beans-3.0.xsd, http://www.springframework.org/schema/jee/spring-jee.xsd=org/springframework/ejb/config/spring-jee-4.2.xsd, http://www.springframework.org/schema/aop/spring-aop-2.5.xsd=org/springframework/aop/config/spring-aop-2.5.xsd, http://www.springframework.org/schema/lang/spring-lang-2.0.xsd=org/springframework/scripting/config/spring-lang-2.0.xsd, http://www.springframework.org/schema/data/repository/spring-repository-1.6.xsd=org/springframework/data/repository/config/spring-repository-1.6.xsd, http://www.springframework.org/schema/util/spring-util-3.2.xsd=org/springframework/beans/factory/xml/spring-util-3.2.xsd, http://www.springframework.org/schema/task/spring-task.xsd=org/springframework/scheduling/config/spring-task-4.2.xsd, http://www.springframework.org/schema/tool/spring-tool-2.0.xsd=org/springframework/beans/factory/xml/spring-tool-2.0.xsd, http://www.springframework.org/schema/tx/spring-tx-3.0.xsd=org/springframework/transaction/config/spring-tx-3.0.xsd, http://www.springframework.org/schema/lang/spring-lang-2.5.xsd=org/springframework/scripting/config/spring-lang-2.5.xsd, http://www.springframework.org/schema/context/spring-context-4.2.xsd=org/springframework/context/config/spring-context-4.2.xsd, http://www.springframework.org/schema/jee/spring-jee-2.0.xsd=org/springframework/ejb/config/spring-jee-2.0.xsd, http://www.springframework.org/schema/tool/spring-tool-2.5.xsd=org/springframework/beans/factory/xml/spring-tool-2.5.xsd, http://www.springframework.org/schema/jee/spring-jee-2.5.xsd=org/springframework/ejb/config/spring-jee-2.5.xsd, http://www.springframework.org/schema/data/repository/spring-repository-1.0.xsd=org/springframework/data/repository/config/spring-repository-1.0.xsd, http://www.springframework.org/schema/util/spring-util-4.0.xsd=org/springframework/beans/factory/xml/spring-util-4.0.xsd, http://www.springframework.org/schema/task/spring-task-3.0.xsd=org/springframework/scheduling/config/spring-task-3.0.xsd, http://www.springframework.org/schema/aop/spring-aop-4.2.xsd=org/springframework/aop/config/spring-aop-4.2.xsd, http://www.springframework.org/schema/lang/spring-lang.xsd=org/springframework/scripting/config/spring-lang-4.2.xsd, http://www.springframework.org/schema/context/spring-context-3.2.xsd=org/springframework/context/config/spring-context-3.2.xsd, http://www.springframework.org/schema/data/repository/spring-repository-1.5.xsd=org/springframework/data/repository/config/spring-repository-1.5.xsd, http://www.springframework.org/schema/util/spring-util-3.1.xsd=org/springframework/beans/factory/xml/spring-util-3.1.xsd, http://www.springframework.org/schema/beans/spring-beans-2.0.xsd=org/springframework/beans/factory/xml/spring-beans-2.0.xsd, http://www.springframework.org/schema/cache/spring-cache.xsd=org/springframework/cache/config/spring-cache-4.2.xsd, http://www.springframework.org/schema/tx/spring-tx.xsd=org/springframework/transaction/config/spring-tx-4.2.xsd, http://www.springframework.org/schema/lang/spring-lang-4.2.xsd=org/springframework/scripting/config/spring-lang-4.2.xsd, http://www.springframework.org/schema/context/spring-context-4.1.xsd=org/springframework/context/config/spring-context-4.1.xsd, http://www.springframework.org/schema/beans/spring-beans-2.5.xsd=org/springframework/beans/factory/xml/spring-beans-2.5.xsd, http://www.springframework.org/schema/tool/spring-tool-4.2.xsd=org/springframework/beans/factory/xml/spring-tool-4.2.xsd, http://www.springframework.org/schema/tx/spring-tx-2.0.xsd=org/springframework/transaction/config/spring-tx-2.0.xsd, http://www.springframework.org/schema/jee/spring-jee-4.2.xsd=org/springframework/ejb/config/spring-jee-4.2.xsd, http://www.springframework.org/schema/aop/spring-aop.xsd=org/springframework/aop/config/spring-aop-4.2.xsd}
2016-02-03 20:38:08,395 DEBUG   main [org.springframework.beans.factory.xml.PluggableSchemaResolver] Found XML schema [http://www.springframework.org/schema/beans/spring-beans.xsd] in classpath: org/springframework/beans/factory/xml/spring-beans-4.2.xsd
2016-02-03 20:38:08,509 TRACE   main [org.springframework.beans.factory.xml.PluggableSchemaResolver] Trying to resolve XML entity with public id [null] and system id [http://www.springframework.org/schema/context/spring-context.xsd]
2016-02-03 20:38:08,512 DEBUG   main [org.springframework.beans.factory.xml.PluggableSchemaResolver] Found XML schema [http://www.springframework.org/schema/context/spring-context.xsd] in classpath: org/springframework/context/config/spring-context-4.2.xsd
2016-02-03 20:38:08,522 TRACE   main [org.springframework.beans.factory.xml.PluggableSchemaResolver] Trying to resolve XML entity with public id [null] and system id [http://www.springframework.org/schema/tool/spring-tool-4.2.xsd]
2016-02-03 20:38:08,524 DEBUG   main [org.springframework.beans.factory.xml.PluggableSchemaResolver] Found XML schema [http://www.springframework.org/schema/tool/spring-tool-4.2.xsd] in classpath: org/springframework/beans/factory/xml/spring-tool-4.2.xsd
2016-02-03 20:38:08,537 TRACE   main [org.springframework.beans.factory.xml.PluggableSchemaResolver] Trying to resolve XML entity with public id [null] and system id [http://www.springframework.org/schema/ldap/spring-ldap.xsd]
2016-02-03 20:38:08,538 DEBUG   main [org.springframework.beans.factory.xml.PluggableSchemaResolver] Found XML schema [http://www.springframework.org/schema/ldap/spring-ldap.xsd] in classpath: org/springframework/ldap/config/spring-ldap-2.0.xsd
2016-02-03 20:38:08,554 TRACE   main [org.springframework.beans.factory.xml.PluggableSchemaResolver] Trying to resolve XML entity with public id [null] and system id [http://www.springframework.org/schema/data/repository/spring-repository.xsd]
2016-02-03 20:38:08,560 DEBUG   main [org.springframework.beans.factory.xml.PluggableSchemaResolver] Found XML schema [http://www.springframework.org/schema/data/repository/spring-repository.xsd] in classpath: org/springframework/data/repository/config/spring-repository-1.7.xsd
2016-02-03 20:38:08,604 DEBUG   main [org.springframework.beans.factory.xml.DefaultBeanDefinitionDocumentReader] Loading bean definitions
2016-02-03 20:38:08,632 DEBUG   main [org.springframework.beans.factory.xml.DefaultNamespaceHandlerResolver] Loaded NamespaceHandler mappings: {http://www.springframework.org/schema/p=org.springframework.beans.factory.xml.SimplePropertyNamespaceHandler, http://www.springframework.org/schema/util=org.springframework.beans.factory.xml.UtilNamespaceHandler, http://www.springframework.org/schema/jee=org.springframework.ejb.config.JeeNamespaceHandler, http://www.springframework.org/schema/aop=org.springframework.aop.config.AopNamespaceHandler, http://www.springframework.org/schema/data/repository=org.springframework.data.repository.config.RepositoryNameSpaceHandler, http://www.springframework.org/schema/cache=org.springframework.cache.config.CacheNamespaceHandler, http://www.springframework.org/schema/c=org.springframework.beans.factory.xml.SimpleConstructorNamespaceHandler, http://www.springframework.org/schema/ldap=org.springframework.ldap.config.LdapNamespaceHandler, http://www.springframework.org/schema/tx=org.springframework.transaction.config.TxNamespaceHandler, http://www.springframework.org/schema/task=org.springframework.scheduling.config.TaskNamespaceHandler, http://www.springframework.org/schema/lang=org.springframework.scripting.config.LangNamespaceHandler, http://www.springframework.org/schema/context=org.springframework.context.config.ContextNamespaceHandler}
2016-02-03 20:38:08,679 DEBUG   main [org.springframework.core.env.StandardEnvironment] Adding [systemProperties] PropertySource with lowest search precedence
2016-02-03 20:38:08,680 DEBUG   main [org.springframework.core.env.StandardEnvironment] Adding [systemEnvironment] PropertySource with lowest search precedence
2016-02-03 20:38:08,680 DEBUG   main [org.springframework.core.env.StandardEnvironment] Initialized StandardEnvironment with PropertySources [systemProperties,systemEnvironment]
2016-02-03 20:38:08,716 DEBUG   main [org.springframework.core.io.support.PathMatchingResourcePatternResolver] Looking for matching resources in directory tree [C:\Eclipse\workspace\spring-ldap-example\bin\ldap\advance\example]
2016-02-03 20:38:08,717 DEBUG   main [org.springframework.core.io.support.PathMatchingResourcePatternResolver] Searching directory [C:\Eclipse\workspace\spring-ldap-example\bin\ldap\advance\example] for files matching pattern [C:/Eclipse/workspace/spring-ldap-example/bin/ldap/advance/example/**/*.class]
2016-02-03 20:38:08,722 DEBUG   main [org.springframework.core.io.support.PathMatchingResourcePatternResolver] Searching directory [C:\Eclipse\workspace\spring-ldap-example\bin\ldap\advance\example\test] for files matching pattern [C:/Eclipse/workspace/spring-ldap-example/bin/ldap/advance/example/**/*.class]
2016-02-03 20:38:08,729 DEBUG   main [org.springframework.core.io.support.PathMatchingResourcePatternResolver] Resolved location pattern [classpath*:ldap/advance/example/**/*.class] to resources [file [C:\Eclipse\workspace\spring-ldap-example\bin\ldap\advance\example\test\LdapApp.class], file [C:\Eclipse\workspace\spring-ldap-example\bin\ldap\advance\example\User.class], file [C:\Eclipse\workspace\spring-ldap-example\bin\ldap\advance\example\UserRepositoryImpl$MultipleAttributesMapper.class], file [C:\Eclipse\workspace\spring-ldap-example\bin\ldap\advance\example\UserRepositoryImpl$SingleAttributesMapper.class], file [C:\Eclipse\workspace\spring-ldap-example\bin\ldap\advance\example\UserRepositoryImpl$UserAttributesMapper.class], file [C:\Eclipse\workspace\spring-ldap-example\bin\ldap\advance\example\UserRepositoryImpl.class], file [C:\Eclipse\workspace\spring-ldap-example\bin\ldap\advance\example\UserRepositoryIntf.class]]
2016-02-03 20:38:08,730 TRACE   main [org.springframework.context.annotation.ClassPathBeanDefinitionScanner] Scanning file [C:\Eclipse\workspace\spring-ldap-example\bin\ldap\advance\example\test\LdapApp.class]
2016-02-03 20:38:08,774 TRACE   main [org.springframework.context.annotation.ClassPathBeanDefinitionScanner] Ignored because not matching any filter: file [C:\Eclipse\workspace\spring-ldap-example\bin\ldap\advance\example\test\LdapApp.class]
2016-02-03 20:38:08,775 TRACE   main [org.springframework.context.annotation.ClassPathBeanDefinitionScanner] Scanning file [C:\Eclipse\workspace\spring-ldap-example\bin\ldap\advance\example\User.class]
2016-02-03 20:38:08,776 TRACE   main [org.springframework.context.annotation.ClassPathBeanDefinitionScanner] Ignored because not matching any filter: file [C:\Eclipse\workspace\spring-ldap-example\bin\ldap\advance\example\User.class]
2016-02-03 20:38:08,776 TRACE   main [org.springframework.context.annotation.ClassPathBeanDefinitionScanner] Scanning file [C:\Eclipse\workspace\spring-ldap-example\bin\ldap\advance\example\UserRepositoryImpl$MultipleAttributesMapper.class]
2016-02-03 20:38:08,778 TRACE   main [org.springframework.context.annotation.ClassPathBeanDefinitionScanner] Ignored because not matching any filter: file [C:\Eclipse\workspace\spring-ldap-example\bin\ldap\advance\example\UserRepositoryImpl$MultipleAttributesMapper.class]
2016-02-03 20:38:08,779 TRACE   main [org.springframework.context.annotation.ClassPathBeanDefinitionScanner] Scanning file [C:\Eclipse\workspace\spring-ldap-example\bin\ldap\advance\example\UserRepositoryImpl$SingleAttributesMapper.class]
2016-02-03 20:38:08,780 TRACE   main [org.springframework.context.annotation.ClassPathBeanDefinitionScanner] Ignored because not matching any filter: file [C:\Eclipse\workspace\spring-ldap-example\bin\ldap\advance\example\UserRepositoryImpl$SingleAttributesMapper.class]
2016-02-03 20:38:08,782 TRACE   main [org.springframework.context.annotation.ClassPathBeanDefinitionScanner] Scanning file [C:\Eclipse\workspace\spring-ldap-example\bin\ldap\advance\example\UserRepositoryImpl$UserAttributesMapper.class]
2016-02-03 20:38:08,783 TRACE   main [org.springframework.context.annotation.ClassPathBeanDefinitionScanner] Ignored because not matching any filter: file [C:\Eclipse\workspace\spring-ldap-example\bin\ldap\advance\example\UserRepositoryImpl$UserAttributesMapper.class]
2016-02-03 20:38:08,783 TRACE   main [org.springframework.context.annotation.ClassPathBeanDefinitionScanner] Scanning file [C:\Eclipse\workspace\spring-ldap-example\bin\ldap\advance\example\UserRepositoryImpl.class]
2016-02-03 20:38:08,802 DEBUG   main [org.springframework.context.annotation.ClassPathBeanDefinitionScanner] Identified candidate component class: file [C:\Eclipse\workspace\spring-ldap-example\bin\ldap\advance\example\UserRepositoryImpl.class]
2016-02-03 20:38:08,803 TRACE   main [org.springframework.context.annotation.ClassPathBeanDefinitionScanner] Scanning file [C:\Eclipse\workspace\spring-ldap-example\bin\ldap\advance\example\UserRepositoryIntf.class]
2016-02-03 20:38:08,804 TRACE   main [org.springframework.context.annotation.ClassPathBeanDefinitionScanner] Ignored because not matching any filter: file [C:\Eclipse\workspace\spring-ldap-example\bin\ldap\advance\example\UserRepositoryIntf.class]
2016-02-03 20:38:08,902 DEBUG   main [org.springframework.beans.factory.xml.XmlBeanDefinitionReader] Loaded 9 bean definitions from location pattern [spring-ldap-example.xml]
2016-02-03 20:38:08,903 DEBUG   main [org.springframework.context.support.ClassPathXmlApplicationContext] Bean factory for org.springframework.context.support.ClassPathXmlApplicationContext@450faed3: org.springframework.beans.factory.support.DefaultListableBeanFactory@56a45c4: defining beans [userRepositoryImpl,org.springframework.context.annotation.internalConfigurationAnnotationProcessor,org.springframework.context.annotation.internalAutowiredAnnotationProcessor,org.springframework.context.annotation.internalRequiredAnnotationProcessor,org.springframework.context.annotation.internalCommonAnnotationProcessor,simpleDirContextAuthenticationStrategy,userReposImpl,contextSource,ldapTemplate]; root of factory hierarchy
2016-02-03 20:38:08,989 DEBUG   main [org.springframework.beans.factory.support.DefaultListableBeanFactory] Creating shared instance of singleton bean 'org.springframework.context.annotation.internalConfigurationAnnotationProcessor'
2016-02-03 20:38:08,989 DEBUG   main [org.springframework.beans.factory.support.DefaultListableBeanFactory] Creating instance of bean 'org.springframework.context.annotation.internalConfigurationAnnotationProcessor'
2016-02-03 20:38:09,047 DEBUG   main [org.springframework.beans.factory.support.DefaultListableBeanFactory] Eagerly caching bean 'org.springframework.context.annotation.internalConfigurationAnnotationProcessor' to allow for resolving potential circular references
2016-02-03 20:38:09,051 DEBUG   main [org.springframework.beans.factory.support.DefaultListableBeanFactory] Finished creating instance of bean 'org.springframework.context.annotation.internalConfigurationAnnotationProcessor'
2016-02-03 20:38:09,150 DEBUG   main [org.springframework.beans.factory.support.DefaultListableBeanFactory] Creating shared instance of singleton bean 'org.springframework.context.annotation.internalAutowiredAnnotationProcessor'
2016-02-03 20:38:09,150 DEBUG   main [org.springframework.beans.factory.support.DefaultListableBeanFactory] Creating instance of bean 'org.springframework.context.annotation.internalAutowiredAnnotationProcessor'
2016-02-03 20:38:09,152 DEBUG   main [org.springframework.beans.factory.support.DefaultListableBeanFactory] Eagerly caching bean 'org.springframework.context.annotation.internalAutowiredAnnotationProcessor' to allow for resolving potential circular references
2016-02-03 20:38:09,152 DEBUG   main [org.springframework.beans.factory.support.DefaultListableBeanFactory] Finished creating instance of bean 'org.springframework.context.annotation.internalAutowiredAnnotationProcessor'
2016-02-03 20:38:09,153 DEBUG   main [org.springframework.beans.factory.support.DefaultListableBeanFactory] Creating shared instance of singleton bean 'org.springframework.context.annotation.internalRequiredAnnotationProcessor'
2016-02-03 20:38:09,153 DEBUG   main [org.springframework.beans.factory.support.DefaultListableBeanFactory] Creating instance of bean 'org.springframework.context.annotation.internalRequiredAnnotationProcessor'
2016-02-03 20:38:09,153 DEBUG   main [org.springframework.beans.factory.support.DefaultListableBeanFactory] Eagerly caching bean 'org.springframework.context.annotation.internalRequiredAnnotationProcessor' to allow for resolving potential circular references
2016-02-03 20:38:09,154 DEBUG   main [org.springframework.beans.factory.support.DefaultListableBeanFactory] Finished creating instance of bean 'org.springframework.context.annotation.internalRequiredAnnotationProcessor'
2016-02-03 20:38:09,154 DEBUG   main [org.springframework.beans.factory.support.DefaultListableBeanFactory] Creating shared instance of singleton bean 'org.springframework.context.annotation.internalCommonAnnotationProcessor'
2016-02-03 20:38:09,154 DEBUG   main [org.springframework.beans.factory.support.DefaultListableBeanFactory] Creating instance of bean 'org.springframework.context.annotation.internalCommonAnnotationProcessor'
2016-02-03 20:38:09,166 DEBUG   main [org.springframework.beans.factory.support.DefaultListableBeanFactory] Eagerly caching bean 'org.springframework.context.annotation.internalCommonAnnotationProcessor' to allow for resolving potential circular references
2016-02-03 20:38:09,166 DEBUG   main [org.springframework.beans.factory.support.DefaultListableBeanFactory] Finished creating instance of bean 'org.springframework.context.annotation.internalCommonAnnotationProcessor'
2016-02-03 20:38:09,167 DEBUG   main [org.springframework.beans.factory.support.DefaultListableBeanFactory] Creating shared instance of singleton bean 'org.springframework.context.annotation.ConfigurationClassPostProcessor.importAwareProcessor'
2016-02-03 20:38:09,167 DEBUG   main [org.springframework.beans.factory.support.DefaultListableBeanFactory] Creating instance of bean 'org.springframework.context.annotation.ConfigurationClassPostProcessor.importAwareProcessor'
2016-02-03 20:38:09,167 DEBUG   main [org.springframework.beans.factory.support.DefaultListableBeanFactory] Eagerly caching bean 'org.springframework.context.annotation.ConfigurationClassPostProcessor.importAwareProcessor' to allow for resolving potential circular references
2016-02-03 20:38:09,167 DEBUG   main [org.springframework.beans.factory.support.DefaultListableBeanFactory] Finished creating instance of bean 'org.springframework.context.annotation.ConfigurationClassPostProcessor.importAwareProcessor'
2016-02-03 20:38:09,167 DEBUG   main [org.springframework.beans.factory.support.DefaultListableBeanFactory] Creating shared instance of singleton bean 'org.springframework.context.annotation.ConfigurationClassPostProcessor.enhancedConfigurationProcessor'
2016-02-03 20:38:09,167 DEBUG   main [org.springframework.beans.factory.support.DefaultListableBeanFactory] Creating instance of bean 'org.springframework.context.annotation.ConfigurationClassPostProcessor.enhancedConfigurationProcessor'
2016-02-03 20:38:09,168 DEBUG   main [org.springframework.beans.factory.support.DefaultListableBeanFactory] Eagerly caching bean 'org.springframework.context.annotation.ConfigurationClassPostProcessor.enhancedConfigurationProcessor' to allow for resolving potential circular references
2016-02-03 20:38:09,168 DEBUG   main [org.springframework.beans.factory.support.DefaultListableBeanFactory] Finished creating instance of bean 'org.springframework.context.annotation.ConfigurationClassPostProcessor.enhancedConfigurationProcessor'
2016-02-03 20:38:09,179 DEBUG   main [org.springframework.context.support.ClassPathXmlApplicationContext] Unable to locate MessageSource with name 'messageSource': using default [org.springframework.context.support.DelegatingMessageSource@190bf402]
2016-02-03 20:38:09,183 DEBUG   main [org.springframework.context.support.ClassPathXmlApplicationContext] Unable to locate ApplicationEventMulticaster with name 'applicationEventMulticaster': using default [org.springframework.context.event.SimpleApplicationEventMulticaster@1b2090ab]
2016-02-03 20:38:09,184 DEBUG   main [org.springframework.beans.factory.support.DefaultListableBeanFactory] Pre-instantiating singletons in org.springframework.beans.factory.support.DefaultListableBeanFactory@56a45c4: defining beans [userRepositoryImpl,org.springframework.context.annotation.internalConfigurationAnnotationProcessor,org.springframework.context.annotation.internalAutowiredAnnotationProcessor,org.springframework.context.annotation.internalRequiredAnnotationProcessor,org.springframework.context.annotation.internalCommonAnnotationProcessor,simpleDirContextAuthenticationStrategy,userReposImpl,contextSource,ldapTemplate,org.springframework.context.annotation.ConfigurationClassPostProcessor.importAwareProcessor,org.springframework.context.annotation.ConfigurationClassPostProcessor.enhancedConfigurationProcessor]; root of factory hierarchy
2016-02-03 20:38:09,184 DEBUG   main [org.springframework.beans.factory.support.DefaultListableBeanFactory] Creating shared instance of singleton bean 'userRepositoryImpl'
2016-02-03 20:38:09,184 DEBUG   main [org.springframework.beans.factory.support.DefaultListableBeanFactory] Creating instance of bean 'userRepositoryImpl'
2016-02-03 20:38:09,209 DEBUG   main [org.springframework.beans.factory.annotation.InjectionMetadata] Registered injected element on class [ldap.advance.example.UserRepositoryImpl]: AutowiredFieldElement for private org.springframework.ldap.core.LdapTemplate ldap.advance.example.UserRepositoryImpl.ldapTemplate
2016-02-03 20:38:09,210 DEBUG   main [org.springframework.beans.factory.support.DefaultListableBeanFactory] Eagerly caching bean 'userRepositoryImpl' to allow for resolving potential circular references
2016-02-03 20:38:09,219 TRACE   main [org.springframework.core.io.support.SpringFactoriesLoader] Loaded [org.springframework.beans.BeanInfoFactory] names: [org.springframework.beans.ExtendedBeanInfoFactory]
2016-02-03 20:38:09,221 TRACE   main [org.springframework.beans.CachedIntrospectionResults] Getting BeanInfo for class [ldap.advance.example.UserRepositoryImpl]
2016-02-03 20:38:09,235 TRACE   main [org.springframework.beans.CachedIntrospectionResults] Caching PropertyDescriptors for class [ldap.advance.example.UserRepositoryImpl]
2016-02-03 20:38:09,235 TRACE   main [org.springframework.beans.CachedIntrospectionResults] Found bean property 'allUserNames' of type [java.util.List]
2016-02-03 20:38:09,238 TRACE   main [org.springframework.beans.CachedIntrospectionResults] Found bean property 'allUsers' of type [java.util.List]
2016-02-03 20:38:09,241 TRACE   main [org.springframework.beans.CachedIntrospectionResults] Found bean property 'class' of type [java.lang.Class]
2016-02-03 20:38:09,245 DEBUG   main [org.springframework.beans.factory.annotation.InjectionMetadata] Processing injected element of bean 'userRepositoryImpl': AutowiredFieldElement for private org.springframework.ldap.core.LdapTemplate ldap.advance.example.UserRepositoryImpl.ldapTemplate
2016-02-03 20:38:09,251 DEBUG   main [org.springframework.beans.factory.support.DefaultListableBeanFactory] Creating shared instance of singleton bean 'ldapTemplate'
2016-02-03 20:38:09,251 DEBUG   main [org.springframework.beans.factory.support.DefaultListableBeanFactory] Creating instance of bean 'ldapTemplate'
2016-02-03 20:38:09,267 DEBUG   main [org.springframework.beans.factory.support.DefaultListableBeanFactory] Eagerly caching bean 'ldapTemplate' to allow for resolving potential circular references
2016-02-03 20:38:09,267 TRACE   main [org.springframework.beans.CachedIntrospectionResults] Getting BeanInfo for class [org.springframework.ldap.core.LdapTemplate]
2016-02-03 20:38:09,282 TRACE   main [org.springframework.beans.CachedIntrospectionResults] Caching PropertyDescriptors for class [org.springframework.ldap.core.LdapTemplate]
2016-02-03 20:38:09,282 TRACE   main [org.springframework.beans.CachedIntrospectionResults] Found bean property 'class' of type [java.lang.Class]
2016-02-03 20:38:09,282 TRACE   main [org.springframework.beans.CachedIntrospectionResults] Found bean property 'contextSource' of type [org.springframework.ldap.core.ContextSource]
2016-02-03 20:38:09,282 TRACE   main [org.springframework.beans.CachedIntrospectionResults] Found bean property 'defaultCountLimit' of type [int]
2016-02-03 20:38:09,282 TRACE   main [org.springframework.beans.CachedIntrospectionResults] Found bean property 'defaultSearchScope' of type [int]
2016-02-03 20:38:09,283 TRACE   main [org.springframework.beans.CachedIntrospectionResults] Found bean property 'defaultTimeLimit' of type [int]
2016-02-03 20:38:09,283 TRACE   main [org.springframework.beans.CachedIntrospectionResults] Found bean property 'ignoreNameNotFoundException' of type [boolean]
2016-02-03 20:38:09,283 TRACE   main [org.springframework.beans.CachedIntrospectionResults] Found bean property 'ignorePartialResultException' of type [boolean]
2016-02-03 20:38:09,283 TRACE   main [org.springframework.beans.CachedIntrospectionResults] Found bean property 'ignoreSizeLimitExceededException' of type [boolean]
2016-02-03 20:38:09,283 TRACE   main [org.springframework.beans.CachedIntrospectionResults] Found bean property 'objectDirectoryMapper' of type [org.springframework.ldap.odm.core.ObjectDirectoryMapper]
2016-02-03 20:38:09,285 DEBUG   main [org.springframework.beans.factory.support.DefaultListableBeanFactory] Creating shared instance of singleton bean 'contextSource'
2016-02-03 20:38:09,285 DEBUG   main [org.springframework.beans.factory.support.DefaultListableBeanFactory] Creating instance of bean 'contextSource'
2016-02-03 20:38:09,289 DEBUG   main [org.springframework.beans.factory.support.DefaultListableBeanFactory] Creating instance of bean '(inner bean)#1f5ffded'
2016-02-03 20:38:09,314 TRACE   main [org.springframework.beans.CachedIntrospectionResults] Getting BeanInfo for class [org.springframework.ldap.core.support.LdapContextSource]
2016-02-03 20:38:09,326 TRACE   main [org.springframework.beans.CachedIntrospectionResults] Caching PropertyDescriptors for class [org.springframework.ldap.core.support.LdapContextSource]
2016-02-03 20:38:09,326 TRACE   main [org.springframework.beans.CachedIntrospectionResults] Found bean property 'anonymousReadOnly' of type [boolean]
2016-02-03 20:38:09,326 TRACE   main [org.springframework.beans.CachedIntrospectionResults] Found bean property 'authenticationSource' of type [org.springframework.ldap.core.AuthenticationSource]
2016-02-03 20:38:09,326 TRACE   main [org.springframework.beans.CachedIntrospectionResults] Found bean property 'authenticationStrategy' of type [org.springframework.ldap.core.support.DirContextAuthenticationStrategy]
2016-02-03 20:38:09,327 TRACE   main [org.springframework.beans.CachedIntrospectionResults] Found bean property 'base' of type [java.lang.String]
2016-02-03 20:38:09,327 TRACE   main [org.springframework.beans.CachedIntrospectionResults] Found bean property 'baseEnvironmentProperties' of type [java.util.Map]
2016-02-03 20:38:09,327 TRACE   main [org.springframework.beans.CachedIntrospectionResults] Found bean property 'baseLdapName' of type [javax.naming.ldap.LdapName]
2016-02-03 20:38:09,328 TRACE   main [org.springframework.beans.CachedIntrospectionResults] Found bean property 'baseLdapPath' of type [org.springframework.ldap.core.DistinguishedName]
2016-02-03 20:38:09,328 TRACE   main [org.springframework.beans.CachedIntrospectionResults] Found bean property 'baseLdapPathAsString' of type [java.lang.String]
2016-02-03 20:38:09,328 TRACE   main [org.springframework.beans.CachedIntrospectionResults] Found bean property 'cacheEnvironmentProperties' of type [boolean]
2016-02-03 20:38:09,328 TRACE   main [org.springframework.beans.CachedIntrospectionResults] Found bean property 'class' of type [java.lang.Class]
2016-02-03 20:38:09,328 TRACE   main [org.springframework.beans.CachedIntrospectionResults] Found bean property 'contextFactory' of type [java.lang.Class]
2016-02-03 20:38:09,328 TRACE   main [org.springframework.beans.CachedIntrospectionResults] Found bean property 'dirObjectFactory' of type [java.lang.Class]
2016-02-03 20:38:09,329 TRACE   main [org.springframework.beans.CachedIntrospectionResults] Found bean property 'password' of type [java.lang.String]
2016-02-03 20:38:09,329 TRACE   main [org.springframework.beans.CachedIntrospectionResults] Found bean property 'pooled' of type [boolean]
2016-02-03 20:38:09,329 TRACE   main [org.springframework.beans.CachedIntrospectionResults] Found bean property 'readOnlyContext' of type [javax.naming.directory.DirContext]
2016-02-03 20:38:09,329 TRACE   main [org.springframework.beans.CachedIntrospectionResults] Found bean property 'readWriteContext' of type [javax.naming.directory.DirContext]
2016-02-03 20:38:09,329 TRACE   main [org.springframework.beans.CachedIntrospectionResults] Found bean property 'referral' of type [java.lang.String]
2016-02-03 20:38:09,329 TRACE   main [org.springframework.beans.CachedIntrospectionResults] Found bean property 'url' of type [java.lang.String]
2016-02-03 20:38:09,330 TRACE   main [org.springframework.beans.CachedIntrospectionResults] Found bean property 'urls' of type [[Ljava.lang.String;]
2016-02-03 20:38:09,330 TRACE   main [org.springframework.beans.CachedIntrospectionResults] Found bean property 'userDn' of type [java.lang.String]
2016-02-03 20:38:09,334 DEBUG   main [org.springframework.beans.factory.support.DefaultListableBeanFactory] Creating instance of bean '(inner bean)#6c7733eb'
2016-02-03 20:38:09,340 TRACE   main [org.springframework.beans.CachedIntrospectionResults] Getting BeanInfo for class [[Ljava.lang.String;]
2016-02-03 20:38:09,341 TRACE   main [org.springframework.beans.CachedIntrospectionResults] Caching PropertyDescriptors for class [[Ljava.lang.String;]
2016-02-03 20:38:09,341 TRACE   main [org.springframework.beans.CachedIntrospectionResults] Found bean property 'class' of type [java.lang.Class]
2016-02-03 20:38:09,342 DEBUG   main [org.springframework.beans.factory.support.DefaultListableBeanFactory] Finished creating instance of bean '(inner bean)#6c7733eb'
2016-02-03 20:38:09,343 DEBUG   main [org.springframework.beans.factory.support.DefaultListableBeanFactory] Creating shared instance of singleton bean 'simpleDirContextAuthenticationStrategy'
2016-02-03 20:38:09,343 DEBUG   main [org.springframework.beans.factory.support.DefaultListableBeanFactory] Creating instance of bean 'simpleDirContextAuthenticationStrategy'
2016-02-03 20:38:09,344 DEBUG   main [org.springframework.beans.factory.support.DefaultListableBeanFactory] Eagerly caching bean 'simpleDirContextAuthenticationStrategy' to allow for resolving potential circular references
2016-02-03 20:38:09,344 TRACE   main [org.springframework.beans.CachedIntrospectionResults] Getting BeanInfo for class [org.springframework.ldap.core.support.SimpleDirContextAuthenticationStrategy]
2016-02-03 20:38:09,345 TRACE   main [org.springframework.beans.CachedIntrospectionResults] Caching PropertyDescriptors for class [org.springframework.ldap.core.support.SimpleDirContextAuthenticationStrategy]
2016-02-03 20:38:09,345 TRACE   main [org.springframework.beans.CachedIntrospectionResults] Found bean property 'class' of type [java.lang.Class]
2016-02-03 20:38:09,345 DEBUG   main [org.springframework.beans.factory.support.DefaultListableBeanFactory] Finished creating instance of bean 'simpleDirContextAuthenticationStrategy'
2016-02-03 20:38:09,347 DEBUG   main [org.springframework.beans.factory.support.DefaultListableBeanFactory] Invoking afterPropertiesSet() on bean with name '(inner bean)#1f5ffded'
2016-02-03 20:38:09,350 DEBUG   main [org.springframework.beans.factory.support.DefaultListableBeanFactory] Finished creating instance of bean '(inner bean)#1f5ffded'
2016-02-03 20:38:09,353 DEBUG   main [org.springframework.beans.factory.support.DefaultListableBeanFactory] Eagerly caching bean 'contextSource' to allow for resolving potential circular references
2016-02-03 20:38:09,353 TRACE   main [org.springframework.beans.CachedIntrospectionResults] Getting BeanInfo for class [org.springframework.ldap.transaction.compensating.manager.TransactionAwareContextSourceProxy]
2016-02-03 20:38:09,355 TRACE   main [org.springframework.beans.CachedIntrospectionResults] Caching PropertyDescriptors for class [org.springframework.ldap.transaction.compensating.manager.TransactionAwareContextSourceProxy]
2016-02-03 20:38:09,355 TRACE   main [org.springframework.beans.CachedIntrospectionResults] Found bean property 'baseLdapName' of type [javax.naming.ldap.LdapName]
2016-02-03 20:38:09,355 TRACE   main [org.springframework.beans.CachedIntrospectionResults] Found bean property 'baseLdapPath' of type [org.springframework.ldap.core.DistinguishedName]
2016-02-03 20:38:09,356 TRACE   main [org.springframework.beans.CachedIntrospectionResults] Found bean property 'baseLdapPathAsString' of type [java.lang.String]
2016-02-03 20:38:09,356 TRACE   main [org.springframework.beans.CachedIntrospectionResults] Found bean property 'class' of type [java.lang.Class]
2016-02-03 20:38:09,356 TRACE   main [org.springframework.beans.CachedIntrospectionResults] Found bean property 'readOnlyContext' of type [javax.naming.directory.DirContext]
2016-02-03 20:38:09,356 TRACE   main [org.springframework.beans.CachedIntrospectionResults] Found bean property 'readWriteContext' of type [javax.naming.directory.DirContext]
2016-02-03 20:38:09,356 TRACE   main [org.springframework.beans.CachedIntrospectionResults] Found bean property 'target' of type [org.springframework.ldap.core.ContextSource]
2016-02-03 20:38:09,357 DEBUG   main [org.springframework.beans.factory.support.DefaultListableBeanFactory] Finished creating instance of bean 'contextSource'
2016-02-03 20:38:09,358 DEBUG   main [org.springframework.beans.factory.support.DefaultListableBeanFactory] Invoking afterPropertiesSet() on bean with name 'ldapTemplate'
2016-02-03 20:38:09,358 DEBUG   main [org.springframework.beans.factory.support.DefaultListableBeanFactory] Finished creating instance of bean 'ldapTemplate'
2016-02-03 20:38:09,359 DEBUG   main [org.springframework.beans.factory.annotation.AutowiredAnnotationBeanPostProcessor] Autowiring by type from bean name 'userRepositoryImpl' to bean named 'ldapTemplate'
2016-02-03 20:38:09,359 DEBUG   main [org.springframework.beans.factory.support.DefaultListableBeanFactory] Finished creating instance of bean 'userRepositoryImpl'
2016-02-03 20:38:09,359 DEBUG   main [org.springframework.beans.factory.support.DefaultListableBeanFactory] Returning cached instance of singleton bean 'org.springframework.context.annotation.internalConfigurationAnnotationProcessor'
2016-02-03 20:38:09,359 DEBUG   main [org.springframework.beans.factory.support.DefaultListableBeanFactory] Returning cached instance of singleton bean 'org.springframework.context.annotation.internalAutowiredAnnotationProcessor'
2016-02-03 20:38:09,359 DEBUG   main [org.springframework.beans.factory.support.DefaultListableBeanFactory] Returning cached instance of singleton bean 'org.springframework.context.annotation.internalRequiredAnnotationProcessor'
2016-02-03 20:38:09,359 DEBUG   main [org.springframework.beans.factory.support.DefaultListableBeanFactory] Returning cached instance of singleton bean 'org.springframework.context.annotation.internalCommonAnnotationProcessor'
2016-02-03 20:38:09,359 DEBUG   main [org.springframework.beans.factory.support.DefaultListableBeanFactory] Returning cached instance of singleton bean 'simpleDirContextAuthenticationStrategy'
2016-02-03 20:38:09,360 DEBUG   main [org.springframework.beans.factory.support.DefaultListableBeanFactory] Creating shared instance of singleton bean 'userReposImpl'
2016-02-03 20:38:09,360 DEBUG   main [org.springframework.beans.factory.support.DefaultListableBeanFactory] Creating instance of bean 'userReposImpl'
2016-02-03 20:38:09,360 DEBUG   main [org.springframework.beans.factory.annotation.InjectionMetadata] Registered injected element on class [ldap.advance.example.UserRepositoryImpl]: AutowiredFieldElement for private org.springframework.ldap.core.LdapTemplate ldap.advance.example.UserRepositoryImpl.ldapTemplate
2016-02-03 20:38:09,361 DEBUG   main [org.springframework.beans.factory.support.DefaultListableBeanFactory] Eagerly caching bean 'userReposImpl' to allow for resolving potential circular references
2016-02-03 20:38:09,361 DEBUG   main [org.springframework.beans.factory.annotation.InjectionMetadata] Processing injected element of bean 'userReposImpl': AutowiredFieldElement for private org.springframework.ldap.core.LdapTemplate ldap.advance.example.UserRepositoryImpl.ldapTemplate
2016-02-03 20:38:09,361 DEBUG   main [org.springframework.beans.factory.support.DefaultListableBeanFactory] Returning cached instance of singleton bean 'ldapTemplate'
2016-02-03 20:38:09,361 DEBUG   main [org.springframework.beans.factory.annotation.AutowiredAnnotationBeanPostProcessor] Autowiring by type from bean name 'userReposImpl' to bean named 'ldapTemplate'
2016-02-03 20:38:09,361 DEBUG   main [org.springframework.beans.factory.support.DefaultListableBeanFactory] Finished creating instance of bean 'userReposImpl'
2016-02-03 20:38:09,361 DEBUG   main [org.springframework.beans.factory.support.DefaultListableBeanFactory] Returning cached instance of singleton bean 'contextSource'
2016-02-03 20:38:09,361 DEBUG   main [org.springframework.beans.factory.support.DefaultListableBeanFactory] Returning cached instance of singleton bean 'ldapTemplate'
2016-02-03 20:38:09,361 DEBUG   main [org.springframework.beans.factory.support.DefaultListableBeanFactory] Returning cached instance of singleton bean 'org.springframework.context.annotation.ConfigurationClassPostProcessor.importAwareProcessor'
2016-02-03 20:38:09,362 DEBUG   main [org.springframework.beans.factory.support.DefaultListableBeanFactory] Returning cached instance of singleton bean 'org.springframework.context.annotation.ConfigurationClassPostProcessor.enhancedConfigurationProcessor'
2016-02-03 20:38:09,363 DEBUG   main [org.springframework.context.support.ClassPathXmlApplicationContext] Unable to locate LifecycleProcessor with name 'lifecycleProcessor': using default [org.springframework.context.support.DefaultLifecycleProcessor@7c182454]
2016-02-03 20:38:09,364 DEBUG   main [org.springframework.beans.factory.support.DefaultListableBeanFactory] Returning cached instance of singleton bean 'lifecycleProcessor'
2016-02-03 20:38:09,364 TRACE   main [org.springframework.context.support.ClassPathXmlApplicationContext] Publishing event in org.springframework.context.support.ClassPathXmlApplicationContext@450faed3: org.springframework.context.event.ContextRefreshedEvent[source=org.springframework.context.support.ClassPathXmlApplicationContext@450faed3: startup date [Wed Feb 03 20:38:08 EST 2016]; root of context hierarchy]
2016-02-03 20:38:09,367 TRACE   main [org.springframework.core.env.PropertySourcesPropertyResolver] getProperty("spring.liveBeansView.mbeanDomain", String)
2016-02-03 20:38:09,367 DEBUG   main [org.springframework.core.env.PropertySourcesPropertyResolver] Searching for key 'spring.liveBeansView.mbeanDomain' in [systemProperties]
2016-02-03 20:38:09,367 DEBUG   main [org.springframework.core.env.PropertySourcesPropertyResolver] Searching for key 'spring.liveBeansView.mbeanDomain' in [systemEnvironment]
2016-02-03 20:38:09,367 DEBUG   main [org.springframework.core.env.PropertySourcesPropertyResolver] Could not find key 'spring.liveBeansView.mbeanDomain' in any property source. Returning [null]
2016-02-03 20:38:09,368 INFO   main [ldap.advance.example.test.LdapApp] Test started at Wed Feb 03 20:38:08 EST 2016
2016-02-03 20:38:09,368 DEBUG   main [org.springframework.beans.factory.support.DefaultListableBeanFactory] Returning cached instance of singleton bean 'userReposImpl'
2016-02-03 20:38:09,368 INFO   main [ldap.advance.example.UserRepositoryImpl] executing {createUser}
2016-02-03 20:38:10,338 INFO   main [ldap.advance.example.test.LdapApp] 
 =>true
2016-02-03 20:38:10,350 INFO   main [ldap.advance.example.test.LdapApp] 
 =>[User [uid=admin, cn=system administrator, sn=administrator, userPassword=secret, ], User [uid=tahsan, cn=Tariq Ahsan, sn=Ahsan, userPassword={sha}nBLtm0Ej/mJG4VZYEu/b+7fQ2YU=, ], User [uid=jsoule, cn=Joseph Soule, sn=Soule, ], User [uid=jdoe, cn=John Doe, sn=Doe, userPassword={SSHA}F04/pvCWN8a1NJshxa/XIzrNqH7F89MTgn3J6A==, ], User [uid=awadsworth, cn=Anthony Wadsworth, sn=Wadsworth, ], User [uid=fahsan, cn=Farzeen Ahsan, sn=Ahsan, ], User [uid=awadsworth, cn=Anthony Wadsworth, sn=Wadsworth, ], User [uid=tahsan, cn=tahsan, sn=Ahsan, userPassword={SHA}5en6G6MezRroT3XKqkdPOmY/BfQ=, ], User [uid=spring_ldap_test, cn=spring_ldap_test, sn=spring_ldap_test, userPassword={SSHA}/gmHkRwTSPeyTVZ1yPW57BGbWEdorLz/gmU99g==, postalAddress=spring_ldap_test, telephoneNumber=9830098301]]
2016-02-03 20:38:10,350 INFO   main [ldap.advance.example.UserRepositoryImpl] executing {getAllUserNames}
2016-02-03 20:38:10,358 INFO   main [ldap.advance.example.UserRepositoryImpl] Users -> [uid=tahsan, uid=awadsworth, uid=jdoe, uid=spring_ldap_test]
2016-02-03 20:38:10,365 INFO   main [ldap.advance.example.test.LdapApp] 
 =>[cn: Tariq Ahsan, cn: Anthony Wadsworth, cn: John Doe, cn: spring_ldap_test]
2016-02-03 20:38:10,365 INFO   main [org.springframework.context.support.ClassPathXmlApplicationContext] Refreshing org.springframework.context.support.ClassPathXmlApplicationContext@450faed3: startup date [Wed Feb 03 20:38:10 EST 2016]; root of context hierarchy
2016-02-03 20:38:10,365 DEBUG   main [org.springframework.beans.factory.support.DefaultListableBeanFactory] Destroying singletons in org.springframework.beans.factory.support.DefaultListableBeanFactory@56a45c4: defining beans [userRepositoryImpl,org.springframework.context.annotation.internalConfigurationAnnotationProcessor,org.springframework.context.annotation.internalAutowiredAnnotationProcessor,org.springframework.context.annotation.internalRequiredAnnotationProcessor,org.springframework.context.annotation.internalCommonAnnotationProcessor,simpleDirContextAuthenticationStrategy,userReposImpl,contextSource,ldapTemplate,org.springframework.context.annotation.ConfigurationClassPostProcessor.importAwareProcessor,org.springframework.context.annotation.ConfigurationClassPostProcessor.enhancedConfigurationProcessor]; root of factory hierarchy
2016-02-03 20:38:10,365 DEBUG   main [org.springframework.beans.factory.support.DefaultListableBeanFactory] Retrieved dependent beans for bean '(inner bean)#1f5ffded': [contextSource]
2016-02-03 20:38:10,366 DEBUG   main [org.springframework.beans.factory.support.DefaultListableBeanFactory] Retrieved dependent beans for bean '(inner bean)#6c7733eb': [(inner bean)#1f5ffded]
2016-02-03 20:38:10,367 DEBUG   main [org.springframework.core.env.StandardEnvironment] Adding [systemProperties] PropertySource with lowest search precedence
2016-02-03 20:38:10,367 DEBUG   main [org.springframework.core.env.StandardEnvironment] Adding [systemEnvironment] PropertySource with lowest search precedence
2016-02-03 20:38:10,367 DEBUG   main [org.springframework.core.env.StandardEnvironment] Initialized StandardEnvironment with PropertySources [systemProperties,systemEnvironment]
2016-02-03 20:38:10,367 INFO   main [org.springframework.beans.factory.xml.XmlBeanDefinitionReader] Loading XML bean definitions from class path resource [spring-ldap-example.xml]
2016-02-03 20:38:10,369 DEBUG   main [org.springframework.beans.factory.xml.DefaultDocumentLoader] Using JAXP provider [com.sun.org.apache.xerces.internal.jaxp.DocumentBuilderFactoryImpl]
2016-02-03 20:38:10,383 TRACE   main [org.springframework.beans.factory.xml.PluggableSchemaResolver] Trying to resolve XML entity with public id [null] and system id [http://www.springframework.org/schema/beans/spring-beans.xsd]
2016-02-03 20:38:10,383 DEBUG   main [org.springframework.beans.factory.xml.PluggableSchemaResolver] Loading schema mappings from [META-INF/spring.schemas]
2016-02-03 20:38:10,387 DEBUG   main [org.springframework.beans.factory.xml.PluggableSchemaResolver] Loaded schema mappings: {http://www.springframework.org/schema/tx/spring-tx-2.5.xsd=org/springframework/transaction/config/spring-tx-2.5.xsd, http://www.springframework.org/schema/cache/spring-cache-4.2.xsd=org/springframework/cache/config/spring-cache-4.2.xsd, http://www.springframework.org/schema/aop/spring-aop-4.1.xsd=org/springframework/aop/config/spring-aop-4.1.xsd, http://www.springframework.org/schema/context/spring-context-3.1.xsd=org/springframework/context/config/spring-context-3.1.xsd, http://www.springframework.org/schema/data/repository/spring-repository-1.4.xsd=org/springframework/data/repository/config/spring-repository-1.4.xsd, http://www.springframework.org/schema/util/spring-util-3.0.xsd=org/springframework/beans/factory/xml/spring-util-3.0.xsd, http://www.springframework.org/schema/tool/spring-tool.xsd=org/springframework/beans/factory/xml/spring-tool-4.2.xsd, http://www.springframework.org/schema/aop/spring-aop-3.2.xsd=org/springframework/aop/config/spring-aop-3.2.xsd, http://www.springframework.org/schema/lang/spring-lang-4.1.xsd=org/springframework/scripting/config/spring-lang-4.1.xsd, http://www.springframework.org/schema/context/spring-context-4.0.xsd=org/springframework/context/config/spring-context-4.0.xsd, http://www.springframework.org/schema/beans/spring-beans-4.2.xsd=org/springframework/beans/factory/xml/spring-beans-4.2.xsd, http://www.springframework.org/schema/tool/spring-tool-4.1.xsd=org/springframework/beans/factory/xml/spring-tool-4.1.xsd, http://www.springframework.org/schema/lang/spring-lang-3.2.xsd=org/springframework/scripting/config/spring-lang-3.2.xsd, http://www.springframework.org/schema/cache/spring-cache-3.2.xsd=org/springframework/cache/config/spring-cache-3.2.xsd, http://www.springframework.org/schema/jee/spring-jee-4.1.xsd=org/springframework/ejb/config/spring-jee-4.1.xsd, http://www.springframework.org/schema/task/spring-task-4.2.xsd=org/springframework/scheduling/config/spring-task-4.2.xsd, http://www.springframework.org/schema/util/spring-util-2.0.xsd=org/springframework/beans/factory/xml/spring-util-2.0.xsd, http://www.springframework.org/schema/tool/spring-tool-3.2.xsd=org/springframework/beans/factory/xml/spring-tool-3.2.xsd, http://www.springframework.org/schema/context/spring-context.xsd=org/springframework/context/config/spring-context-4.2.xsd, http://www.springframework.org/schema/tx/spring-tx-4.2.xsd=org/springframework/transaction/config/spring-tx-4.2.xsd, http://www.springframework.org/schema/cache/spring-cache-4.1.xsd=org/springframework/cache/config/spring-cache-4.1.xsd, http://www.springframework.org/schema/aop/spring-aop-4.0.xsd=org/springframework/aop/config/spring-aop-4.0.xsd, http://www.springframework.org/schema/jee/spring-jee-3.2.xsd=org/springframework/ejb/config/spring-jee-3.2.xsd, http://www.springframework.org/schema/context/spring-context-3.0.xsd=org/springframework/context/config/spring-context-3.0.xsd, http://www.springframework.org/schema/util/spring-util-2.5.xsd=org/springframework/beans/factory/xml/spring-util-2.5.xsd, http://www.springframework.org/schema/beans/spring-beans-3.2.xsd=org/springframework/beans/factory/xml/spring-beans-3.2.xsd, http://www.springframework.org/schema/aop/spring-aop-3.1.xsd=org/springframework/aop/config/spring-aop-3.1.xsd, http://www.springframework.org/schema/ldap/spring-ldap-2.0.xsd=org/springframework/ldap/config/spring-ldap-2.0.xsd, http://www.springframework.org/schema/lang/spring-lang-4.0.xsd=org/springframework/scripting/config/spring-lang-4.0.xsd, http://www.springframework.org/schema/beans/spring-beans-4.1.xsd=org/springframework/beans/factory/xml/spring-beans-4.1.xsd, http://www.springframework.org/schema/tool/spring-tool-4.0.xsd=org/springframework/beans/factory/xml/spring-tool-4.0.xsd, http://www.springframework.org/schema/tx/spring-tx-3.2.xsd=org/springframework/transaction/config/spring-tx-3.2.xsd, http://www.springframework.org/schema/lang/spring-lang-3.1.xsd=org/springframework/scripting/config/spring-lang-3.1.xsd, http://www.springframework.org/schema/cache/spring-cache-3.1.xsd=org/springframework/cache/config/spring-cache-3.1.xsd, http://www.springframework.org/schema/jee/spring-jee-4.0.xsd=org/springframework/ejb/config/spring-jee-4.0.xsd, http://www.springframework.org/schema/task/spring-task-4.1.xsd=org/springframework/scheduling/config/spring-task-4.1.xsd, http://www.springframework.org/schema/tool/spring-tool-3.1.xsd=org/springframework/beans/factory/xml/spring-tool-3.1.xsd, http://www.springframework.org/schema/tx/spring-tx-4.1.xsd=org/springframework/transaction/config/spring-tx-4.1.xsd, http://www.springframework.org/schema/cache/spring-cache-4.0.xsd=org/springframework/cache/config/spring-cache-4.0.xsd, http://www.springframework.org/schema/jee/spring-jee-3.1.xsd=org/springframework/ejb/config/spring-jee-3.1.xsd, http://www.springframework.org/schema/task/spring-task-3.2.xsd=org/springframework/scheduling/config/spring-task-3.2.xsd, http://www.springframework.org/schema/util/spring-util-4.2.xsd=org/springframework/beans/factory/xml/spring-util-4.2.xsd, http://www.springframework.org/schema/beans/spring-beans-3.1.xsd=org/springframework/beans/factory/xml/spring-beans-3.1.xsd, http://www.springframework.org/schema/util/spring-util.xsd=org/springframework/beans/factory/xml/spring-util-4.2.xsd, http://www.springframework.org/schema/aop/spring-aop-3.0.xsd=org/springframework/aop/config/spring-aop-3.0.xsd, http://www.springframework.org/schema/data/repository/spring-repository.xsd=org/springframework/data/repository/config/spring-repository-1.7.xsd, http://www.springframework.org/schema/data/repository/spring-repository-1.7.xsd=org/springframework/data/repository/config/spring-repository-1.7.xsd, http://www.springframework.org/schema/ldap/spring-ldap.xsd=org/springframework/ldap/config/spring-ldap-2.0.xsd, http://www.springframework.org/schema/beans/spring-beans-4.0.xsd=org/springframework/beans/factory/xml/spring-beans-4.0.xsd, http://www.springframework.org/schema/beans/spring-beans.xsd=org/springframework/beans/factory/xml/spring-beans-4.2.xsd, http://www.springframework.org/schema/tx/spring-tx-3.1.xsd=org/springframework/transaction/config/spring-tx-3.1.xsd, http://www.springframework.org/schema/lang/spring-lang-3.0.xsd=org/springframework/scripting/config/spring-lang-3.0.xsd, http://www.springframework.org/schema/context/spring-context-2.5.xsd=org/springframework/context/config/spring-context-2.5.xsd, http://www.springframework.org/schema/task/spring-task-4.0.xsd=org/springframework/scheduling/config/spring-task-4.0.xsd, http://www.springframework.org/schema/tool/spring-tool-3.0.xsd=org/springframework/beans/factory/xml/spring-tool-3.0.xsd, http://www.springframework.org/schema/tx/spring-tx-4.0.xsd=org/springframework/transaction/config/spring-tx-4.0.xsd, http://www.springframework.org/schema/aop/spring-aop-2.0.xsd=org/springframework/aop/config/spring-aop-2.0.xsd, http://www.springframework.org/schema/jee/spring-jee-3.0.xsd=org/springframework/ejb/config/spring-jee-3.0.xsd, http://www.springframework.org/schema/util/spring-util-4.1.xsd=org/springframework/beans/factory/xml/spring-util-4.1.xsd, http://www.springframework.org/schema/task/spring-task-3.1.xsd=org/springframework/scheduling/config/spring-task-3.1.xsd, http://www.springframework.org/schema/beans/spring-beans-3.0.xsd=org/springframework/beans/factory/xml/spring-beans-3.0.xsd, http://www.springframework.org/schema/jee/spring-jee.xsd=org/springframework/ejb/config/spring-jee-4.2.xsd, http://www.springframework.org/schema/aop/spring-aop-2.5.xsd=org/springframework/aop/config/spring-aop-2.5.xsd, http://www.springframework.org/schema/lang/spring-lang-2.0.xsd=org/springframework/scripting/config/spring-lang-2.0.xsd, http://www.springframework.org/schema/data/repository/spring-repository-1.6.xsd=org/springframework/data/repository/config/spring-repository-1.6.xsd, http://www.springframework.org/schema/util/spring-util-3.2.xsd=org/springframework/beans/factory/xml/spring-util-3.2.xsd, http://www.springframework.org/schema/task/spring-task.xsd=org/springframework/scheduling/config/spring-task-4.2.xsd, http://www.springframework.org/schema/tool/spring-tool-2.0.xsd=org/springframework/beans/factory/xml/spring-tool-2.0.xsd, http://www.springframework.org/schema/tx/spring-tx-3.0.xsd=org/springframework/transaction/config/spring-tx-3.0.xsd, http://www.springframework.org/schema/lang/spring-lang-2.5.xsd=org/springframework/scripting/config/spring-lang-2.5.xsd, http://www.springframework.org/schema/context/spring-context-4.2.xsd=org/springframework/context/config/spring-context-4.2.xsd, http://www.springframework.org/schema/jee/spring-jee-2.0.xsd=org/springframework/ejb/config/spring-jee-2.0.xsd, http://www.springframework.org/schema/tool/spring-tool-2.5.xsd=org/springframework/beans/factory/xml/spring-tool-2.5.xsd, http://www.springframework.org/schema/jee/spring-jee-2.5.xsd=org/springframework/ejb/config/spring-jee-2.5.xsd, http://www.springframework.org/schema/data/repository/spring-repository-1.0.xsd=org/springframework/data/repository/config/spring-repository-1.0.xsd, http://www.springframework.org/schema/util/spring-util-4.0.xsd=org/springframework/beans/factory/xml/spring-util-4.0.xsd, http://www.springframework.org/schema/task/spring-task-3.0.xsd=org/springframework/scheduling/config/spring-task-3.0.xsd, http://www.springframework.org/schema/aop/spring-aop-4.2.xsd=org/springframework/aop/config/spring-aop-4.2.xsd, http://www.springframework.org/schema/lang/spring-lang.xsd=org/springframework/scripting/config/spring-lang-4.2.xsd, http://www.springframework.org/schema/context/spring-context-3.2.xsd=org/springframework/context/config/spring-context-3.2.xsd, http://www.springframework.org/schema/data/repository/spring-repository-1.5.xsd=org/springframework/data/repository/config/spring-repository-1.5.xsd, http://www.springframework.org/schema/util/spring-util-3.1.xsd=org/springframework/beans/factory/xml/spring-util-3.1.xsd, http://www.springframework.org/schema/beans/spring-beans-2.0.xsd=org/springframework/beans/factory/xml/spring-beans-2.0.xsd, http://www.springframework.org/schema/cache/spring-cache.xsd=org/springframework/cache/config/spring-cache-4.2.xsd, http://www.springframework.org/schema/tx/spring-tx.xsd=org/springframework/transaction/config/spring-tx-4.2.xsd, http://www.springframework.org/schema/lang/spring-lang-4.2.xsd=org/springframework/scripting/config/spring-lang-4.2.xsd, http://www.springframework.org/schema/context/spring-context-4.1.xsd=org/springframework/context/config/spring-context-4.1.xsd, http://www.springframework.org/schema/beans/spring-beans-2.5.xsd=org/springframework/beans/factory/xml/spring-beans-2.5.xsd, http://www.springframework.org/schema/tool/spring-tool-4.2.xsd=org/springframework/beans/factory/xml/spring-tool-4.2.xsd, http://www.springframework.org/schema/tx/spring-tx-2.0.xsd=org/springframework/transaction/config/spring-tx-2.0.xsd, http://www.springframework.org/schema/jee/spring-jee-4.2.xsd=org/springframework/ejb/config/spring-jee-4.2.xsd, http://www.springframework.org/schema/aop/spring-aop.xsd=org/springframework/aop/config/spring-aop-4.2.xsd}
2016-02-03 20:38:10,388 DEBUG   main [org.springframework.beans.factory.xml.PluggableSchemaResolver] Found XML schema [http://www.springframework.org/schema/beans/spring-beans.xsd] in classpath: org/springframework/beans/factory/xml/spring-beans-4.2.xsd
2016-02-03 20:38:10,410 TRACE   main [org.springframework.beans.factory.xml.PluggableSchemaResolver] Trying to resolve XML entity with public id [null] and system id [http://www.springframework.org/schema/context/spring-context.xsd]
2016-02-03 20:38:10,410 DEBUG   main [org.springframework.beans.factory.xml.PluggableSchemaResolver] Found XML schema [http://www.springframework.org/schema/context/spring-context.xsd] in classpath: org/springframework/context/config/spring-context-4.2.xsd
2016-02-03 20:38:10,415 TRACE   main [org.springframework.beans.factory.xml.PluggableSchemaResolver] Trying to resolve XML entity with public id [null] and system id [http://www.springframework.org/schema/tool/spring-tool-4.2.xsd]
2016-02-03 20:38:10,417 DEBUG   main [org.springframework.beans.factory.xml.PluggableSchemaResolver] Found XML schema [http://www.springframework.org/schema/tool/spring-tool-4.2.xsd] in classpath: org/springframework/beans/factory/xml/spring-tool-4.2.xsd
2016-02-03 20:38:10,428 TRACE   main [org.springframework.beans.factory.xml.PluggableSchemaResolver] Trying to resolve XML entity with public id [null] and system id [http://www.springframework.org/schema/ldap/spring-ldap.xsd]
2016-02-03 20:38:10,429 DEBUG   main [org.springframework.beans.factory.xml.PluggableSchemaResolver] Found XML schema [http://www.springframework.org/schema/ldap/spring-ldap.xsd] in classpath: org/springframework/ldap/config/spring-ldap-2.0.xsd
2016-02-03 20:38:10,436 TRACE   main [org.springframework.beans.factory.xml.PluggableSchemaResolver] Trying to resolve XML entity with public id [null] and system id [http://www.springframework.org/schema/data/repository/spring-repository.xsd]
2016-02-03 20:38:10,437 DEBUG   main [org.springframework.beans.factory.xml.PluggableSchemaResolver] Found XML schema [http://www.springframework.org/schema/data/repository/spring-repository.xsd] in classpath: org/springframework/data/repository/config/spring-repository-1.7.xsd
2016-02-03 20:38:10,449 DEBUG   main [org.springframework.beans.factory.xml.DefaultBeanDefinitionDocumentReader] Loading bean definitions
2016-02-03 20:38:10,453 DEBUG   main [org.springframework.beans.factory.xml.DefaultNamespaceHandlerResolver] Loaded NamespaceHandler mappings: {http://www.springframework.org/schema/p=org.springframework.beans.factory.xml.SimplePropertyNamespaceHandler, http://www.springframework.org/schema/util=org.springframework.beans.factory.xml.UtilNamespaceHandler, http://www.springframework.org/schema/jee=org.springframework.ejb.config.JeeNamespaceHandler, http://www.springframework.org/schema/aop=org.springframework.aop.config.AopNamespaceHandler, http://www.springframework.org/schema/data/repository=org.springframework.data.repository.config.RepositoryNameSpaceHandler, http://www.springframework.org/schema/cache=org.springframework.cache.config.CacheNamespaceHandler, http://www.springframework.org/schema/c=org.springframework.beans.factory.xml.SimpleConstructorNamespaceHandler, http://www.springframework.org/schema/ldap=org.springframework.ldap.config.LdapNamespaceHandler, http://www.springframework.org/schema/tx=org.springframework.transaction.config.TxNamespaceHandler, http://www.springframework.org/schema/task=org.springframework.scheduling.config.TaskNamespaceHandler, http://www.springframework.org/schema/lang=org.springframework.scripting.config.LangNamespaceHandler, http://www.springframework.org/schema/context=org.springframework.context.config.ContextNamespaceHandler}
2016-02-03 20:38:10,455 DEBUG   main [org.springframework.core.env.StandardEnvironment] Adding [systemProperties] PropertySource with lowest search precedence
2016-02-03 20:38:10,455 DEBUG   main [org.springframework.core.env.StandardEnvironment] Adding [systemEnvironment] PropertySource with lowest search precedence
2016-02-03 20:38:10,455 DEBUG   main [org.springframework.core.env.StandardEnvironment] Initialized StandardEnvironment with PropertySources [systemProperties,systemEnvironment]
2016-02-03 20:38:10,462 DEBUG   main [org.springframework.core.io.support.PathMatchingResourcePatternResolver] Looking for matching resources in directory tree [C:\Eclipse\workspace\spring-ldap-example\bin\ldap\advance\example]
2016-02-03 20:38:10,463 DEBUG   main [org.springframework.core.io.support.PathMatchingResourcePatternResolver] Searching directory [C:\Eclipse\workspace\spring-ldap-example\bin\ldap\advance\example] for files matching pattern [C:/Eclipse/workspace/spring-ldap-example/bin/ldap/advance/example/**/*.class]
2016-02-03 20:38:10,463 DEBUG   main [org.springframework.core.io.support.PathMatchingResourcePatternResolver] Searching directory [C:\Eclipse\workspace\spring-ldap-example\bin\ldap\advance\example\test] for files matching pattern [C:/Eclipse/workspace/spring-ldap-example/bin/ldap/advance/example/**/*.class]
2016-02-03 20:38:10,467 DEBUG   main [org.springframework.core.io.support.PathMatchingResourcePatternResolver] Resolved location pattern [classpath*:ldap/advance/example/**/*.class] to resources [file [C:\Eclipse\workspace\spring-ldap-example\bin\ldap\advance\example\test\LdapApp.class], file [C:\Eclipse\workspace\spring-ldap-example\bin\ldap\advance\example\User.class], file [C:\Eclipse\workspace\spring-ldap-example\bin\ldap\advance\example\UserRepositoryImpl$MultipleAttributesMapper.class], file [C:\Eclipse\workspace\spring-ldap-example\bin\ldap\advance\example\UserRepositoryImpl$SingleAttributesMapper.class], file [C:\Eclipse\workspace\spring-ldap-example\bin\ldap\advance\example\UserRepositoryImpl$UserAttributesMapper.class], file [C:\Eclipse\workspace\spring-ldap-example\bin\ldap\advance\example\UserRepositoryImpl.class], file [C:\Eclipse\workspace\spring-ldap-example\bin\ldap\advance\example\UserRepositoryIntf.class]]
2016-02-03 20:38:10,468 TRACE   main [org.springframework.context.annotation.ClassPathBeanDefinitionScanner] Scanning file [C:\Eclipse\workspace\spring-ldap-example\bin\ldap\advance\example\test\LdapApp.class]
2016-02-03 20:38:10,469 TRACE   main [org.springframework.context.annotation.ClassPathBeanDefinitionScanner] Ignored because not matching any filter: file [C:\Eclipse\workspace\spring-ldap-example\bin\ldap\advance\example\test\LdapApp.class]
2016-02-03 20:38:10,469 TRACE   main [org.springframework.context.annotation.ClassPathBeanDefinitionScanner] Scanning file [C:\Eclipse\workspace\spring-ldap-example\bin\ldap\advance\example\User.class]
2016-02-03 20:38:10,470 TRACE   main [org.springframework.context.annotation.ClassPathBeanDefinitionScanner] Ignored because not matching any filter: file [C:\Eclipse\workspace\spring-ldap-example\bin\ldap\advance\example\User.class]
2016-02-03 20:38:10,471 TRACE   main [org.springframework.context.annotation.ClassPathBeanDefinitionScanner] Scanning file [C:\Eclipse\workspace\spring-ldap-example\bin\ldap\advance\example\UserRepositoryImpl$MultipleAttributesMapper.class]
2016-02-03 20:38:10,471 TRACE   main [org.springframework.context.annotation.ClassPathBeanDefinitionScanner] Ignored because not matching any filter: file [C:\Eclipse\workspace\spring-ldap-example\bin\ldap\advance\example\UserRepositoryImpl$MultipleAttributesMapper.class]
2016-02-03 20:38:10,471 TRACE   main [org.springframework.context.annotation.ClassPathBeanDefinitionScanner] Scanning file [C:\Eclipse\workspace\spring-ldap-example\bin\ldap\advance\example\UserRepositoryImpl$SingleAttributesMapper.class]
2016-02-03 20:38:10,472 TRACE   main [org.springframework.context.annotation.ClassPathBeanDefinitionScanner] Ignored because not matching any filter: file [C:\Eclipse\workspace\spring-ldap-example\bin\ldap\advance\example\UserRepositoryImpl$SingleAttributesMapper.class]
2016-02-03 20:38:10,472 TRACE   main [org.springframework.context.annotation.ClassPathBeanDefinitionScanner] Scanning file [C:\Eclipse\workspace\spring-ldap-example\bin\ldap\advance\example\UserRepositoryImpl$UserAttributesMapper.class]
2016-02-03 20:38:10,479 TRACE   main [org.springframework.context.annotation.ClassPathBeanDefinitionScanner] Ignored because not matching any filter: file [C:\Eclipse\workspace\spring-ldap-example\bin\ldap\advance\example\UserRepositoryImpl$UserAttributesMapper.class]
2016-02-03 20:38:10,479 TRACE   main [org.springframework.context.annotation.ClassPathBeanDefinitionScanner] Scanning file [C:\Eclipse\workspace\spring-ldap-example\bin\ldap\advance\example\UserRepositoryImpl.class]
2016-02-03 20:38:10,482 DEBUG   main [org.springframework.context.annotation.ClassPathBeanDefinitionScanner] Identified candidate component class: file [C:\Eclipse\workspace\spring-ldap-example\bin\ldap\advance\example\UserRepositoryImpl.class]
2016-02-03 20:38:10,482 TRACE   main [org.springframework.context.annotation.ClassPathBeanDefinitionScanner] Scanning file [C:\Eclipse\workspace\spring-ldap-example\bin\ldap\advance\example\UserRepositoryIntf.class]
2016-02-03 20:38:10,483 TRACE   main [org.springframework.context.annotation.ClassPathBeanDefinitionScanner] Ignored because not matching any filter: file [C:\Eclipse\workspace\spring-ldap-example\bin\ldap\advance\example\UserRepositoryIntf.class]
2016-02-03 20:38:10,484 DEBUG   main [org.springframework.beans.factory.xml.XmlBeanDefinitionReader] Loaded 9 bean definitions from location pattern [spring-ldap-example.xml]
2016-02-03 20:38:10,484 DEBUG   main [org.springframework.context.support.ClassPathXmlApplicationContext] Bean factory for org.springframework.context.support.ClassPathXmlApplicationContext@450faed3: org.springframework.beans.factory.support.DefaultListableBeanFactory@7f6bbdd7: defining beans [userRepositoryImpl,org.springframework.context.annotation.internalConfigurationAnnotationProcessor,org.springframework.context.annotation.internalAutowiredAnnotationProcessor,org.springframework.context.annotation.internalRequiredAnnotationProcessor,org.springframework.context.annotation.internalCommonAnnotationProcessor,simpleDirContextAuthenticationStrategy,userReposImpl,contextSource,ldapTemplate]; root of factory hierarchy
2016-02-03 20:38:10,486 DEBUG   main [org.springframework.beans.factory.support.DefaultListableBeanFactory] Creating shared instance of singleton bean 'org.springframework.context.annotation.internalConfigurationAnnotationProcessor'
2016-02-03 20:38:10,486 DEBUG   main [org.springframework.beans.factory.support.DefaultListableBeanFactory] Creating instance of bean 'org.springframework.context.annotation.internalConfigurationAnnotationProcessor'
2016-02-03 20:38:10,486 DEBUG   main [org.springframework.beans.factory.support.DefaultListableBeanFactory] Eagerly caching bean 'org.springframework.context.annotation.internalConfigurationAnnotationProcessor' to allow for resolving potential circular references
2016-02-03 20:38:10,486 DEBUG   main [org.springframework.beans.factory.support.DefaultListableBeanFactory] Finished creating instance of bean 'org.springframework.context.annotation.internalConfigurationAnnotationProcessor'
2016-02-03 20:38:10,533 DEBUG   main [org.springframework.beans.factory.support.DefaultListableBeanFactory] Creating shared instance of singleton bean 'org.springframework.context.annotation.internalAutowiredAnnotationProcessor'
2016-02-03 20:38:10,534 DEBUG   main [org.springframework.beans.factory.support.DefaultListableBeanFactory] Creating instance of bean 'org.springframework.context.annotation.internalAutowiredAnnotationProcessor'
2016-02-03 20:38:10,537 DEBUG   main [org.springframework.beans.factory.support.DefaultListableBeanFactory] Eagerly caching bean 'org.springframework.context.annotation.internalAutowiredAnnotationProcessor' to allow for resolving potential circular references
2016-02-03 20:38:10,538 DEBUG   main [org.springframework.beans.factory.support.DefaultListableBeanFactory] Finished creating instance of bean 'org.springframework.context.annotation.internalAutowiredAnnotationProcessor'
2016-02-03 20:38:10,538 DEBUG   main [org.springframework.beans.factory.support.DefaultListableBeanFactory] Creating shared instance of singleton bean 'org.springframework.context.annotation.internalRequiredAnnotationProcessor'
2016-02-03 20:38:10,538 DEBUG   main [org.springframework.beans.factory.support.DefaultListableBeanFactory] Creating instance of bean 'org.springframework.context.annotation.internalRequiredAnnotationProcessor'
2016-02-03 20:38:10,538 DEBUG   main [org.springframework.beans.factory.support.DefaultListableBeanFactory] Eagerly caching bean 'org.springframework.context.annotation.internalRequiredAnnotationProcessor' to allow for resolving potential circular references
2016-02-03 20:38:10,538 DEBUG   main [org.springframework.beans.factory.support.DefaultListableBeanFactory] Finished creating instance of bean 'org.springframework.context.annotation.internalRequiredAnnotationProcessor'
2016-02-03 20:38:10,538 DEBUG   main [org.springframework.beans.factory.support.DefaultListableBeanFactory] Creating shared instance of singleton bean 'org.springframework.context.annotation.internalCommonAnnotationProcessor'
2016-02-03 20:38:10,538 DEBUG   main [org.springframework.beans.factory.support.DefaultListableBeanFactory] Creating instance of bean 'org.springframework.context.annotation.internalCommonAnnotationProcessor'
2016-02-03 20:38:10,538 DEBUG   main [org.springframework.beans.factory.support.DefaultListableBeanFactory] Eagerly caching bean 'org.springframework.context.annotation.internalCommonAnnotationProcessor' to allow for resolving potential circular references
2016-02-03 20:38:10,538 DEBUG   main [org.springframework.beans.factory.support.DefaultListableBeanFactory] Finished creating instance of bean 'org.springframework.context.annotation.internalCommonAnnotationProcessor'
2016-02-03 20:38:10,538 DEBUG   main [org.springframework.beans.factory.support.DefaultListableBeanFactory] Creating shared instance of singleton bean 'org.springframework.context.annotation.ConfigurationClassPostProcessor.importAwareProcessor'
2016-02-03 20:38:10,539 DEBUG   main [org.springframework.beans.factory.support.DefaultListableBeanFactory] Creating instance of bean 'org.springframework.context.annotation.ConfigurationClassPostProcessor.importAwareProcessor'
2016-02-03 20:38:10,539 DEBUG   main [org.springframework.beans.factory.support.DefaultListableBeanFactory] Eagerly caching bean 'org.springframework.context.annotation.ConfigurationClassPostProcessor.importAwareProcessor' to allow for resolving potential circular references
2016-02-03 20:38:10,539 DEBUG   main [org.springframework.beans.factory.support.DefaultListableBeanFactory] Finished creating instance of bean 'org.springframework.context.annotation.ConfigurationClassPostProcessor.importAwareProcessor'
2016-02-03 20:38:10,539 DEBUG   main [org.springframework.beans.factory.support.DefaultListableBeanFactory] Creating shared instance of singleton bean 'org.springframework.context.annotation.ConfigurationClassPostProcessor.enhancedConfigurationProcessor'
2016-02-03 20:38:10,539 DEBUG   main [org.springframework.beans.factory.support.DefaultListableBeanFactory] Creating instance of bean 'org.springframework.context.annotation.ConfigurationClassPostProcessor.enhancedConfigurationProcessor'
2016-02-03 20:38:10,539 DEBUG   main [org.springframework.beans.factory.support.DefaultListableBeanFactory] Eagerly caching bean 'org.springframework.context.annotation.ConfigurationClassPostProcessor.enhancedConfigurationProcessor' to allow for resolving potential circular references
2016-02-03 20:38:10,540 DEBUG   main [org.springframework.beans.factory.support.DefaultListableBeanFactory] Finished creating instance of bean 'org.springframework.context.annotation.ConfigurationClassPostProcessor.enhancedConfigurationProcessor'
2016-02-03 20:38:10,540 DEBUG   main [org.springframework.context.support.ClassPathXmlApplicationContext] Unable to locate MessageSource with name 'messageSource': using default [org.springframework.context.support.DelegatingMessageSource@834e67d]
2016-02-03 20:38:10,541 DEBUG   main [org.springframework.context.support.ClassPathXmlApplicationContext] Unable to locate ApplicationEventMulticaster with name 'applicationEventMulticaster': using default [org.springframework.context.event.SimpleApplicationEventMulticaster@49081cc0]
2016-02-03 20:38:10,542 DEBUG   main [org.springframework.beans.factory.support.DefaultListableBeanFactory] Pre-instantiating singletons in org.springframework.beans.factory.support.DefaultListableBeanFactory@7f6bbdd7: defining beans [userRepositoryImpl,org.springframework.context.annotation.internalConfigurationAnnotationProcessor,org.springframework.context.annotation.internalAutowiredAnnotationProcessor,org.springframework.context.annotation.internalRequiredAnnotationProcessor,org.springframework.context.annotation.internalCommonAnnotationProcessor,simpleDirContextAuthenticationStrategy,userReposImpl,contextSource,ldapTemplate,org.springframework.context.annotation.ConfigurationClassPostProcessor.importAwareProcessor,org.springframework.context.annotation.ConfigurationClassPostProcessor.enhancedConfigurationProcessor]; root of factory hierarchy
2016-02-03 20:38:10,542 DEBUG   main [org.springframework.beans.factory.support.DefaultListableBeanFactory] Creating shared instance of singleton bean 'userRepositoryImpl'
2016-02-03 20:38:10,542 DEBUG   main [org.springframework.beans.factory.support.DefaultListableBeanFactory] Creating instance of bean 'userRepositoryImpl'
2016-02-03 20:38:10,543 DEBUG   main [org.springframework.beans.factory.annotation.InjectionMetadata] Registered injected element on class [ldap.advance.example.UserRepositoryImpl]: AutowiredFieldElement for private org.springframework.ldap.core.LdapTemplate ldap.advance.example.UserRepositoryImpl.ldapTemplate
2016-02-03 20:38:10,543 DEBUG   main [org.springframework.beans.factory.support.DefaultListableBeanFactory] Eagerly caching bean 'userRepositoryImpl' to allow for resolving potential circular references
2016-02-03 20:38:10,543 DEBUG   main [org.springframework.beans.factory.annotation.InjectionMetadata] Processing injected element of bean 'userRepositoryImpl': AutowiredFieldElement for private org.springframework.ldap.core.LdapTemplate ldap.advance.example.UserRepositoryImpl.ldapTemplate
2016-02-03 20:38:10,543 DEBUG   main [org.springframework.beans.factory.support.DefaultListableBeanFactory] Creating shared instance of singleton bean 'ldapTemplate'
2016-02-03 20:38:10,543 DEBUG   main [org.springframework.beans.factory.support.DefaultListableBeanFactory] Creating instance of bean 'ldapTemplate'
2016-02-03 20:38:10,545 DEBUG   main [org.springframework.beans.factory.support.DefaultListableBeanFactory] Eagerly caching bean 'ldapTemplate' to allow for resolving potential circular references
2016-02-03 20:38:10,546 DEBUG   main [org.springframework.beans.factory.support.DefaultListableBeanFactory] Creating shared instance of singleton bean 'contextSource'
2016-02-03 20:38:10,546 DEBUG   main [org.springframework.beans.factory.support.DefaultListableBeanFactory] Creating instance of bean 'contextSource'
2016-02-03 20:38:10,546 DEBUG   main [org.springframework.beans.factory.support.DefaultListableBeanFactory] Creating instance of bean '(inner bean)#3397a6b5'
2016-02-03 20:38:10,548 DEBUG   main [org.springframework.beans.factory.support.DefaultListableBeanFactory] Creating instance of bean '(inner bean)#2941cf89'
2016-02-03 20:38:10,550 DEBUG   main [org.springframework.beans.factory.support.DefaultListableBeanFactory] Finished creating instance of bean '(inner bean)#2941cf89'
2016-02-03 20:38:10,550 DEBUG   main [org.springframework.beans.factory.support.DefaultListableBeanFactory] Creating shared instance of singleton bean 'simpleDirContextAuthenticationStrategy'
2016-02-03 20:38:10,550 DEBUG   main [org.springframework.beans.factory.support.DefaultListableBeanFactory] Creating instance of bean 'simpleDirContextAuthenticationStrategy'
2016-02-03 20:38:10,550 DEBUG   main [org.springframework.beans.factory.support.DefaultListableBeanFactory] Eagerly caching bean 'simpleDirContextAuthenticationStrategy' to allow for resolving potential circular references
2016-02-03 20:38:10,551 DEBUG   main [org.springframework.beans.factory.support.DefaultListableBeanFactory] Finished creating instance of bean 'simpleDirContextAuthenticationStrategy'
2016-02-03 20:38:10,551 DEBUG   main [org.springframework.beans.factory.support.DefaultListableBeanFactory] Invoking afterPropertiesSet() on bean with name '(inner bean)#3397a6b5'
2016-02-03 20:38:10,552 DEBUG   main [org.springframework.beans.factory.support.DefaultListableBeanFactory] Finished creating instance of bean '(inner bean)#3397a6b5'
2016-02-03 20:38:10,553 DEBUG   main [org.springframework.beans.factory.support.DefaultListableBeanFactory] Eagerly caching bean 'contextSource' to allow for resolving potential circular references
2016-02-03 20:38:10,553 DEBUG   main [org.springframework.beans.factory.support.DefaultListableBeanFactory] Finished creating instance of bean 'contextSource'
2016-02-03 20:38:10,553 DEBUG   main [org.springframework.beans.factory.support.DefaultListableBeanFactory] Invoking afterPropertiesSet() on bean with name 'ldapTemplate'
2016-02-03 20:38:10,553 DEBUG   main [org.springframework.beans.factory.support.DefaultListableBeanFactory] Finished creating instance of bean 'ldapTemplate'
2016-02-03 20:38:10,553 DEBUG   main [org.springframework.beans.factory.annotation.AutowiredAnnotationBeanPostProcessor] Autowiring by type from bean name 'userRepositoryImpl' to bean named 'ldapTemplate'
2016-02-03 20:38:10,553 DEBUG   main [org.springframework.beans.factory.support.DefaultListableBeanFactory] Finished creating instance of bean 'userRepositoryImpl'
2016-02-03 20:38:10,554 DEBUG   main [org.springframework.beans.factory.support.DefaultListableBeanFactory] Returning cached instance of singleton bean 'org.springframework.context.annotation.internalConfigurationAnnotationProcessor'
2016-02-03 20:38:10,554 DEBUG   main [org.springframework.beans.factory.support.DefaultListableBeanFactory] Returning cached instance of singleton bean 'org.springframework.context.annotation.internalAutowiredAnnotationProcessor'
2016-02-03 20:38:10,554 DEBUG   main [org.springframework.beans.factory.support.DefaultListableBeanFactory] Returning cached instance of singleton bean 'org.springframework.context.annotation.internalRequiredAnnotationProcessor'
2016-02-03 20:38:10,554 DEBUG   main [org.springframework.beans.factory.support.DefaultListableBeanFactory] Returning cached instance of singleton bean 'org.springframework.context.annotation.internalCommonAnnotationProcessor'
2016-02-03 20:38:10,554 DEBUG   main [org.springframework.beans.factory.support.DefaultListableBeanFactory] Returning cached instance of singleton bean 'simpleDirContextAuthenticationStrategy'
2016-02-03 20:38:10,554 DEBUG   main [org.springframework.beans.factory.support.DefaultListableBeanFactory] Creating shared instance of singleton bean 'userReposImpl'
2016-02-03 20:38:10,554 DEBUG   main [org.springframework.beans.factory.support.DefaultListableBeanFactory] Creating instance of bean 'userReposImpl'
2016-02-03 20:38:10,554 DEBUG   main [org.springframework.beans.factory.annotation.InjectionMetadata] Registered injected element on class [ldap.advance.example.UserRepositoryImpl]: AutowiredFieldElement for private org.springframework.ldap.core.LdapTemplate ldap.advance.example.UserRepositoryImpl.ldapTemplate
2016-02-03 20:38:10,554 DEBUG   main [org.springframework.beans.factory.support.DefaultListableBeanFactory] Eagerly caching bean 'userReposImpl' to allow for resolving potential circular references
2016-02-03 20:38:10,555 DEBUG   main [org.springframework.beans.factory.annotation.InjectionMetadata] Processing injected element of bean 'userReposImpl': AutowiredFieldElement for private org.springframework.ldap.core.LdapTemplate ldap.advance.example.UserRepositoryImpl.ldapTemplate
2016-02-03 20:38:10,555 DEBUG   main [org.springframework.beans.factory.support.DefaultListableBeanFactory] Returning cached instance of singleton bean 'ldapTemplate'
2016-02-03 20:38:10,555 DEBUG   main [org.springframework.beans.factory.annotation.AutowiredAnnotationBeanPostProcessor] Autowiring by type from bean name 'userReposImpl' to bean named 'ldapTemplate'
2016-02-03 20:38:10,555 DEBUG   main [org.springframework.beans.factory.support.DefaultListableBeanFactory] Finished creating instance of bean 'userReposImpl'
2016-02-03 20:38:10,555 DEBUG   main [org.springframework.beans.factory.support.DefaultListableBeanFactory] Returning cached instance of singleton bean 'contextSource'
2016-02-03 20:38:10,555 DEBUG   main [org.springframework.beans.factory.support.DefaultListableBeanFactory] Returning cached instance of singleton bean 'ldapTemplate'
2016-02-03 20:38:10,555 DEBUG   main [org.springframework.beans.factory.support.DefaultListableBeanFactory] Returning cached instance of singleton bean 'org.springframework.context.annotation.ConfigurationClassPostProcessor.importAwareProcessor'
2016-02-03 20:38:10,555 DEBUG   main [org.springframework.beans.factory.support.DefaultListableBeanFactory] Returning cached instance of singleton bean 'org.springframework.context.annotation.ConfigurationClassPostProcessor.enhancedConfigurationProcessor'
2016-02-03 20:38:10,555 DEBUG   main [org.springframework.context.support.ClassPathXmlApplicationContext] Unable to locate LifecycleProcessor with name 'lifecycleProcessor': using default [org.springframework.context.support.DefaultLifecycleProcessor@1642f9ef]
2016-02-03 20:38:10,556 DEBUG   main [org.springframework.beans.factory.support.DefaultListableBeanFactory] Returning cached instance of singleton bean 'lifecycleProcessor'
2016-02-03 20:38:10,556 TRACE   main [org.springframework.context.support.ClassPathXmlApplicationContext] Publishing event in org.springframework.context.support.ClassPathXmlApplicationContext@450faed3: org.springframework.context.event.ContextRefreshedEvent[source=org.springframework.context.support.ClassPathXmlApplicationContext@450faed3: startup date [Wed Feb 03 20:38:10 EST 2016]; root of context hierarchy]
2016-02-03 20:38:10,557 TRACE   main [org.springframework.core.env.PropertySourcesPropertyResolver] getProperty("spring.liveBeansView.mbeanDomain", String)
2016-02-03 20:38:10,557 DEBUG   main [org.springframework.core.env.PropertySourcesPropertyResolver] Searching for key 'spring.liveBeansView.mbeanDomain' in [systemProperties]
2016-02-03 20:38:10,557 DEBUG   main [org.springframework.core.env.PropertySourcesPropertyResolver] Searching for key 'spring.liveBeansView.mbeanDomain' in [systemEnvironment]
2016-02-03 20:38:10,558 DEBUG   main [org.springframework.core.env.PropertySourcesPropertyResolver] Could not find key 'spring.liveBeansView.mbeanDomain' in any property source. Returning [null]
2016-02-03 20:38:10,558 INFO   main [ldap.advance.example.UserRepositoryImpl] executing {getUserDetails}
2016-02-03 20:38:10,561 INFO   main [ldap.advance.example.test.LdapApp] 
 =>User [uid=spring_ldap_test, cn=spring_ldap_test, sn=spring_ldap_test, userPassword={SSHA}/gmHkRwTSPeyTVZ1yPW57BGbWEdorLz/gmU99g==, postalAddress=spring_ldap_test, telephoneNumber=9830098301]
2016-02-03 20:38:10,561 INFO   main [ldap.advance.example.UserRepositoryImpl] executing {getUserDetails}
2016-02-03 20:38:10,564 INFO   main [ldap.advance.example.UserRepositoryImpl] telephoneNumber	 | 9830098301
2016-02-03 20:38:10,564 INFO   main [ldap.advance.example.UserRepositoryImpl] userPassword	 | [B@5d25379e
2016-02-03 20:38:10,564 INFO   main [ldap.advance.example.UserRepositoryImpl] uid	 | spring_ldap_test
2016-02-03 20:38:10,564 INFO   main [ldap.advance.example.UserRepositoryImpl] objectClass	 | organizationalPerson
2016-02-03 20:38:10,564 INFO   main [ldap.advance.example.UserRepositoryImpl] postalAddress	 | spring_ldap_test
2016-02-03 20:38:10,564 INFO   main [ldap.advance.example.UserRepositoryImpl] sn	 | spring_ldap_test
2016-02-03 20:38:10,564 INFO   main [ldap.advance.example.UserRepositoryImpl] cn	 | spring_ldap_test
2016-02-03 20:38:10,564 INFO   main [ldap.advance.example.test.LdapApp] 
 =>
 Result { 
 	 |_  #telephoneNumber= [ 9830098301 ]  
 	 |_  #userPassword= [ [B@5d25379e ]  
 	 |_  #uid= [ spring_ldap_test ]  
 	 |_  #objectClass= [ organizationalPerson ]  
 	 |_  #postalAddress= [ spring_ldap_test ]  
 	 |_  #sn= [ spring_ldap_test ]  
 	 |_  #cn= [ spring_ldap_test ]  

 } 
2016-02-03 20:38:10,565 INFO   main [ldap.advance.example.UserRepositoryImpl] executing {updateTelePhone}
2016-02-03 20:38:11,045 INFO   main [ldap.advance.example.UserRepositoryImpl] executing {getUserDetails}
2016-02-03 20:38:11,049 INFO   main [ldap.advance.example.test.LdapApp] 
 =>User [uid=spring_ldap_test, cn=spring_ldap_test, sn=spring_ldap_test, userPassword={SSHA}/gmHkRwTSPeyTVZ1yPW57BGbWEdorLz/gmU99g==, postalAddress=spring_ldap_test, telephoneNumber=(630)728-2091]
2016-02-03 20:38:11,049 INFO   main [org.springframework.context.support.ClassPathXmlApplicationContext] Closing org.springframework.context.support.ClassPathXmlApplicationContext@450faed3: startup date [Wed Feb 03 20:38:10 EST 2016]; root of context hierarchy
2016-02-03 20:38:11,049 TRACE   main [org.springframework.context.support.ClassPathXmlApplicationContext] Publishing event in org.springframework.context.support.ClassPathXmlApplicationContext@450faed3: org.springframework.context.event.ContextClosedEvent[source=org.springframework.context.support.ClassPathXmlApplicationContext@450faed3: startup date [Wed Feb 03 20:38:10 EST 2016]; root of context hierarchy]
2016-02-03 20:38:11,050 DEBUG   main [org.springframework.beans.factory.support.DefaultListableBeanFactory] Returning cached instance of singleton bean 'lifecycleProcessor'
2016-02-03 20:38:11,050 DEBUG   main [org.springframework.beans.factory.support.DefaultListableBeanFactory] Destroying singletons in org.springframework.beans.factory.support.DefaultListableBeanFactory@7f6bbdd7: defining beans [userRepositoryImpl,org.springframework.context.annotation.internalConfigurationAnnotationProcessor,org.springframework.context.annotation.internalAutowiredAnnotationProcessor,org.springframework.context.annotation.internalRequiredAnnotationProcessor,org.springframework.context.annotation.internalCommonAnnotationProcessor,simpleDirContextAuthenticationStrategy,userReposImpl,contextSource,ldapTemplate,org.springframework.context.annotation.ConfigurationClassPostProcessor.importAwareProcessor,org.springframework.context.annotation.ConfigurationClassPostProcessor.enhancedConfigurationProcessor]; root of factory hierarchy
2016-02-03 20:38:11,050 DEBUG   main [org.springframework.beans.factory.support.DefaultListableBeanFactory] Retrieved dependent beans for bean '(inner bean)#3397a6b5': [contextSource]
2016-02-03 20:38:11,050 DEBUG   main [org.springframework.beans.factory.support.DefaultListableBeanFactory] Retrieved dependent beans for bean '(inner bean)#2941cf89': [(inner bean)#3397a6b5]
